2026-08-22 23:53:39.167 [TRACE][START] pid=47 TRACE_OUT='/testbed/logs/flask_qa/logging_has_level_handler_m7_invariants__pert_llm_s0/trace.log' TRACE_FILE='src/flask/logging.py' TRACE_FUNCS=['has_level_handler'] TRACE_EVENTS=['call', 'exception', 'line', 'return']
2026-08-22 23:53:39.220 /testbed/src/flask/logging.py:31 flask.logging.has_level_handler event=call locals={'logger': '<Logger tkgf0.kvsc1.aumi2.jufj3.bupn4.pvxr5.kknm6.amaf7.acgd8.kqtf9.yvdrA.jnxyB.jjamC.etwpD.zynwE.mdbyF.xbtl10.pshn11.dnsi12.jopp13.cepj14.zyyt15.izrl16.uysp17.paem18.swcr19.mqhb1A.aocv1B.bwwd1C.kawn1D.lcvv1E.bqnl1F.ssku20.misz21.bkjo22.nfdr23.dxwx24.fkgh25.pkcl26.meqz27.zrvh28.lddd29.cxtz2A.fqyx2B.zocf2C.jfdr2D.zkan2E.zmnm2F.eqzd30.zmhp31.bjua32.mrlv33.eicg34.cdlm35.zrtj36.obla37.bjzv38.bqek39.uycf3A.pctj3B.ttoh3C.yyph3D (WARNING)>'}
2026-08-22 23:53:39.220 /testbed/src/flask/logging.py:35 flask.logging.has_level_handler event=line locals={}
2026-08-22 23:53:39.220 /testbed/src/flask/logging.py:36 flask.logging.has_level_handler event=line locals={'level': '30'}
2026-08-22 23:53:39.220 /testbed/src/flask/logging.py:38 flask.logging.has_level_handler event=line locals={'current': '<Logger tkgf0.kvsc1.aumi2.jufj3.bupn4.pvxr5.kknm6.amaf7.acgd8.kqtf9.yvdrA.jnxyB.jjamC.etwpD.zynwE.mdbyF.xbtl10.pshn11.dnsi12.jopp13.cepj14.zyyt15.izrl16.uysp17.paem18.swcr19.mqhb1A.aocv1B.bwwd1C.kawn1D.lcvv1E.bqnl1F.ssku20.misz21.bkjo22.nfdr23.dxwx24.fkgh25.pkcl26.meqz27.zrvh28.lddd29.cxtz2A.fqyx2B.zocf2C.jfdr2D.zkan2E.zmnm2F.eqzd30.zmhp31.bjua32.mrlv33.eicg34.cdlm35.zrtj36.obla37.bjzv38.bqek39.uycf3A.pctj3B.ttoh3C.yyph3D (WARNING)>'}
2026-08-22 23:53:39.220 /testbed/src/flask/logging.py:39 flask.logging.has_level_handler event=line locals={}
2026-08-22 23:53:39.221 /testbed/src/flask/logging.py:42 flask.logging.has_level_handler event=line locals={}
2026-08-22 23:53:39.221 /testbed/src/flask/logging.py:45 flask.logging.has_level_handler event=line locals={}
2026-08-22 23:53:39.221 /testbed/src/flask/logging.py:38 flask.logging.has_level_handler event=line locals={'current': '<Logger tkgf0.kvsc1.aumi2.jufj3.bupn4.pvxr5.kknm6.amaf7.acgd8.kqtf9.yvdrA.jnxyB.jjamC.etwpD.zynwE.mdbyF.xbtl10.pshn11.dnsi12.jopp13.cepj14.zyyt15.izrl16.uysp17.paem18.swcr19.mqhb1A.aocv1B.bwwd1C.kawn1D.lcvv1E.bqnl1F.ssku20.misz21.bkjo22.nfdr23.dxwx24.fkgh25.pkcl26.meqz27.zrvh28.lddd29.cxtz2A.fqyx2B.zocf2C.jfdr2D.zkan2E.zmnm2F.eqzd30.zmhp31.bjua32.mrlv33.eicg34.cdlm35.zrtj36.obla37.bjzv38.bqek39.uycf3A.pctj3B.ttoh3C (DEBUG)>'}
2026-08-22 23:53:39.221 /testbed/src/flask/logging.py:39 flask.logging.has_level_handler event=line locals={}
2026-08-22 23:53:39.221 /testbed/src/flask/logging.py:42 flask.logging.has_level_handler event=line locals={}
2026-08-22 23:53:39.221 /testbed/src/flask/logging.py:45 flask.logging.has_level_handler event=line locals={}
2026-08-22 23:53:39.221 /testbed/src/flask/logging.py:38 flask.logging.has_level_handler event=line locals={'current': '<Logger tkgf0.kvsc1.aumi2.jufj3.bupn4.pvxr5.kknm6.amaf7.acgd8.kqtf9.yvdrA.jnxyB.jjamC.etwpD.zynwE.mdbyF.xbtl10.pshn11.dnsi12.jopp13.cepj14.zyyt15.izrl16.uysp17.paem18.swcr19.mqhb1A.aocv1B.bwwd1C.kawn1D.lcvv1E.bqnl1F.ssku20.misz21.bkjo22.nfdr23.dxwx24.fkgh25.pkcl26.meqz27.zrvh28.lddd29.cxtz2A.fqyx2B.zocf2C.jfdr2D.zkan2E.zmnm2F.eqzd30.zmhp31.bjua32.mrlv33.eicg34.cdlm35.zrtj36.obla37.bjzv38.bqek39.uycf3A.pctj3B (DEBUG)>'}
2026-08-22 23:53:39.221 /testbed/src/flask/logging.py:39 flask.logging.has_level_handler event=line locals={}
2026-08-22 23:53:39.221 /testbed/src/flask/logging.py:42 flask.logging.has_level_handler event=line locals={}
2026-08-22 23:53:39.221 /testbed/src/flask/logging.py:45 flask.logging.has_level_handler event=line locals={}
2026-08-22 23:53:39.221 /testbed/src/flask/logging.py:38 flask.logging.has_level_handler event=line locals={'current': '<Logger tkgf0.kvsc1.aumi2.jufj3.bupn4.pvxr5.kknm6.amaf7.acgd8.kqtf9.yvdrA.jnxyB.jjamC.etwpD.zynwE.mdbyF.xbtl10.pshn11.dnsi12.jopp13.cepj14.zyyt15.izrl16.uysp17.paem18.swcr19.mqhb1A.aocv1B.bwwd1C.kawn1D.lcvv1E.bqnl1F.ssku20.misz21.bkjo22.nfdr23.dxwx24.fkgh25.pkcl26.meqz27.zrvh28.lddd29.cxtz2A.fqyx2B.zocf2C.jfdr2D.zkan2E.zmnm2F.eqzd30.zmhp31.bjua32.mrlv33.eicg34.cdlm35.zrtj36.obla37.bjzv38.bqek39.uycf3A (DEBUG)>'}
2026-08-22 23:53:39.221 /testbed/src/flask/logging.py:39 flask.logging.has_level_handler event=line locals={}
2026-08-22 23:53:39.221 /testbed/src/flask/logging.py:42 flask.logging.has_level_handler event=line locals={}
2026-08-22 23:53:39.221 /testbed/src/flask/logging.py:45 flask.logging.has_level_handler event=line locals={}
2026-08-22 23:53:39.221 /testbed/src/flask/logging.py:38 flask.logging.has_level_handler event=line locals={'current': '<Logger tkgf0.kvsc1.aumi2.jufj3.bupn4.pvxr5.kknm6.amaf7.acgd8.kqtf9.yvdrA.jnxyB.jjamC.etwpD.zynwE.mdbyF.xbtl10.pshn11.dnsi12.jopp13.cepj14.zyyt15.izrl16.uysp17.paem18.swcr19.mqhb1A.aocv1B.bwwd1C.kawn1D.lcvv1E.bqnl1F.ssku20.misz21.bkjo22.nfdr23.dxwx24.fkgh25.pkcl26.meqz27.zrvh28.lddd29.cxtz2A.fqyx2B.zocf2C.jfdr2D.zkan2E.zmnm2F.eqzd30.zmhp31.bjua32.mrlv33.eicg34.cdlm35.zrtj36.obla37.bjzv38.bqek39 (DEBUG)>'}
2026-08-22 23:53:39.221 /testbed/src/flask/logging.py:39 flask.logging.has_level_handler event=line locals={}
2026-08-22 23:53:39.221 /testbed/src/flask/logging.py:42 flask.logging.has_level_handler event=line locals={}
2026-08-22 23:53:39.221 /testbed/src/flask/logging.py:45 flask.logging.has_level_handler event=line locals={}
2026-08-22 23:53:39.221 /testbed/src/flask/logging.py:38 flask.logging.has_level_handler event=line locals={'current': '<Logger tkgf0.kvsc1.aumi2.jufj3.bupn4.pvxr5.kknm6.amaf7.acgd8.kqtf9.yvdrA.jnxyB.jjamC.etwpD.zynwE.mdbyF.xbtl10.pshn11.dnsi12.jopp13.cepj14.zyyt15.izrl16.uysp17.paem18.swcr19.mqhb1A.aocv1B.bwwd1C.kawn1D.lcvv1E.bqnl1F.ssku20.misz21.bkjo22.nfdr23.dxwx24.fkgh25.pkcl26.meqz27.zrvh28.lddd29.cxtz2A.fqyx2B.zocf2C.jfdr2D.zkan2E.zmnm2F.eqzd30.zmhp31.bjua32.mrlv33.eicg34.cdlm35.zrtj36.obla37.bjzv38 (DEBUG)>'}
2026-08-22 23:53:39.221 /testbed/src/flask/logging.py:39 flask.logging.has_level_handler event=line locals={}
2026-08-22 23:53:39.221 /testbed/src/flask/logging.py:42 flask.logging.has_level_handler event=line locals={}
2026-08-22 23:53:39.221 /testbed/src/flask/logging.py:45 flask.logging.has_level_handler event=line locals={}
2026-08-22 23:53:39.221 /testbed/src/flask/logging.py:38 flask.logging.has_level_handler event=line locals={'current': '<Logger tkgf0.kvsc1.aumi2.jufj3.bupn4.pvxr5.kknm6.amaf7.acgd8.kqtf9.yvdrA.jnxyB.jjamC.etwpD.zynwE.mdbyF.xbtl10.pshn11.dnsi12.jopp13.cepj14.zyyt15.izrl16.uysp17.paem18.swcr19.mqhb1A.aocv1B.bwwd1C.kawn1D.lcvv1E.bqnl1F.ssku20.misz21.bkjo22.nfdr23.dxwx24.fkgh25.pkcl26.meqz27.zrvh28.lddd29.cxtz2A.fqyx2B.zocf2C.jfdr2D.zkan2E.zmnm2F.eqzd30.zmhp31.bjua32.mrlv33.eicg34.cdlm35.zrtj36.obla37 (DEBUG)>'}
2026-08-22 23:53:39.221 /testbed/src/flask/logging.py:39 flask.logging.has_level_handler event=line locals={}
2026-08-22 23:53:39.221 /testbed/src/flask/logging.py:42 flask.logging.has_level_handler event=line locals={}
2026-08-22 23:53:39.221 /testbed/src/flask/logging.py:45 flask.logging.has_level_handler event=line locals={}
2026-08-22 23:53:39.221 /testbed/src/flask/logging.py:38 flask.logging.has_level_handler event=line locals={'current': '<Logger tkgf0.kvsc1.aumi2.jufj3.bupn4.pvxr5.kknm6.amaf7.acgd8.kqtf9.yvdrA.jnxyB.jjamC.etwpD.zynwE.mdbyF.xbtl10.pshn11.dnsi12.jopp13.cepj14.zyyt15.izrl16.uysp17.paem18.swcr19.mqhb1A.aocv1B.bwwd1C.kawn1D.lcvv1E.bqnl1F.ssku20.misz21.bkjo22.nfdr23.dxwx24.fkgh25.pkcl26.meqz27.zrvh28.lddd29.cxtz2A.fqyx2B.zocf2C.jfdr2D.zkan2E.zmnm2F.eqzd30.zmhp31.bjua32.mrlv33.eicg34.cdlm35.zrtj36 (DEBUG)>'}
2026-08-22 23:53:39.221 /testbed/src/flask/logging.py:39 flask.logging.has_level_handler event=line locals={}
2026-08-22 23:53:39.221 /testbed/src/flask/logging.py:42 flask.logging.has_level_handler event=line locals={}
2026-08-22 23:53:39.221 /testbed/src/flask/logging.py:45 flask.logging.has_level_handler event=line locals={}
2026-08-22 23:53:39.221 /testbed/src/flask/logging.py:38 flask.logging.has_level_handler event=line locals={'current': '<Logger tkgf0.kvsc1.aumi2.jufj3.bupn4.pvxr5.kknm6.amaf7.acgd8.kqtf9.yvdrA.jnxyB.jjamC.etwpD.zynwE.mdbyF.xbtl10.pshn11.dnsi12.jopp13.cepj14.zyyt15.izrl16.uysp17.paem18.swcr19.mqhb1A.aocv1B.bwwd1C.kawn1D.lcvv1E.bqnl1F.ssku20.misz21.bkjo22.nfdr23.dxwx24.fkgh25.pkcl26.meqz27.zrvh28.lddd29.cxtz2A.fqyx2B.zocf2C.jfdr2D.zkan2E.zmnm2F.eqzd30.zmhp31.bjua32.mrlv33.eicg34.cdlm35 (DEBUG)>'}
2026-08-22 23:53:39.221 /testbed/src/flask/logging.py:39 flask.logging.has_level_handler event=line locals={}
2026-08-22 23:53:39.221 /testbed/src/flask/logging.py:42 flask.logging.has_level_handler event=line locals={}
2026-08-22 23:53:39.221 /testbed/src/flask/logging.py:45 flask.logging.has_level_handler event=line locals={}
2026-08-22 23:53:39.221 /testbed/src/flask/logging.py:38 flask.logging.has_level_handler event=line locals={'current': '<Logger tkgf0.kvsc1.aumi2.jufj3.bupn4.pvxr5.kknm6.amaf7.acgd8.kqtf9.yvdrA.jnxyB.jjamC.etwpD.zynwE.mdbyF.xbtl10.pshn11.dnsi12.jopp13.cepj14.zyyt15.izrl16.uysp17.paem18.swcr19.mqhb1A.aocv1B.bwwd1C.kawn1D.lcvv1E.bqnl1F.ssku20.misz21.bkjo22.nfdr23.dxwx24.fkgh25.pkcl26.meqz27.zrvh28.lddd29.cxtz2A.fqyx2B.zocf2C.jfdr2D.zkan2E.zmnm2F.eqzd30.zmhp31.bjua32.mrlv33.eicg34 (DEBUG)>'}
2026-08-22 23:53:39.221 /testbed/src/flask/logging.py:39 flask.logging.has_level_handler event=line locals={}
2026-08-22 23:53:39.221 /testbed/src/flask/logging.py:42 flask.logging.has_level_handler event=line locals={}
2026-08-22 23:53:39.221 /testbed/src/flask/logging.py:45 flask.logging.has_level_handler event=line locals={}
2026-08-22 23:53:39.221 /testbed/src/flask/logging.py:38 flask.logging.has_level_handler event=line locals={'current': '<Logger tkgf0.kvsc1.aumi2.jufj3.bupn4.pvxr5.kknm6.amaf7.acgd8.kqtf9.yvdrA.jnxyB.jjamC.etwpD.zynwE.mdbyF.xbtl10.pshn11.dnsi12.jopp13.cepj14.zyyt15.izrl16.uysp17.paem18.swcr19.mqhb1A.aocv1B.bwwd1C.kawn1D.lcvv1E.bqnl1F.ssku20.misz21.bkjo22.nfdr23.dxwx24.fkgh25.pkcl26.meqz27.zrvh28.lddd29.cxtz2A.fqyx2B.zocf2C.jfdr2D.zkan2E.zmnm2F.eqzd30.zmhp31.bjua32.mrlv33 (DEBUG)>'}
2026-08-22 23:53:39.221 /testbed/src/flask/logging.py:39 flask.logging.has_level_handler event=line locals={}
2026-08-22 23:53:39.221 /testbed/src/flask/logging.py:42 flask.logging.has_level_handler event=line locals={}
2026-08-22 23:53:39.221 /testbed/src/flask/logging.py:45 flask.logging.has_level_handler event=line locals={}
2026-08-22 23:53:39.221 /testbed/src/flask/logging.py:38 flask.logging.has_level_handler event=line locals={'current': '<Logger tkgf0.kvsc1.aumi2.jufj3.bupn4.pvxr5.kknm6.amaf7.acgd8.kqtf9.yvdrA.jnxyB.jjamC.etwpD.zynwE.mdbyF.xbtl10.pshn11.dnsi12.jopp13.cepj14.zyyt15.izrl16.uysp17.paem18.swcr19.mqhb1A.aocv1B.bwwd1C.kawn1D.lcvv1E.bqnl1F.ssku20.misz21.bkjo22.nfdr23.dxwx24.fkgh25.pkcl26.meqz27.zrvh28.lddd29.cxtz2A.fqyx2B.zocf2C.jfdr2D.zkan2E.zmnm2F.eqzd30.zmhp31.bjua32 (DEBUG)>'}
2026-08-22 23:53:39.221 /testbed/src/flask/logging.py:39 flask.logging.has_level_handler event=line locals={}
2026-08-22 23:53:39.221 /testbed/src/flask/logging.py:42 flask.logging.has_level_handler event=line locals={}
2026-08-22 23:53:39.221 /testbed/src/flask/logging.py:45 flask.logging.has_level_handler event=line locals={}
2026-08-22 23:53:39.221 /testbed/src/flask/logging.py:38 flask.logging.has_level_handler event=line locals={'current': '<Logger tkgf0.kvsc1.aumi2.jufj3.bupn4.pvxr5.kknm6.amaf7.acgd8.kqtf9.yvdrA.jnxyB.jjamC.etwpD.zynwE.mdbyF.xbtl10.pshn11.dnsi12.jopp13.cepj14.zyyt15.izrl16.uysp17.paem18.swcr19.mqhb1A.aocv1B.bwwd1C.kawn1D.lcvv1E.bqnl1F.ssku20.misz21.bkjo22.nfdr23.dxwx24.fkgh25.pkcl26.meqz27.zrvh28.lddd29.cxtz2A.fqyx2B.zocf2C.jfdr2D.zkan2E.zmnm2F.eqzd30.zmhp31 (DEBUG)>'}
2026-08-22 23:53:39.221 /testbed/src/flask/logging.py:39 flask.logging.has_level_handler event=line locals={}
2026-08-22 23:53:39.221 /testbed/src/flask/logging.py:42 flask.logging.has_level_handler event=line locals={}
2026-08-22 23:53:39.221 /testbed/src/flask/logging.py:45 flask.logging.has_level_handler event=line locals={}
2026-08-22 23:53:39.221 /testbed/src/flask/logging.py:38 flask.logging.has_level_handler event=line locals={'current': '<Logger tkgf0.kvsc1.aumi2.jufj3.bupn4.pvxr5.kknm6.amaf7.acgd8.kqtf9.yvdrA.jnxyB.jjamC.etwpD.zynwE.mdbyF.xbtl10.pshn11.dnsi12.jopp13.cepj14.zyyt15.izrl16.uysp17.paem18.swcr19.mqhb1A.aocv1B.bwwd1C.kawn1D.lcvv1E.bqnl1F.ssku20.misz21.bkjo22.nfdr23.dxwx24.fkgh25.pkcl26.meqz27.zrvh28.lddd29.cxtz2A.fqyx2B.zocf2C.jfdr2D.zkan2E.zmnm2F.eqzd30 (DEBUG)>'}
2026-08-22 23:53:39.221 /testbed/src/flask/logging.py:39 flask.logging.has_level_handler event=line locals={}
2026-08-22 23:53:39.221 /testbed/src/flask/logging.py:42 flask.logging.has_level_handler event=line locals={}
2026-08-22 23:53:39.221 /testbed/src/flask/logging.py:45 flask.logging.has_level_handler event=line locals={}
2026-08-22 23:53:39.221 /testbed/src/flask/logging.py:38 flask.logging.has_level_handler event=line locals={'current': '<Logger tkgf0.kvsc1.aumi2.jufj3.bupn4.pvxr5.kknm6.amaf7.acgd8.kqtf9.yvdrA.jnxyB.jjamC.etwpD.zynwE.mdbyF.xbtl10.pshn11.dnsi12.jopp13.cepj14.zyyt15.izrl16.uysp17.paem18.swcr19.mqhb1A.aocv1B.bwwd1C.kawn1D.lcvv1E.bqnl1F.ssku20.misz21.bkjo22.nfdr23.dxwx24.fkgh25.pkcl26.meqz27.zrvh28.lddd29.cxtz2A.fqyx2B.zocf2C.jfdr2D.zkan2E.zmnm2F (DEBUG)>'}
2026-08-22 23:53:39.221 /testbed/src/flask/logging.py:39 flask.logging.has_level_handler event=line locals={}
2026-08-22 23:53:39.221 /testbed/src/flask/logging.py:42 flask.logging.has_level_handler event=line locals={}
2026-08-22 23:53:39.221 /testbed/src/flask/logging.py:45 flask.logging.has_level_handler event=line locals={}
2026-08-22 23:53:39.221 /testbed/src/flask/logging.py:38 flask.logging.has_level_handler event=line locals={'current': '<Logger tkgf0.kvsc1.aumi2.jufj3.bupn4.pvxr5.kknm6.amaf7.acgd8.kqtf9.yvdrA.jnxyB.jjamC.etwpD.zynwE.mdbyF.xbtl10.pshn11.dnsi12.jopp13.cepj14.zyyt15.izrl16.uysp17.paem18.swcr19.mqhb1A.aocv1B.bwwd1C.kawn1D.lcvv1E.bqnl1F.ssku20.misz21.bkjo22.nfdr23.dxwx24.fkgh25.pkcl26.meqz27.zrvh28.lddd29.cxtz2A.fqyx2B.zocf2C.jfdr2D.zkan2E (DEBUG)>'}
2026-08-22 23:53:39.221 /testbed/src/flask/logging.py:39 flask.logging.has_level_handler event=line locals={}
2026-08-22 23:53:39.221 /testbed/src/flask/logging.py:42 flask.logging.has_level_handler event=line locals={}
2026-08-22 23:53:39.221 /testbed/src/flask/logging.py:45 flask.logging.has_level_handler event=line locals={}
2026-08-22 23:53:39.221 /testbed/src/flask/logging.py:38 flask.logging.has_level_handler event=line locals={'current': '<Logger tkgf0.kvsc1.aumi2.jufj3.bupn4.pvxr5.kknm6.amaf7.acgd8.kqtf9.yvdrA.jnxyB.jjamC.etwpD.zynwE.mdbyF.xbtl10.pshn11.dnsi12.jopp13.cepj14.zyyt15.izrl16.uysp17.paem18.swcr19.mqhb1A.aocv1B.bwwd1C.kawn1D.lcvv1E.bqnl1F.ssku20.misz21.bkjo22.nfdr23.dxwx24.fkgh25.pkcl26.meqz27.zrvh28.lddd29.cxtz2A.fqyx2B.zocf2C.jfdr2D (DEBUG)>'}
2026-08-22 23:53:39.221 /testbed/src/flask/logging.py:39 flask.logging.has_level_handler event=line locals={}
2026-08-22 23:53:39.221 /testbed/src/flask/logging.py:42 flask.logging.has_level_handler event=line locals={}
2026-08-22 23:53:39.221 /testbed/src/flask/logging.py:45 flask.logging.has_level_handler event=line locals={}
2026-08-22 23:53:39.221 /testbed/src/flask/logging.py:38 flask.logging.has_level_handler event=line locals={'current': '<Logger tkgf0.kvsc1.aumi2.jufj3.bupn4.pvxr5.kknm6.amaf7.acgd8.kqtf9.yvdrA.jnxyB.jjamC.etwpD.zynwE.mdbyF.xbtl10.pshn11.dnsi12.jopp13.cepj14.zyyt15.izrl16.uysp17.paem18.swcr19.mqhb1A.aocv1B.bwwd1C.kawn1D.lcvv1E.bqnl1F.ssku20.misz21.bkjo22.nfdr23.dxwx24.fkgh25.pkcl26.meqz27.zrvh28.lddd29.cxtz2A.fqyx2B.zocf2C (DEBUG)>'}
2026-08-22 23:53:39.221 /testbed/src/flask/logging.py:39 flask.logging.has_level_handler event=line locals={}
2026-08-22 23:53:39.221 /testbed/src/flask/logging.py:42 flask.logging.has_level_handler event=line locals={}
2026-08-22 23:53:39.221 /testbed/src/flask/logging.py:45 flask.logging.has_level_handler event=line locals={}
2026-08-22 23:53:39.221 /testbed/src/flask/logging.py:38 flask.logging.has_level_handler event=line locals={'current': '<Logger tkgf0.kvsc1.aumi2.jufj3.bupn4.pvxr5.kknm6.amaf7.acgd8.kqtf9.yvdrA.jnxyB.jjamC.etwpD.zynwE.mdbyF.xbtl10.pshn11.dnsi12.jopp13.cepj14.zyyt15.izrl16.uysp17.paem18.swcr19.mqhb1A.aocv1B.bwwd1C.kawn1D.lcvv1E.bqnl1F.ssku20.misz21.bkjo22.nfdr23.dxwx24.fkgh25.pkcl26.meqz27.zrvh28.lddd29.cxtz2A.fqyx2B (DEBUG)>'}
2026-08-22 23:53:39.221 /testbed/src/flask/logging.py:39 flask.logging.has_level_handler event=line locals={}
2026-08-22 23:53:39.221 /testbed/src/flask/logging.py:42 flask.logging.has_level_handler event=line locals={}
2026-08-22 23:53:39.221 /testbed/src/flask/logging.py:45 flask.logging.has_level_handler event=line locals={}
2026-08-22 23:53:39.221 /testbed/src/flask/logging.py:38 flask.logging.has_level_handler event=line locals={'current': '<Logger tkgf0.kvsc1.aumi2.jufj3.bupn4.pvxr5.kknm6.amaf7.acgd8.kqtf9.yvdrA.jnxyB.jjamC.etwpD.zynwE.mdbyF.xbtl10.pshn11.dnsi12.jopp13.cepj14.zyyt15.izrl16.uysp17.paem18.swcr19.mqhb1A.aocv1B.bwwd1C.kawn1D.lcvv1E.bqnl1F.ssku20.misz21.bkjo22.nfdr23.dxwx24.fkgh25.pkcl26.meqz27.zrvh28.lddd29.cxtz2A (DEBUG)>'}
2026-08-22 23:53:39.221 /testbed/src/flask/logging.py:39 flask.logging.has_level_handler event=line locals={}
2026-08-22 23:53:39.221 /testbed/src/flask/logging.py:42 flask.logging.has_level_handler event=line locals={}
2026-08-22 23:53:39.221 /testbed/src/flask/logging.py:45 flask.logging.has_level_handler event=line locals={}
2026-08-22 23:53:39.221 /testbed/src/flask/logging.py:38 flask.logging.has_level_handler event=line locals={'current': '<Logger tkgf0.kvsc1.aumi2.jufj3.bupn4.pvxr5.kknm6.amaf7.acgd8.kqtf9.yvdrA.jnxyB.jjamC.etwpD.zynwE.mdbyF.xbtl10.pshn11.dnsi12.jopp13.cepj14.zyyt15.izrl16.uysp17.paem18.swcr19.mqhb1A.aocv1B.bwwd1C.kawn1D.lcvv1E.bqnl1F.ssku20.misz21.bkjo22.nfdr23.dxwx24.fkgh25.pkcl26.meqz27.zrvh28.lddd29 (DEBUG)>'}
2026-08-22 23:53:39.221 /testbed/src/flask/logging.py:39 flask.logging.has_level_handler event=line locals={}
2026-08-22 23:53:39.221 /testbed/src/flask/logging.py:42 flask.logging.has_level_handler event=line locals={}
2026-08-22 23:53:39.221 /testbed/src/flask/logging.py:45 flask.logging.has_level_handler event=line locals={}
2026-08-22 23:53:39.221 /testbed/src/flask/logging.py:38 flask.logging.has_level_handler event=line locals={'current': '<Logger tkgf0.kvsc1.aumi2.jufj3.bupn4.pvxr5.kknm6.amaf7.acgd8.kqtf9.yvdrA.jnxyB.jjamC.etwpD.zynwE.mdbyF.xbtl10.pshn11.dnsi12.jopp13.cepj14.zyyt15.izrl16.uysp17.paem18.swcr19.mqhb1A.aocv1B.bwwd1C.kawn1D.lcvv1E.bqnl1F.ssku20.misz21.bkjo22.nfdr23.dxwx24.fkgh25.pkcl26.meqz27.zrvh28 (DEBUG)>'}
2026-08-22 23:53:39.221 /testbed/src/flask/logging.py:39 flask.logging.has_level_handler event=line locals={}
2026-08-22 23:53:39.221 /testbed/src/flask/logging.py:42 flask.logging.has_level_handler event=line locals={}
2026-08-22 23:53:39.221 /testbed/src/flask/logging.py:45 flask.logging.has_level_handler event=line locals={}
2026-08-22 23:53:39.221 /testbed/src/flask/logging.py:38 flask.logging.has_level_handler event=line locals={'current': '<Logger tkgf0.kvsc1.aumi2.jufj3.bupn4.pvxr5.kknm6.amaf7.acgd8.kqtf9.yvdrA.jnxyB.jjamC.etwpD.zynwE.mdbyF.xbtl10.pshn11.dnsi12.jopp13.cepj14.zyyt15.izrl16.uysp17.paem18.swcr19.mqhb1A.aocv1B.bwwd1C.kawn1D.lcvv1E.bqnl1F.ssku20.misz21.bkjo22.nfdr23.dxwx24.fkgh25.pkcl26.meqz27 (DEBUG)>'}
2026-08-22 23:53:39.221 /testbed/src/flask/logging.py:39 flask.logging.has_level_handler event=line locals={}
2026-08-22 23:53:39.221 /testbed/src/flask/logging.py:42 flask.logging.has_level_handler event=line locals={}
2026-08-22 23:53:39.221 /testbed/src/flask/logging.py:45 flask.logging.has_level_handler event=line locals={}
2026-08-22 23:53:39.221 /testbed/src/flask/logging.py:38 flask.logging.has_level_handler event=line locals={'current': '<Logger tkgf0.kvsc1.aumi2.jufj3.bupn4.pvxr5.kknm6.amaf7.acgd8.kqtf9.yvdrA.jnxyB.jjamC.etwpD.zynwE.mdbyF.xbtl10.pshn11.dnsi12.jopp13.cepj14.zyyt15.izrl16.uysp17.paem18.swcr19.mqhb1A.aocv1B.bwwd1C.kawn1D.lcvv1E.bqnl1F.ssku20.misz21.bkjo22.nfdr23.dxwx24.fkgh25.pkcl26 (DEBUG)>'}
2026-08-22 23:53:39.221 /testbed/src/flask/logging.py:39 flask.logging.has_level_handler event=line locals={}
2026-08-22 23:53:39.221 /testbed/src/flask/logging.py:42 flask.logging.has_level_handler event=line locals={}
2026-08-22 23:53:39.221 /testbed/src/flask/logging.py:45 flask.logging.has_level_handler event=line locals={}
2026-08-22 23:53:39.221 /testbed/src/flask/logging.py:38 flask.logging.has_level_handler event=line locals={'current': '<Logger tkgf0.kvsc1.aumi2.jufj3.bupn4.pvxr5.kknm6.amaf7.acgd8.kqtf9.yvdrA.jnxyB.jjamC.etwpD.zynwE.mdbyF.xbtl10.pshn11.dnsi12.jopp13.cepj14.zyyt15.izrl16.uysp17.paem18.swcr19.mqhb1A.aocv1B.bwwd1C.kawn1D.lcvv1E.bqnl1F.ssku20.misz21.bkjo22.nfdr23.dxwx24.fkgh25 (DEBUG)>'}
2026-08-22 23:53:39.221 /testbed/src/flask/logging.py:39 flask.logging.has_level_handler event=line locals={}
2026-08-22 23:53:39.221 /testbed/src/flask/logging.py:42 flask.logging.has_level_handler event=line locals={}
2026-08-22 23:53:39.221 /testbed/src/flask/logging.py:45 flask.logging.has_level_handler event=line locals={}
2026-08-22 23:53:39.221 /testbed/src/flask/logging.py:38 flask.logging.has_level_handler event=line locals={'current': '<Logger tkgf0.kvsc1.aumi2.jufj3.bupn4.pvxr5.kknm6.amaf7.acgd8.kqtf9.yvdrA.jnxyB.jjamC.etwpD.zynwE.mdbyF.xbtl10.pshn11.dnsi12.jopp13.cepj14.zyyt15.izrl16.uysp17.paem18.swcr19.mqhb1A.aocv1B.bwwd1C.kawn1D.lcvv1E.bqnl1F.ssku20.misz21.bkjo22.nfdr23.dxwx24 (DEBUG)>'}
2026-08-22 23:53:39.221 /testbed/src/flask/logging.py:39 flask.logging.has_level_handler event=line locals={}
2026-08-22 23:53:39.221 /testbed/src/flask/logging.py:42 flask.logging.has_level_handler event=line locals={}
2026-08-22 23:53:39.221 /testbed/src/flask/logging.py:45 flask.logging.has_level_handler event=line locals={}
2026-08-22 23:53:39.221 /testbed/src/flask/logging.py:38 flask.logging.has_level_handler event=line locals={'current': '<Logger tkgf0.kvsc1.aumi2.jufj3.bupn4.pvxr5.kknm6.amaf7.acgd8.kqtf9.yvdrA.jnxyB.jjamC.etwpD.zynwE.mdbyF.xbtl10.pshn11.dnsi12.jopp13.cepj14.zyyt15.izrl16.uysp17.paem18.swcr19.mqhb1A.aocv1B.bwwd1C.kawn1D.lcvv1E.bqnl1F.ssku20.misz21.bkjo22.nfdr23 (DEBUG)>'}
2026-08-22 23:53:39.221 /testbed/src/flask/logging.py:39 flask.logging.has_level_handler event=line locals={}
2026-08-22 23:53:39.222 /testbed/src/flask/logging.py:42 flask.logging.has_level_handler event=line locals={}
2026-08-22 23:53:39.222 /testbed/src/flask/logging.py:45 flask.logging.has_level_handler event=line locals={}
2026-08-22 23:53:39.222 /testbed/src/flask/logging.py:38 flask.logging.has_level_handler event=line locals={'current': '<Logger tkgf0.kvsc1.aumi2.jufj3.bupn4.pvxr5.kknm6.amaf7.acgd8.kqtf9.yvdrA.jnxyB.jjamC.etwpD.zynwE.mdbyF.xbtl10.pshn11.dnsi12.jopp13.cepj14.zyyt15.izrl16.uysp17.paem18.swcr19.mqhb1A.aocv1B.bwwd1C.kawn1D.lcvv1E.bqnl1F.ssku20.misz21.bkjo22 (DEBUG)>'}
2026-08-22 23:53:39.222 /testbed/src/flask/logging.py:39 flask.logging.has_level_handler event=line locals={}
2026-08-22 23:53:39.222 /testbed/src/flask/logging.py:42 flask.logging.has_level_handler event=line locals={}
2026-08-22 23:53:39.222 /testbed/src/flask/logging.py:45 flask.logging.has_level_handler event=line locals={}
2026-08-22 23:53:39.222 /testbed/src/flask/logging.py:38 flask.logging.has_level_handler event=line locals={'current': '<Logger tkgf0.kvsc1.aumi2.jufj3.bupn4.pvxr5.kknm6.amaf7.acgd8.kqtf9.yvdrA.jnxyB.jjamC.etwpD.zynwE.mdbyF.xbtl10.pshn11.dnsi12.jopp13.cepj14.zyyt15.izrl16.uysp17.paem18.swcr19.mqhb1A.aocv1B.bwwd1C.kawn1D.lcvv1E.bqnl1F.ssku20.misz21 (DEBUG)>'}
2026-08-22 23:53:39.222 /testbed/src/flask/logging.py:39 flask.logging.has_level_handler event=line locals={}
2026-08-22 23:53:39.222 /testbed/src/flask/logging.py:42 flask.logging.has_level_handler event=line locals={}
2026-08-22 23:53:39.222 /testbed/src/flask/logging.py:45 flask.logging.has_level_handler event=line locals={}
2026-08-22 23:53:39.222 /testbed/src/flask/logging.py:38 flask.logging.has_level_handler event=line locals={'current': '<Logger tkgf0.kvsc1.aumi2.jufj3.bupn4.pvxr5.kknm6.amaf7.acgd8.kqtf9.yvdrA.jnxyB.jjamC.etwpD.zynwE.mdbyF.xbtl10.pshn11.dnsi12.jopp13.cepj14.zyyt15.izrl16.uysp17.paem18.swcr19.mqhb1A.aocv1B.bwwd1C.kawn1D.lcvv1E.bqnl1F.ssku20 (DEBUG)>'}
2026-08-22 23:53:39.222 /testbed/src/flask/logging.py:39 flask.logging.has_level_handler event=line locals={}
2026-08-22 23:53:39.222 /testbed/src/flask/logging.py:42 flask.logging.has_level_handler event=line locals={}
2026-08-22 23:53:39.222 /testbed/src/flask/logging.py:45 flask.logging.has_level_handler event=line locals={}
2026-08-22 23:53:39.222 /testbed/src/flask/logging.py:38 flask.logging.has_level_handler event=line locals={'current': '<Logger tkgf0.kvsc1.aumi2.jufj3.bupn4.pvxr5.kknm6.amaf7.acgd8.kqtf9.yvdrA.jnxyB.jjamC.etwpD.zynwE.mdbyF.xbtl10.pshn11.dnsi12.jopp13.cepj14.zyyt15.izrl16.uysp17.paem18.swcr19.mqhb1A.aocv1B.bwwd1C.kawn1D.lcvv1E.bqnl1F (DEBUG)>'}
2026-08-22 23:53:39.222 /testbed/src/flask/logging.py:39 flask.logging.has_level_handler event=line locals={}
2026-08-22 23:53:39.222 /testbed/src/flask/logging.py:42 flask.logging.has_level_handler event=line locals={}
2026-08-22 23:53:39.222 /testbed/src/flask/logging.py:45 flask.logging.has_level_handler event=line locals={}
2026-08-22 23:53:39.222 /testbed/src/flask/logging.py:38 flask.logging.has_level_handler event=line locals={'current': '<Logger tkgf0.kvsc1.aumi2.jufj3.bupn4.pvxr5.kknm6.amaf7.acgd8.kqtf9.yvdrA.jnxyB.jjamC.etwpD.zynwE.mdbyF.xbtl10.pshn11.dnsi12.jopp13.cepj14.zyyt15.izrl16.uysp17.paem18.swcr19.mqhb1A.aocv1B.bwwd1C.kawn1D.lcvv1E (DEBUG)>'}
2026-08-22 23:53:39.222 /testbed/src/flask/logging.py:39 flask.logging.has_level_handler event=line locals={}
2026-08-22 23:53:39.222 /testbed/src/flask/logging.py:42 flask.logging.has_level_handler event=line locals={}
2026-08-22 23:53:39.222 /testbed/src/flask/logging.py:45 flask.logging.has_level_handler event=line locals={}
2026-08-22 23:53:39.222 /testbed/src/flask/logging.py:38 flask.logging.has_level_handler event=line locals={'current': '<Logger tkgf0.kvsc1.aumi2.jufj3.bupn4.pvxr5.kknm6.amaf7.acgd8.kqtf9.yvdrA.jnxyB.jjamC.etwpD.zynwE.mdbyF.xbtl10.pshn11.dnsi12.jopp13.cepj14.zyyt15.izrl16.uysp17.paem18.swcr19.mqhb1A.aocv1B.bwwd1C.kawn1D (DEBUG)>'}
2026-08-22 23:53:39.222 /testbed/src/flask/logging.py:39 flask.logging.has_level_handler event=line locals={}
2026-08-22 23:53:39.222 /testbed/src/flask/logging.py:42 flask.logging.has_level_handler event=line locals={}
2026-08-22 23:53:39.222 /testbed/src/flask/logging.py:45 flask.logging.has_level_handler event=line locals={}
2026-08-22 23:53:39.222 /testbed/src/flask/logging.py:38 flask.logging.has_level_handler event=line locals={'current': '<Logger tkgf0.kvsc1.aumi2.jufj3.bupn4.pvxr5.kknm6.amaf7.acgd8.kqtf9.yvdrA.jnxyB.jjamC.etwpD.zynwE.mdbyF.xbtl10.pshn11.dnsi12.jopp13.cepj14.zyyt15.izrl16.uysp17.paem18.swcr19.mqhb1A.aocv1B.bwwd1C (DEBUG)>'}
2026-08-22 23:53:39.222 /testbed/src/flask/logging.py:39 flask.logging.has_level_handler event=line locals={}
2026-08-22 23:53:39.222 /testbed/src/flask/logging.py:42 flask.logging.has_level_handler event=line locals={}
2026-08-22 23:53:39.222 /testbed/src/flask/logging.py:45 flask.logging.has_level_handler event=line locals={}
2026-08-22 23:53:39.222 /testbed/src/flask/logging.py:38 flask.logging.has_level_handler event=line locals={'current': '<Logger tkgf0.kvsc1.aumi2.jufj3.bupn4.pvxr5.kknm6.amaf7.acgd8.kqtf9.yvdrA.jnxyB.jjamC.etwpD.zynwE.mdbyF.xbtl10.pshn11.dnsi12.jopp13.cepj14.zyyt15.izrl16.uysp17.paem18.swcr19.mqhb1A.aocv1B (DEBUG)>'}
2026-08-22 23:53:39.222 /testbed/src/flask/logging.py:39 flask.logging.has_level_handler event=line locals={}
2026-08-22 23:53:39.222 /testbed/src/flask/logging.py:42 flask.logging.has_level_handler event=line locals={}
2026-08-22 23:53:39.222 /testbed/src/flask/logging.py:45 flask.logging.has_level_handler event=line locals={}
2026-08-22 23:53:39.222 /testbed/src/flask/logging.py:38 flask.logging.has_level_handler event=line locals={'current': '<Logger tkgf0.kvsc1.aumi2.jufj3.bupn4.pvxr5.kknm6.amaf7.acgd8.kqtf9.yvdrA.jnxyB.jjamC.etwpD.zynwE.mdbyF.xbtl10.pshn11.dnsi12.jopp13.cepj14.zyyt15.izrl16.uysp17.paem18.swcr19.mqhb1A (DEBUG)>'}
2026-08-22 23:53:39.222 /testbed/src/flask/logging.py:39 flask.logging.has_level_handler event=line locals={}
2026-08-22 23:53:39.222 /testbed/src/flask/logging.py:42 flask.logging.has_level_handler event=line locals={}
2026-08-22 23:53:39.222 /testbed/src/flask/logging.py:45 flask.logging.has_level_handler event=line locals={}
2026-08-22 23:53:39.222 /testbed/src/flask/logging.py:38 flask.logging.has_level_handler event=line locals={'current': '<Logger tkgf0.kvsc1.aumi2.jufj3.bupn4.pvxr5.kknm6.amaf7.acgd8.kqtf9.yvdrA.jnxyB.jjamC.etwpD.zynwE.mdbyF.xbtl10.pshn11.dnsi12.jopp13.cepj14.zyyt15.izrl16.uysp17.paem18.swcr19 (DEBUG)>'}
2026-08-22 23:53:39.222 /testbed/src/flask/logging.py:39 flask.logging.has_level_handler event=line locals={}
2026-08-22 23:53:39.222 /testbed/src/flask/logging.py:42 flask.logging.has_level_handler event=line locals={}
2026-08-22 23:53:39.222 /testbed/src/flask/logging.py:45 flask.logging.has_level_handler event=line locals={}
2026-08-22 23:53:39.222 /testbed/src/flask/logging.py:38 flask.logging.has_level_handler event=line locals={'current': '<Logger tkgf0.kvsc1.aumi2.jufj3.bupn4.pvxr5.kknm6.amaf7.acgd8.kqtf9.yvdrA.jnxyB.jjamC.etwpD.zynwE.mdbyF.xbtl10.pshn11.dnsi12.jopp13.cepj14.zyyt15.izrl16.uysp17.paem18 (DEBUG)>'}
2026-08-22 23:53:39.222 /testbed/src/flask/logging.py:39 flask.logging.has_level_handler event=line locals={}
2026-08-22 23:53:39.222 /testbed/src/flask/logging.py:42 flask.logging.has_level_handler event=line locals={}
2026-08-22 23:53:39.222 /testbed/src/flask/logging.py:45 flask.logging.has_level_handler event=line locals={}
2026-08-22 23:53:39.222 /testbed/src/flask/logging.py:38 flask.logging.has_level_handler event=line locals={'current': '<Logger tkgf0.kvsc1.aumi2.jufj3.bupn4.pvxr5.kknm6.amaf7.acgd8.kqtf9.yvdrA.jnxyB.jjamC.etwpD.zynwE.mdbyF.xbtl10.pshn11.dnsi12.jopp13.cepj14.zyyt15.izrl16.uysp17 (DEBUG)>'}
2026-08-22 23:53:39.222 /testbed/src/flask/logging.py:39 flask.logging.has_level_handler event=line locals={}
2026-08-22 23:53:39.222 /testbed/src/flask/logging.py:42 flask.logging.has_level_handler event=line locals={}
2026-08-22 23:53:39.222 /testbed/src/flask/logging.py:45 flask.logging.has_level_handler event=line locals={}
2026-08-22 23:53:39.222 /testbed/src/flask/logging.py:38 flask.logging.has_level_handler event=line locals={'current': '<Logger tkgf0.kvsc1.aumi2.jufj3.bupn4.pvxr5.kknm6.amaf7.acgd8.kqtf9.yvdrA.jnxyB.jjamC.etwpD.zynwE.mdbyF.xbtl10.pshn11.dnsi12.jopp13.cepj14.zyyt15.izrl16 (DEBUG)>'}
2026-08-22 23:53:39.222 /testbed/src/flask/logging.py:39 flask.logging.has_level_handler event=line locals={}
2026-08-22 23:53:39.222 /testbed/src/flask/logging.py:42 flask.logging.has_level_handler event=line locals={}
2026-08-22 23:53:39.222 /testbed/src/flask/logging.py:45 flask.logging.has_level_handler event=line locals={}
2026-08-22 23:53:39.222 /testbed/src/flask/logging.py:38 flask.logging.has_level_handler event=line locals={'current': '<Logger tkgf0.kvsc1.aumi2.jufj3.bupn4.pvxr5.kknm6.amaf7.acgd8.kqtf9.yvdrA.jnxyB.jjamC.etwpD.zynwE.mdbyF.xbtl10.pshn11.dnsi12.jopp13.cepj14.zyyt15 (DEBUG)>'}
2026-08-22 23:53:39.222 /testbed/src/flask/logging.py:39 flask.logging.has_level_handler event=line locals={}
2026-08-22 23:53:39.222 /testbed/src/flask/logging.py:42 flask.logging.has_level_handler event=line locals={}
2026-08-22 23:53:39.222 /testbed/src/flask/logging.py:45 flask.logging.has_level_handler event=line locals={}
2026-08-22 23:53:39.222 /testbed/src/flask/logging.py:38 flask.logging.has_level_handler event=line locals={'current': '<Logger tkgf0.kvsc1.aumi2.jufj3.bupn4.pvxr5.kknm6.amaf7.acgd8.kqtf9.yvdrA.jnxyB.jjamC.etwpD.zynwE.mdbyF.xbtl10.pshn11.dnsi12.jopp13.cepj14 (DEBUG)>'}
2026-08-22 23:53:39.222 /testbed/src/flask/logging.py:39 flask.logging.has_level_handler event=line locals={}
2026-08-22 23:53:39.222 /testbed/src/flask/logging.py:42 flask.logging.has_level_handler event=line locals={}
2026-08-22 23:53:39.222 /testbed/src/flask/logging.py:45 flask.logging.has_level_handler event=line locals={}
2026-08-22 23:53:39.222 /testbed/src/flask/logging.py:38 flask.logging.has_level_handler event=line locals={'current': '<Logger tkgf0.kvsc1.aumi2.jufj3.bupn4.pvxr5.kknm6.amaf7.acgd8.kqtf9.yvdrA.jnxyB.jjamC.etwpD.zynwE.mdbyF.xbtl10.pshn11.dnsi12.jopp13 (DEBUG)>'}
2026-08-22 23:53:39.222 /testbed/src/flask/logging.py:39 flask.logging.has_level_handler event=line locals={}
2026-08-22 23:53:39.222 /testbed/src/flask/logging.py:42 flask.logging.has_level_handler event=line locals={}
2026-08-22 23:53:39.222 /testbed/src/flask/logging.py:45 flask.logging.has_level_handler event=line locals={}
2026-08-22 23:53:39.222 /testbed/src/flask/logging.py:38 flask.logging.has_level_handler event=line locals={'current': '<Logger tkgf0.kvsc1.aumi2.jufj3.bupn4.pvxr5.kknm6.amaf7.acgd8.kqtf9.yvdrA.jnxyB.jjamC.etwpD.zynwE.mdbyF.xbtl10.pshn11.dnsi12 (DEBUG)>'}
2026-08-22 23:53:39.222 /testbed/src/flask/logging.py:39 flask.logging.has_level_handler event=line locals={}
2026-08-22 23:53:39.222 /testbed/src/flask/logging.py:42 flask.logging.has_level_handler event=line locals={}
2026-08-22 23:53:39.222 /testbed/src/flask/logging.py:45 flask.logging.has_level_handler event=line locals={}
2026-08-22 23:53:39.222 /testbed/src/flask/logging.py:38 flask.logging.has_level_handler event=line locals={'current': '<Logger tkgf0.kvsc1.aumi2.jufj3.bupn4.pvxr5.kknm6.amaf7.acgd8.kqtf9.yvdrA.jnxyB.jjamC.etwpD.zynwE.mdbyF.xbtl10.pshn11 (DEBUG)>'}
2026-08-22 23:53:39.222 /testbed/src/flask/logging.py:39 flask.logging.has_level_handler event=line locals={}
2026-08-22 23:53:39.222 /testbed/src/flask/logging.py:42 flask.logging.has_level_handler event=line locals={}
2026-08-22 23:53:39.222 /testbed/src/flask/logging.py:45 flask.logging.has_level_handler event=line locals={}
2026-08-22 23:53:39.222 /testbed/src/flask/logging.py:38 flask.logging.has_level_handler event=line locals={'current': '<Logger tkgf0.kvsc1.aumi2.jufj3.bupn4.pvxr5.kknm6.amaf7.acgd8.kqtf9.yvdrA.jnxyB.jjamC.etwpD.zynwE.mdbyF.xbtl10 (DEBUG)>'}
2026-08-22 23:53:39.222 /testbed/src/flask/logging.py:39 flask.logging.has_level_handler event=line locals={}
2026-08-22 23:53:39.222 /testbed/src/flask/logging.py:42 flask.logging.has_level_handler event=line locals={}
2026-08-22 23:53:39.222 /testbed/src/flask/logging.py:45 flask.logging.has_level_handler event=line locals={}
2026-08-22 23:53:39.222 /testbed/src/flask/logging.py:38 flask.logging.has_level_handler event=line locals={'current': '<Logger tkgf0.kvsc1.aumi2.jufj3.bupn4.pvxr5.kknm6.amaf7.acgd8.kqtf9.yvdrA.jnxyB.jjamC.etwpD.zynwE.mdbyF (DEBUG)>'}
2026-08-22 23:53:39.222 /testbed/src/flask/logging.py:39 flask.logging.has_level_handler event=line locals={}
2026-08-22 23:53:39.222 /testbed/src/flask/logging.py:42 flask.logging.has_level_handler event=line locals={}
2026-08-22 23:53:39.222 /testbed/src/flask/logging.py:45 flask.logging.has_level_handler event=line locals={}
2026-08-22 23:53:39.222 /testbed/src/flask/logging.py:38 flask.logging.has_level_handler event=line locals={'current': '<Logger tkgf0.kvsc1.aumi2.jufj3.bupn4.pvxr5.kknm6.amaf7.acgd8.kqtf9.yvdrA.jnxyB.jjamC.etwpD.zynwE (DEBUG)>'}
2026-08-22 23:53:39.222 /testbed/src/flask/logging.py:39 flask.logging.has_level_handler event=line locals={}
2026-08-22 23:53:39.222 /testbed/src/flask/logging.py:42 flask.logging.has_level_handler event=line locals={}
2026-08-22 23:53:39.222 /testbed/src/flask/logging.py:45 flask.logging.has_level_handler event=line locals={}
2026-08-22 23:53:39.222 /testbed/src/flask/logging.py:38 flask.logging.has_level_handler event=line locals={'current': '<Logger tkgf0.kvsc1.aumi2.jufj3.bupn4.pvxr5.kknm6.amaf7.acgd8.kqtf9.yvdrA.jnxyB.jjamC.etwpD (DEBUG)>'}
2026-08-22 23:53:39.222 /testbed/src/flask/logging.py:39 flask.logging.has_level_handler event=line locals={}
2026-08-22 23:53:39.222 /testbed/src/flask/logging.py:42 flask.logging.has_level_handler event=line locals={}
2026-08-22 23:53:39.222 /testbed/src/flask/logging.py:45 flask.logging.has_level_handler event=line locals={}
2026-08-22 23:53:39.222 /testbed/src/flask/logging.py:38 flask.logging.has_level_handler event=line locals={'current': '<Logger tkgf0.kvsc1.aumi2.jufj3.bupn4.pvxr5.kknm6.amaf7.acgd8.kqtf9.yvdrA.jnxyB.jjamC (DEBUG)>'}
2026-08-22 23:53:39.222 /testbed/src/flask/logging.py:39 flask.logging.has_level_handler event=line locals={}
2026-08-22 23:53:39.222 /testbed/src/flask/logging.py:42 flask.logging.has_level_handler event=line locals={}
2026-08-22 23:53:39.222 /testbed/src/flask/logging.py:45 flask.logging.has_level_handler event=line locals={}
2026-08-22 23:53:39.222 /testbed/src/flask/logging.py:38 flask.logging.has_level_handler event=line locals={'current': '<Logger tkgf0.kvsc1.aumi2.jufj3.bupn4.pvxr5.kknm6.amaf7.acgd8.kqtf9.yvdrA.jnxyB (DEBUG)>'}
2026-08-22 23:53:39.222 /testbed/src/flask/logging.py:39 flask.logging.has_level_handler event=line locals={}
2026-08-22 23:53:39.222 /testbed/src/flask/logging.py:42 flask.logging.has_level_handler event=line locals={}
2026-08-22 23:53:39.222 /testbed/src/flask/logging.py:45 flask.logging.has_level_handler event=line locals={}
2026-08-22 23:53:39.222 /testbed/src/flask/logging.py:38 flask.logging.has_level_handler event=line locals={'current': '<Logger tkgf0.kvsc1.aumi2.jufj3.bupn4.pvxr5.kknm6.amaf7.acgd8.kqtf9.yvdrA (DEBUG)>'}
2026-08-22 23:53:39.222 /testbed/src/flask/logging.py:39 flask.logging.has_level_handler event=line locals={}
2026-08-22 23:53:39.222 /testbed/src/flask/logging.py:42 flask.logging.has_level_handler event=line locals={}
2026-08-22 23:53:39.222 /testbed/src/flask/logging.py:45 flask.logging.has_level_handler event=line locals={}
2026-08-22 23:53:39.222 /testbed/src/flask/logging.py:38 flask.logging.has_level_handler event=line locals={'current': '<Logger tkgf0.kvsc1.aumi2.jufj3.bupn4.pvxr5.kknm6.amaf7.acgd8.kqtf9 (DEBUG)>'}
2026-08-22 23:53:39.222 /testbed/src/flask/logging.py:39 flask.logging.has_level_handler event=line locals={}
2026-08-22 23:53:39.222 /testbed/src/flask/logging.py:42 flask.logging.has_level_handler event=line locals={}
2026-08-22 23:53:39.222 /testbed/src/flask/logging.py:45 flask.logging.has_level_handler event=line locals={}
2026-08-22 23:53:39.222 /testbed/src/flask/logging.py:38 flask.logging.has_level_handler event=line locals={'current': '<Logger tkgf0.kvsc1.aumi2.jufj3.bupn4.pvxr5.kknm6.amaf7.acgd8 (DEBUG)>'}
2026-08-22 23:53:39.222 /testbed/src/flask/logging.py:39 flask.logging.has_level_handler event=line locals={}
2026-08-22 23:53:39.222 /testbed/src/flask/logging.py:42 flask.logging.has_level_handler event=line locals={}
2026-08-22 23:53:39.222 /testbed/src/flask/logging.py:45 flask.logging.has_level_handler event=line locals={}
2026-08-22 23:53:39.222 /testbed/src/flask/logging.py:38 flask.logging.has_level_handler event=line locals={'current': '<Logger tkgf0.kvsc1.aumi2.jufj3.bupn4.pvxr5.kknm6.amaf7 (DEBUG)>'}
2026-08-22 23:53:39.222 /testbed/src/flask/logging.py:39 flask.logging.has_level_handler event=line locals={}
2026-08-22 23:53:39.222 /testbed/src/flask/logging.py:42 flask.logging.has_level_handler event=line locals={}
2026-08-22 23:53:39.222 /testbed/src/flask/logging.py:45 flask.logging.has_level_handler event=line locals={}
2026-08-22 23:53:39.222 /testbed/src/flask/logging.py:38 flask.logging.has_level_handler event=line locals={'current': '<Logger tkgf0.kvsc1.aumi2.jufj3.bupn4.pvxr5.kknm6 (DEBUG)>'}
2026-08-22 23:53:39.222 /testbed/src/flask/logging.py:39 flask.logging.has_level_handler event=line locals={}
2026-08-22 23:53:39.222 /testbed/src/flask/logging.py:42 flask.logging.has_level_handler event=line locals={}
2026-08-22 23:53:39.222 /testbed/src/flask/logging.py:45 flask.logging.has_level_handler event=line locals={}
2026-08-22 23:53:39.223 /testbed/src/flask/logging.py:38 flask.logging.has_level_handler event=line locals={'current': '<Logger tkgf0.kvsc1.aumi2.jufj3.bupn4.pvxr5 (DEBUG)>'}
2026-08-22 23:53:39.223 /testbed/src/flask/logging.py:39 flask.logging.has_level_handler event=line locals={}
2026-08-22 23:53:39.223 /testbed/src/flask/logging.py:42 flask.logging.has_level_handler event=line locals={}
2026-08-22 23:53:39.223 /testbed/src/flask/logging.py:45 flask.logging.has_level_handler event=line locals={}
2026-08-22 23:53:39.223 /testbed/src/flask/logging.py:38 flask.logging.has_level_handler event=line locals={'current': '<Logger tkgf0.kvsc1.aumi2.jufj3.bupn4 (DEBUG)>'}
2026-08-22 23:53:39.223 /testbed/src/flask/logging.py:39 flask.logging.has_level_handler event=line locals={}
2026-08-22 23:53:39.223 /testbed/src/flask/logging.py:42 flask.logging.has_level_handler event=line locals={}
2026-08-22 23:53:39.223 /testbed/src/flask/logging.py:45 flask.logging.has_level_handler event=line locals={}
2026-08-22 23:53:39.223 /testbed/src/flask/logging.py:38 flask.logging.has_level_handler event=line locals={'current': '<Logger tkgf0.kvsc1.aumi2.jufj3 (DEBUG)>'}
2026-08-22 23:53:39.223 /testbed/src/flask/logging.py:39 flask.logging.has_level_handler event=line locals={}
2026-08-22 23:53:39.223 /testbed/src/flask/logging.py:42 flask.logging.has_level_handler event=line locals={}
2026-08-22 23:53:39.223 /testbed/src/flask/logging.py:45 flask.logging.has_level_handler event=line locals={}
2026-08-22 23:53:39.223 /testbed/src/flask/logging.py:38 flask.logging.has_level_handler event=line locals={'current': '<Logger tkgf0.kvsc1.aumi2 (DEBUG)>'}
2026-08-22 23:53:39.223 /testbed/src/flask/logging.py:39 flask.logging.has_level_handler event=line locals={}
2026-08-22 23:53:39.223 /testbed/src/flask/logging.py:42 flask.logging.has_level_handler event=line locals={}
2026-08-22 23:53:39.223 /testbed/src/flask/logging.py:45 flask.logging.has_level_handler event=line locals={}
2026-08-22 23:53:39.223 /testbed/src/flask/logging.py:38 flask.logging.has_level_handler event=line locals={'current': '<Logger tkgf0.kvsc1 (DEBUG)>'}
2026-08-22 23:53:39.223 /testbed/src/flask/logging.py:39 flask.logging.has_level_handler event=line locals={}
2026-08-22 23:53:39.223 /testbed/src/flask/logging.py:42 flask.logging.has_level_handler event=line locals={}
2026-08-22 23:53:39.223 /testbed/src/flask/logging.py:45 flask.logging.has_level_handler event=line locals={}
2026-08-22 23:53:39.223 /testbed/src/flask/logging.py:38 flask.logging.has_level_handler event=line locals={'current': '<Logger tkgf0 (DEBUG)>'}
2026-08-22 23:53:39.223 /testbed/src/flask/logging.py:39 flask.logging.has_level_handler event=line locals={}
2026-08-22 23:53:39.223 /testbed/src/flask/logging.py:42 flask.logging.has_level_handler event=line locals={}
2026-08-22 23:53:39.223 /testbed/src/flask/logging.py:45 flask.logging.has_level_handler event=line locals={}
2026-08-22 23:53:39.223 /testbed/src/flask/logging.py:38 flask.logging.has_level_handler event=line locals={'current': '<RootLogger root (DEBUG)>'}
2026-08-22 23:53:39.223 /testbed/src/flask/logging.py:39 flask.logging.has_level_handler event=line locals={}
2026-08-22 23:53:39.223 /testbed/src/flask/logging.py:42 flask.logging.has_level_handler event=line locals={}
2026-08-22 23:53:39.223 /testbed/src/flask/logging.py:45 flask.logging.has_level_handler event=line locals={}
2026-08-22 23:53:39.223 /testbed/src/flask/logging.py:38 flask.logging.has_level_handler event=line locals={'current': 'None'}
2026-08-22 23:53:39.223 /testbed/src/flask/logging.py:47 flask.logging.has_level_handler event=line locals={}
2026-08-22 23:53:39.223 /testbed/src/flask/logging.py:47 flask.logging.has_level_handler event=return retval=False locals={'current': 'None', 'level': '30', 'logger': '<Logger tkgf0.kvsc1.aumi2.jufj3.bupn4.pvxr5.kknm6.amaf7.acgd8.kqtf9.yvdrA.jnxyB.jjamC.etwpD.zynwE.mdbyF.xbtl10.pshn11.dnsi12.jopp13.cepj14.zyyt15.izrl16.uysp17.paem18.swcr19.mqhb1A.aocv1B.bwwd1C.kawn1D.lcvv1E.bqnl1F.ssku20.misz21.bkjo22.nfdr23.dxwx24.fkgh25.pkcl26.meqz27.zrvh28.lddd29.cxtz2A.fqyx2B.zocf2C.jfdr2D.zkan2E.zmnm2F.eqzd30.zmhp31.bjua32.mrlv33.eicg34.cdlm35.zrtj36.obla37.bjzv38.bqek39.uycf3A.pctj3B.ttoh3C.yyph3D (WARNING)>'}
2026-08-22 23:53:39.235 /testbed/src/flask/logging.py:31 flask.logging.has_level_handler event=call locals={'logger': '<Logger kutyzbc.pyhkkup.vhgxrbz.ckbritv (DEBUG)>'}
2026-08-22 23:53:39.235 /testbed/src/flask/logging.py:35 flask.logging.has_level_handler event=line locals={}
2026-08-22 23:53:39.235 /testbed/src/flask/logging.py:36 flask.logging.has_level_handler event=line locals={'level': '10'}
2026-08-22 23:53:39.235 /testbed/src/flask/logging.py:38 flask.logging.has_level_handler event=line locals={'current': '<Logger kutyzbc.pyhkkup.vhgxrbz.ckbritv (DEBUG)>'}
2026-08-22 23:53:39.235 /testbed/src/flask/logging.py:39 flask.logging.has_level_handler event=line locals={}
2026-08-22 23:53:39.235 /testbed/src/flask/logging.py:42 flask.logging.has_level_handler event=line locals={}
2026-08-22 23:53:39.235 /testbed/src/flask/logging.py:45 flask.logging.has_level_handler event=line locals={}
2026-08-22 23:53:39.235 /testbed/src/flask/logging.py:38 flask.logging.has_level_handler event=line locals={'current': '<RootLogger root (DEBUG)>'}
2026-08-22 23:53:39.235 /testbed/src/flask/logging.py:39 flask.logging.has_level_handler event=line locals={}
2026-08-22 23:53:39.235 /testbed/src/flask/logging.py:42 flask.logging.has_level_handler event=line locals={}
2026-08-22 23:53:39.235 /testbed/src/flask/logging.py:45 flask.logging.has_level_handler event=line locals={}
2026-08-22 23:53:39.236 /testbed/src/flask/logging.py:38 flask.logging.has_level_handler event=line locals={'current': 'None'}
2026-08-22 23:53:39.236 /testbed/src/flask/logging.py:47 flask.logging.has_level_handler event=line locals={}
2026-08-22 23:53:39.236 /testbed/src/flask/logging.py:47 flask.logging.has_level_handler event=return retval=False locals={'current': 'None', 'level': '10', 'logger': '<Logger kutyzbc.pyhkkup.vhgxrbz.ckbritv (DEBUG)>'}
2026-08-22 23:53:39.247 /testbed/src/flask/logging.py:31 flask.logging.has_level_handler event=call locals={'logger': '<Logger rkttyhoxguxrknqvaplcddwaqmx (ERROR)>'}
2026-08-22 23:53:39.248 /testbed/src/flask/logging.py:35 flask.logging.has_level_handler event=line locals={}
2026-08-22 23:53:39.248 /testbed/src/flask/logging.py:36 flask.logging.has_level_handler event=line locals={'level': '40'}
2026-08-22 23:53:39.248 /testbed/src/flask/logging.py:38 flask.logging.has_level_handler event=line locals={'current': '<Logger rkttyhoxguxrknqvaplcddwaqmx (ERROR)>'}
2026-08-22 23:53:39.248 /testbed/src/flask/logging.py:39 flask.logging.has_level_handler event=line locals={}
2026-08-22 23:53:39.248 /testbed/src/flask/logging.py:42 flask.logging.has_level_handler event=line locals={}
2026-08-22 23:53:39.248 /testbed/src/flask/logging.py:43 flask.logging.has_level_handler event=line locals={}
2026-08-22 23:53:39.248 /testbed/src/flask/logging.py:47 flask.logging.has_level_handler event=line locals={}
2026-08-22 23:53:39.248 /testbed/src/flask/logging.py:47 flask.logging.has_level_handler event=return retval=False locals={'current': '<Logger rkttyhoxguxrknqvaplcddwaqmx (ERROR)>', 'level': '40', 'logger': '<Logger rkttyhoxguxrknqvaplcddwaqmx (ERROR)>'}
