2026-08-23 04:33:10.386 [TRACE][START] pid=47 TRACE_OUT='/testbed/logs/scrapy_qa/form_get_clickable_m5_exceptions__pert_llm_s0/trace.log' TRACE_FILE='scrapy/http/request/form.py' TRACE_FUNCS=['_get_clickable'] TRACE_EVENTS=['call', 'exception', 'line', 'return']
2026-08-23 04:33:10.431 /testbed/scrapy/http/request/form.py:278 scrapy.http.request.form._get_clickable event=call locals={'clickdata': "{'name': 'missing_246'}", 'form': '<Element form at 0x764ec60d0be0>'}
2026-08-23 04:33:10.431 /testbed/scrapy/http/request/form.py:286 scrapy.http.request.form._get_clickable event=line locals={}
2026-08-23 04:33:10.431 /testbed/scrapy/http/request/form.py:287 scrapy.http.request.form._get_clickable event=line locals={}
2026-08-23 04:33:10.431 /testbed/scrapy/http/request/form.py:288 scrapy.http.request.form._get_clickable event=line locals={}
2026-08-23 04:33:10.431 /testbed/scrapy/http/request/form.py:290 scrapy.http.request.form._get_clickable event=line locals={}
2026-08-23 04:33:10.431 /testbed/scrapy/http/request/form.py:287 scrapy.http.request.form._get_clickable event=line locals={}
2026-08-23 04:33:10.439 /testbed/scrapy/http/request/form.py:286 scrapy.http.request.form._get_clickable event=line locals={}
2026-08-23 04:33:10.439 /testbed/scrapy/http/request/form.py:293 scrapy.http.request.form._get_clickable event=line locals={'clickables': "[<Element button at 0x764ec60e0230>, <Element button at 0x764ec60e02d0>, <Element button at 0x764ec60e0370>, <Element button at 0x764ec60e0320>, <Element button at 0x764ec60e03c0>, <InputElement 764ec60e0410 name='image_43_5' type='image'>, <Element button at 0x764ec60e0460>, <Element button at 0x764ec60e04b0>, <InputElement 764ec60e0500 name='image_43_8' type='image'>, <Element button at 0x764ec60e0550>, <Element button at 0x764ec60e05a0>, <Element button at 0x764ec60e05f0>, <Element button at ..."}
2026-08-23 04:33:10.439 /testbed/scrapy/http/request/form.py:297 scrapy.http.request.form._get_clickable event=line locals={}
2026-08-23 04:33:10.439 /testbed/scrapy/http/request/form.py:304 scrapy.http.request.form._get_clickable event=line locals={}
2026-08-23 04:33:10.439 /testbed/scrapy/http/request/form.py:305 scrapy.http.request.form._get_clickable event=line locals={'nr': 'None'}
2026-08-23 04:33:10.439 /testbed/scrapy/http/request/form.py:316 scrapy.http.request.form._get_clickable event=line locals={}
2026-08-23 04:33:10.439 /testbed/scrapy/http/request/form.py:317 scrapy.http.request.form._get_clickable event=line locals={'xpath': '\'.//*[@name="missing_246"]\''}
2026-08-23 04:33:10.439 /testbed/scrapy/http/request/form.py:318 scrapy.http.request.form._get_clickable event=line locals={'el': '[]'}
2026-08-23 04:33:10.440 /testbed/scrapy/http/request/form.py:320 scrapy.http.request.form._get_clickable event=line locals={}
2026-08-23 04:33:10.440 /testbed/scrapy/http/request/form.py:325 scrapy.http.request.form._get_clickable event=line locals={}
2026-08-23 04:33:10.440 /testbed/scrapy/http/request/form.py:325 scrapy.http.request.form._get_clickable event=exception exc=ValueError: ValueError("No clickable element matching clickdata: {'name': 'missing_246'}") locals={}
2026-08-23 04:33:10.440 /testbed/scrapy/http/request/form.py:325 scrapy.http.request.form._get_clickable event=return retval=None locals={'clickables': "[<Element button at 0x764ec60e0230>, <Element button at 0x764ec60e02d0>, <Element button at 0x764ec60e0370>, <Element button at 0x764ec60e0320>, <Element button at 0x764ec60e03c0>, <InputElement 764ec60e0410 name='image_43_5' type='image'>, <Element button at 0x764ec60e0460>, <Element button at 0x764ec60e04b0>, <InputElement 764ec60e0500 name='image_43_8' type='image'>, <Element button at 0x764ec60e0550>, <Element button at 0x764ec60e05a0>, <Element button at 0x764ec60e05f0>, <Element button at ...", 'clickdata': "{'name': 'missing_246'}", 'el': '[]', 'form': '<Element form at 0x764ec60d0be0>', 'nr': 'None', 'xpath': '\'.//*[@name="missing_246"]\''}
2026-08-23 04:33:10.444 [TRACE][START] pid=47 TRACE_OUT='/testbed/logs/scrapy_qa/form_get_clickable_m5_exceptions__pert_llm_s0/trace.log' TRACE_FILE='scrapy/http/request/form.py' TRACE_FUNCS=['_get_clickable'] TRACE_EVENTS=['call', 'exception', 'line', 'return']
2026-08-23 04:33:10.469 /testbed/scrapy/http/request/form.py:278 scrapy.http.request.form._get_clickable event=call locals={'clickdata': 'None', 'form': '<Element form at 0x764ec60d1b30>'}
2026-08-23 04:33:10.469 /testbed/scrapy/http/request/form.py:286 scrapy.http.request.form._get_clickable event=line locals={}
2026-08-23 04:33:10.469 /testbed/scrapy/http/request/form.py:287 scrapy.http.request.form._get_clickable event=line locals={}
2026-08-23 04:33:10.469 /testbed/scrapy/http/request/form.py:288 scrapy.http.request.form._get_clickable event=line locals={}
2026-08-23 04:33:10.469 /testbed/scrapy/http/request/form.py:290 scrapy.http.request.form._get_clickable event=line locals={}
2026-08-23 04:33:10.469 /testbed/scrapy/http/request/form.py:287 scrapy.http.request.form._get_clickable event=line locals={}
2026-08-23 04:33:10.472 /testbed/scrapy/http/request/form.py:286 scrapy.http.request.form._get_clickable event=line locals={}
2026-08-23 04:33:10.472 /testbed/scrapy/http/request/form.py:293 scrapy.http.request.form._get_clickable event=line locals={'clickables': "[<Element button at 0x764ec60d1bd0>, <Element button at 0x764ec5e14b90>, <Element button at 0x764ec5e14be0>, <Element button at 0x764ec5e14c30>, <Element button at 0x764ec5e14c80>, <InputElement 764ec5e14cd0 name='image_23_5' type='image'>, <Element button at 0x764ec5e14d20>, <Element button at 0x764ec5e14d70>, <Element button at 0x764ec5e14dc0>, <InputElement 764ec5e14e10 name='image_23_9' type='image'>, <Element button at 0x764ec5e14e60>, <Element button at 0x764ec5e14eb0>, <Element button at ..."}
2026-08-23 04:33:10.472 /testbed/scrapy/http/request/form.py:297 scrapy.http.request.form._get_clickable event=line locals={}
2026-08-23 04:33:10.472 /testbed/scrapy/http/request/form.py:298 scrapy.http.request.form._get_clickable event=line locals={}
2026-08-23 04:33:10.472 /testbed/scrapy/http/request/form.py:299 scrapy.http.request.form._get_clickable event=line locals={'el': '<Element button at 0x764ec60d1bd0>'}
2026-08-23 04:33:10.473 /testbed/scrapy/http/request/form.py:299 scrapy.http.request.form._get_clickable event=return retval=('batch_6', '270') locals={'clickables': "[<Element button at 0x764ec60d1bd0>, <Element button at 0x764ec5e14b90>, <Element button at 0x764ec5e14be0>, <Element button at 0x764ec5e14c30>, <Element button at 0x764ec5e14c80>, <InputElement 764ec5e14cd0 name='image_23_5' type='image'>, <Element button at 0x764ec5e14d20>, <Element button at 0x764ec5e14d70>, <Element button at 0x764ec5e14dc0>, <InputElement 764ec5e14e10 name='image_23_9' type='image'>, <Element button at 0x764ec5e14e60>, <Element button at 0x764ec5e14eb0>, <Element button at ...", 'clickdata': 'None', 'el': '<Element button at 0x764ec60d1bd0>', 'form': '<Element form at 0x764ec60d1b30>'}
2026-08-23 04:33:10.501 [TRACE][START] pid=47 TRACE_OUT='/testbed/logs/scrapy_qa/form_get_clickable_m5_exceptions__pert_llm_s0/trace.log' TRACE_FILE='scrapy/http/request/form.py' TRACE_FUNCS=['_get_clickable'] TRACE_EVENTS=['call', 'exception', 'line', 'return']
2026-08-23 04:33:10.523 /testbed/scrapy/http/request/form.py:278 scrapy.http.request.form._get_clickable event=call locals={'clickdata': '{}', 'form': '<Element form at 0x764ec60d1fe0>'}
2026-08-23 04:33:10.523 /testbed/scrapy/http/request/form.py:286 scrapy.http.request.form._get_clickable event=line locals={}
2026-08-23 04:33:10.523 /testbed/scrapy/http/request/form.py:287 scrapy.http.request.form._get_clickable event=line locals={}
2026-08-23 04:33:10.523 /testbed/scrapy/http/request/form.py:288 scrapy.http.request.form._get_clickable event=line locals={}
2026-08-23 04:33:10.523 /testbed/scrapy/http/request/form.py:290 scrapy.http.request.form._get_clickable event=line locals={}
2026-08-23 04:33:10.523 /testbed/scrapy/http/request/form.py:287 scrapy.http.request.form._get_clickable event=line locals={}
2026-08-23 04:33:10.526 /testbed/scrapy/http/request/form.py:286 scrapy.http.request.form._get_clickable event=line locals={}
2026-08-23 04:33:10.526 /testbed/scrapy/http/request/form.py:293 scrapy.http.request.form._get_clickable event=line locals={'clickables': "[<Element button at 0x764ec60d2080>, <Element button at 0x764ec5e150e0>, <Element button at 0x764ec5e15130>, <Element button at 0x764ec5e15180>, <InputElement 764ec5e151d0 name='image_53_4' type='image'>, <Element button at 0x764ec5e15220>, <Element button at 0x764ec5e15270>, <Element button at 0x764ec5e152c0>, <Element button at 0x764ec5e15310>, <Element button at 0x764ec5e15360>, <Element button at 0x764ec5e153b0>, <Element button at 0x764ec5e15400>, <Element button at 0x764ec5e15450>, <InputE..."}
2026-08-23 04:33:10.527 /testbed/scrapy/http/request/form.py:297 scrapy.http.request.form._get_clickable event=line locals={}
2026-08-23 04:33:10.527 /testbed/scrapy/http/request/form.py:304 scrapy.http.request.form._get_clickable event=line locals={}
2026-08-23 04:33:10.527 /testbed/scrapy/http/request/form.py:305 scrapy.http.request.form._get_clickable event=line locals={'nr': 'None'}
2026-08-23 04:33:10.527 /testbed/scrapy/http/request/form.py:316 scrapy.http.request.form._get_clickable event=line locals={}
2026-08-23 04:33:10.527 /testbed/scrapy/http/request/form.py:317 scrapy.http.request.form._get_clickable event=line locals={'xpath': "'.//*'"}
2026-08-23 04:33:10.527 /testbed/scrapy/http/request/form.py:318 scrapy.http.request.form._get_clickable event=line locals={'el': "[<InputElement 764ec60d2030 name='field_53_0' type='text'>, <Element button at 0x764ec60d2080>, <InputElement 764ec60d20d0 name='field_53_1' type='text'>, <Element button at 0x764ec5e150e0>, <InputElement 764ec60d2120 name='field_53_2' type='text'>, <Element button at 0x764ec5e15130>, <InputElement 764ec60d2170 name='field_53_3' type='text'>, <Element button at 0x764ec5e15180>, <InputElement 764ec60d21c0 name='field_53_4' type='text'>, <InputElement 764ec5e151d0 name='image_53_4' type='image'>, ..."}
2026-08-23 04:33:10.527 /testbed/scrapy/http/request/form.py:320 scrapy.http.request.form._get_clickable event=line locals={}
2026-08-23 04:33:10.528 /testbed/scrapy/http/request/form.py:321 scrapy.http.request.form._get_clickable event=line locals={}
2026-08-23 04:33:10.528 /testbed/scrapy/http/request/form.py:322 scrapy.http.request.form._get_clickable event=line locals={}
2026-08-23 04:33:10.533 /testbed/scrapy/http/request/form.py:323 scrapy.http.request.form._get_clickable event=line locals={}
2026-08-23 04:33:10.533 /testbed/scrapy/http/request/form.py:322 scrapy.http.request.form._get_clickable event=line locals={}
2026-08-23 04:33:10.533 /testbed/scrapy/http/request/form.py:321 scrapy.http.request.form._get_clickable event=line locals={}
2026-08-23 04:33:10.534 /testbed/scrapy/http/request/form.py:321 scrapy.http.request.form._get_clickable event=exception exc=ValueError: ValueError("Multiple elements found ([<InputElement 764ec60d2030 name='field_53_0' type='text'>, <Element button at 0x764ec60d2080>, <InputElement 764ec60d20d0 name='field_53_1' type='text'>, <Element button at 0x764ec5e150e0>, <InputElement 764ec60d2120 name='field_53_2' type='text'>, <Element button at 0x764ec5e15130>, <InputElement 764ec60d2170 name='field_53_3' type='text'>, <Element button at 0x764ec5e15180>, <InputElement 764ec60d21c0 name='field_53_4' type='text'>, <InputElement 764ec5e15... locals={}
2026-08-23 04:33:10.534 /testbed/scrapy/http/request/form.py:321 scrapy.http.request.form._get_clickable event=return retval=None locals={'clickables': "[<Element button at 0x764ec60d2080>, <Element button at 0x764ec5e150e0>, <Element button at 0x764ec5e15130>, <Element button at 0x764ec5e15180>, <InputElement 764ec5e151d0 name='image_53_4' type='image'>, <Element button at 0x764ec5e15220>, <Element button at 0x764ec5e15270>, <Element button at 0x764ec5e152c0>, <Element button at 0x764ec5e15310>, <Element button at 0x764ec5e15360>, <Element button at 0x764ec5e153b0>, <Element button at 0x764ec5e15400>, <Element button at 0x764ec5e15450>, <InputE...", 'clickdata': '{}', 'el': "[<InputElement 764ec60d2030 name='field_53_0' type='text'>, <Element button at 0x764ec60d2080>, <InputElement 764ec60d20d0 name='field_53_1' type='text'>, <Element button at 0x764ec5e150e0>, <InputElement 764ec60d2120 name='field_53_2' type='text'>, <Element button at 0x764ec5e15130>, <InputElement 764ec60d2170 name='field_53_3' type='text'>, <Element button at 0x764ec5e15180>, <InputElement 764ec60d21c0 name='field_53_4' type='text'>, <InputElement 764ec5e151d0 name='image_53_4' type='image'>, ...", 'form': '<Element form at 0x764ec60d1fe0>', 'nr': 'None', 'xpath': "'.//*'"}
2026-08-23 04:33:10.538 [TRACE][START] pid=47 TRACE_OUT='/testbed/logs/scrapy_qa/form_get_clickable_m5_exceptions__pert_llm_s0/trace.log' TRACE_FILE='scrapy/http/request/form.py' TRACE_FUNCS=['_get_clickable'] TRACE_EVENTS=['call', 'exception', 'line', 'return']
2026-08-23 04:33:10.564 /testbed/scrapy/http/request/form.py:278 scrapy.http.request.form._get_clickable event=call locals={'clickdata': "{'nr': 19}", 'form': '<Element form at 0x764ec60d22b0>'}
2026-08-23 04:33:10.564 /testbed/scrapy/http/request/form.py:286 scrapy.http.request.form._get_clickable event=line locals={}
2026-08-23 04:33:10.564 /testbed/scrapy/http/request/form.py:287 scrapy.http.request.form._get_clickable event=line locals={}
2026-08-23 04:33:10.564 /testbed/scrapy/http/request/form.py:288 scrapy.http.request.form._get_clickable event=line locals={}
2026-08-23 04:33:10.564 /testbed/scrapy/http/request/form.py:290 scrapy.http.request.form._get_clickable event=line locals={}
2026-08-23 04:33:10.564 /testbed/scrapy/http/request/form.py:287 scrapy.http.request.form._get_clickable event=line locals={}
2026-08-23 04:33:10.568 /testbed/scrapy/http/request/form.py:286 scrapy.http.request.form._get_clickable event=line locals={}
2026-08-23 04:33:10.568 /testbed/scrapy/http/request/form.py:293 scrapy.http.request.form._get_clickable event=line locals={'clickables': '[<Element button at 0x764ec60d2350>, <Element button at 0x764ec5e16a30>, <Element button at 0x764ec5e16a80>, <Element button at 0x764ec5e16ad0>, <Element button at 0x764ec5e16b20>, <Element button at 0x764ec5e16b70>, <Element button at 0x764ec5e16bc0>, <Element button at 0x764ec5e16c10>, <Element button at 0x764ec5e16c60>, <Element button at 0x764ec5e16cb0>, <Element button at 0x764ec5e16d00>, <Element button at 0x764ec5e16d50>, <Element button at 0x764ec5e16da0>, <Element button at 0x764ec5e16d...'}
2026-08-23 04:33:10.569 /testbed/scrapy/http/request/form.py:297 scrapy.http.request.form._get_clickable event=line locals={}
2026-08-23 04:33:10.569 /testbed/scrapy/http/request/form.py:304 scrapy.http.request.form._get_clickable event=line locals={}
2026-08-23 04:33:10.569 /testbed/scrapy/http/request/form.py:305 scrapy.http.request.form._get_clickable event=line locals={'nr': '19'}
2026-08-23 04:33:10.569 /testbed/scrapy/http/request/form.py:306 scrapy.http.request.form._get_clickable event=line locals={}
2026-08-23 04:33:10.569 /testbed/scrapy/http/request/form.py:307 scrapy.http.request.form._get_clickable event=line locals={}
2026-08-23 04:33:10.569 /testbed/scrapy/http/request/form.py:308 scrapy.http.request.form._get_clickable event=line locals={}
2026-08-23 04:33:10.570 /testbed/scrapy/http/request/form.py:312 scrapy.http.request.form._get_clickable event=line locals={'el': "<InputElement 764ec60d2940 name='field_29_19' type='text'>"}
2026-08-23 04:33:10.570 /testbed/scrapy/http/request/form.py:312 scrapy.http.request.form._get_clickable event=return retval=('field_29_19', '844') locals={'clickables': '[<Element button at 0x764ec60d2350>, <Element button at 0x764ec5e16a30>, <Element button at 0x764ec5e16a80>, <Element button at 0x764ec5e16ad0>, <Element button at 0x764ec5e16b20>, <Element button at 0x764ec5e16b70>, <Element button at 0x764ec5e16bc0>, <Element button at 0x764ec5e16c10>, <Element button at 0x764ec5e16c60>, <Element button at 0x764ec5e16cb0>, <Element button at 0x764ec5e16d00>, <Element button at 0x764ec5e16d50>, <Element button at 0x764ec5e16da0>, <Element button at 0x764ec5e16d...', 'clickdata': "{'nr': 19}", 'el': "<InputElement 764ec60d2940 name='field_29_19' type='text'>", 'form': '<Element form at 0x764ec60d22b0>', 'nr': '19'}
2026-08-23 04:33:10.601 [TRACE][START] pid=47 TRACE_OUT='/testbed/logs/scrapy_qa/form_get_clickable_m5_exceptions__pert_llm_s0/trace.log' TRACE_FILE='scrapy/http/request/form.py' TRACE_FUNCS=['_get_clickable'] TRACE_EVENTS=['call', 'exception', 'line', 'return']
2026-08-23 04:33:10.632 /testbed/scrapy/http/request/form.py:278 scrapy.http.request.form._get_clickable event=call locals={'clickdata': "{'nr': -5616655, 'name': 'absent_5151'}", 'form': '<Element form at 0x764ec60d25d0>'}
2026-08-23 04:33:10.632 /testbed/scrapy/http/request/form.py:286 scrapy.http.request.form._get_clickable event=line locals={}
2026-08-23 04:33:10.632 /testbed/scrapy/http/request/form.py:287 scrapy.http.request.form._get_clickable event=line locals={}
2026-08-23 04:33:10.632 /testbed/scrapy/http/request/form.py:288 scrapy.http.request.form._get_clickable event=line locals={}
2026-08-23 04:33:10.632 /testbed/scrapy/http/request/form.py:290 scrapy.http.request.form._get_clickable event=line locals={}
2026-08-23 04:33:10.632 /testbed/scrapy/http/request/form.py:287 scrapy.http.request.form._get_clickable event=line locals={}
2026-08-23 04:33:10.638 /testbed/scrapy/http/request/form.py:286 scrapy.http.request.form._get_clickable event=line locals={}
2026-08-23 04:33:10.639 /testbed/scrapy/http/request/form.py:293 scrapy.http.request.form._get_clickable event=line locals={'clickables': "[<Element button at 0x764ec60d2670>, <Element button at 0x764ec5e145f0>, <Element button at 0x764ec5e17610>, <Element button at 0x764ec5e14640>, <Element button at 0x764ec5e17660>, <InputElement 764ec5e14690 name='image_79_5' type='image'>, <InputElement 764ec5e176b0 name='image_79_6' type='image'>, <Element button at 0x764ec5e146e0>, <Element button at 0x764ec5e17700>, <Element button at 0x764ec5e14730>, <Element button at 0x764ec5e17750>, <Element button at 0x764ec5e14780>, <InputElement 764ec..."}
2026-08-23 04:33:10.639 /testbed/scrapy/http/request/form.py:297 scrapy.http.request.form._get_clickable event=line locals={}
2026-08-23 04:33:10.639 /testbed/scrapy/http/request/form.py:304 scrapy.http.request.form._get_clickable event=line locals={}
2026-08-23 04:33:10.639 /testbed/scrapy/http/request/form.py:305 scrapy.http.request.form._get_clickable event=line locals={'nr': '-5616655'}
2026-08-23 04:33:10.639 /testbed/scrapy/http/request/form.py:306 scrapy.http.request.form._get_clickable event=line locals={}
2026-08-23 04:33:10.639 /testbed/scrapy/http/request/form.py:307 scrapy.http.request.form._get_clickable event=line locals={}
2026-08-23 04:33:10.639 /testbed/scrapy/http/request/form.py:308 scrapy.http.request.form._get_clickable event=line locals={}
2026-08-23 04:33:10.641 /testbed/scrapy/http/request/form.py:308 scrapy.http.request.form._get_clickable event=exception exc=IndexError: IndexError('list index out of range') locals={}
2026-08-23 04:33:10.641 /testbed/scrapy/http/request/form.py:309 scrapy.http.request.form._get_clickable event=line locals={'clickables': "[<Element button at 0x764ec60d2670>, <Element button at 0x764ec5e145f0>, <Element button at 0x764ec5e17610>, <Element button at 0x764ec5e14640>, <Element button at 0x764ec5e17660>, <InputElement 764ec5e14690 name='image_79_5' type='image'>, <InputElement 764ec5e176b0 name='image_79_6' type='image'>, <Element button at 0x764ec5e146e0>, <Element button at 0x764ec5e17700>, <Element button at 0x764ec5e14730>, <Element button at 0x764ec5e17750>, <Element button at 0x764ec5e14780>, <InputElement 764ec...", 'clickdata': "{'nr': -5616655, 'name': 'absent_5151'}", 'form': '<Element form at 0x764ec60d25d0>', 'nr': '-5616655'}
2026-08-23 04:33:10.641 /testbed/scrapy/http/request/form.py:310 scrapy.http.request.form._get_clickable event=line locals={}
2026-08-23 04:33:10.641 /testbed/scrapy/http/request/form.py:316 scrapy.http.request.form._get_clickable event=line locals={}
2026-08-23 04:33:10.641 /testbed/scrapy/http/request/form.py:317 scrapy.http.request.form._get_clickable event=line locals={'xpath': '\'.//*[@name="absent_5151"]\''}
2026-08-23 04:33:10.642 /testbed/scrapy/http/request/form.py:318 scrapy.http.request.form._get_clickable event=line locals={'el': '[]'}
2026-08-23 04:33:10.642 /testbed/scrapy/http/request/form.py:320 scrapy.http.request.form._get_clickable event=line locals={}
2026-08-23 04:33:10.642 /testbed/scrapy/http/request/form.py:325 scrapy.http.request.form._get_clickable event=line locals={}
2026-08-23 04:33:10.642 /testbed/scrapy/http/request/form.py:325 scrapy.http.request.form._get_clickable event=exception exc=ValueError: ValueError("No clickable element matching clickdata: {'nr': -5616655, 'name': 'absent_5151'}") locals={}
2026-08-23 04:33:10.642 /testbed/scrapy/http/request/form.py:325 scrapy.http.request.form._get_clickable event=return retval=None locals={'clickables': "[<Element button at 0x764ec60d2670>, <Element button at 0x764ec5e145f0>, <Element button at 0x764ec5e17610>, <Element button at 0x764ec5e14640>, <Element button at 0x764ec5e17660>, <InputElement 764ec5e14690 name='image_79_5' type='image'>, <InputElement 764ec5e176b0 name='image_79_6' type='image'>, <Element button at 0x764ec5e146e0>, <Element button at 0x764ec5e17700>, <Element button at 0x764ec5e14730>, <Element button at 0x764ec5e17750>, <Element button at 0x764ec5e14780>, <InputElement 764ec...", 'clickdata': "{'nr': -5616655, 'name': 'absent_5151'}", 'el': '[]', 'form': '<Element form at 0x764ec60d25d0>', 'nr': '-5616655', 'xpath': '\'.//*[@name="absent_5151"]\''}
2026-08-23 04:33:10.646 [TRACE][START] pid=47 TRACE_OUT='/testbed/logs/scrapy_qa/form_get_clickable_m5_exceptions__pert_llm_s0/trace.log' TRACE_FILE='scrapy/http/request/form.py' TRACE_FUNCS=['_get_clickable'] TRACE_EVENTS=['call', 'exception', 'line', 'return']
2026-08-23 04:33:10.667 /testbed/scrapy/http/request/form.py:278 scrapy.http.request.form._get_clickable event=call locals={'clickdata': "{'nr': -788368, '[': 'probe_232'}", 'form': '<Element form at 0x764ec5e176b0>'}
2026-08-23 04:33:10.668 /testbed/scrapy/http/request/form.py:286 scrapy.http.request.form._get_clickable event=line locals={}
2026-08-23 04:33:10.668 /testbed/scrapy/http/request/form.py:287 scrapy.http.request.form._get_clickable event=line locals={}
2026-08-23 04:33:10.668 /testbed/scrapy/http/request/form.py:288 scrapy.http.request.form._get_clickable event=line locals={}
2026-08-23 04:33:10.668 /testbed/scrapy/http/request/form.py:290 scrapy.http.request.form._get_clickable event=line locals={}
2026-08-23 04:33:10.668 /testbed/scrapy/http/request/form.py:287 scrapy.http.request.form._get_clickable event=line locals={}
2026-08-23 04:33:10.670 /testbed/scrapy/http/request/form.py:286 scrapy.http.request.form._get_clickable event=line locals={}
2026-08-23 04:33:10.671 /testbed/scrapy/http/request/form.py:293 scrapy.http.request.form._get_clickable event=line locals={'clickables': "[<Element button at 0x764ec5e17700>, <Element button at 0x764ec5e16850>, <Element button at 0x764ec5e168a0>, <InputElement 764ec5e168f0 name='image_71_3' type='image'>, <Element button at 0x764ec5e16940>, <Element button at 0x764ec5e16990>, <Element button at 0x764ec5e16a30>, <Element button at 0x764ec5e16a80>, <Element button at 0x764ec5e16ad0>, <Element button at 0x764ec5e16b20>, <InputElement 764ec5e16b70 name='image_71_10' type='image'>, <Element button at 0x764ec5e16bc0>, <InputElement 764e..."}
2026-08-23 04:33:10.671 /testbed/scrapy/http/request/form.py:297 scrapy.http.request.form._get_clickable event=line locals={}
2026-08-23 04:33:10.671 /testbed/scrapy/http/request/form.py:304 scrapy.http.request.form._get_clickable event=line locals={}
2026-08-23 04:33:10.671 /testbed/scrapy/http/request/form.py:305 scrapy.http.request.form._get_clickable event=line locals={'nr': '-788368'}
2026-08-23 04:33:10.671 /testbed/scrapy/http/request/form.py:306 scrapy.http.request.form._get_clickable event=line locals={}
2026-08-23 04:33:10.671 /testbed/scrapy/http/request/form.py:307 scrapy.http.request.form._get_clickable event=line locals={}
2026-08-23 04:33:10.671 /testbed/scrapy/http/request/form.py:308 scrapy.http.request.form._get_clickable event=line locals={}
2026-08-23 04:33:10.672 /testbed/scrapy/http/request/form.py:308 scrapy.http.request.form._get_clickable event=exception exc=IndexError: IndexError('list index out of range') locals={}
2026-08-23 04:33:10.672 /testbed/scrapy/http/request/form.py:309 scrapy.http.request.form._get_clickable event=line locals={'clickables': "[<Element button at 0x764ec5e17700>, <Element button at 0x764ec5e16850>, <Element button at 0x764ec5e168a0>, <InputElement 764ec5e168f0 name='image_71_3' type='image'>, <Element button at 0x764ec5e16940>, <Element button at 0x764ec5e16990>, <Element button at 0x764ec5e16a30>, <Element button at 0x764ec5e16a80>, <Element button at 0x764ec5e16ad0>, <Element button at 0x764ec5e16b20>, <InputElement 764ec5e16b70 name='image_71_10' type='image'>, <Element button at 0x764ec5e16bc0>, <InputElement 764e...", 'clickdata': "{'nr': -788368, '[': 'probe_232'}", 'form': '<Element form at 0x764ec5e176b0>', 'nr': '-788368'}
2026-08-23 04:33:10.672 /testbed/scrapy/http/request/form.py:310 scrapy.http.request.form._get_clickable event=line locals={}
2026-08-23 04:33:10.672 /testbed/scrapy/http/request/form.py:316 scrapy.http.request.form._get_clickable event=line locals={}
2026-08-23 04:33:10.672 /testbed/scrapy/http/request/form.py:317 scrapy.http.request.form._get_clickable event=line locals={'xpath': '\'.//*[@[="probe_232"]\''}
2026-08-23 04:33:10.672 /testbed/scrapy/http/request/form.py:317 scrapy.http.request.form._get_clickable event=exception exc=XPathEvalError: XPathEvalError('Invalid expression') locals={}
2026-08-23 04:33:10.672 /testbed/scrapy/http/request/form.py:317 scrapy.http.request.form._get_clickable event=return retval=None locals={'clickables': "[<Element button at 0x764ec5e17700>, <Element button at 0x764ec5e16850>, <Element button at 0x764ec5e168a0>, <InputElement 764ec5e168f0 name='image_71_3' type='image'>, <Element button at 0x764ec5e16940>, <Element button at 0x764ec5e16990>, <Element button at 0x764ec5e16a30>, <Element button at 0x764ec5e16a80>, <Element button at 0x764ec5e16ad0>, <Element button at 0x764ec5e16b20>, <InputElement 764ec5e16b70 name='image_71_10' type='image'>, <Element button at 0x764ec5e16bc0>, <InputElement 764e...", 'clickdata': "{'nr': -788368, '[': 'probe_232'}", 'form': '<Element form at 0x764ec5e176b0>', 'nr': '-788368', 'xpath': '\'.//*[@[="probe_232"]\''}
2026-08-23 04:33:10.676 [TRACE][START] pid=47 TRACE_OUT='/testbed/logs/scrapy_qa/form_get_clickable_m5_exceptions__pert_llm_s0/trace.log' TRACE_FILE='scrapy/http/request/form.py' TRACE_FUNCS=['_get_clickable'] TRACE_EVENTS=['call', 'exception', 'line', 'return']
2026-08-23 04:33:10.704 /testbed/scrapy/http/request/form.py:278 scrapy.http.request.form._get_clickable event=call locals={'clickdata': "{'nr': 33418, 'name': 'batch_6'}", 'form': '<Element form at 0x764ec5e16a80>'}
2026-08-23 04:33:10.705 /testbed/scrapy/http/request/form.py:286 scrapy.http.request.form._get_clickable event=line locals={}
2026-08-23 04:33:10.705 /testbed/scrapy/http/request/form.py:287 scrapy.http.request.form._get_clickable event=line locals={}
2026-08-23 04:33:10.705 /testbed/scrapy/http/request/form.py:288 scrapy.http.request.form._get_clickable event=line locals={}
2026-08-23 04:33:10.705 /testbed/scrapy/http/request/form.py:290 scrapy.http.request.form._get_clickable event=line locals={}
2026-08-23 04:33:10.705 /testbed/scrapy/http/request/form.py:287 scrapy.http.request.form._get_clickable event=line locals={}
2026-08-23 04:33:10.709 /testbed/scrapy/http/request/form.py:286 scrapy.http.request.form._get_clickable event=line locals={}
2026-08-23 04:33:10.709 /testbed/scrapy/http/request/form.py:293 scrapy.http.request.form._get_clickable event=line locals={'clickables': "[<Element button at 0x764ec5e16b20>, <Element button at 0x764ec60d23f0>, <Element button at 0x764ec60d2300>, <Element button at 0x764ec60d2530>, <Element button at 0x764ec60d2670>, <Element button at 0x764ec60d21c0>, <Element button at 0x764ec60d2170>, <Element button at 0x764ec60d1ef0>, <Element button at 0x764ec60d1ea0>, <Element button at 0x764ec60d1a40>, <Element button at 0x764ec60d1950>, <InputElement 764ec60d0c30 name='image_71_11' type='image'>, <Element button at 0x764ec60d20d0>, <Eleme..."}
2026-08-23 04:33:10.709 /testbed/scrapy/http/request/form.py:297 scrapy.http.request.form._get_clickable event=line locals={}
2026-08-23 04:33:10.709 /testbed/scrapy/http/request/form.py:304 scrapy.http.request.form._get_clickable event=line locals={}
2026-08-23 04:33:10.709 /testbed/scrapy/http/request/form.py:305 scrapy.http.request.form._get_clickable event=line locals={'nr': '33418'}
2026-08-23 04:33:10.709 /testbed/scrapy/http/request/form.py:306 scrapy.http.request.form._get_clickable event=line locals={}
2026-08-23 04:33:10.709 /testbed/scrapy/http/request/form.py:307 scrapy.http.request.form._get_clickable event=line locals={}
2026-08-23 04:33:10.709 /testbed/scrapy/http/request/form.py:308 scrapy.http.request.form._get_clickable event=line locals={}
2026-08-23 04:33:10.711 /testbed/scrapy/http/request/form.py:308 scrapy.http.request.form._get_clickable event=exception exc=IndexError: IndexError('list index out of range') locals={}
2026-08-23 04:33:10.711 /testbed/scrapy/http/request/form.py:309 scrapy.http.request.form._get_clickable event=line locals={'clickables': "[<Element button at 0x764ec5e16b20>, <Element button at 0x764ec60d23f0>, <Element button at 0x764ec60d2300>, <Element button at 0x764ec60d2530>, <Element button at 0x764ec60d2670>, <Element button at 0x764ec60d21c0>, <Element button at 0x764ec60d2170>, <Element button at 0x764ec60d1ef0>, <Element button at 0x764ec60d1ea0>, <Element button at 0x764ec60d1a40>, <Element button at 0x764ec60d1950>, <InputElement 764ec60d0c30 name='image_71_11' type='image'>, <Element button at 0x764ec60d20d0>, <Eleme...", 'clickdata': "{'nr': 33418, 'name': 'batch_6'}", 'form': '<Element form at 0x764ec5e16a80>', 'nr': '33418'}
2026-08-23 04:33:10.711 /testbed/scrapy/http/request/form.py:310 scrapy.http.request.form._get_clickable event=line locals={}
2026-08-23 04:33:10.711 /testbed/scrapy/http/request/form.py:316 scrapy.http.request.form._get_clickable event=line locals={}
2026-08-23 04:33:10.711 /testbed/scrapy/http/request/form.py:317 scrapy.http.request.form._get_clickable event=line locals={'xpath': '\'.//*[@name="batch_6"]\''}
2026-08-23 04:33:10.711 /testbed/scrapy/http/request/form.py:318 scrapy.http.request.form._get_clickable event=line locals={'el': '[<Element button at 0x764ec5e16b20>, <Element button at 0x764ec60d23f0>, <Element button at 0x764ec60d2300>, <Element button at 0x764ec60d2530>, <Element button at 0x764ec60d2670>, <Element button at 0x764ec60d21c0>, <Element button at 0x764ec60d2170>, <Element button at 0x764ec60d1ef0>, <Element button at 0x764ec60d1ea0>, <Element button at 0x764ec60d1a40>, <Element button at 0x764ec60d1950>, <Element button at 0x764ec60d20d0>, <Element button at 0x764ec60d1b30>, <Element button at 0x764ec60d1e...'}
2026-08-23 04:33:10.712 /testbed/scrapy/http/request/form.py:320 scrapy.http.request.form._get_clickable event=line locals={}
2026-08-23 04:33:10.712 /testbed/scrapy/http/request/form.py:321 scrapy.http.request.form._get_clickable event=line locals={}
2026-08-23 04:33:10.712 /testbed/scrapy/http/request/form.py:322 scrapy.http.request.form._get_clickable event=line locals={}
2026-08-23 04:33:10.712 /testbed/scrapy/http/request/form.py:323 scrapy.http.request.form._get_clickable event=line locals={}
2026-08-23 04:33:10.712 /testbed/scrapy/http/request/form.py:322 scrapy.http.request.form._get_clickable event=line locals={}
2026-08-23 04:33:10.712 /testbed/scrapy/http/request/form.py:321 scrapy.http.request.form._get_clickable event=line locals={}
2026-08-23 04:33:10.712 /testbed/scrapy/http/request/form.py:321 scrapy.http.request.form._get_clickable event=exception exc=ValueError: ValueError("Multiple elements found ([<Element button at 0x764ec5e16b20>, <Element button at 0x764ec60d23f0>, <Element button at 0x764ec60d2300>, <Element button at 0x764ec60d2530>, <Element button at 0x764ec60d2670>, <Element button at 0x764ec60d21c0>, <Element button at 0x764ec60d2170>, <Element button at 0x764ec60d1ef0>, <Element button at 0x764ec60d1ea0>, <Element button at 0x764ec60d1a40>, <Element button at 0x764ec60d1950>, <Element button at 0x764ec60d20d0>, <Element button at 0x764ec60d1... locals={}
2026-08-23 04:33:10.713 /testbed/scrapy/http/request/form.py:321 scrapy.http.request.form._get_clickable event=return retval=None locals={'clickables': "[<Element button at 0x764ec5e16b20>, <Element button at 0x764ec60d23f0>, <Element button at 0x764ec60d2300>, <Element button at 0x764ec60d2530>, <Element button at 0x764ec60d2670>, <Element button at 0x764ec60d21c0>, <Element button at 0x764ec60d2170>, <Element button at 0x764ec60d1ef0>, <Element button at 0x764ec60d1ea0>, <Element button at 0x764ec60d1a40>, <Element button at 0x764ec60d1950>, <InputElement 764ec60d0c30 name='image_71_11' type='image'>, <Element button at 0x764ec60d20d0>, <Eleme...", 'clickdata': "{'nr': 33418, 'name': 'batch_6'}", 'el': '[<Element button at 0x764ec5e16b20>, <Element button at 0x764ec60d23f0>, <Element button at 0x764ec60d2300>, <Element button at 0x764ec60d2530>, <Element button at 0x764ec60d2670>, <Element button at 0x764ec60d21c0>, <Element button at 0x764ec60d2170>, <Element button at 0x764ec60d1ef0>, <Element button at 0x764ec60d1ea0>, <Element button at 0x764ec60d1a40>, <Element button at 0x764ec60d1950>, <Element button at 0x764ec60d20d0>, <Element button at 0x764ec60d1b30>, <Element button at 0x764ec60d1e...', 'form': '<Element form at 0x764ec5e16a80>', 'nr': '33418', 'xpath': '\'.//*[@name="batch_6"]\''}
2026-08-23 04:33:10.717 [TRACE][START] pid=47 TRACE_OUT='/testbed/logs/scrapy_qa/form_get_clickable_m5_exceptions__pert_llm_s0/trace.log' TRACE_FILE='scrapy/http/request/form.py' TRACE_FUNCS=['_get_clickable'] TRACE_EVENTS=['call', 'exception', 'line', 'return']
2026-08-23 04:33:10.743 /testbed/scrapy/http/request/form.py:278 scrapy.http.request.form._get_clickable event=call locals={'clickdata': "{'nr': 2840391, 'name': 'solo_89'}", 'form': '<Element form at 0x764ec60d1950>'}
2026-08-23 04:33:10.743 /testbed/scrapy/http/request/form.py:286 scrapy.http.request.form._get_clickable event=line locals={}
2026-08-23 04:33:10.743 /testbed/scrapy/http/request/form.py:287 scrapy.http.request.form._get_clickable event=line locals={}
2026-08-23 04:33:10.743 /testbed/scrapy/http/request/form.py:288 scrapy.http.request.form._get_clickable event=line locals={}
2026-08-23 04:33:10.743 /testbed/scrapy/http/request/form.py:290 scrapy.http.request.form._get_clickable event=line locals={}
2026-08-23 04:33:10.743 /testbed/scrapy/http/request/form.py:287 scrapy.http.request.form._get_clickable event=line locals={}
2026-08-23 04:33:10.747 /testbed/scrapy/http/request/form.py:286 scrapy.http.request.form._get_clickable event=line locals={}
2026-08-23 04:33:10.747 /testbed/scrapy/http/request/form.py:293 scrapy.http.request.form._get_clickable event=line locals={'clickables': '[<Element button at 0x764ec60d1b30>, <Element button at 0x764ec5e148c0>, <Element button at 0x764ec5e178e0>, <Element button at 0x764ec5e14910>, <Element button at 0x764ec5e17930>, <Element button at 0x764ec5e14960>, <Element button at 0x764ec5e17980>, <Element button at 0x764ec5e149b0>, <Element button at 0x764ec5e179d0>, <Element button at 0x764ec5e14a00>, <Element button at 0x764ec5e17a20>, <Element button at 0x764ec5e14a50>, <Element button at 0x764ec5e17a70>, <Element button at 0x764ec5e14a...'}
2026-08-23 04:33:10.748 /testbed/scrapy/http/request/form.py:297 scrapy.http.request.form._get_clickable event=line locals={}
2026-08-23 04:33:10.748 /testbed/scrapy/http/request/form.py:304 scrapy.http.request.form._get_clickable event=line locals={}
2026-08-23 04:33:10.748 /testbed/scrapy/http/request/form.py:305 scrapy.http.request.form._get_clickable event=line locals={'nr': '2840391'}
2026-08-23 04:33:10.748 /testbed/scrapy/http/request/form.py:306 scrapy.http.request.form._get_clickable event=line locals={}
2026-08-23 04:33:10.748 /testbed/scrapy/http/request/form.py:307 scrapy.http.request.form._get_clickable event=line locals={}
2026-08-23 04:33:10.748 /testbed/scrapy/http/request/form.py:308 scrapy.http.request.form._get_clickable event=line locals={}
2026-08-23 04:33:10.749 /testbed/scrapy/http/request/form.py:308 scrapy.http.request.form._get_clickable event=exception exc=IndexError: IndexError('list index out of range') locals={}
2026-08-23 04:33:10.749 /testbed/scrapy/http/request/form.py:309 scrapy.http.request.form._get_clickable event=line locals={'clickables': '[<Element button at 0x764ec60d1b30>, <Element button at 0x764ec5e148c0>, <Element button at 0x764ec5e178e0>, <Element button at 0x764ec5e14910>, <Element button at 0x764ec5e17930>, <Element button at 0x764ec5e14960>, <Element button at 0x764ec5e17980>, <Element button at 0x764ec5e149b0>, <Element button at 0x764ec5e179d0>, <Element button at 0x764ec5e14a00>, <Element button at 0x764ec5e17a20>, <Element button at 0x764ec5e14a50>, <Element button at 0x764ec5e17a70>, <Element button at 0x764ec5e14a...', 'clickdata': "{'nr': 2840391, 'name': 'solo_89'}", 'form': '<Element form at 0x764ec60d1950>', 'nr': '2840391'}
2026-08-23 04:33:10.750 /testbed/scrapy/http/request/form.py:310 scrapy.http.request.form._get_clickable event=line locals={}
2026-08-23 04:33:10.750 /testbed/scrapy/http/request/form.py:316 scrapy.http.request.form._get_clickable event=line locals={}
2026-08-23 04:33:10.750 /testbed/scrapy/http/request/form.py:317 scrapy.http.request.form._get_clickable event=line locals={'xpath': '\'.//*[@name="solo_89"]\''}
2026-08-23 04:33:10.750 /testbed/scrapy/http/request/form.py:318 scrapy.http.request.form._get_clickable event=line locals={'el': "[<InputElement 764ec5e28d20 name='solo_89' type='submit'>]"}
2026-08-23 04:33:10.750 /testbed/scrapy/http/request/form.py:319 scrapy.http.request.form._get_clickable event=line locals={}
2026-08-23 04:33:10.750 /testbed/scrapy/http/request/form.py:319 scrapy.http.request.form._get_clickable event=return retval=('solo_89', '4') locals={'clickables': '[<Element button at 0x764ec60d1b30>, <Element button at 0x764ec5e148c0>, <Element button at 0x764ec5e178e0>, <Element button at 0x764ec5e14910>, <Element button at 0x764ec5e17930>, <Element button at 0x764ec5e14960>, <Element button at 0x764ec5e17980>, <Element button at 0x764ec5e149b0>, <Element button at 0x764ec5e179d0>, <Element button at 0x764ec5e14a00>, <Element button at 0x764ec5e17a20>, <Element button at 0x764ec5e14a50>, <Element button at 0x764ec5e17a70>, <Element button at 0x764ec5e14a...', 'clickdata': "{'nr': 2840391, 'name': 'solo_89'}", 'el': "[<InputElement 764ec5e28d20 name='solo_89' type='submit'>]", 'form': '<Element form at 0x764ec60d1950>', 'nr': '2840391', 'xpath': '\'.//*[@name="solo_89"]\''}
2026-08-23 04:33:10.778 [TRACE][START] pid=47 TRACE_OUT='/testbed/logs/scrapy_qa/form_get_clickable_m5_exceptions__pert_llm_s0/trace.log' TRACE_FILE='scrapy/http/request/form.py' TRACE_FUNCS=['_get_clickable'] TRACE_EVENTS=['call', 'exception', 'line', 'return']
2026-08-23 04:33:10.809 /testbed/scrapy/http/request/form.py:278 scrapy.http.request.form._get_clickable event=call locals={'clickdata': "{'nr': -37049}", 'form': '<Element form at 0x764ec60d26c0>'}
2026-08-23 04:33:10.809 /testbed/scrapy/http/request/form.py:286 scrapy.http.request.form._get_clickable event=line locals={}
2026-08-23 04:33:10.809 /testbed/scrapy/http/request/form.py:287 scrapy.http.request.form._get_clickable event=line locals={}
2026-08-23 04:33:10.809 /testbed/scrapy/http/request/form.py:288 scrapy.http.request.form._get_clickable event=line locals={}
2026-08-23 04:33:10.809 /testbed/scrapy/http/request/form.py:290 scrapy.http.request.form._get_clickable event=line locals={}
2026-08-23 04:33:10.809 /testbed/scrapy/http/request/form.py:287 scrapy.http.request.form._get_clickable event=line locals={}
2026-08-23 04:33:10.814 /testbed/scrapy/http/request/form.py:286 scrapy.http.request.form._get_clickable event=line locals={}
2026-08-23 04:33:10.814 /testbed/scrapy/http/request/form.py:293 scrapy.http.request.form._get_clickable event=line locals={'clickables': "[<Element button at 0x764ec5e154a0>, <Element button at 0x764ec5e15540>, <Element button at 0x764ec5e15590>, <Element button at 0x764ec5e155e0>, <InputElement 764ec5e15630 name='image_67_4' type='image'>, <Element button at 0x764ec5e15680>, <Element button at 0x764ec5e156d0>, <InputElement 764ec5e15720 name='image_67_7' type='image'>, <Element button at 0x764ec5e15770>, <Element button at 0x764ec5e157c0>, <InputElement 764ec5e15810 name='image_67_10' type='image'>, <Element button at 0x764ec5e15..."}
2026-08-23 04:33:10.814 /testbed/scrapy/http/request/form.py:297 scrapy.http.request.form._get_clickable event=line locals={}
2026-08-23 04:33:10.814 /testbed/scrapy/http/request/form.py:304 scrapy.http.request.form._get_clickable event=line locals={}
2026-08-23 04:33:10.814 /testbed/scrapy/http/request/form.py:305 scrapy.http.request.form._get_clickable event=line locals={'nr': '-37049'}
2026-08-23 04:33:10.814 /testbed/scrapy/http/request/form.py:306 scrapy.http.request.form._get_clickable event=line locals={}
2026-08-23 04:33:10.815 /testbed/scrapy/http/request/form.py:307 scrapy.http.request.form._get_clickable event=line locals={}
2026-08-23 04:33:10.815 /testbed/scrapy/http/request/form.py:308 scrapy.http.request.form._get_clickable event=line locals={}
2026-08-23 04:33:10.816 /testbed/scrapy/http/request/form.py:308 scrapy.http.request.form._get_clickable event=exception exc=IndexError: IndexError('list index out of range') locals={}
2026-08-23 04:33:10.816 /testbed/scrapy/http/request/form.py:309 scrapy.http.request.form._get_clickable event=line locals={'clickables': "[<Element button at 0x764ec5e154a0>, <Element button at 0x764ec5e15540>, <Element button at 0x764ec5e15590>, <Element button at 0x764ec5e155e0>, <InputElement 764ec5e15630 name='image_67_4' type='image'>, <Element button at 0x764ec5e15680>, <Element button at 0x764ec5e156d0>, <InputElement 764ec5e15720 name='image_67_7' type='image'>, <Element button at 0x764ec5e15770>, <Element button at 0x764ec5e157c0>, <InputElement 764ec5e15810 name='image_67_10' type='image'>, <Element button at 0x764ec5e15...", 'clickdata': "{'nr': -37049}", 'form': '<Element form at 0x764ec60d26c0>', 'nr': '-37049'}
2026-08-23 04:33:10.817 /testbed/scrapy/http/request/form.py:310 scrapy.http.request.form._get_clickable event=line locals={}
2026-08-23 04:33:10.817 /testbed/scrapy/http/request/form.py:316 scrapy.http.request.form._get_clickable event=line locals={}
2026-08-23 04:33:10.817 /testbed/scrapy/http/request/form.py:317 scrapy.http.request.form._get_clickable event=line locals={'xpath': '\'.//*[@nr="-37049"]\''}
2026-08-23 04:33:10.817 /testbed/scrapy/http/request/form.py:318 scrapy.http.request.form._get_clickable event=line locals={'el': '[]'}
2026-08-23 04:33:10.817 /testbed/scrapy/http/request/form.py:320 scrapy.http.request.form._get_clickable event=line locals={}
2026-08-23 04:33:10.817 /testbed/scrapy/http/request/form.py:325 scrapy.http.request.form._get_clickable event=line locals={}
2026-08-23 04:33:10.817 /testbed/scrapy/http/request/form.py:325 scrapy.http.request.form._get_clickable event=exception exc=ValueError: ValueError("No clickable element matching clickdata: {'nr': -37049}") locals={}
2026-08-23 04:33:10.817 /testbed/scrapy/http/request/form.py:325 scrapy.http.request.form._get_clickable event=return retval=None locals={'clickables': "[<Element button at 0x764ec5e154a0>, <Element button at 0x764ec5e15540>, <Element button at 0x764ec5e15590>, <Element button at 0x764ec5e155e0>, <InputElement 764ec5e15630 name='image_67_4' type='image'>, <Element button at 0x764ec5e15680>, <Element button at 0x764ec5e156d0>, <InputElement 764ec5e15720 name='image_67_7' type='image'>, <Element button at 0x764ec5e15770>, <Element button at 0x764ec5e157c0>, <InputElement 764ec5e15810 name='image_67_10' type='image'>, <Element button at 0x764ec5e15...", 'clickdata': "{'nr': -37049}", 'el': '[]', 'form': '<Element form at 0x764ec60d26c0>', 'nr': '-37049', 'xpath': '\'.//*[@nr="-37049"]\''}
2026-08-23 04:33:10.821 [TRACE][START] pid=47 TRACE_OUT='/testbed/logs/scrapy_qa/form_get_clickable_m5_exceptions__pert_llm_s0/trace.log' TRACE_FILE='scrapy/http/request/form.py' TRACE_FUNCS=['_get_clickable'] TRACE_EVENTS=['call', 'exception', 'line', 'return']
2026-08-23 04:33:10.850 /testbed/scrapy/http/request/form.py:278 scrapy.http.request.form._get_clickable event=call locals={'clickdata': "{'nr': 5347053}", 'form': '<Element form at 0x764ec5e158b0>'}
2026-08-23 04:33:10.850 /testbed/scrapy/http/request/form.py:286 scrapy.http.request.form._get_clickable event=line locals={}
2026-08-23 04:33:10.850 /testbed/scrapy/http/request/form.py:287 scrapy.http.request.form._get_clickable event=line locals={}
2026-08-23 04:33:10.850 /testbed/scrapy/http/request/form.py:288 scrapy.http.request.form._get_clickable event=line locals={}
2026-08-23 04:33:10.850 /testbed/scrapy/http/request/form.py:290 scrapy.http.request.form._get_clickable event=line locals={}
2026-08-23 04:33:10.850 /testbed/scrapy/http/request/form.py:287 scrapy.http.request.form._get_clickable event=line locals={}
2026-08-23 04:33:10.854 /testbed/scrapy/http/request/form.py:286 scrapy.http.request.form._get_clickable event=line locals={}
2026-08-23 04:33:10.854 /testbed/scrapy/http/request/form.py:293 scrapy.http.request.form._get_clickable event=line locals={'clickables': "[<Element button at 0x764ec60d2d50>, <InputElement 764ec60d2df0 name='image_59_1' type='image'>, <Element button at 0x764ec60d2e90>, <Element button at 0x764ec60d2f30>, <InputElement 764ec60d2fd0 name='image_59_4' type='image'>, <Element button at 0x764ec60d3020>, <Element button at 0x764ec60d3070>, <Element button at 0x764ec60d30c0>, <InputElement 764ec60d3110 name='image_59_8' type='image'>, <Element button at 0x764ec60d3160>, <Element button at 0x764ec60d31b0>, <Element button at 0x764ec60d32..."}
2026-08-23 04:33:10.854 /testbed/scrapy/http/request/form.py:297 scrapy.http.request.form._get_clickable event=line locals={}
2026-08-23 04:33:10.854 /testbed/scrapy/http/request/form.py:304 scrapy.http.request.form._get_clickable event=line locals={}
2026-08-23 04:33:10.854 /testbed/scrapy/http/request/form.py:305 scrapy.http.request.form._get_clickable event=line locals={'nr': '5347053'}
2026-08-23 04:33:10.854 /testbed/scrapy/http/request/form.py:306 scrapy.http.request.form._get_clickable event=line locals={}
2026-08-23 04:33:10.855 /testbed/scrapy/http/request/form.py:307 scrapy.http.request.form._get_clickable event=line locals={}
2026-08-23 04:33:10.855 /testbed/scrapy/http/request/form.py:308 scrapy.http.request.form._get_clickable event=line locals={}
2026-08-23 04:33:10.856 /testbed/scrapy/http/request/form.py:308 scrapy.http.request.form._get_clickable event=exception exc=IndexError: IndexError('list index out of range') locals={}
2026-08-23 04:33:10.856 /testbed/scrapy/http/request/form.py:309 scrapy.http.request.form._get_clickable event=line locals={'clickables': "[<Element button at 0x764ec60d2d50>, <InputElement 764ec60d2df0 name='image_59_1' type='image'>, <Element button at 0x764ec60d2e90>, <Element button at 0x764ec60d2f30>, <InputElement 764ec60d2fd0 name='image_59_4' type='image'>, <Element button at 0x764ec60d3020>, <Element button at 0x764ec60d3070>, <Element button at 0x764ec60d30c0>, <InputElement 764ec60d3110 name='image_59_8' type='image'>, <Element button at 0x764ec60d3160>, <Element button at 0x764ec60d31b0>, <Element button at 0x764ec60d32...", 'clickdata': "{'nr': 5347053}", 'form': '<Element form at 0x764ec5e158b0>', 'nr': '5347053'}
2026-08-23 04:33:10.856 /testbed/scrapy/http/request/form.py:310 scrapy.http.request.form._get_clickable event=line locals={}
2026-08-23 04:33:10.856 /testbed/scrapy/http/request/form.py:316 scrapy.http.request.form._get_clickable event=line locals={}
2026-08-23 04:33:10.856 /testbed/scrapy/http/request/form.py:317 scrapy.http.request.form._get_clickable event=line locals={'xpath': '\'.//*[@nr="5347053"]\''}
2026-08-23 04:33:10.857 /testbed/scrapy/http/request/form.py:318 scrapy.http.request.form._get_clickable event=line locals={'el': '[]'}
2026-08-23 04:33:10.857 /testbed/scrapy/http/request/form.py:320 scrapy.http.request.form._get_clickable event=line locals={}
2026-08-23 04:33:10.857 /testbed/scrapy/http/request/form.py:325 scrapy.http.request.form._get_clickable event=line locals={}
2026-08-23 04:33:10.857 /testbed/scrapy/http/request/form.py:325 scrapy.http.request.form._get_clickable event=exception exc=ValueError: ValueError("No clickable element matching clickdata: {'nr': 5347053}") locals={}
2026-08-23 04:33:10.857 /testbed/scrapy/http/request/form.py:325 scrapy.http.request.form._get_clickable event=return retval=None locals={'clickables': "[<Element button at 0x764ec60d2d50>, <InputElement 764ec60d2df0 name='image_59_1' type='image'>, <Element button at 0x764ec60d2e90>, <Element button at 0x764ec60d2f30>, <InputElement 764ec60d2fd0 name='image_59_4' type='image'>, <Element button at 0x764ec60d3020>, <Element button at 0x764ec60d3070>, <Element button at 0x764ec60d30c0>, <InputElement 764ec60d3110 name='image_59_8' type='image'>, <Element button at 0x764ec60d3160>, <Element button at 0x764ec60d31b0>, <Element button at 0x764ec60d32...", 'clickdata': "{'nr': 5347053}", 'el': '[]', 'form': '<Element form at 0x764ec5e158b0>', 'nr': '5347053', 'xpath': '\'.//*[@nr="5347053"]\''}
2026-08-23 04:33:10.861 [TRACE][START] pid=47 TRACE_OUT='/testbed/logs/scrapy_qa/form_get_clickable_m5_exceptions__pert_llm_s0/trace.log' TRACE_FILE='scrapy/http/request/form.py' TRACE_FUNCS=['_get_clickable'] TRACE_EVENTS=['call', 'exception', 'line', 'return']
2026-08-23 04:33:10.895 /testbed/scrapy/http/request/form.py:278 scrapy.http.request.form._get_clickable event=call locals={'clickdata': "{'>': 'value_61'}", 'form': '<Element form at 0x764ec60d32a0>'}
2026-08-23 04:33:10.895 /testbed/scrapy/http/request/form.py:286 scrapy.http.request.form._get_clickable event=line locals={}
2026-08-23 04:33:10.895 /testbed/scrapy/http/request/form.py:287 scrapy.http.request.form._get_clickable event=line locals={}
2026-08-23 04:33:10.895 /testbed/scrapy/http/request/form.py:288 scrapy.http.request.form._get_clickable event=line locals={}
2026-08-23 04:33:10.895 /testbed/scrapy/http/request/form.py:290 scrapy.http.request.form._get_clickable event=line locals={}
2026-08-23 04:33:10.895 /testbed/scrapy/http/request/form.py:287 scrapy.http.request.form._get_clickable event=line locals={}
2026-08-23 04:33:10.902 /testbed/scrapy/http/request/form.py:286 scrapy.http.request.form._get_clickable event=line locals={}
2026-08-23 04:33:10.902 /testbed/scrapy/http/request/form.py:293 scrapy.http.request.form._get_clickable event=line locals={'clickables': "[<Element button at 0x764ec5e17f20>, <Element button at 0x764ec5e17fc0>, <Element button at 0x764ec5e169e0>, <InputElement 764ec5e175c0 name='image_61_3' type='image'>, <Element button at 0x764ec5e150e0>, <Element button at 0x764ec5e15130>, <InputElement 764ec5e15180 name='image_61_6' type='image'>, <Element button at 0x764ec5e151d0>, <Element button at 0x764ec5e15220>, <Element button at 0x764ec5e15270>, <InputElement 764ec5e152c0 name='image_61_10' type='image'>, <Element button at 0x764ec5e15..."}
2026-08-23 04:33:10.903 /testbed/scrapy/http/request/form.py:297 scrapy.http.request.form._get_clickable event=line locals={}
2026-08-23 04:33:10.903 /testbed/scrapy/http/request/form.py:304 scrapy.http.request.form._get_clickable event=line locals={}
2026-08-23 04:33:10.903 /testbed/scrapy/http/request/form.py:305 scrapy.http.request.form._get_clickable event=line locals={'nr': 'None'}
2026-08-23 04:33:10.903 /testbed/scrapy/http/request/form.py:316 scrapy.http.request.form._get_clickable event=line locals={}
2026-08-23 04:33:10.903 /testbed/scrapy/http/request/form.py:317 scrapy.http.request.form._get_clickable event=line locals={'xpath': '\'.//*[@>="value_61"]\''}
2026-08-23 04:33:10.903 /testbed/scrapy/http/request/form.py:317 scrapy.http.request.form._get_clickable event=exception exc=XPathEvalError: XPathEvalError('Invalid expression') locals={}
2026-08-23 04:33:10.903 /testbed/scrapy/http/request/form.py:317 scrapy.http.request.form._get_clickable event=return retval=None locals={'clickables': "[<Element button at 0x764ec5e17f20>, <Element button at 0x764ec5e17fc0>, <Element button at 0x764ec5e169e0>, <InputElement 764ec5e175c0 name='image_61_3' type='image'>, <Element button at 0x764ec5e150e0>, <Element button at 0x764ec5e15130>, <InputElement 764ec5e15180 name='image_61_6' type='image'>, <Element button at 0x764ec5e151d0>, <Element button at 0x764ec5e15220>, <Element button at 0x764ec5e15270>, <InputElement 764ec5e152c0 name='image_61_10' type='image'>, <Element button at 0x764ec5e15...", 'clickdata': "{'>': 'value_61'}", 'form': '<Element form at 0x764ec60d32a0>', 'nr': 'None', 'xpath': '\'.//*[@>="value_61"]\''}
2026-08-23 04:33:10.907 [TRACE][START] pid=47 TRACE_OUT='/testbed/logs/scrapy_qa/form_get_clickable_m5_exceptions__pert_llm_s0/trace.log' TRACE_FILE='scrapy/http/request/form.py' TRACE_FUNCS=['_get_clickable'] TRACE_EVENTS=['call', 'exception', 'line', 'return']
2026-08-23 04:33:10.946 /testbed/scrapy/http/request/form.py:278 scrapy.http.request.form._get_clickable event=call locals={'clickdata': '{\'name\': \'"\'}', 'form': '<Element form at 0x764ec60d1900>'}
2026-08-23 04:33:10.946 /testbed/scrapy/http/request/form.py:286 scrapy.http.request.form._get_clickable event=line locals={}
2026-08-23 04:33:10.946 /testbed/scrapy/http/request/form.py:287 scrapy.http.request.form._get_clickable event=line locals={}
2026-08-23 04:33:10.946 /testbed/scrapy/http/request/form.py:288 scrapy.http.request.form._get_clickable event=line locals={}
2026-08-23 04:33:10.946 /testbed/scrapy/http/request/form.py:290 scrapy.http.request.form._get_clickable event=line locals={}
2026-08-23 04:33:10.946 /testbed/scrapy/http/request/form.py:287 scrapy.http.request.form._get_clickable event=line locals={}
2026-08-23 04:33:10.952 /testbed/scrapy/http/request/form.py:286 scrapy.http.request.form._get_clickable event=line locals={}
2026-08-23 04:33:10.952 /testbed/scrapy/http/request/form.py:293 scrapy.http.request.form._get_clickable event=line locals={'clickables': "[<Element button at 0x764ec60d20d0>, <Element button at 0x764ec5e17b10>, <Element button at 0x764ec5e14eb0>, <Element button at 0x764ec5e17b60>, <Element button at 0x764ec5e14f00>, <Element button at 0x764ec5e17bb0>, <Element button at 0x764ec5e14f50>, <InputElement 764ec5e17c00 name='image_67_7' type='image'>, <Element button at 0x764ec5e14fa0>, <InputElement 764ec5e17c50 name='image_67_9' type='image'>, <Element button at 0x764ec5e14ff0>, <InputElement 764ec5e17ca0 name='image_67_11' type='ima..."}
2026-08-23 04:33:10.952 /testbed/scrapy/http/request/form.py:297 scrapy.http.request.form._get_clickable event=line locals={}
2026-08-23 04:33:10.952 /testbed/scrapy/http/request/form.py:304 scrapy.http.request.form._get_clickable event=line locals={}
2026-08-23 04:33:10.952 /testbed/scrapy/http/request/form.py:305 scrapy.http.request.form._get_clickable event=line locals={'nr': 'None'}
2026-08-23 04:33:10.952 /testbed/scrapy/http/request/form.py:316 scrapy.http.request.form._get_clickable event=line locals={}
2026-08-23 04:33:10.952 /testbed/scrapy/http/request/form.py:317 scrapy.http.request.form._get_clickable event=line locals={'xpath': '\'.//*[@name="""]\''}
2026-08-23 04:33:10.953 /testbed/scrapy/http/request/form.py:317 scrapy.http.request.form._get_clickable event=exception exc=XPathEvalError: XPathEvalError('Invalid predicate') locals={}
2026-08-23 04:33:10.953 /testbed/scrapy/http/request/form.py:317 scrapy.http.request.form._get_clickable event=return retval=None locals={'clickables': "[<Element button at 0x764ec60d20d0>, <Element button at 0x764ec5e17b10>, <Element button at 0x764ec5e14eb0>, <Element button at 0x764ec5e17b60>, <Element button at 0x764ec5e14f00>, <Element button at 0x764ec5e17bb0>, <Element button at 0x764ec5e14f50>, <InputElement 764ec5e17c00 name='image_67_7' type='image'>, <Element button at 0x764ec5e14fa0>, <InputElement 764ec5e17c50 name='image_67_9' type='image'>, <Element button at 0x764ec5e14ff0>, <InputElement 764ec5e17ca0 name='image_67_11' type='ima...", 'clickdata': '{\'name\': \'"\'}', 'form': '<Element form at 0x764ec60d1900>', 'nr': 'None', 'xpath': '\'.//*[@name="""]\''}
2026-08-23 04:33:10.957 [TRACE][START] pid=47 TRACE_OUT='/testbed/logs/scrapy_qa/form_get_clickable_m5_exceptions__pert_llm_s0/trace.log' TRACE_FILE='scrapy/http/request/form.py' TRACE_FUNCS=['_get_clickable'] TRACE_EVENTS=['call', 'exception', 'line', 'return']
2026-08-23 04:33:10.989 /testbed/scrapy/http/request/form.py:278 scrapy.http.request.form._get_clickable event=call locals={'clickdata': "{'nr': 'slot_80'}", 'form': '<Element form at 0x764ec5e28280>'}
2026-08-23 04:33:10.989 /testbed/scrapy/http/request/form.py:286 scrapy.http.request.form._get_clickable event=line locals={}
2026-08-23 04:33:10.989 /testbed/scrapy/http/request/form.py:287 scrapy.http.request.form._get_clickable event=line locals={}
2026-08-23 04:33:10.989 /testbed/scrapy/http/request/form.py:288 scrapy.http.request.form._get_clickable event=line locals={}
2026-08-23 04:33:10.989 /testbed/scrapy/http/request/form.py:290 scrapy.http.request.form._get_clickable event=line locals={}
2026-08-23 04:33:10.989 /testbed/scrapy/http/request/form.py:287 scrapy.http.request.form._get_clickable event=line locals={}
2026-08-23 04:33:10.994 /testbed/scrapy/http/request/form.py:286 scrapy.http.request.form._get_clickable event=line locals={}
2026-08-23 04:33:10.994 /testbed/scrapy/http/request/form.py:293 scrapy.http.request.form._get_clickable event=line locals={'clickables': "[<InputElement 764ec5e15860 name='image_79_0' type='image'>, <Element button at 0x764ec5e15770>, <Element button at 0x764ec5e168a0>, <InputElement 764ec5e16940 name='image_79_3' type='image'>, <InputElement 764ec5e145f0 name='image_79_4' type='image'>, <InputElement 764ec5e14640 name='image_79_5' type='image'>, <Element button at 0x764ec5e156d0>, <Element button at 0x764ec5e15680>, <Element button at 0x764ec5e16850>, <Element button at 0x764ec5e17660>, <Element button at 0x764ec5e17610>, <Elemen..."}
2026-08-23 04:33:10.994 /testbed/scrapy/http/request/form.py:297 scrapy.http.request.form._get_clickable event=line locals={}
2026-08-23 04:33:10.995 /testbed/scrapy/http/request/form.py:304 scrapy.http.request.form._get_clickable event=line locals={}
2026-08-23 04:33:10.995 /testbed/scrapy/http/request/form.py:305 scrapy.http.request.form._get_clickable event=line locals={'nr': "'slot_80'"}
2026-08-23 04:33:10.995 /testbed/scrapy/http/request/form.py:306 scrapy.http.request.form._get_clickable event=line locals={}
2026-08-23 04:33:10.995 /testbed/scrapy/http/request/form.py:306 scrapy.http.request.form._get_clickable event=exception exc=AssertionError: AssertionError() locals={}
2026-08-23 04:33:10.995 /testbed/scrapy/http/request/form.py:306 scrapy.http.request.form._get_clickable event=return retval=None locals={'clickables': "[<InputElement 764ec5e15860 name='image_79_0' type='image'>, <Element button at 0x764ec5e15770>, <Element button at 0x764ec5e168a0>, <InputElement 764ec5e16940 name='image_79_3' type='image'>, <InputElement 764ec5e145f0 name='image_79_4' type='image'>, <InputElement 764ec5e14640 name='image_79_5' type='image'>, <Element button at 0x764ec5e156d0>, <Element button at 0x764ec5e15680>, <Element button at 0x764ec5e16850>, <Element button at 0x764ec5e17660>, <Element button at 0x764ec5e17610>, <Elemen...", 'clickdata': "{'nr': 'slot_80'}", 'form': '<Element form at 0x764ec5e28280>', 'nr': "'slot_80'"}
2026-08-23 04:33:10.999 [TRACE][START] pid=47 TRACE_OUT='/testbed/logs/scrapy_qa/form_get_clickable_m5_exceptions__pert_llm_s0/trace.log' TRACE_FILE='scrapy/http/request/form.py' TRACE_FUNCS=['_get_clickable'] TRACE_EVENTS=['call', 'exception', 'line', 'return']
2026-08-23 04:33:11.030 /testbed/scrapy/http/request/form.py:278 scrapy.http.request.form._get_clickable event=call locals={'clickdata': "{'name': 'batch_8'}", 'form': '<Element form at 0x764ec5e17660>'}
2026-08-23 04:33:11.031 /testbed/scrapy/http/request/form.py:286 scrapy.http.request.form._get_clickable event=line locals={}
2026-08-23 04:33:11.031 /testbed/scrapy/http/request/form.py:287 scrapy.http.request.form._get_clickable event=line locals={}
2026-08-23 04:33:11.031 /testbed/scrapy/http/request/form.py:288 scrapy.http.request.form._get_clickable event=line locals={}
2026-08-23 04:33:11.031 /testbed/scrapy/http/request/form.py:290 scrapy.http.request.form._get_clickable event=line locals={}
2026-08-23 04:33:11.031 /testbed/scrapy/http/request/form.py:287 scrapy.http.request.form._get_clickable event=line locals={}
2026-08-23 04:33:11.036 /testbed/scrapy/http/request/form.py:286 scrapy.http.request.form._get_clickable event=line locals={}
2026-08-23 04:33:11.036 /testbed/scrapy/http/request/form.py:293 scrapy.http.request.form._get_clickable event=line locals={'clickables': "[<InputElement 764ec5e28d70 name='image_47_0' type='image'>, <Element button at 0x764ec5e28e10>, <Element button at 0x764ec5e28e60>, <Element button at 0x764ec5e28eb0>, <Element button at 0x764ec5e28f00>, <Element button at 0x764ec5e28f50>, <Element button at 0x764ec5e28fa0>, <Element button at 0x764ec5e28ff0>, <Element button at 0x764ec5e29040>, <Element button at 0x764ec5e29090>, <Element button at 0x764ec5e290e0>, <Element button at 0x764ec5e29130>, <Element button at 0x764ec5e29180>, <Elemen..."}
2026-08-23 04:33:11.036 /testbed/scrapy/http/request/form.py:297 scrapy.http.request.form._get_clickable event=line locals={}
2026-08-23 04:33:11.036 /testbed/scrapy/http/request/form.py:304 scrapy.http.request.form._get_clickable event=line locals={}
2026-08-23 04:33:11.036 /testbed/scrapy/http/request/form.py:305 scrapy.http.request.form._get_clickable event=line locals={'nr': 'None'}
2026-08-23 04:33:11.036 /testbed/scrapy/http/request/form.py:316 scrapy.http.request.form._get_clickable event=line locals={}
2026-08-23 04:33:11.036 /testbed/scrapy/http/request/form.py:317 scrapy.http.request.form._get_clickable event=line locals={'xpath': '\'.//*[@name="batch_8"]\''}
2026-08-23 04:33:11.037 /testbed/scrapy/http/request/form.py:318 scrapy.http.request.form._get_clickable event=line locals={'el': '[<Element button at 0x764ec5e28e10>, <Element button at 0x764ec5e28e60>, <Element button at 0x764ec5e28eb0>, <Element button at 0x764ec5e28f00>, <Element button at 0x764ec5e28f50>, <Element button at 0x764ec5e28fa0>, <Element button at 0x764ec5e28ff0>, <Element button at 0x764ec5e29040>, <Element button at 0x764ec5e29090>, <Element button at 0x764ec5e290e0>, <Element button at 0x764ec5e29130>, <Element button at 0x764ec5e29180>, <Element button at 0x764ec5e291d0>, <Element button at 0x764ec5e292...'}
2026-08-23 04:33:11.037 /testbed/scrapy/http/request/form.py:320 scrapy.http.request.form._get_clickable event=line locals={}
2026-08-23 04:33:11.037 /testbed/scrapy/http/request/form.py:321 scrapy.http.request.form._get_clickable event=line locals={}
2026-08-23 04:33:11.037 /testbed/scrapy/http/request/form.py:322 scrapy.http.request.form._get_clickable event=line locals={}
2026-08-23 04:33:11.037 /testbed/scrapy/http/request/form.py:323 scrapy.http.request.form._get_clickable event=line locals={}
2026-08-23 04:33:11.037 /testbed/scrapy/http/request/form.py:322 scrapy.http.request.form._get_clickable event=line locals={}
2026-08-23 04:33:11.038 /testbed/scrapy/http/request/form.py:321 scrapy.http.request.form._get_clickable event=line locals={}
2026-08-23 04:33:11.038 /testbed/scrapy/http/request/form.py:321 scrapy.http.request.form._get_clickable event=exception exc=ValueError: ValueError("Multiple elements found ([<Element button at 0x764ec5e28e10>, <Element button at 0x764ec5e28e60>, <Element button at 0x764ec5e28eb0>, <Element button at 0x764ec5e28f00>, <Element button at 0x764ec5e28f50>, <Element button at 0x764ec5e28fa0>, <Element button at 0x764ec5e28ff0>, <Element button at 0x764ec5e29040>, <Element button at 0x764ec5e29090>, <Element button at 0x764ec5e290e0>, <Element button at 0x764ec5e29130>, <Element button at 0x764ec5e29180>, <Element button at 0x764ec5e29... locals={}
2026-08-23 04:33:11.038 /testbed/scrapy/http/request/form.py:321 scrapy.http.request.form._get_clickable event=return retval=None locals={'clickables': "[<InputElement 764ec5e28d70 name='image_47_0' type='image'>, <Element button at 0x764ec5e28e10>, <Element button at 0x764ec5e28e60>, <Element button at 0x764ec5e28eb0>, <Element button at 0x764ec5e28f00>, <Element button at 0x764ec5e28f50>, <Element button at 0x764ec5e28fa0>, <Element button at 0x764ec5e28ff0>, <Element button at 0x764ec5e29040>, <Element button at 0x764ec5e29090>, <Element button at 0x764ec5e290e0>, <Element button at 0x764ec5e29130>, <Element button at 0x764ec5e29180>, <Elemen...", 'clickdata': "{'name': 'batch_8'}", 'el': '[<Element button at 0x764ec5e28e10>, <Element button at 0x764ec5e28e60>, <Element button at 0x764ec5e28eb0>, <Element button at 0x764ec5e28f00>, <Element button at 0x764ec5e28f50>, <Element button at 0x764ec5e28fa0>, <Element button at 0x764ec5e28ff0>, <Element button at 0x764ec5e29040>, <Element button at 0x764ec5e29090>, <Element button at 0x764ec5e290e0>, <Element button at 0x764ec5e29130>, <Element button at 0x764ec5e29180>, <Element button at 0x764ec5e291d0>, <Element button at 0x764ec5e292...', 'form': '<Element form at 0x764ec5e17660>', 'nr': 'None', 'xpath': '\'.//*[@name="batch_8"]\''}
2026-08-23 04:33:11.042 [TRACE][START] pid=47 TRACE_OUT='/testbed/logs/scrapy_qa/form_get_clickable_m5_exceptions__pert_llm_s0/trace.log' TRACE_FILE='scrapy/http/request/form.py' TRACE_FUNCS=['_get_clickable'] TRACE_EVENTS=['call', 'exception', 'line', 'return']
2026-08-23 04:33:11.071 /testbed/scrapy/http/request/form.py:278 scrapy.http.request.form._get_clickable event=call locals={'clickdata': "{'name': 'solo_31'}", 'form': '<Element form at 0x764ec5e290e0>'}
2026-08-23 04:33:11.071 /testbed/scrapy/http/request/form.py:286 scrapy.http.request.form._get_clickable event=line locals={}
2026-08-23 04:33:11.071 /testbed/scrapy/http/request/form.py:287 scrapy.http.request.form._get_clickable event=line locals={}
2026-08-23 04:33:11.071 /testbed/scrapy/http/request/form.py:288 scrapy.http.request.form._get_clickable event=line locals={}
2026-08-23 04:33:11.071 /testbed/scrapy/http/request/form.py:290 scrapy.http.request.form._get_clickable event=line locals={}
2026-08-23 04:33:11.071 /testbed/scrapy/http/request/form.py:287 scrapy.http.request.form._get_clickable event=line locals={}
2026-08-23 04:33:11.076 /testbed/scrapy/http/request/form.py:286 scrapy.http.request.form._get_clickable event=line locals={}
2026-08-23 04:33:11.076 /testbed/scrapy/http/request/form.py:293 scrapy.http.request.form._get_clickable event=line locals={'clickables': "[<Element button at 0x764ec5e15a40>, <Element button at 0x764ec5e15ae0>, <Element button at 0x764ec5e15b30>, <Element button at 0x764ec5e15b80>, <Element button at 0x764ec5e15bd0>, <Element button at 0x764ec5e15c20>, <InputElement 764ec5e15c70 name='image_31_6' type='image'>, <Element button at 0x764ec5e15cc0>, <Element button at 0x764ec5e15d10>, <Element button at 0x764ec5e15d60>, <Element button at 0x764ec5e15db0>, <Element button at 0x764ec5e15e00>, <Element button at 0x764ec5e15e50>, <Elemen..."}
2026-08-23 04:33:11.076 /testbed/scrapy/http/request/form.py:297 scrapy.http.request.form._get_clickable event=line locals={}
2026-08-23 04:33:11.076 /testbed/scrapy/http/request/form.py:304 scrapy.http.request.form._get_clickable event=line locals={}
2026-08-23 04:33:11.076 /testbed/scrapy/http/request/form.py:305 scrapy.http.request.form._get_clickable event=line locals={'nr': 'None'}
2026-08-23 04:33:11.077 /testbed/scrapy/http/request/form.py:316 scrapy.http.request.form._get_clickable event=line locals={}
2026-08-23 04:33:11.077 /testbed/scrapy/http/request/form.py:317 scrapy.http.request.form._get_clickable event=line locals={'xpath': '\'.//*[@name="solo_31"]\''}
2026-08-23 04:33:11.077 /testbed/scrapy/http/request/form.py:318 scrapy.http.request.form._get_clickable event=line locals={'el': "[<InputElement 764ec60d3f20 name='solo_31' type='submit'>]"}
2026-08-23 04:33:11.077 /testbed/scrapy/http/request/form.py:319 scrapy.http.request.form._get_clickable event=line locals={}
2026-08-23 04:33:11.077 /testbed/scrapy/http/request/form.py:319 scrapy.http.request.form._get_clickable event=return retval=('solo_31', '179') locals={'clickables': "[<Element button at 0x764ec5e15a40>, <Element button at 0x764ec5e15ae0>, <Element button at 0x764ec5e15b30>, <Element button at 0x764ec5e15b80>, <Element button at 0x764ec5e15bd0>, <Element button at 0x764ec5e15c20>, <InputElement 764ec5e15c70 name='image_31_6' type='image'>, <Element button at 0x764ec5e15cc0>, <Element button at 0x764ec5e15d10>, <Element button at 0x764ec5e15d60>, <Element button at 0x764ec5e15db0>, <Element button at 0x764ec5e15e00>, <Element button at 0x764ec5e15e50>, <Elemen...", 'clickdata': "{'name': 'solo_31'}", 'el': "[<InputElement 764ec60d3f20 name='solo_31' type='submit'>]", 'form': '<Element form at 0x764ec5e290e0>', 'nr': 'None', 'xpath': '\'.//*[@name="solo_31"]\''}
