2026-08-23 05:03:24.611 [TRACE][START] pid=47 TRACE_OUT='/testbed/logs/jinja_qa/debug_rewrite_traceback_stack_s3_state__pert_llm_s0/trace.log' TRACE_FILE='src/jinja2/debug.py' TRACE_FUNCS=['rewrite_traceback_stack'] TRACE_EVENTS=['call', 'exception', 'line', 'return']
2026-08-23 05:03:24.850 /testbed/src/jinja2/debug.py:14 jinja2.debug.rewrite_traceback_stack event=call locals={'source': 'None'}
2026-08-23 05:03:24.850 /testbed/src/jinja2/debug.py:25 jinja2.debug.rewrite_traceback_stack event=line locals={}
2026-08-23 05:03:24.851 /testbed/src/jinja2/debug.py:26 jinja2.debug.rewrite_traceback_stack event=line locals={'exc_value': "ZeroDivisionError('division by zero')", 'tb': '<traceback object at 0x7782a9e84f40>'}
2026-08-23 05:03:24.851 /testbed/src/jinja2/debug.py:27 jinja2.debug.rewrite_traceback_stack event=line locals={}
2026-08-23 05:03:24.851 /testbed/src/jinja2/debug.py:29 jinja2.debug.rewrite_traceback_stack event=line locals={}
2026-08-23 05:03:24.851 /testbed/src/jinja2/debug.py:42 jinja2.debug.rewrite_traceback_stack event=line locals={}
2026-08-23 05:03:24.851 /testbed/src/jinja2/debug.py:44 jinja2.debug.rewrite_traceback_stack event=line locals={'tb': '<traceback object at 0x7782a9eb7440>'}
2026-08-23 05:03:24.851 /testbed/src/jinja2/debug.py:48 jinja2.debug.rewrite_traceback_stack event=line locals={'stack': '[]'}
2026-08-23 05:03:24.851 /testbed/src/jinja2/debug.py:51 jinja2.debug.rewrite_traceback_stack event=line locals={}
2026-08-23 05:03:24.851 /testbed/src/jinja2/debug.py:55 jinja2.debug.rewrite_traceback_stack event=line locals={}
2026-08-23 05:03:24.851 /testbed/src/jinja2/debug.py:57 jinja2.debug.rewrite_traceback_stack event=line locals={'template': "<Template 'root'>"}
2026-08-23 05:03:24.851 /testbed/src/jinja2/debug.py:58 jinja2.debug.rewrite_traceback_stack event=line locals={}
2026-08-23 05:03:24.851 /testbed/src/jinja2/debug.py:59 jinja2.debug.rewrite_traceback_stack event=line locals={'lineno': '1'}
2026-08-23 05:03:24.851 /testbed/src/jinja2/debug.py:60 jinja2.debug.rewrite_traceback_stack event=line locals={'fake_tb': '<traceback object at 0x7782aa8e8340>'}
2026-08-23 05:03:24.851 /testbed/src/jinja2/debug.py:64 jinja2.debug.rewrite_traceback_stack event=line locals={'stack': '[<traceback object at 0x7782aa8e8340>]'}
2026-08-23 05:03:24.851 /testbed/src/jinja2/debug.py:48 jinja2.debug.rewrite_traceback_stack event=line locals={'tb': '<traceback object at 0x7782a9eb7400>'}
2026-08-23 05:03:24.851 /testbed/src/jinja2/debug.py:51 jinja2.debug.rewrite_traceback_stack event=line locals={}
2026-08-23 05:03:24.851 /testbed/src/jinja2/debug.py:55 jinja2.debug.rewrite_traceback_stack event=line locals={}
2026-08-23 05:03:24.851 /testbed/src/jinja2/debug.py:57 jinja2.debug.rewrite_traceback_stack event=line locals={'template': "<Template 't0'>"}
2026-08-23 05:03:24.851 /testbed/src/jinja2/debug.py:58 jinja2.debug.rewrite_traceback_stack event=line locals={}
2026-08-23 05:03:24.851 /testbed/src/jinja2/debug.py:59 jinja2.debug.rewrite_traceback_stack event=line locals={}
2026-08-23 05:03:24.851 /testbed/src/jinja2/debug.py:60 jinja2.debug.rewrite_traceback_stack event=line locals={'fake_tb': '<traceback object at 0x7782a9e97780>'}
2026-08-23 05:03:24.851 /testbed/src/jinja2/debug.py:64 jinja2.debug.rewrite_traceback_stack event=line locals={'stack': '[<traceback object at 0x7782aa8e8340>, <traceback object at 0x7782a9e97780>]'}
2026-08-23 05:03:24.851 /testbed/src/jinja2/debug.py:48 jinja2.debug.rewrite_traceback_stack event=line locals={'tb': '<traceback object at 0x7782a9eb73c0>'}
2026-08-23 05:03:24.851 /testbed/src/jinja2/debug.py:51 jinja2.debug.rewrite_traceback_stack event=line locals={}
2026-08-23 05:03:24.851 /testbed/src/jinja2/debug.py:55 jinja2.debug.rewrite_traceback_stack event=line locals={}
2026-08-23 05:03:24.851 /testbed/src/jinja2/debug.py:57 jinja2.debug.rewrite_traceback_stack event=line locals={'template': "<Template 't1'>"}
2026-08-23 05:03:24.851 /testbed/src/jinja2/debug.py:58 jinja2.debug.rewrite_traceback_stack event=line locals={}
2026-08-23 05:03:24.851 /testbed/src/jinja2/debug.py:59 jinja2.debug.rewrite_traceback_stack event=line locals={}
2026-08-23 05:03:24.852 /testbed/src/jinja2/debug.py:60 jinja2.debug.rewrite_traceback_stack event=line locals={'fake_tb': '<traceback object at 0x7782a9eb7580>'}
2026-08-23 05:03:24.852 /testbed/src/jinja2/debug.py:64 jinja2.debug.rewrite_traceback_stack event=line locals={'stack': '[<traceback object at 0x7782aa8e8340>, <traceback object at 0x7782a9e97780>, <traceback object at 0x7782a9eb7580>]'}
2026-08-23 05:03:24.852 /testbed/src/jinja2/debug.py:48 jinja2.debug.rewrite_traceback_stack event=line locals={'tb': '<traceback object at 0x7782a9eb7380>'}
2026-08-23 05:03:24.852 /testbed/src/jinja2/debug.py:51 jinja2.debug.rewrite_traceback_stack event=line locals={}
2026-08-23 05:03:24.852 /testbed/src/jinja2/debug.py:55 jinja2.debug.rewrite_traceback_stack event=line locals={}
2026-08-23 05:03:24.852 /testbed/src/jinja2/debug.py:57 jinja2.debug.rewrite_traceback_stack event=line locals={'template': "<Template 't2'>"}
2026-08-23 05:03:24.852 /testbed/src/jinja2/debug.py:58 jinja2.debug.rewrite_traceback_stack event=line locals={}
2026-08-23 05:03:24.852 /testbed/src/jinja2/debug.py:59 jinja2.debug.rewrite_traceback_stack event=line locals={}
2026-08-23 05:03:24.852 /testbed/src/jinja2/debug.py:60 jinja2.debug.rewrite_traceback_stack event=line locals={'fake_tb': '<traceback object at 0x7782a9eb7600>'}
2026-08-23 05:03:24.852 /testbed/src/jinja2/debug.py:64 jinja2.debug.rewrite_traceback_stack event=line locals={'stack': '[<traceback object at 0x7782aa8e8340>, <traceback object at 0x7782a9e97780>, <traceback object at 0x7782a9eb7580>, <traceback object at 0x7782a9eb7600>]'}
2026-08-23 05:03:24.852 /testbed/src/jinja2/debug.py:48 jinja2.debug.rewrite_traceback_stack event=line locals={'tb': '<traceback object at 0x7782a9eb7340>'}
2026-08-23 05:03:24.852 /testbed/src/jinja2/debug.py:51 jinja2.debug.rewrite_traceback_stack event=line locals={}
2026-08-23 05:03:24.852 /testbed/src/jinja2/debug.py:55 jinja2.debug.rewrite_traceback_stack event=line locals={}
2026-08-23 05:03:24.852 /testbed/src/jinja2/debug.py:57 jinja2.debug.rewrite_traceback_stack event=line locals={'template': "<Template 't3'>"}
2026-08-23 05:03:24.852 /testbed/src/jinja2/debug.py:58 jinja2.debug.rewrite_traceback_stack event=line locals={}
2026-08-23 05:03:24.852 /testbed/src/jinja2/debug.py:59 jinja2.debug.rewrite_traceback_stack event=line locals={}
2026-08-23 05:03:24.852 /testbed/src/jinja2/debug.py:60 jinja2.debug.rewrite_traceback_stack event=line locals={'fake_tb': '<traceback object at 0x7782a9eb77c0>'}
2026-08-23 05:03:24.852 /testbed/src/jinja2/debug.py:64 jinja2.debug.rewrite_traceback_stack event=line locals={'stack': '[<traceback object at 0x7782aa8e8340>, <traceback object at 0x7782a9e97780>, <traceback object at 0x7782a9eb7580>, <traceback object at 0x7782a9eb7600>, <traceback object at 0x7782a9eb77c0>]'}
2026-08-23 05:03:24.852 /testbed/src/jinja2/debug.py:48 jinja2.debug.rewrite_traceback_stack event=line locals={'tb': '<traceback object at 0x7782a9eb7300>'}
2026-08-23 05:03:24.852 /testbed/src/jinja2/debug.py:51 jinja2.debug.rewrite_traceback_stack event=line locals={}
2026-08-23 05:03:24.852 /testbed/src/jinja2/debug.py:55 jinja2.debug.rewrite_traceback_stack event=line locals={}
2026-08-23 05:03:24.852 /testbed/src/jinja2/debug.py:57 jinja2.debug.rewrite_traceback_stack event=line locals={'template': "<Template 't4'>"}
2026-08-23 05:03:24.852 /testbed/src/jinja2/debug.py:58 jinja2.debug.rewrite_traceback_stack event=line locals={}
2026-08-23 05:03:24.852 /testbed/src/jinja2/debug.py:59 jinja2.debug.rewrite_traceback_stack event=line locals={}
2026-08-23 05:03:24.853 /testbed/src/jinja2/debug.py:60 jinja2.debug.rewrite_traceback_stack event=line locals={'fake_tb': '<traceback object at 0x7782a9eb7940>'}
2026-08-23 05:03:24.853 /testbed/src/jinja2/debug.py:64 jinja2.debug.rewrite_traceback_stack event=line locals={'stack': '[<traceback object at 0x7782aa8e8340>, <traceback object at 0x7782a9e97780>, <traceback object at 0x7782a9eb7580>, <traceback object at 0x7782a9eb7600>, <traceback object at 0x7782a9eb77c0>, <traceback object at 0x7782a9eb7940>]'}
2026-08-23 05:03:24.853 /testbed/src/jinja2/debug.py:48 jinja2.debug.rewrite_traceback_stack event=line locals={'tb': '<traceback object at 0x7782a9eb72c0>'}
2026-08-23 05:03:24.853 /testbed/src/jinja2/debug.py:51 jinja2.debug.rewrite_traceback_stack event=line locals={}
2026-08-23 05:03:24.853 /testbed/src/jinja2/debug.py:55 jinja2.debug.rewrite_traceback_stack event=line locals={}
2026-08-23 05:03:24.853 /testbed/src/jinja2/debug.py:57 jinja2.debug.rewrite_traceback_stack event=line locals={'template': "<Template 't5'>"}
2026-08-23 05:03:24.853 /testbed/src/jinja2/debug.py:58 jinja2.debug.rewrite_traceback_stack event=line locals={}
2026-08-23 05:03:24.853 /testbed/src/jinja2/debug.py:59 jinja2.debug.rewrite_traceback_stack event=line locals={}
2026-08-23 05:03:24.853 /testbed/src/jinja2/debug.py:60 jinja2.debug.rewrite_traceback_stack event=line locals={'fake_tb': '<traceback object at 0x7782a9eb7b00>'}
2026-08-23 05:03:24.853 /testbed/src/jinja2/debug.py:64 jinja2.debug.rewrite_traceback_stack event=line locals={'stack': '[<traceback object at 0x7782aa8e8340>, <traceback object at 0x7782a9e97780>, <traceback object at 0x7782a9eb7580>, <traceback object at 0x7782a9eb7600>, <traceback object at 0x7782a9eb77c0>, <traceback object at 0x7782a9eb7940>, <traceback object at 0x7782a9eb7b00>]'}
2026-08-23 05:03:24.853 /testbed/src/jinja2/debug.py:48 jinja2.debug.rewrite_traceback_stack event=line locals={'tb': '<traceback object at 0x7782a9eb7280>'}
2026-08-23 05:03:24.853 /testbed/src/jinja2/debug.py:51 jinja2.debug.rewrite_traceback_stack event=line locals={}
2026-08-23 05:03:24.853 /testbed/src/jinja2/debug.py:55 jinja2.debug.rewrite_traceback_stack event=line locals={}
2026-08-23 05:03:24.853 /testbed/src/jinja2/debug.py:57 jinja2.debug.rewrite_traceback_stack event=line locals={'template': "<Template 't6'>"}
2026-08-23 05:03:24.853 /testbed/src/jinja2/debug.py:58 jinja2.debug.rewrite_traceback_stack event=line locals={}
2026-08-23 05:03:24.853 /testbed/src/jinja2/debug.py:59 jinja2.debug.rewrite_traceback_stack event=line locals={}
2026-08-23 05:03:24.853 /testbed/src/jinja2/debug.py:60 jinja2.debug.rewrite_traceback_stack event=line locals={'fake_tb': '<traceback object at 0x7782a9eb7c80>'}
2026-08-23 05:03:24.853 /testbed/src/jinja2/debug.py:64 jinja2.debug.rewrite_traceback_stack event=line locals={'stack': '[<traceback object at 0x7782aa8e8340>, <traceback object at 0x7782a9e97780>, <traceback object at 0x7782a9eb7580>, <traceback object at 0x7782a9eb7600>, <traceback object at 0x7782a9eb77c0>, <traceback object at 0x7782a9eb7940>, <traceback object at 0x7782a9eb7b00>, <traceback object at 0x7782a9eb7c80>]'}
2026-08-23 05:03:24.853 /testbed/src/jinja2/debug.py:48 jinja2.debug.rewrite_traceback_stack event=line locals={'tb': '<traceback object at 0x7782a9eb7240>'}
2026-08-23 05:03:24.853 /testbed/src/jinja2/debug.py:51 jinja2.debug.rewrite_traceback_stack event=line locals={}
2026-08-23 05:03:24.853 /testbed/src/jinja2/debug.py:55 jinja2.debug.rewrite_traceback_stack event=line locals={}
2026-08-23 05:03:24.853 /testbed/src/jinja2/debug.py:57 jinja2.debug.rewrite_traceback_stack event=line locals={'template': "<Template 't7'>"}
2026-08-23 05:03:24.853 /testbed/src/jinja2/debug.py:58 jinja2.debug.rewrite_traceback_stack event=line locals={}
2026-08-23 05:03:24.853 /testbed/src/jinja2/debug.py:59 jinja2.debug.rewrite_traceback_stack event=line locals={}
2026-08-23 05:03:24.853 /testbed/src/jinja2/debug.py:60 jinja2.debug.rewrite_traceback_stack event=line locals={'fake_tb': '<traceback object at 0x7782a9eb7e00>'}
2026-08-23 05:03:24.853 /testbed/src/jinja2/debug.py:64 jinja2.debug.rewrite_traceback_stack event=line locals={'stack': '[<traceback object at 0x7782aa8e8340>, <traceback object at 0x7782a9e97780>, <traceback object at 0x7782a9eb7580>, <traceback object at 0x7782a9eb7600>, <traceback object at 0x7782a9eb77c0>, <traceback object at 0x7782a9eb7940>, <traceback object at 0x7782a9eb7b00>, <traceback object at 0x7782a9eb7c80>, <traceback object at 0x7782a9eb7e00>]'}
2026-08-23 05:03:24.854 /testbed/src/jinja2/debug.py:48 jinja2.debug.rewrite_traceback_stack event=line locals={'tb': '<traceback object at 0x7782a9eb7200>'}
2026-08-23 05:03:24.854 /testbed/src/jinja2/debug.py:51 jinja2.debug.rewrite_traceback_stack event=line locals={}
2026-08-23 05:03:24.854 /testbed/src/jinja2/debug.py:55 jinja2.debug.rewrite_traceback_stack event=line locals={}
2026-08-23 05:03:24.854 /testbed/src/jinja2/debug.py:57 jinja2.debug.rewrite_traceback_stack event=line locals={'template': "<Template 't8'>"}
2026-08-23 05:03:24.854 /testbed/src/jinja2/debug.py:58 jinja2.debug.rewrite_traceback_stack event=line locals={}
2026-08-23 05:03:24.854 /testbed/src/jinja2/debug.py:59 jinja2.debug.rewrite_traceback_stack event=line locals={}
2026-08-23 05:03:24.854 /testbed/src/jinja2/debug.py:60 jinja2.debug.rewrite_traceback_stack event=line locals={'fake_tb': '<traceback object at 0x7782a9eb7f00>'}
2026-08-23 05:03:24.854 /testbed/src/jinja2/debug.py:64 jinja2.debug.rewrite_traceback_stack event=line locals={'stack': '[<traceback object at 0x7782aa8e8340>, <traceback object at 0x7782a9e97780>, <traceback object at 0x7782a9eb7580>, <traceback object at 0x7782a9eb7600>, <traceback object at 0x7782a9eb77c0>, <traceback object at 0x7782a9eb7940>, <traceback object at 0x7782a9eb7b00>, <traceback object at 0x7782a9eb7c80>, <traceback object at 0x7782a9eb7e00>, <traceback object at 0x7782a9eb7f00>]'}
2026-08-23 05:03:24.854 /testbed/src/jinja2/debug.py:48 jinja2.debug.rewrite_traceback_stack event=line locals={'tb': '<traceback object at 0x7782a9eb71c0>'}
2026-08-23 05:03:24.854 /testbed/src/jinja2/debug.py:51 jinja2.debug.rewrite_traceback_stack event=line locals={}
2026-08-23 05:03:24.854 /testbed/src/jinja2/debug.py:55 jinja2.debug.rewrite_traceback_stack event=line locals={}
2026-08-23 05:03:24.854 /testbed/src/jinja2/debug.py:57 jinja2.debug.rewrite_traceback_stack event=line locals={'template': "<Template 't9'>"}
2026-08-23 05:03:24.854 /testbed/src/jinja2/debug.py:58 jinja2.debug.rewrite_traceback_stack event=line locals={}
2026-08-23 05:03:24.854 /testbed/src/jinja2/debug.py:59 jinja2.debug.rewrite_traceback_stack event=line locals={}
2026-08-23 05:03:24.854 /testbed/src/jinja2/debug.py:60 jinja2.debug.rewrite_traceback_stack event=line locals={'fake_tb': '<traceback object at 0x7782a9eb7f40>'}
2026-08-23 05:03:24.854 /testbed/src/jinja2/debug.py:64 jinja2.debug.rewrite_traceback_stack event=line locals={'stack': '[<traceback object at 0x7782aa8e8340>, <traceback object at 0x7782a9e97780>, <traceback object at 0x7782a9eb7580>, <traceback object at 0x7782a9eb7600>, <traceback object at 0x7782a9eb77c0>, <traceback object at 0x7782a9eb7940>, <traceback object at 0x7782a9eb7b00>, <traceback object at 0x7782a9eb7c80>, <traceback object at 0x7782a9eb7e00>, <traceback object at 0x7782a9eb7f00>, <traceback object at 0x7782a9eb7f40>]'}
2026-08-23 05:03:24.854 /testbed/src/jinja2/debug.py:48 jinja2.debug.rewrite_traceback_stack event=line locals={'tb': '<traceback object at 0x7782a9eb7180>'}
2026-08-23 05:03:24.854 /testbed/src/jinja2/debug.py:51 jinja2.debug.rewrite_traceback_stack event=line locals={}
2026-08-23 05:03:24.854 /testbed/src/jinja2/debug.py:55 jinja2.debug.rewrite_traceback_stack event=line locals={}
2026-08-23 05:03:24.854 /testbed/src/jinja2/debug.py:57 jinja2.debug.rewrite_traceback_stack event=line locals={'template': "<Template 't10'>"}
2026-08-23 05:03:24.854 /testbed/src/jinja2/debug.py:58 jinja2.debug.rewrite_traceback_stack event=line locals={}
2026-08-23 05:03:24.854 /testbed/src/jinja2/debug.py:59 jinja2.debug.rewrite_traceback_stack event=line locals={}
2026-08-23 05:03:24.854 /testbed/src/jinja2/debug.py:60 jinja2.debug.rewrite_traceback_stack event=line locals={'fake_tb': '<traceback object at 0x7782a9ed0300>'}
2026-08-23 05:03:24.854 /testbed/src/jinja2/debug.py:64 jinja2.debug.rewrite_traceback_stack event=line locals={'stack': '[<traceback object at 0x7782aa8e8340>, <traceback object at 0x7782a9e97780>, <traceback object at 0x7782a9eb7580>, <traceback object at 0x7782a9eb7600>, <traceback object at 0x7782a9eb77c0>, <traceback object at 0x7782a9eb7940>, <traceback object at 0x7782a9eb7b00>, <traceback object at 0x7782a9eb7c80>, <traceback object at 0x7782a9eb7e00>, <traceback object at 0x7782a9eb7f00>, <traceback object at 0x7782a9eb7f40>, <traceback object at 0x7782a9ed0300>]'}
2026-08-23 05:03:24.854 /testbed/src/jinja2/debug.py:48 jinja2.debug.rewrite_traceback_stack event=line locals={'tb': '<traceback object at 0x7782a9eb7140>'}
2026-08-23 05:03:24.855 /testbed/src/jinja2/debug.py:51 jinja2.debug.rewrite_traceback_stack event=line locals={}
2026-08-23 05:03:24.855 /testbed/src/jinja2/debug.py:55 jinja2.debug.rewrite_traceback_stack event=line locals={}
2026-08-23 05:03:24.855 /testbed/src/jinja2/debug.py:57 jinja2.debug.rewrite_traceback_stack event=line locals={'template': "<Template 't11'>"}
2026-08-23 05:03:24.855 /testbed/src/jinja2/debug.py:58 jinja2.debug.rewrite_traceback_stack event=line locals={}
2026-08-23 05:03:24.855 /testbed/src/jinja2/debug.py:59 jinja2.debug.rewrite_traceback_stack event=line locals={}
2026-08-23 05:03:24.855 /testbed/src/jinja2/debug.py:60 jinja2.debug.rewrite_traceback_stack event=line locals={'fake_tb': '<traceback object at 0x7782a9ed0080>'}
2026-08-23 05:03:24.855 /testbed/src/jinja2/debug.py:64 jinja2.debug.rewrite_traceback_stack event=line locals={'stack': '[<traceback object at 0x7782aa8e8340>, <traceback object at 0x7782a9e97780>, <traceback object at 0x7782a9eb7580>, <traceback object at 0x7782a9eb7600>, <traceback object at 0x7782a9eb77c0>, <traceback object at 0x7782a9eb7940>, <traceback object at 0x7782a9eb7b00>, <traceback object at 0x7782a9eb7c80>, <traceback object at 0x7782a9eb7e00>, <traceback object at 0x7782a9eb7f00>, <traceback object at 0x7782a9eb7f40>, <traceback object at 0x7782a9ed0300>, <traceback object at 0x7782a9ed0080>]'}
2026-08-23 05:03:24.855 /testbed/src/jinja2/debug.py:48 jinja2.debug.rewrite_traceback_stack event=line locals={'tb': '<traceback object at 0x7782a9eb7100>'}
2026-08-23 05:03:24.855 /testbed/src/jinja2/debug.py:51 jinja2.debug.rewrite_traceback_stack event=line locals={}
2026-08-23 05:03:24.855 /testbed/src/jinja2/debug.py:55 jinja2.debug.rewrite_traceback_stack event=line locals={}
2026-08-23 05:03:24.855 /testbed/src/jinja2/debug.py:57 jinja2.debug.rewrite_traceback_stack event=line locals={'template': "<Template 't12'>"}
2026-08-23 05:03:24.855 /testbed/src/jinja2/debug.py:58 jinja2.debug.rewrite_traceback_stack event=line locals={}
2026-08-23 05:03:24.855 /testbed/src/jinja2/debug.py:59 jinja2.debug.rewrite_traceback_stack event=line locals={}
2026-08-23 05:03:24.855 /testbed/src/jinja2/debug.py:60 jinja2.debug.rewrite_traceback_stack event=line locals={'fake_tb': '<traceback object at 0x7782a9ed0340>'}
2026-08-23 05:03:24.855 /testbed/src/jinja2/debug.py:64 jinja2.debug.rewrite_traceback_stack event=line locals={'stack': '[<traceback object at 0x7782aa8e8340>, <traceback object at 0x7782a9e97780>, <traceback object at 0x7782a9eb7580>, <traceback object at 0x7782a9eb7600>, <traceback object at 0x7782a9eb77c0>, <traceback object at 0x7782a9eb7940>, <traceback object at 0x7782a9eb7b00>, <traceback object at 0x7782a9eb7c80>, <traceback object at 0x7782a9eb7e00>, <traceback object at 0x7782a9eb7f00>, <traceback object at 0x7782a9eb7f40>, <traceback object at 0x7782a9ed0300>, <traceback object at 0x7782a9ed0080>, <trac...'}
2026-08-23 05:03:24.855 /testbed/src/jinja2/debug.py:48 jinja2.debug.rewrite_traceback_stack event=line locals={'tb': '<traceback object at 0x7782a9eb70c0>'}
2026-08-23 05:03:24.855 /testbed/src/jinja2/debug.py:51 jinja2.debug.rewrite_traceback_stack event=line locals={}
2026-08-23 05:03:24.855 /testbed/src/jinja2/debug.py:55 jinja2.debug.rewrite_traceback_stack event=line locals={}
2026-08-23 05:03:24.855 /testbed/src/jinja2/debug.py:57 jinja2.debug.rewrite_traceback_stack event=line locals={'template': "<Template 't13'>"}
2026-08-23 05:03:24.855 /testbed/src/jinja2/debug.py:58 jinja2.debug.rewrite_traceback_stack event=line locals={}
2026-08-23 05:03:24.855 /testbed/src/jinja2/debug.py:59 jinja2.debug.rewrite_traceback_stack event=line locals={}
2026-08-23 05:03:24.855 /testbed/src/jinja2/debug.py:60 jinja2.debug.rewrite_traceback_stack event=line locals={'fake_tb': '<traceback object at 0x7782a9ed04c0>'}
2026-08-23 05:03:24.856 /testbed/src/jinja2/debug.py:64 jinja2.debug.rewrite_traceback_stack event=line locals={}
2026-08-23 05:03:24.856 /testbed/src/jinja2/debug.py:48 jinja2.debug.rewrite_traceback_stack event=line locals={'tb': '<traceback object at 0x7782a9eb7080>'}
2026-08-23 05:03:24.856 /testbed/src/jinja2/debug.py:51 jinja2.debug.rewrite_traceback_stack event=line locals={}
2026-08-23 05:03:24.856 /testbed/src/jinja2/debug.py:55 jinja2.debug.rewrite_traceback_stack event=line locals={}
2026-08-23 05:03:24.856 /testbed/src/jinja2/debug.py:57 jinja2.debug.rewrite_traceback_stack event=line locals={'template': "<Template 't14'>"}
2026-08-23 05:03:24.856 /testbed/src/jinja2/debug.py:58 jinja2.debug.rewrite_traceback_stack event=line locals={}
2026-08-23 05:03:24.856 /testbed/src/jinja2/debug.py:59 jinja2.debug.rewrite_traceback_stack event=line locals={}
2026-08-23 05:03:24.856 /testbed/src/jinja2/debug.py:60 jinja2.debug.rewrite_traceback_stack event=line locals={'fake_tb': '<traceback object at 0x7782a9ed0640>'}
2026-08-23 05:03:24.856 /testbed/src/jinja2/debug.py:64 jinja2.debug.rewrite_traceback_stack event=line locals={}
2026-08-23 05:03:24.856 /testbed/src/jinja2/debug.py:48 jinja2.debug.rewrite_traceback_stack event=line locals={'tb': '<traceback object at 0x7782a9eb7040>'}
2026-08-23 05:03:24.856 /testbed/src/jinja2/debug.py:51 jinja2.debug.rewrite_traceback_stack event=line locals={}
2026-08-23 05:03:24.856 /testbed/src/jinja2/debug.py:55 jinja2.debug.rewrite_traceback_stack event=line locals={}
2026-08-23 05:03:24.856 /testbed/src/jinja2/debug.py:57 jinja2.debug.rewrite_traceback_stack event=line locals={'template': "<Template 't15'>"}
2026-08-23 05:03:24.856 /testbed/src/jinja2/debug.py:58 jinja2.debug.rewrite_traceback_stack event=line locals={}
2026-08-23 05:03:24.856 /testbed/src/jinja2/debug.py:59 jinja2.debug.rewrite_traceback_stack event=line locals={}
2026-08-23 05:03:24.856 /testbed/src/jinja2/debug.py:60 jinja2.debug.rewrite_traceback_stack event=line locals={'fake_tb': '<traceback object at 0x7782a9ed07c0>'}
2026-08-23 05:03:24.856 /testbed/src/jinja2/debug.py:64 jinja2.debug.rewrite_traceback_stack event=line locals={}
2026-08-23 05:03:24.856 /testbed/src/jinja2/debug.py:48 jinja2.debug.rewrite_traceback_stack event=line locals={'tb': '<traceback object at 0x7782a9eb7000>'}
2026-08-23 05:03:24.856 /testbed/src/jinja2/debug.py:51 jinja2.debug.rewrite_traceback_stack event=line locals={}
2026-08-23 05:03:24.856 /testbed/src/jinja2/debug.py:55 jinja2.debug.rewrite_traceback_stack event=line locals={}
2026-08-23 05:03:24.856 /testbed/src/jinja2/debug.py:57 jinja2.debug.rewrite_traceback_stack event=line locals={'template': "<Template 't16'>"}
2026-08-23 05:03:24.856 /testbed/src/jinja2/debug.py:58 jinja2.debug.rewrite_traceback_stack event=line locals={}
2026-08-23 05:03:24.856 /testbed/src/jinja2/debug.py:59 jinja2.debug.rewrite_traceback_stack event=line locals={}
2026-08-23 05:03:24.857 /testbed/src/jinja2/debug.py:60 jinja2.debug.rewrite_traceback_stack event=line locals={'fake_tb': '<traceback object at 0x7782a9ed0940>'}
2026-08-23 05:03:24.857 /testbed/src/jinja2/debug.py:64 jinja2.debug.rewrite_traceback_stack event=line locals={}
2026-08-23 05:03:24.857 /testbed/src/jinja2/debug.py:48 jinja2.debug.rewrite_traceback_stack event=line locals={'tb': '<traceback object at 0x7782a9eb6fc0>'}
2026-08-23 05:03:24.857 /testbed/src/jinja2/debug.py:51 jinja2.debug.rewrite_traceback_stack event=line locals={}
2026-08-23 05:03:24.857 /testbed/src/jinja2/debug.py:55 jinja2.debug.rewrite_traceback_stack event=line locals={}
2026-08-23 05:03:24.857 /testbed/src/jinja2/debug.py:57 jinja2.debug.rewrite_traceback_stack event=line locals={'template': "<Template 't17'>"}
2026-08-23 05:03:24.857 /testbed/src/jinja2/debug.py:58 jinja2.debug.rewrite_traceback_stack event=line locals={}
2026-08-23 05:03:24.857 /testbed/src/jinja2/debug.py:59 jinja2.debug.rewrite_traceback_stack event=line locals={}
2026-08-23 05:03:24.857 /testbed/src/jinja2/debug.py:60 jinja2.debug.rewrite_traceback_stack event=line locals={'fake_tb': '<traceback object at 0x7782a9ed0ac0>'}
2026-08-23 05:03:24.857 /testbed/src/jinja2/debug.py:64 jinja2.debug.rewrite_traceback_stack event=line locals={}
2026-08-23 05:03:24.857 /testbed/src/jinja2/debug.py:48 jinja2.debug.rewrite_traceback_stack event=line locals={'tb': '<traceback object at 0x7782a9eb6f80>'}
2026-08-23 05:03:24.857 /testbed/src/jinja2/debug.py:51 jinja2.debug.rewrite_traceback_stack event=line locals={}
2026-08-23 05:03:24.857 /testbed/src/jinja2/debug.py:55 jinja2.debug.rewrite_traceback_stack event=line locals={}
2026-08-23 05:03:24.857 /testbed/src/jinja2/debug.py:57 jinja2.debug.rewrite_traceback_stack event=line locals={'template': "<Template 't18'>"}
2026-08-23 05:03:24.857 /testbed/src/jinja2/debug.py:58 jinja2.debug.rewrite_traceback_stack event=line locals={}
2026-08-23 05:03:24.857 /testbed/src/jinja2/debug.py:59 jinja2.debug.rewrite_traceback_stack event=line locals={}
2026-08-23 05:03:24.857 /testbed/src/jinja2/debug.py:60 jinja2.debug.rewrite_traceback_stack event=line locals={'fake_tb': '<traceback object at 0x7782a9ed0c40>'}
2026-08-23 05:03:24.857 /testbed/src/jinja2/debug.py:64 jinja2.debug.rewrite_traceback_stack event=line locals={}
2026-08-23 05:03:24.857 /testbed/src/jinja2/debug.py:48 jinja2.debug.rewrite_traceback_stack event=line locals={'tb': '<traceback object at 0x7782a9eb6f40>'}
2026-08-23 05:03:24.857 /testbed/src/jinja2/debug.py:51 jinja2.debug.rewrite_traceback_stack event=line locals={}
2026-08-23 05:03:24.857 /testbed/src/jinja2/debug.py:55 jinja2.debug.rewrite_traceback_stack event=line locals={}
2026-08-23 05:03:24.857 /testbed/src/jinja2/debug.py:57 jinja2.debug.rewrite_traceback_stack event=line locals={'template': "<Template 't19'>"}
2026-08-23 05:03:24.857 /testbed/src/jinja2/debug.py:58 jinja2.debug.rewrite_traceback_stack event=line locals={}
2026-08-23 05:03:24.857 /testbed/src/jinja2/debug.py:59 jinja2.debug.rewrite_traceback_stack event=line locals={}
2026-08-23 05:03:24.858 /testbed/src/jinja2/debug.py:60 jinja2.debug.rewrite_traceback_stack event=line locals={'fake_tb': '<traceback object at 0x7782a9ed0dc0>'}
2026-08-23 05:03:24.858 /testbed/src/jinja2/debug.py:64 jinja2.debug.rewrite_traceback_stack event=line locals={}
2026-08-23 05:03:24.858 /testbed/src/jinja2/debug.py:48 jinja2.debug.rewrite_traceback_stack event=line locals={'tb': '<traceback object at 0x7782a9eb6f00>'}
2026-08-23 05:03:24.858 /testbed/src/jinja2/debug.py:51 jinja2.debug.rewrite_traceback_stack event=line locals={}
2026-08-23 05:03:24.858 /testbed/src/jinja2/debug.py:55 jinja2.debug.rewrite_traceback_stack event=line locals={}
2026-08-23 05:03:24.858 /testbed/src/jinja2/debug.py:57 jinja2.debug.rewrite_traceback_stack event=line locals={'template': "<Template 't20'>"}
2026-08-23 05:03:24.858 /testbed/src/jinja2/debug.py:58 jinja2.debug.rewrite_traceback_stack event=line locals={}
2026-08-23 05:03:24.858 /testbed/src/jinja2/debug.py:59 jinja2.debug.rewrite_traceback_stack event=line locals={}
2026-08-23 05:03:24.858 /testbed/src/jinja2/debug.py:60 jinja2.debug.rewrite_traceback_stack event=line locals={'fake_tb': '<traceback object at 0x7782a9ed0f40>'}
2026-08-23 05:03:24.858 /testbed/src/jinja2/debug.py:64 jinja2.debug.rewrite_traceback_stack event=line locals={}
2026-08-23 05:03:24.858 /testbed/src/jinja2/debug.py:48 jinja2.debug.rewrite_traceback_stack event=line locals={'tb': '<traceback object at 0x7782a9eb6ec0>'}
2026-08-23 05:03:24.858 /testbed/src/jinja2/debug.py:51 jinja2.debug.rewrite_traceback_stack event=line locals={}
2026-08-23 05:03:24.858 /testbed/src/jinja2/debug.py:55 jinja2.debug.rewrite_traceback_stack event=line locals={}
2026-08-23 05:03:24.858 /testbed/src/jinja2/debug.py:57 jinja2.debug.rewrite_traceback_stack event=line locals={'template': "<Template 't21'>"}
2026-08-23 05:03:24.858 /testbed/src/jinja2/debug.py:58 jinja2.debug.rewrite_traceback_stack event=line locals={}
2026-08-23 05:03:24.858 /testbed/src/jinja2/debug.py:59 jinja2.debug.rewrite_traceback_stack event=line locals={}
2026-08-23 05:03:24.858 /testbed/src/jinja2/debug.py:60 jinja2.debug.rewrite_traceback_stack event=line locals={'fake_tb': '<traceback object at 0x7782a9ed10c0>'}
2026-08-23 05:03:24.858 /testbed/src/jinja2/debug.py:64 jinja2.debug.rewrite_traceback_stack event=line locals={}
2026-08-23 05:03:24.858 /testbed/src/jinja2/debug.py:48 jinja2.debug.rewrite_traceback_stack event=line locals={'tb': '<traceback object at 0x7782a9eb6e80>'}
2026-08-23 05:03:24.858 /testbed/src/jinja2/debug.py:51 jinja2.debug.rewrite_traceback_stack event=line locals={}
2026-08-23 05:03:24.858 /testbed/src/jinja2/debug.py:55 jinja2.debug.rewrite_traceback_stack event=line locals={}
2026-08-23 05:03:24.858 /testbed/src/jinja2/debug.py:57 jinja2.debug.rewrite_traceback_stack event=line locals={'template': "<Template 't22'>"}
2026-08-23 05:03:24.858 /testbed/src/jinja2/debug.py:58 jinja2.debug.rewrite_traceback_stack event=line locals={}
2026-08-23 05:03:24.859 /testbed/src/jinja2/debug.py:59 jinja2.debug.rewrite_traceback_stack event=line locals={}
2026-08-23 05:03:24.859 /testbed/src/jinja2/debug.py:60 jinja2.debug.rewrite_traceback_stack event=line locals={'fake_tb': '<traceback object at 0x7782a9ed1240>'}
2026-08-23 05:03:24.859 /testbed/src/jinja2/debug.py:64 jinja2.debug.rewrite_traceback_stack event=line locals={}
2026-08-23 05:03:24.859 /testbed/src/jinja2/debug.py:48 jinja2.debug.rewrite_traceback_stack event=line locals={'tb': '<traceback object at 0x7782a9eb6e40>'}
2026-08-23 05:03:24.859 /testbed/src/jinja2/debug.py:51 jinja2.debug.rewrite_traceback_stack event=line locals={}
2026-08-23 05:03:24.859 /testbed/src/jinja2/debug.py:55 jinja2.debug.rewrite_traceback_stack event=line locals={}
2026-08-23 05:03:24.859 /testbed/src/jinja2/debug.py:57 jinja2.debug.rewrite_traceback_stack event=line locals={'template': "<Template 't23'>"}
2026-08-23 05:03:24.859 /testbed/src/jinja2/debug.py:58 jinja2.debug.rewrite_traceback_stack event=line locals={}
2026-08-23 05:03:24.859 /testbed/src/jinja2/debug.py:59 jinja2.debug.rewrite_traceback_stack event=line locals={}
2026-08-23 05:03:24.859 /testbed/src/jinja2/debug.py:60 jinja2.debug.rewrite_traceback_stack event=line locals={'fake_tb': '<traceback object at 0x7782a9ed13c0>'}
2026-08-23 05:03:24.859 /testbed/src/jinja2/debug.py:64 jinja2.debug.rewrite_traceback_stack event=line locals={}
2026-08-23 05:03:24.859 /testbed/src/jinja2/debug.py:48 jinja2.debug.rewrite_traceback_stack event=line locals={'tb': '<traceback object at 0x7782a9eb6e00>'}
2026-08-23 05:03:24.859 /testbed/src/jinja2/debug.py:51 jinja2.debug.rewrite_traceback_stack event=line locals={}
2026-08-23 05:03:24.859 /testbed/src/jinja2/debug.py:55 jinja2.debug.rewrite_traceback_stack event=line locals={}
2026-08-23 05:03:24.859 /testbed/src/jinja2/debug.py:57 jinja2.debug.rewrite_traceback_stack event=line locals={'template': "<Template 't24'>"}
2026-08-23 05:03:24.859 /testbed/src/jinja2/debug.py:58 jinja2.debug.rewrite_traceback_stack event=line locals={}
2026-08-23 05:03:24.859 /testbed/src/jinja2/debug.py:59 jinja2.debug.rewrite_traceback_stack event=line locals={}
2026-08-23 05:03:24.859 /testbed/src/jinja2/debug.py:60 jinja2.debug.rewrite_traceback_stack event=line locals={'fake_tb': '<traceback object at 0x7782a9ed1540>'}
2026-08-23 05:03:24.859 /testbed/src/jinja2/debug.py:64 jinja2.debug.rewrite_traceback_stack event=line locals={}
2026-08-23 05:03:24.859 /testbed/src/jinja2/debug.py:48 jinja2.debug.rewrite_traceback_stack event=line locals={'tb': '<traceback object at 0x7782a9eb6dc0>'}
2026-08-23 05:03:24.859 /testbed/src/jinja2/debug.py:51 jinja2.debug.rewrite_traceback_stack event=line locals={}
2026-08-23 05:03:24.860 /testbed/src/jinja2/debug.py:55 jinja2.debug.rewrite_traceback_stack event=line locals={}
2026-08-23 05:03:24.860 /testbed/src/jinja2/debug.py:57 jinja2.debug.rewrite_traceback_stack event=line locals={'template': "<Template 't25'>"}
2026-08-23 05:03:24.860 /testbed/src/jinja2/debug.py:58 jinja2.debug.rewrite_traceback_stack event=line locals={}
2026-08-23 05:03:24.860 /testbed/src/jinja2/debug.py:59 jinja2.debug.rewrite_traceback_stack event=line locals={}
2026-08-23 05:03:24.860 /testbed/src/jinja2/debug.py:60 jinja2.debug.rewrite_traceback_stack event=line locals={'fake_tb': '<traceback object at 0x7782a9ed16c0>'}
2026-08-23 05:03:24.860 /testbed/src/jinja2/debug.py:64 jinja2.debug.rewrite_traceback_stack event=line locals={}
2026-08-23 05:03:24.860 /testbed/src/jinja2/debug.py:48 jinja2.debug.rewrite_traceback_stack event=line locals={'tb': '<traceback object at 0x7782a9eb6d80>'}
2026-08-23 05:03:24.860 /testbed/src/jinja2/debug.py:51 jinja2.debug.rewrite_traceback_stack event=line locals={}
2026-08-23 05:03:24.860 /testbed/src/jinja2/debug.py:55 jinja2.debug.rewrite_traceback_stack event=line locals={}
2026-08-23 05:03:24.860 /testbed/src/jinja2/debug.py:57 jinja2.debug.rewrite_traceback_stack event=line locals={'template': "<Template 't26'>"}
2026-08-23 05:03:24.860 /testbed/src/jinja2/debug.py:58 jinja2.debug.rewrite_traceback_stack event=line locals={}
2026-08-23 05:03:24.860 /testbed/src/jinja2/debug.py:59 jinja2.debug.rewrite_traceback_stack event=line locals={}
2026-08-23 05:03:24.860 /testbed/src/jinja2/debug.py:60 jinja2.debug.rewrite_traceback_stack event=line locals={'fake_tb': '<traceback object at 0x7782a9ed1840>'}
2026-08-23 05:03:24.860 /testbed/src/jinja2/debug.py:64 jinja2.debug.rewrite_traceback_stack event=line locals={}
2026-08-23 05:03:24.860 /testbed/src/jinja2/debug.py:48 jinja2.debug.rewrite_traceback_stack event=line locals={'tb': '<traceback object at 0x7782a9eb6d40>'}
2026-08-23 05:03:24.860 /testbed/src/jinja2/debug.py:51 jinja2.debug.rewrite_traceback_stack event=line locals={}
2026-08-23 05:03:24.860 /testbed/src/jinja2/debug.py:55 jinja2.debug.rewrite_traceback_stack event=line locals={}
2026-08-23 05:03:24.860 /testbed/src/jinja2/debug.py:57 jinja2.debug.rewrite_traceback_stack event=line locals={'template': "<Template 't27'>"}
2026-08-23 05:03:24.860 /testbed/src/jinja2/debug.py:58 jinja2.debug.rewrite_traceback_stack event=line locals={}
2026-08-23 05:03:24.860 /testbed/src/jinja2/debug.py:59 jinja2.debug.rewrite_traceback_stack event=line locals={}
2026-08-23 05:03:24.861 /testbed/src/jinja2/debug.py:60 jinja2.debug.rewrite_traceback_stack event=line locals={'fake_tb': '<traceback object at 0x7782a9ed19c0>'}
2026-08-23 05:03:24.861 /testbed/src/jinja2/debug.py:64 jinja2.debug.rewrite_traceback_stack event=line locals={}
2026-08-23 05:03:24.861 /testbed/src/jinja2/debug.py:48 jinja2.debug.rewrite_traceback_stack event=line locals={'tb': '<traceback object at 0x7782a9eb6d00>'}
2026-08-23 05:03:24.861 /testbed/src/jinja2/debug.py:51 jinja2.debug.rewrite_traceback_stack event=line locals={}
2026-08-23 05:03:24.861 /testbed/src/jinja2/debug.py:55 jinja2.debug.rewrite_traceback_stack event=line locals={}
2026-08-23 05:03:24.861 /testbed/src/jinja2/debug.py:57 jinja2.debug.rewrite_traceback_stack event=line locals={'template': "<Template 't28'>"}
2026-08-23 05:03:24.861 /testbed/src/jinja2/debug.py:58 jinja2.debug.rewrite_traceback_stack event=line locals={}
2026-08-23 05:03:24.861 /testbed/src/jinja2/debug.py:59 jinja2.debug.rewrite_traceback_stack event=line locals={}
2026-08-23 05:03:24.861 /testbed/src/jinja2/debug.py:60 jinja2.debug.rewrite_traceback_stack event=line locals={'fake_tb': '<traceback object at 0x7782a9ed1b40>'}
2026-08-23 05:03:24.861 /testbed/src/jinja2/debug.py:64 jinja2.debug.rewrite_traceback_stack event=line locals={}
2026-08-23 05:03:24.861 /testbed/src/jinja2/debug.py:48 jinja2.debug.rewrite_traceback_stack event=line locals={'tb': '<traceback object at 0x7782a9eb6cc0>'}
2026-08-23 05:03:24.861 /testbed/src/jinja2/debug.py:51 jinja2.debug.rewrite_traceback_stack event=line locals={}
2026-08-23 05:03:24.861 /testbed/src/jinja2/debug.py:55 jinja2.debug.rewrite_traceback_stack event=line locals={}
2026-08-23 05:03:24.861 /testbed/src/jinja2/debug.py:57 jinja2.debug.rewrite_traceback_stack event=line locals={'template': "<Template 't29'>"}
2026-08-23 05:03:24.861 /testbed/src/jinja2/debug.py:58 jinja2.debug.rewrite_traceback_stack event=line locals={}
2026-08-23 05:03:24.861 /testbed/src/jinja2/debug.py:59 jinja2.debug.rewrite_traceback_stack event=line locals={}
2026-08-23 05:03:24.861 /testbed/src/jinja2/debug.py:60 jinja2.debug.rewrite_traceback_stack event=line locals={'fake_tb': '<traceback object at 0x7782a9ed1cc0>'}
2026-08-23 05:03:24.861 /testbed/src/jinja2/debug.py:64 jinja2.debug.rewrite_traceback_stack event=line locals={}
2026-08-23 05:03:24.861 /testbed/src/jinja2/debug.py:48 jinja2.debug.rewrite_traceback_stack event=line locals={'tb': '<traceback object at 0x7782a9eb6c80>'}
2026-08-23 05:03:24.861 /testbed/src/jinja2/debug.py:51 jinja2.debug.rewrite_traceback_stack event=line locals={}
2026-08-23 05:03:24.861 /testbed/src/jinja2/debug.py:55 jinja2.debug.rewrite_traceback_stack event=line locals={}
2026-08-23 05:03:24.861 /testbed/src/jinja2/debug.py:57 jinja2.debug.rewrite_traceback_stack event=line locals={'template': "<Template 't30'>"}
2026-08-23 05:03:24.862 /testbed/src/jinja2/debug.py:58 jinja2.debug.rewrite_traceback_stack event=line locals={}
2026-08-23 05:03:24.862 /testbed/src/jinja2/debug.py:59 jinja2.debug.rewrite_traceback_stack event=line locals={}
2026-08-23 05:03:24.862 /testbed/src/jinja2/debug.py:60 jinja2.debug.rewrite_traceback_stack event=line locals={'fake_tb': '<traceback object at 0x7782a9ed1e40>'}
2026-08-23 05:03:24.862 /testbed/src/jinja2/debug.py:64 jinja2.debug.rewrite_traceback_stack event=line locals={}
2026-08-23 05:03:24.862 /testbed/src/jinja2/debug.py:48 jinja2.debug.rewrite_traceback_stack event=line locals={'tb': '<traceback object at 0x7782a9eb6c40>'}
2026-08-23 05:03:24.862 /testbed/src/jinja2/debug.py:51 jinja2.debug.rewrite_traceback_stack event=line locals={}
2026-08-23 05:03:24.862 /testbed/src/jinja2/debug.py:55 jinja2.debug.rewrite_traceback_stack event=line locals={}
2026-08-23 05:03:24.862 /testbed/src/jinja2/debug.py:57 jinja2.debug.rewrite_traceback_stack event=line locals={'template': "<Template 't31'>"}
2026-08-23 05:03:24.862 /testbed/src/jinja2/debug.py:58 jinja2.debug.rewrite_traceback_stack event=line locals={}
2026-08-23 05:03:24.862 /testbed/src/jinja2/debug.py:59 jinja2.debug.rewrite_traceback_stack event=line locals={}
2026-08-23 05:03:24.862 /testbed/src/jinja2/debug.py:60 jinja2.debug.rewrite_traceback_stack event=line locals={'fake_tb': '<traceback object at 0x7782a9ed1fc0>'}
2026-08-23 05:03:24.862 /testbed/src/jinja2/debug.py:64 jinja2.debug.rewrite_traceback_stack event=line locals={}
2026-08-23 05:03:24.862 /testbed/src/jinja2/debug.py:48 jinja2.debug.rewrite_traceback_stack event=line locals={'tb': '<traceback object at 0x7782a9eb6c00>'}
2026-08-23 05:03:24.862 /testbed/src/jinja2/debug.py:51 jinja2.debug.rewrite_traceback_stack event=line locals={}
2026-08-23 05:03:24.862 /testbed/src/jinja2/debug.py:55 jinja2.debug.rewrite_traceback_stack event=line locals={}
2026-08-23 05:03:24.862 /testbed/src/jinja2/debug.py:57 jinja2.debug.rewrite_traceback_stack event=line locals={'template': "<Template 't32'>"}
2026-08-23 05:03:24.862 /testbed/src/jinja2/debug.py:58 jinja2.debug.rewrite_traceback_stack event=line locals={}
2026-08-23 05:03:24.862 /testbed/src/jinja2/debug.py:59 jinja2.debug.rewrite_traceback_stack event=line locals={}
2026-08-23 05:03:24.862 /testbed/src/jinja2/debug.py:60 jinja2.debug.rewrite_traceback_stack event=line locals={'fake_tb': '<traceback object at 0x7782a9ed2140>'}
2026-08-23 05:03:24.863 /testbed/src/jinja2/debug.py:64 jinja2.debug.rewrite_traceback_stack event=line locals={}
2026-08-23 05:03:24.863 /testbed/src/jinja2/debug.py:48 jinja2.debug.rewrite_traceback_stack event=line locals={'tb': '<traceback object at 0x7782a9eb6bc0>'}
2026-08-23 05:03:24.863 /testbed/src/jinja2/debug.py:51 jinja2.debug.rewrite_traceback_stack event=line locals={}
2026-08-23 05:03:24.863 /testbed/src/jinja2/debug.py:55 jinja2.debug.rewrite_traceback_stack event=line locals={}
2026-08-23 05:03:24.863 /testbed/src/jinja2/debug.py:57 jinja2.debug.rewrite_traceback_stack event=line locals={'template': "<Template 't33'>"}
2026-08-23 05:03:24.863 /testbed/src/jinja2/debug.py:58 jinja2.debug.rewrite_traceback_stack event=line locals={}
2026-08-23 05:03:24.863 /testbed/src/jinja2/debug.py:59 jinja2.debug.rewrite_traceback_stack event=line locals={}
2026-08-23 05:03:24.863 /testbed/src/jinja2/debug.py:60 jinja2.debug.rewrite_traceback_stack event=line locals={'fake_tb': '<traceback object at 0x7782a9ed22c0>'}
2026-08-23 05:03:24.863 /testbed/src/jinja2/debug.py:64 jinja2.debug.rewrite_traceback_stack event=line locals={}
2026-08-23 05:03:24.863 /testbed/src/jinja2/debug.py:48 jinja2.debug.rewrite_traceback_stack event=line locals={'tb': '<traceback object at 0x7782a9eb6b80>'}
2026-08-23 05:03:24.863 /testbed/src/jinja2/debug.py:51 jinja2.debug.rewrite_traceback_stack event=line locals={}
2026-08-23 05:03:24.863 /testbed/src/jinja2/debug.py:55 jinja2.debug.rewrite_traceback_stack event=line locals={}
2026-08-23 05:03:24.863 /testbed/src/jinja2/debug.py:57 jinja2.debug.rewrite_traceback_stack event=line locals={'template': "<Template 't34'>"}
2026-08-23 05:03:24.863 /testbed/src/jinja2/debug.py:58 jinja2.debug.rewrite_traceback_stack event=line locals={}
2026-08-23 05:03:24.863 /testbed/src/jinja2/debug.py:59 jinja2.debug.rewrite_traceback_stack event=line locals={}
2026-08-23 05:03:24.863 /testbed/src/jinja2/debug.py:60 jinja2.debug.rewrite_traceback_stack event=line locals={'fake_tb': '<traceback object at 0x7782a9ed2440>'}
2026-08-23 05:03:24.863 /testbed/src/jinja2/debug.py:64 jinja2.debug.rewrite_traceback_stack event=line locals={}
2026-08-23 05:03:24.863 /testbed/src/jinja2/debug.py:48 jinja2.debug.rewrite_traceback_stack event=line locals={'tb': '<traceback object at 0x7782a9eb6b40>'}
2026-08-23 05:03:24.863 /testbed/src/jinja2/debug.py:51 jinja2.debug.rewrite_traceback_stack event=line locals={}
2026-08-23 05:03:24.863 /testbed/src/jinja2/debug.py:52 jinja2.debug.rewrite_traceback_stack event=line locals={}
2026-08-23 05:03:24.863 /testbed/src/jinja2/debug.py:53 jinja2.debug.rewrite_traceback_stack event=line locals={'tb': '<traceback object at 0x7782a9eb6b00>'}
2026-08-23 05:03:24.863 /testbed/src/jinja2/debug.py:48 jinja2.debug.rewrite_traceback_stack event=line locals={}
2026-08-23 05:03:24.863 /testbed/src/jinja2/debug.py:51 jinja2.debug.rewrite_traceback_stack event=line locals={}
2026-08-23 05:03:24.863 /testbed/src/jinja2/debug.py:55 jinja2.debug.rewrite_traceback_stack event=line locals={}
2026-08-23 05:03:24.864 /testbed/src/jinja2/debug.py:57 jinja2.debug.rewrite_traceback_stack event=line locals={'template': 'None'}
2026-08-23 05:03:24.864 /testbed/src/jinja2/debug.py:62 jinja2.debug.rewrite_traceback_stack event=line locals={}
2026-08-23 05:03:24.864 /testbed/src/jinja2/debug.py:64 jinja2.debug.rewrite_traceback_stack event=line locals={}
2026-08-23 05:03:24.864 /testbed/src/jinja2/debug.py:48 jinja2.debug.rewrite_traceback_stack event=line locals={'tb': '<traceback object at 0x7782a9eb6ac0>'}
2026-08-23 05:03:24.864 /testbed/src/jinja2/debug.py:51 jinja2.debug.rewrite_traceback_stack event=line locals={}
2026-08-23 05:03:24.864 /testbed/src/jinja2/debug.py:55 jinja2.debug.rewrite_traceback_stack event=line locals={}
2026-08-23 05:03:24.864 /testbed/src/jinja2/debug.py:57 jinja2.debug.rewrite_traceback_stack event=line locals={}
2026-08-23 05:03:24.864 /testbed/src/jinja2/debug.py:62 jinja2.debug.rewrite_traceback_stack event=line locals={}
2026-08-23 05:03:24.864 /testbed/src/jinja2/debug.py:64 jinja2.debug.rewrite_traceback_stack event=line locals={}
2026-08-23 05:03:24.864 /testbed/src/jinja2/debug.py:48 jinja2.debug.rewrite_traceback_stack event=line locals={'tb': '<traceback object at 0x7782a9eb6a80>'}
2026-08-23 05:03:24.864 /testbed/src/jinja2/debug.py:51 jinja2.debug.rewrite_traceback_stack event=line locals={}
2026-08-23 05:03:24.864 /testbed/src/jinja2/debug.py:55 jinja2.debug.rewrite_traceback_stack event=line locals={}
2026-08-23 05:03:24.864 /testbed/src/jinja2/debug.py:57 jinja2.debug.rewrite_traceback_stack event=line locals={}
2026-08-23 05:03:24.864 /testbed/src/jinja2/debug.py:62 jinja2.debug.rewrite_traceback_stack event=line locals={}
2026-08-23 05:03:24.864 /testbed/src/jinja2/debug.py:64 jinja2.debug.rewrite_traceback_stack event=line locals={}
2026-08-23 05:03:24.864 /testbed/src/jinja2/debug.py:48 jinja2.debug.rewrite_traceback_stack event=line locals={'tb': '<traceback object at 0x7782a9eb6a00>'}
2026-08-23 05:03:24.864 /testbed/src/jinja2/debug.py:51 jinja2.debug.rewrite_traceback_stack event=line locals={}
2026-08-23 05:03:24.864 /testbed/src/jinja2/debug.py:55 jinja2.debug.rewrite_traceback_stack event=line locals={}
2026-08-23 05:03:24.864 /testbed/src/jinja2/debug.py:57 jinja2.debug.rewrite_traceback_stack event=line locals={}
2026-08-23 05:03:24.864 /testbed/src/jinja2/debug.py:62 jinja2.debug.rewrite_traceback_stack event=line locals={}
2026-08-23 05:03:24.864 /testbed/src/jinja2/debug.py:64 jinja2.debug.rewrite_traceback_stack event=line locals={}
2026-08-23 05:03:24.864 /testbed/src/jinja2/debug.py:48 jinja2.debug.rewrite_traceback_stack event=line locals={'tb': '<traceback object at 0x7782a9eb69c0>'}
2026-08-23 05:03:24.864 /testbed/src/jinja2/debug.py:51 jinja2.debug.rewrite_traceback_stack event=line locals={}
2026-08-23 05:03:24.864 /testbed/src/jinja2/debug.py:55 jinja2.debug.rewrite_traceback_stack event=line locals={}
2026-08-23 05:03:24.864 /testbed/src/jinja2/debug.py:57 jinja2.debug.rewrite_traceback_stack event=line locals={}
2026-08-23 05:03:24.864 /testbed/src/jinja2/debug.py:62 jinja2.debug.rewrite_traceback_stack event=line locals={}
2026-08-23 05:03:24.864 /testbed/src/jinja2/debug.py:64 jinja2.debug.rewrite_traceback_stack event=line locals={}
2026-08-23 05:03:24.864 /testbed/src/jinja2/debug.py:48 jinja2.debug.rewrite_traceback_stack event=line locals={'tb': '<traceback object at 0x7782a9eb6a40>'}
2026-08-23 05:03:24.864 /testbed/src/jinja2/debug.py:51 jinja2.debug.rewrite_traceback_stack event=line locals={}
2026-08-23 05:03:24.864 /testbed/src/jinja2/debug.py:55 jinja2.debug.rewrite_traceback_stack event=line locals={}
2026-08-23 05:03:24.864 /testbed/src/jinja2/debug.py:57 jinja2.debug.rewrite_traceback_stack event=line locals={}
2026-08-23 05:03:24.864 /testbed/src/jinja2/debug.py:62 jinja2.debug.rewrite_traceback_stack event=line locals={}
2026-08-23 05:03:24.864 /testbed/src/jinja2/debug.py:64 jinja2.debug.rewrite_traceback_stack event=line locals={}
2026-08-23 05:03:24.864 /testbed/src/jinja2/debug.py:48 jinja2.debug.rewrite_traceback_stack event=line locals={'tb': '<traceback object at 0x7782a9eb6900>'}
2026-08-23 05:03:24.864 /testbed/src/jinja2/debug.py:51 jinja2.debug.rewrite_traceback_stack event=line locals={}
2026-08-23 05:03:24.864 /testbed/src/jinja2/debug.py:55 jinja2.debug.rewrite_traceback_stack event=line locals={}
2026-08-23 05:03:24.864 /testbed/src/jinja2/debug.py:57 jinja2.debug.rewrite_traceback_stack event=line locals={}
2026-08-23 05:03:24.864 /testbed/src/jinja2/debug.py:62 jinja2.debug.rewrite_traceback_stack event=line locals={}
2026-08-23 05:03:24.864 /testbed/src/jinja2/debug.py:64 jinja2.debug.rewrite_traceback_stack event=line locals={}
2026-08-23 05:03:24.864 /testbed/src/jinja2/debug.py:48 jinja2.debug.rewrite_traceback_stack event=line locals={'tb': '<traceback object at 0x7782a9eb6840>'}
2026-08-23 05:03:24.865 /testbed/src/jinja2/debug.py:51 jinja2.debug.rewrite_traceback_stack event=line locals={}
2026-08-23 05:03:24.865 /testbed/src/jinja2/debug.py:55 jinja2.debug.rewrite_traceback_stack event=line locals={}
2026-08-23 05:03:24.865 /testbed/src/jinja2/debug.py:57 jinja2.debug.rewrite_traceback_stack event=line locals={}
2026-08-23 05:03:24.865 /testbed/src/jinja2/debug.py:62 jinja2.debug.rewrite_traceback_stack event=line locals={}
2026-08-23 05:03:24.865 /testbed/src/jinja2/debug.py:64 jinja2.debug.rewrite_traceback_stack event=line locals={}
2026-08-23 05:03:24.865 /testbed/src/jinja2/debug.py:48 jinja2.debug.rewrite_traceback_stack event=line locals={'tb': '<traceback object at 0x7782a9eb67c0>'}
2026-08-23 05:03:24.865 /testbed/src/jinja2/debug.py:51 jinja2.debug.rewrite_traceback_stack event=line locals={}
2026-08-23 05:03:24.865 /testbed/src/jinja2/debug.py:55 jinja2.debug.rewrite_traceback_stack event=line locals={}
2026-08-23 05:03:24.865 /testbed/src/jinja2/debug.py:57 jinja2.debug.rewrite_traceback_stack event=line locals={}
2026-08-23 05:03:24.865 /testbed/src/jinja2/debug.py:62 jinja2.debug.rewrite_traceback_stack event=line locals={}
2026-08-23 05:03:24.865 /testbed/src/jinja2/debug.py:64 jinja2.debug.rewrite_traceback_stack event=line locals={}
2026-08-23 05:03:24.865 /testbed/src/jinja2/debug.py:48 jinja2.debug.rewrite_traceback_stack event=line locals={'tb': '<traceback object at 0x7782a9eb6240>'}
2026-08-23 05:03:24.865 /testbed/src/jinja2/debug.py:51 jinja2.debug.rewrite_traceback_stack event=line locals={}
2026-08-23 05:03:24.865 /testbed/src/jinja2/debug.py:55 jinja2.debug.rewrite_traceback_stack event=line locals={}
2026-08-23 05:03:24.865 /testbed/src/jinja2/debug.py:57 jinja2.debug.rewrite_traceback_stack event=line locals={}
2026-08-23 05:03:24.865 /testbed/src/jinja2/debug.py:62 jinja2.debug.rewrite_traceback_stack event=line locals={}
2026-08-23 05:03:24.865 /testbed/src/jinja2/debug.py:64 jinja2.debug.rewrite_traceback_stack event=line locals={}
2026-08-23 05:03:24.865 /testbed/src/jinja2/debug.py:48 jinja2.debug.rewrite_traceback_stack event=line locals={'tb': '<traceback object at 0x7782a9eb5ec0>'}
2026-08-23 05:03:24.865 /testbed/src/jinja2/debug.py:51 jinja2.debug.rewrite_traceback_stack event=line locals={}
2026-08-23 05:03:24.865 /testbed/src/jinja2/debug.py:55 jinja2.debug.rewrite_traceback_stack event=line locals={}
2026-08-23 05:03:24.865 /testbed/src/jinja2/debug.py:57 jinja2.debug.rewrite_traceback_stack event=line locals={}
2026-08-23 05:03:24.865 /testbed/src/jinja2/debug.py:62 jinja2.debug.rewrite_traceback_stack event=line locals={}
2026-08-23 05:03:24.865 /testbed/src/jinja2/debug.py:64 jinja2.debug.rewrite_traceback_stack event=line locals={}
2026-08-23 05:03:24.865 /testbed/src/jinja2/debug.py:48 jinja2.debug.rewrite_traceback_stack event=line locals={'tb': '<traceback object at 0x7782a9eb6180>'}
2026-08-23 05:03:24.865 /testbed/src/jinja2/debug.py:51 jinja2.debug.rewrite_traceback_stack event=line locals={}
2026-08-23 05:03:24.865 /testbed/src/jinja2/debug.py:55 jinja2.debug.rewrite_traceback_stack event=line locals={}
2026-08-23 05:03:24.865 /testbed/src/jinja2/debug.py:57 jinja2.debug.rewrite_traceback_stack event=line locals={}
2026-08-23 05:03:24.865 /testbed/src/jinja2/debug.py:62 jinja2.debug.rewrite_traceback_stack event=line locals={}
2026-08-23 05:03:24.865 /testbed/src/jinja2/debug.py:64 jinja2.debug.rewrite_traceback_stack event=line locals={}
2026-08-23 05:03:24.865 /testbed/src/jinja2/debug.py:48 jinja2.debug.rewrite_traceback_stack event=line locals={'tb': '<traceback object at 0x7782a9eb42c0>'}
2026-08-23 05:03:24.865 /testbed/src/jinja2/debug.py:51 jinja2.debug.rewrite_traceback_stack event=line locals={}
2026-08-23 05:03:24.865 /testbed/src/jinja2/debug.py:55 jinja2.debug.rewrite_traceback_stack event=line locals={}
2026-08-23 05:03:24.865 /testbed/src/jinja2/debug.py:57 jinja2.debug.rewrite_traceback_stack event=line locals={}
2026-08-23 05:03:24.865 /testbed/src/jinja2/debug.py:62 jinja2.debug.rewrite_traceback_stack event=line locals={}
2026-08-23 05:03:24.865 /testbed/src/jinja2/debug.py:64 jinja2.debug.rewrite_traceback_stack event=line locals={}
2026-08-23 05:03:24.865 /testbed/src/jinja2/debug.py:48 jinja2.debug.rewrite_traceback_stack event=line locals={'tb': '<traceback object at 0x7782a9eb6940>'}
2026-08-23 05:03:24.865 /testbed/src/jinja2/debug.py:51 jinja2.debug.rewrite_traceback_stack event=line locals={}
2026-08-23 05:03:24.866 /testbed/src/jinja2/debug.py:55 jinja2.debug.rewrite_traceback_stack event=line locals={}
2026-08-23 05:03:24.866 /testbed/src/jinja2/debug.py:57 jinja2.debug.rewrite_traceback_stack event=line locals={}
2026-08-23 05:03:24.866 /testbed/src/jinja2/debug.py:62 jinja2.debug.rewrite_traceback_stack event=line locals={}
2026-08-23 05:03:24.866 /testbed/src/jinja2/debug.py:64 jinja2.debug.rewrite_traceback_stack event=line locals={}
2026-08-23 05:03:24.866 /testbed/src/jinja2/debug.py:48 jinja2.debug.rewrite_traceback_stack event=line locals={'tb': '<traceback object at 0x7782a9eb5f80>'}
2026-08-23 05:03:24.866 /testbed/src/jinja2/debug.py:51 jinja2.debug.rewrite_traceback_stack event=line locals={}
2026-08-23 05:03:24.866 /testbed/src/jinja2/debug.py:55 jinja2.debug.rewrite_traceback_stack event=line locals={}
2026-08-23 05:03:24.866 /testbed/src/jinja2/debug.py:57 jinja2.debug.rewrite_traceback_stack event=line locals={}
2026-08-23 05:03:24.866 /testbed/src/jinja2/debug.py:62 jinja2.debug.rewrite_traceback_stack event=line locals={}
2026-08-23 05:03:24.866 /testbed/src/jinja2/debug.py:64 jinja2.debug.rewrite_traceback_stack event=line locals={}
2026-08-23 05:03:24.866 /testbed/src/jinja2/debug.py:48 jinja2.debug.rewrite_traceback_stack event=line locals={'tb': '<traceback object at 0x7782a9eb6780>'}
2026-08-23 05:03:24.866 /testbed/src/jinja2/debug.py:51 jinja2.debug.rewrite_traceback_stack event=line locals={}
2026-08-23 05:03:24.866 /testbed/src/jinja2/debug.py:55 jinja2.debug.rewrite_traceback_stack event=line locals={}
2026-08-23 05:03:24.866 /testbed/src/jinja2/debug.py:57 jinja2.debug.rewrite_traceback_stack event=line locals={}
2026-08-23 05:03:24.866 /testbed/src/jinja2/debug.py:62 jinja2.debug.rewrite_traceback_stack event=line locals={}
2026-08-23 05:03:24.866 /testbed/src/jinja2/debug.py:64 jinja2.debug.rewrite_traceback_stack event=line locals={}
2026-08-23 05:03:24.866 /testbed/src/jinja2/debug.py:48 jinja2.debug.rewrite_traceback_stack event=line locals={'tb': '<traceback object at 0x7782a9eb6040>'}
2026-08-23 05:03:24.866 /testbed/src/jinja2/debug.py:51 jinja2.debug.rewrite_traceback_stack event=line locals={}
2026-08-23 05:03:24.866 /testbed/src/jinja2/debug.py:55 jinja2.debug.rewrite_traceback_stack event=line locals={}
2026-08-23 05:03:24.866 /testbed/src/jinja2/debug.py:57 jinja2.debug.rewrite_traceback_stack event=line locals={}
2026-08-23 05:03:24.866 /testbed/src/jinja2/debug.py:62 jinja2.debug.rewrite_traceback_stack event=line locals={}
2026-08-23 05:03:24.866 /testbed/src/jinja2/debug.py:64 jinja2.debug.rewrite_traceback_stack event=line locals={}
2026-08-23 05:03:24.866 /testbed/src/jinja2/debug.py:48 jinja2.debug.rewrite_traceback_stack event=line locals={'tb': '<traceback object at 0x7782a9eb6140>'}
2026-08-23 05:03:24.866 /testbed/src/jinja2/debug.py:51 jinja2.debug.rewrite_traceback_stack event=line locals={}
2026-08-23 05:03:24.866 /testbed/src/jinja2/debug.py:55 jinja2.debug.rewrite_traceback_stack event=line locals={}
2026-08-23 05:03:24.866 /testbed/src/jinja2/debug.py:57 jinja2.debug.rewrite_traceback_stack event=line locals={}
2026-08-23 05:03:24.866 /testbed/src/jinja2/debug.py:62 jinja2.debug.rewrite_traceback_stack event=line locals={}
2026-08-23 05:03:24.866 /testbed/src/jinja2/debug.py:64 jinja2.debug.rewrite_traceback_stack event=line locals={}
2026-08-23 05:03:24.866 /testbed/src/jinja2/debug.py:48 jinja2.debug.rewrite_traceback_stack event=line locals={'tb': '<traceback object at 0x7782a9eb5d80>'}
2026-08-23 05:03:24.866 /testbed/src/jinja2/debug.py:51 jinja2.debug.rewrite_traceback_stack event=line locals={}
2026-08-23 05:03:24.866 /testbed/src/jinja2/debug.py:55 jinja2.debug.rewrite_traceback_stack event=line locals={}
2026-08-23 05:03:24.866 /testbed/src/jinja2/debug.py:57 jinja2.debug.rewrite_traceback_stack event=line locals={}
2026-08-23 05:03:24.866 /testbed/src/jinja2/debug.py:62 jinja2.debug.rewrite_traceback_stack event=line locals={}
2026-08-23 05:03:24.866 /testbed/src/jinja2/debug.py:64 jinja2.debug.rewrite_traceback_stack event=line locals={}
2026-08-23 05:03:24.866 /testbed/src/jinja2/debug.py:48 jinja2.debug.rewrite_traceback_stack event=line locals={'tb': '<traceback object at 0x7782a9eb61c0>'}
2026-08-23 05:03:24.867 /testbed/src/jinja2/debug.py:51 jinja2.debug.rewrite_traceback_stack event=line locals={}
2026-08-23 05:03:24.867 /testbed/src/jinja2/debug.py:55 jinja2.debug.rewrite_traceback_stack event=line locals={}
2026-08-23 05:03:24.867 /testbed/src/jinja2/debug.py:57 jinja2.debug.rewrite_traceback_stack event=line locals={}
2026-08-23 05:03:24.867 /testbed/src/jinja2/debug.py:62 jinja2.debug.rewrite_traceback_stack event=line locals={}
2026-08-23 05:03:24.867 /testbed/src/jinja2/debug.py:64 jinja2.debug.rewrite_traceback_stack event=line locals={}
2026-08-23 05:03:24.867 /testbed/src/jinja2/debug.py:48 jinja2.debug.rewrite_traceback_stack event=line locals={'tb': '<traceback object at 0x7782aa87a680>'}
2026-08-23 05:03:24.867 /testbed/src/jinja2/debug.py:51 jinja2.debug.rewrite_traceback_stack event=line locals={}
2026-08-23 05:03:24.867 /testbed/src/jinja2/debug.py:55 jinja2.debug.rewrite_traceback_stack event=line locals={}
2026-08-23 05:03:24.867 /testbed/src/jinja2/debug.py:57 jinja2.debug.rewrite_traceback_stack event=line locals={}
2026-08-23 05:03:24.867 /testbed/src/jinja2/debug.py:62 jinja2.debug.rewrite_traceback_stack event=line locals={}
2026-08-23 05:03:24.867 /testbed/src/jinja2/debug.py:64 jinja2.debug.rewrite_traceback_stack event=line locals={}
2026-08-23 05:03:24.867 /testbed/src/jinja2/debug.py:48 jinja2.debug.rewrite_traceback_stack event=line locals={'tb': '<traceback object at 0x7782a9ea7400>'}
2026-08-23 05:03:24.867 /testbed/src/jinja2/debug.py:51 jinja2.debug.rewrite_traceback_stack event=line locals={}
2026-08-23 05:03:24.867 /testbed/src/jinja2/debug.py:55 jinja2.debug.rewrite_traceback_stack event=line locals={}
2026-08-23 05:03:24.867 /testbed/src/jinja2/debug.py:57 jinja2.debug.rewrite_traceback_stack event=line locals={}
2026-08-23 05:03:24.867 /testbed/src/jinja2/debug.py:62 jinja2.debug.rewrite_traceback_stack event=line locals={}
2026-08-23 05:03:24.867 /testbed/src/jinja2/debug.py:64 jinja2.debug.rewrite_traceback_stack event=line locals={}
2026-08-23 05:03:24.867 /testbed/src/jinja2/debug.py:48 jinja2.debug.rewrite_traceback_stack event=line locals={'tb': 'None'}
2026-08-23 05:03:24.867 /testbed/src/jinja2/debug.py:66 jinja2.debug.rewrite_traceback_stack event=line locals={}
2026-08-23 05:03:24.867 /testbed/src/jinja2/debug.py:69 jinja2.debug.rewrite_traceback_stack event=line locals={'tb_next': 'None'}
2026-08-23 05:03:24.867 /testbed/src/jinja2/debug.py:70 jinja2.debug.rewrite_traceback_stack event=line locals={'tb': '<traceback object at 0x7782a9ea7400>'}
2026-08-23 05:03:24.867 /testbed/src/jinja2/debug.py:71 jinja2.debug.rewrite_traceback_stack event=line locals={}
2026-08-23 05:03:24.867 /testbed/src/jinja2/debug.py:69 jinja2.debug.rewrite_traceback_stack event=line locals={'tb_next': '<traceback object at 0x7782a9ea7400>'}
2026-08-23 05:03:24.867 /testbed/src/jinja2/debug.py:70 jinja2.debug.rewrite_traceback_stack event=line locals={'tb': '<traceback object at 0x7782aa87a680>'}
2026-08-23 05:03:24.867 /testbed/src/jinja2/debug.py:71 jinja2.debug.rewrite_traceback_stack event=line locals={}
2026-08-23 05:03:24.867 /testbed/src/jinja2/debug.py:69 jinja2.debug.rewrite_traceback_stack event=line locals={'tb_next': '<traceback object at 0x7782aa87a680>'}
2026-08-23 05:03:24.867 /testbed/src/jinja2/debug.py:70 jinja2.debug.rewrite_traceback_stack event=line locals={'tb': '<traceback object at 0x7782a9eb61c0>'}
2026-08-23 05:03:24.867 /testbed/src/jinja2/debug.py:71 jinja2.debug.rewrite_traceback_stack event=line locals={}
2026-08-23 05:03:24.867 /testbed/src/jinja2/debug.py:69 jinja2.debug.rewrite_traceback_stack event=line locals={'tb_next': '<traceback object at 0x7782a9eb61c0>'}
2026-08-23 05:03:24.867 /testbed/src/jinja2/debug.py:70 jinja2.debug.rewrite_traceback_stack event=line locals={'tb': '<traceback object at 0x7782a9eb5d80>'}
2026-08-23 05:03:24.867 /testbed/src/jinja2/debug.py:71 jinja2.debug.rewrite_traceback_stack event=line locals={}
2026-08-23 05:03:24.867 /testbed/src/jinja2/debug.py:69 jinja2.debug.rewrite_traceback_stack event=line locals={'tb_next': '<traceback object at 0x7782a9eb5d80>'}
2026-08-23 05:03:24.867 /testbed/src/jinja2/debug.py:70 jinja2.debug.rewrite_traceback_stack event=line locals={'tb': '<traceback object at 0x7782a9eb6140>'}
2026-08-23 05:03:24.868 /testbed/src/jinja2/debug.py:71 jinja2.debug.rewrite_traceback_stack event=line locals={}
2026-08-23 05:03:24.868 /testbed/src/jinja2/debug.py:69 jinja2.debug.rewrite_traceback_stack event=line locals={'tb_next': '<traceback object at 0x7782a9eb6140>'}
2026-08-23 05:03:24.868 /testbed/src/jinja2/debug.py:70 jinja2.debug.rewrite_traceback_stack event=line locals={'tb': '<traceback object at 0x7782a9eb6040>'}
2026-08-23 05:03:24.868 /testbed/src/jinja2/debug.py:71 jinja2.debug.rewrite_traceback_stack event=line locals={}
2026-08-23 05:03:24.868 /testbed/src/jinja2/debug.py:69 jinja2.debug.rewrite_traceback_stack event=line locals={'tb_next': '<traceback object at 0x7782a9eb6040>'}
2026-08-23 05:03:24.868 /testbed/src/jinja2/debug.py:70 jinja2.debug.rewrite_traceback_stack event=line locals={'tb': '<traceback object at 0x7782a9eb6780>'}
2026-08-23 05:03:24.868 /testbed/src/jinja2/debug.py:71 jinja2.debug.rewrite_traceback_stack event=line locals={}
2026-08-23 05:03:24.868 /testbed/src/jinja2/debug.py:69 jinja2.debug.rewrite_traceback_stack event=line locals={'tb_next': '<traceback object at 0x7782a9eb6780>'}
2026-08-23 05:03:24.868 /testbed/src/jinja2/debug.py:70 jinja2.debug.rewrite_traceback_stack event=line locals={'tb': '<traceback object at 0x7782a9eb5f80>'}
2026-08-23 05:03:24.868 /testbed/src/jinja2/debug.py:71 jinja2.debug.rewrite_traceback_stack event=line locals={}
2026-08-23 05:03:24.868 /testbed/src/jinja2/debug.py:69 jinja2.debug.rewrite_traceback_stack event=line locals={'tb_next': '<traceback object at 0x7782a9eb5f80>'}
2026-08-23 05:03:24.868 /testbed/src/jinja2/debug.py:70 jinja2.debug.rewrite_traceback_stack event=line locals={'tb': '<traceback object at 0x7782a9eb6940>'}
2026-08-23 05:03:24.868 /testbed/src/jinja2/debug.py:71 jinja2.debug.rewrite_traceback_stack event=line locals={}
2026-08-23 05:03:24.868 /testbed/src/jinja2/debug.py:69 jinja2.debug.rewrite_traceback_stack event=line locals={'tb_next': '<traceback object at 0x7782a9eb6940>'}
2026-08-23 05:03:24.868 /testbed/src/jinja2/debug.py:70 jinja2.debug.rewrite_traceback_stack event=line locals={'tb': '<traceback object at 0x7782a9eb42c0>'}
2026-08-23 05:03:24.868 /testbed/src/jinja2/debug.py:71 jinja2.debug.rewrite_traceback_stack event=line locals={}
2026-08-23 05:03:24.868 /testbed/src/jinja2/debug.py:69 jinja2.debug.rewrite_traceback_stack event=line locals={'tb_next': '<traceback object at 0x7782a9eb42c0>'}
2026-08-23 05:03:24.868 /testbed/src/jinja2/debug.py:70 jinja2.debug.rewrite_traceback_stack event=line locals={'tb': '<traceback object at 0x7782a9eb6180>'}
2026-08-23 05:03:24.868 /testbed/src/jinja2/debug.py:71 jinja2.debug.rewrite_traceback_stack event=line locals={}
2026-08-23 05:03:24.868 /testbed/src/jinja2/debug.py:69 jinja2.debug.rewrite_traceback_stack event=line locals={'tb_next': '<traceback object at 0x7782a9eb6180>'}
2026-08-23 05:03:24.868 /testbed/src/jinja2/debug.py:70 jinja2.debug.rewrite_traceback_stack event=line locals={'tb': '<traceback object at 0x7782a9eb5ec0>'}
2026-08-23 05:03:24.868 /testbed/src/jinja2/debug.py:71 jinja2.debug.rewrite_traceback_stack event=line locals={}
2026-08-23 05:03:24.868 /testbed/src/jinja2/debug.py:69 jinja2.debug.rewrite_traceback_stack event=line locals={'tb_next': '<traceback object at 0x7782a9eb5ec0>'}
2026-08-23 05:03:24.868 /testbed/src/jinja2/debug.py:70 jinja2.debug.rewrite_traceback_stack event=line locals={'tb': '<traceback object at 0x7782a9eb6240>'}
2026-08-23 05:03:24.868 /testbed/src/jinja2/debug.py:71 jinja2.debug.rewrite_traceback_stack event=line locals={}
2026-08-23 05:03:24.868 /testbed/src/jinja2/debug.py:69 jinja2.debug.rewrite_traceback_stack event=line locals={'tb_next': '<traceback object at 0x7782a9eb6240>'}
2026-08-23 05:03:24.868 /testbed/src/jinja2/debug.py:70 jinja2.debug.rewrite_traceback_stack event=line locals={'tb': '<traceback object at 0x7782a9eb67c0>'}
2026-08-23 05:03:24.868 /testbed/src/jinja2/debug.py:71 jinja2.debug.rewrite_traceback_stack event=line locals={}
2026-08-23 05:03:24.869 /testbed/src/jinja2/debug.py:69 jinja2.debug.rewrite_traceback_stack event=line locals={'tb_next': '<traceback object at 0x7782a9eb67c0>'}
2026-08-23 05:03:24.869 /testbed/src/jinja2/debug.py:70 jinja2.debug.rewrite_traceback_stack event=line locals={'tb': '<traceback object at 0x7782a9eb6840>'}
2026-08-23 05:03:24.869 /testbed/src/jinja2/debug.py:71 jinja2.debug.rewrite_traceback_stack event=line locals={}
2026-08-23 05:03:24.869 /testbed/src/jinja2/debug.py:69 jinja2.debug.rewrite_traceback_stack event=line locals={'tb_next': '<traceback object at 0x7782a9eb6840>'}
2026-08-23 05:03:24.869 /testbed/src/jinja2/debug.py:70 jinja2.debug.rewrite_traceback_stack event=line locals={'tb': '<traceback object at 0x7782a9eb6900>'}
2026-08-23 05:03:24.869 /testbed/src/jinja2/debug.py:71 jinja2.debug.rewrite_traceback_stack event=line locals={}
2026-08-23 05:03:24.869 /testbed/src/jinja2/debug.py:69 jinja2.debug.rewrite_traceback_stack event=line locals={'tb_next': '<traceback object at 0x7782a9eb6900>'}
2026-08-23 05:03:24.869 /testbed/src/jinja2/debug.py:70 jinja2.debug.rewrite_traceback_stack event=line locals={'tb': '<traceback object at 0x7782a9eb6a40>'}
2026-08-23 05:03:24.869 /testbed/src/jinja2/debug.py:71 jinja2.debug.rewrite_traceback_stack event=line locals={}
2026-08-23 05:03:24.869 /testbed/src/jinja2/debug.py:69 jinja2.debug.rewrite_traceback_stack event=line locals={'tb_next': '<traceback object at 0x7782a9eb6a40>'}
2026-08-23 05:03:24.869 /testbed/src/jinja2/debug.py:70 jinja2.debug.rewrite_traceback_stack event=line locals={'tb': '<traceback object at 0x7782a9eb69c0>'}
2026-08-23 05:03:24.869 /testbed/src/jinja2/debug.py:71 jinja2.debug.rewrite_traceback_stack event=line locals={}
2026-08-23 05:03:24.869 /testbed/src/jinja2/debug.py:69 jinja2.debug.rewrite_traceback_stack event=line locals={'tb_next': '<traceback object at 0x7782a9eb69c0>'}
2026-08-23 05:03:24.869 /testbed/src/jinja2/debug.py:70 jinja2.debug.rewrite_traceback_stack event=line locals={'tb': '<traceback object at 0x7782a9eb6a00>'}
2026-08-23 05:03:24.869 /testbed/src/jinja2/debug.py:71 jinja2.debug.rewrite_traceback_stack event=line locals={}
2026-08-23 05:03:24.869 /testbed/src/jinja2/debug.py:69 jinja2.debug.rewrite_traceback_stack event=line locals={'tb_next': '<traceback object at 0x7782a9eb6a00>'}
2026-08-23 05:03:24.869 /testbed/src/jinja2/debug.py:70 jinja2.debug.rewrite_traceback_stack event=line locals={'tb': '<traceback object at 0x7782a9eb6a80>'}
2026-08-23 05:03:24.869 /testbed/src/jinja2/debug.py:71 jinja2.debug.rewrite_traceback_stack event=line locals={}
2026-08-23 05:03:24.869 /testbed/src/jinja2/debug.py:69 jinja2.debug.rewrite_traceback_stack event=line locals={'tb_next': '<traceback object at 0x7782a9eb6a80>'}
2026-08-23 05:03:24.869 /testbed/src/jinja2/debug.py:70 jinja2.debug.rewrite_traceback_stack event=line locals={'tb': '<traceback object at 0x7782a9eb6ac0>'}
2026-08-23 05:03:24.869 /testbed/src/jinja2/debug.py:71 jinja2.debug.rewrite_traceback_stack event=line locals={}
2026-08-23 05:03:24.869 /testbed/src/jinja2/debug.py:69 jinja2.debug.rewrite_traceback_stack event=line locals={'tb_next': '<traceback object at 0x7782a9eb6ac0>'}
2026-08-23 05:03:24.869 /testbed/src/jinja2/debug.py:70 jinja2.debug.rewrite_traceback_stack event=line locals={'tb': '<traceback object at 0x7782a9eb6b00>'}
2026-08-23 05:03:24.869 /testbed/src/jinja2/debug.py:71 jinja2.debug.rewrite_traceback_stack event=line locals={}
2026-08-23 05:03:24.869 /testbed/src/jinja2/debug.py:69 jinja2.debug.rewrite_traceback_stack event=line locals={'tb_next': '<traceback object at 0x7782a9eb6b00>'}
2026-08-23 05:03:24.869 /testbed/src/jinja2/debug.py:70 jinja2.debug.rewrite_traceback_stack event=line locals={'tb': '<traceback object at 0x7782a9ed2440>'}
2026-08-23 05:03:24.869 /testbed/src/jinja2/debug.py:71 jinja2.debug.rewrite_traceback_stack event=line locals={}
2026-08-23 05:03:24.869 /testbed/src/jinja2/debug.py:69 jinja2.debug.rewrite_traceback_stack event=line locals={'tb_next': '<traceback object at 0x7782a9ed2440>'}
2026-08-23 05:03:24.869 /testbed/src/jinja2/debug.py:70 jinja2.debug.rewrite_traceback_stack event=line locals={'tb': '<traceback object at 0x7782a9ed22c0>'}
2026-08-23 05:03:24.869 /testbed/src/jinja2/debug.py:71 jinja2.debug.rewrite_traceback_stack event=line locals={}
2026-08-23 05:03:24.869 /testbed/src/jinja2/debug.py:69 jinja2.debug.rewrite_traceback_stack event=line locals={'tb_next': '<traceback object at 0x7782a9ed22c0>'}
2026-08-23 05:03:24.869 /testbed/src/jinja2/debug.py:70 jinja2.debug.rewrite_traceback_stack event=line locals={'tb': '<traceback object at 0x7782a9ed2140>'}
2026-08-23 05:03:24.869 /testbed/src/jinja2/debug.py:71 jinja2.debug.rewrite_traceback_stack event=line locals={}
2026-08-23 05:03:24.870 /testbed/src/jinja2/debug.py:69 jinja2.debug.rewrite_traceback_stack event=line locals={'tb_next': '<traceback object at 0x7782a9ed2140>'}
2026-08-23 05:03:24.870 /testbed/src/jinja2/debug.py:70 jinja2.debug.rewrite_traceback_stack event=line locals={'tb': '<traceback object at 0x7782a9ed1fc0>'}
2026-08-23 05:03:24.870 /testbed/src/jinja2/debug.py:71 jinja2.debug.rewrite_traceback_stack event=line locals={}
2026-08-23 05:03:24.870 /testbed/src/jinja2/debug.py:69 jinja2.debug.rewrite_traceback_stack event=line locals={'tb_next': '<traceback object at 0x7782a9ed1fc0>'}
2026-08-23 05:03:24.870 /testbed/src/jinja2/debug.py:70 jinja2.debug.rewrite_traceback_stack event=line locals={'tb': '<traceback object at 0x7782a9ed1e40>'}
2026-08-23 05:03:24.870 /testbed/src/jinja2/debug.py:71 jinja2.debug.rewrite_traceback_stack event=line locals={}
2026-08-23 05:03:24.870 /testbed/src/jinja2/debug.py:69 jinja2.debug.rewrite_traceback_stack event=line locals={'tb_next': '<traceback object at 0x7782a9ed1e40>'}
2026-08-23 05:03:24.870 /testbed/src/jinja2/debug.py:70 jinja2.debug.rewrite_traceback_stack event=line locals={'tb': '<traceback object at 0x7782a9ed1cc0>'}
2026-08-23 05:03:24.870 /testbed/src/jinja2/debug.py:71 jinja2.debug.rewrite_traceback_stack event=line locals={}
2026-08-23 05:03:24.870 /testbed/src/jinja2/debug.py:69 jinja2.debug.rewrite_traceback_stack event=line locals={'tb_next': '<traceback object at 0x7782a9ed1cc0>'}
2026-08-23 05:03:24.870 /testbed/src/jinja2/debug.py:70 jinja2.debug.rewrite_traceback_stack event=line locals={'tb': '<traceback object at 0x7782a9ed1b40>'}
2026-08-23 05:03:24.870 /testbed/src/jinja2/debug.py:71 jinja2.debug.rewrite_traceback_stack event=line locals={}
2026-08-23 05:03:24.870 /testbed/src/jinja2/debug.py:69 jinja2.debug.rewrite_traceback_stack event=line locals={'tb_next': '<traceback object at 0x7782a9ed1b40>'}
2026-08-23 05:03:24.870 /testbed/src/jinja2/debug.py:70 jinja2.debug.rewrite_traceback_stack event=line locals={'tb': '<traceback object at 0x7782a9ed19c0>'}
2026-08-23 05:03:24.870 /testbed/src/jinja2/debug.py:71 jinja2.debug.rewrite_traceback_stack event=line locals={}
2026-08-23 05:03:24.870 /testbed/src/jinja2/debug.py:69 jinja2.debug.rewrite_traceback_stack event=line locals={'tb_next': '<traceback object at 0x7782a9ed19c0>'}
2026-08-23 05:03:24.870 /testbed/src/jinja2/debug.py:70 jinja2.debug.rewrite_traceback_stack event=line locals={'tb': '<traceback object at 0x7782a9ed1840>'}
2026-08-23 05:03:24.870 /testbed/src/jinja2/debug.py:71 jinja2.debug.rewrite_traceback_stack event=line locals={}
2026-08-23 05:03:24.870 /testbed/src/jinja2/debug.py:69 jinja2.debug.rewrite_traceback_stack event=line locals={'tb_next': '<traceback object at 0x7782a9ed1840>'}
2026-08-23 05:03:24.870 /testbed/src/jinja2/debug.py:70 jinja2.debug.rewrite_traceback_stack event=line locals={'tb': '<traceback object at 0x7782a9ed16c0>'}
2026-08-23 05:03:24.870 /testbed/src/jinja2/debug.py:71 jinja2.debug.rewrite_traceback_stack event=line locals={}
2026-08-23 05:03:24.870 /testbed/src/jinja2/debug.py:69 jinja2.debug.rewrite_traceback_stack event=line locals={'tb_next': '<traceback object at 0x7782a9ed16c0>'}
2026-08-23 05:03:24.870 /testbed/src/jinja2/debug.py:70 jinja2.debug.rewrite_traceback_stack event=line locals={'tb': '<traceback object at 0x7782a9ed1540>'}
2026-08-23 05:03:24.870 /testbed/src/jinja2/debug.py:71 jinja2.debug.rewrite_traceback_stack event=line locals={}
2026-08-23 05:03:24.870 /testbed/src/jinja2/debug.py:69 jinja2.debug.rewrite_traceback_stack event=line locals={'tb_next': '<traceback object at 0x7782a9ed1540>'}
2026-08-23 05:03:24.870 /testbed/src/jinja2/debug.py:70 jinja2.debug.rewrite_traceback_stack event=line locals={'tb': '<traceback object at 0x7782a9ed13c0>'}
2026-08-23 05:03:24.870 /testbed/src/jinja2/debug.py:71 jinja2.debug.rewrite_traceback_stack event=line locals={}
2026-08-23 05:03:24.870 /testbed/src/jinja2/debug.py:69 jinja2.debug.rewrite_traceback_stack event=line locals={'tb_next': '<traceback object at 0x7782a9ed13c0>'}
2026-08-23 05:03:24.870 /testbed/src/jinja2/debug.py:70 jinja2.debug.rewrite_traceback_stack event=line locals={'tb': '<traceback object at 0x7782a9ed1240>'}
2026-08-23 05:03:24.870 /testbed/src/jinja2/debug.py:71 jinja2.debug.rewrite_traceback_stack event=line locals={}
2026-08-23 05:03:24.870 /testbed/src/jinja2/debug.py:69 jinja2.debug.rewrite_traceback_stack event=line locals={'tb_next': '<traceback object at 0x7782a9ed1240>'}
2026-08-23 05:03:24.870 /testbed/src/jinja2/debug.py:70 jinja2.debug.rewrite_traceback_stack event=line locals={'tb': '<traceback object at 0x7782a9ed10c0>'}
2026-08-23 05:03:24.871 /testbed/src/jinja2/debug.py:71 jinja2.debug.rewrite_traceback_stack event=line locals={}
2026-08-23 05:03:24.871 /testbed/src/jinja2/debug.py:69 jinja2.debug.rewrite_traceback_stack event=line locals={'tb_next': '<traceback object at 0x7782a9ed10c0>'}
2026-08-23 05:03:24.871 /testbed/src/jinja2/debug.py:70 jinja2.debug.rewrite_traceback_stack event=line locals={'tb': '<traceback object at 0x7782a9ed0f40>'}
2026-08-23 05:03:24.871 /testbed/src/jinja2/debug.py:71 jinja2.debug.rewrite_traceback_stack event=line locals={}
2026-08-23 05:03:24.871 /testbed/src/jinja2/debug.py:69 jinja2.debug.rewrite_traceback_stack event=line locals={'tb_next': '<traceback object at 0x7782a9ed0f40>'}
2026-08-23 05:03:24.871 /testbed/src/jinja2/debug.py:70 jinja2.debug.rewrite_traceback_stack event=line locals={'tb': '<traceback object at 0x7782a9ed0dc0>'}
2026-08-23 05:03:24.871 /testbed/src/jinja2/debug.py:71 jinja2.debug.rewrite_traceback_stack event=line locals={}
2026-08-23 05:03:24.871 /testbed/src/jinja2/debug.py:69 jinja2.debug.rewrite_traceback_stack event=line locals={'tb_next': '<traceback object at 0x7782a9ed0dc0>'}
2026-08-23 05:03:24.871 /testbed/src/jinja2/debug.py:70 jinja2.debug.rewrite_traceback_stack event=line locals={'tb': '<traceback object at 0x7782a9ed0c40>'}
2026-08-23 05:03:24.871 /testbed/src/jinja2/debug.py:71 jinja2.debug.rewrite_traceback_stack event=line locals={}
2026-08-23 05:03:24.871 /testbed/src/jinja2/debug.py:69 jinja2.debug.rewrite_traceback_stack event=line locals={'tb_next': '<traceback object at 0x7782a9ed0c40>'}
2026-08-23 05:03:24.871 /testbed/src/jinja2/debug.py:70 jinja2.debug.rewrite_traceback_stack event=line locals={'tb': '<traceback object at 0x7782a9ed0ac0>'}
2026-08-23 05:03:24.871 /testbed/src/jinja2/debug.py:71 jinja2.debug.rewrite_traceback_stack event=line locals={}
2026-08-23 05:03:24.871 /testbed/src/jinja2/debug.py:69 jinja2.debug.rewrite_traceback_stack event=line locals={'tb_next': '<traceback object at 0x7782a9ed0ac0>'}
2026-08-23 05:03:24.871 /testbed/src/jinja2/debug.py:70 jinja2.debug.rewrite_traceback_stack event=line locals={'tb': '<traceback object at 0x7782a9ed0940>'}
2026-08-23 05:03:24.871 /testbed/src/jinja2/debug.py:71 jinja2.debug.rewrite_traceback_stack event=line locals={}
2026-08-23 05:03:24.871 /testbed/src/jinja2/debug.py:69 jinja2.debug.rewrite_traceback_stack event=line locals={'tb_next': '<traceback object at 0x7782a9ed0940>'}
2026-08-23 05:03:24.871 /testbed/src/jinja2/debug.py:70 jinja2.debug.rewrite_traceback_stack event=line locals={'tb': '<traceback object at 0x7782a9ed07c0>'}
2026-08-23 05:03:24.871 /testbed/src/jinja2/debug.py:71 jinja2.debug.rewrite_traceback_stack event=line locals={}
2026-08-23 05:03:24.871 /testbed/src/jinja2/debug.py:69 jinja2.debug.rewrite_traceback_stack event=line locals={'tb_next': '<traceback object at 0x7782a9ed07c0>'}
2026-08-23 05:03:24.871 /testbed/src/jinja2/debug.py:70 jinja2.debug.rewrite_traceback_stack event=line locals={'tb': '<traceback object at 0x7782a9ed0640>'}
2026-08-23 05:03:24.871 /testbed/src/jinja2/debug.py:71 jinja2.debug.rewrite_traceback_stack event=line locals={}
2026-08-23 05:03:24.871 /testbed/src/jinja2/debug.py:69 jinja2.debug.rewrite_traceback_stack event=line locals={'tb_next': '<traceback object at 0x7782a9ed0640>'}
2026-08-23 05:03:24.871 /testbed/src/jinja2/debug.py:70 jinja2.debug.rewrite_traceback_stack event=line locals={'tb': '<traceback object at 0x7782a9ed04c0>'}
2026-08-23 05:03:24.871 /testbed/src/jinja2/debug.py:71 jinja2.debug.rewrite_traceback_stack event=line locals={}
2026-08-23 05:03:24.871 /testbed/src/jinja2/debug.py:69 jinja2.debug.rewrite_traceback_stack event=line locals={'tb_next': '<traceback object at 0x7782a9ed04c0>'}
2026-08-23 05:03:24.871 /testbed/src/jinja2/debug.py:70 jinja2.debug.rewrite_traceback_stack event=line locals={'tb': '<traceback object at 0x7782a9ed0340>'}
2026-08-23 05:03:24.871 /testbed/src/jinja2/debug.py:71 jinja2.debug.rewrite_traceback_stack event=line locals={}
2026-08-23 05:03:24.871 /testbed/src/jinja2/debug.py:69 jinja2.debug.rewrite_traceback_stack event=line locals={'tb_next': '<traceback object at 0x7782a9ed0340>'}
2026-08-23 05:03:24.871 /testbed/src/jinja2/debug.py:70 jinja2.debug.rewrite_traceback_stack event=line locals={'tb': '<traceback object at 0x7782a9ed0080>'}
2026-08-23 05:03:24.871 /testbed/src/jinja2/debug.py:71 jinja2.debug.rewrite_traceback_stack event=line locals={}
2026-08-23 05:03:24.871 /testbed/src/jinja2/debug.py:69 jinja2.debug.rewrite_traceback_stack event=line locals={'tb_next': '<traceback object at 0x7782a9ed0080>'}
2026-08-23 05:03:24.871 /testbed/src/jinja2/debug.py:70 jinja2.debug.rewrite_traceback_stack event=line locals={'tb': '<traceback object at 0x7782a9ed0300>'}
2026-08-23 05:03:24.872 /testbed/src/jinja2/debug.py:71 jinja2.debug.rewrite_traceback_stack event=line locals={}
2026-08-23 05:03:24.872 /testbed/src/jinja2/debug.py:69 jinja2.debug.rewrite_traceback_stack event=line locals={'tb_next': '<traceback object at 0x7782a9ed0300>'}
2026-08-23 05:03:24.872 /testbed/src/jinja2/debug.py:70 jinja2.debug.rewrite_traceback_stack event=line locals={'tb': '<traceback object at 0x7782a9eb7f40>'}
2026-08-23 05:03:24.872 /testbed/src/jinja2/debug.py:71 jinja2.debug.rewrite_traceback_stack event=line locals={}
2026-08-23 05:03:24.872 /testbed/src/jinja2/debug.py:69 jinja2.debug.rewrite_traceback_stack event=line locals={'tb_next': '<traceback object at 0x7782a9eb7f40>'}
2026-08-23 05:03:24.872 /testbed/src/jinja2/debug.py:70 jinja2.debug.rewrite_traceback_stack event=line locals={'tb': '<traceback object at 0x7782a9eb7f00>'}
2026-08-23 05:03:24.872 /testbed/src/jinja2/debug.py:71 jinja2.debug.rewrite_traceback_stack event=line locals={}
2026-08-23 05:03:24.872 /testbed/src/jinja2/debug.py:69 jinja2.debug.rewrite_traceback_stack event=line locals={'tb_next': '<traceback object at 0x7782a9eb7f00>'}
2026-08-23 05:03:24.872 /testbed/src/jinja2/debug.py:70 jinja2.debug.rewrite_traceback_stack event=line locals={'tb': '<traceback object at 0x7782a9eb7e00>'}
2026-08-23 05:03:24.872 /testbed/src/jinja2/debug.py:71 jinja2.debug.rewrite_traceback_stack event=line locals={}
2026-08-23 05:03:24.872 /testbed/src/jinja2/debug.py:69 jinja2.debug.rewrite_traceback_stack event=line locals={'tb_next': '<traceback object at 0x7782a9eb7e00>'}
2026-08-23 05:03:24.872 /testbed/src/jinja2/debug.py:70 jinja2.debug.rewrite_traceback_stack event=line locals={'tb': '<traceback object at 0x7782a9eb7c80>'}
2026-08-23 05:03:24.872 /testbed/src/jinja2/debug.py:71 jinja2.debug.rewrite_traceback_stack event=line locals={}
2026-08-23 05:03:24.872 /testbed/src/jinja2/debug.py:69 jinja2.debug.rewrite_traceback_stack event=line locals={'tb_next': '<traceback object at 0x7782a9eb7c80>'}
2026-08-23 05:03:24.872 /testbed/src/jinja2/debug.py:70 jinja2.debug.rewrite_traceback_stack event=line locals={'tb': '<traceback object at 0x7782a9eb7b00>'}
2026-08-23 05:03:24.872 /testbed/src/jinja2/debug.py:71 jinja2.debug.rewrite_traceback_stack event=line locals={}
2026-08-23 05:03:24.872 /testbed/src/jinja2/debug.py:69 jinja2.debug.rewrite_traceback_stack event=line locals={'tb_next': '<traceback object at 0x7782a9eb7b00>'}
2026-08-23 05:03:24.872 /testbed/src/jinja2/debug.py:70 jinja2.debug.rewrite_traceback_stack event=line locals={'tb': '<traceback object at 0x7782a9eb7940>'}
2026-08-23 05:03:24.872 /testbed/src/jinja2/debug.py:71 jinja2.debug.rewrite_traceback_stack event=line locals={}
2026-08-23 05:03:24.872 /testbed/src/jinja2/debug.py:69 jinja2.debug.rewrite_traceback_stack event=line locals={'tb_next': '<traceback object at 0x7782a9eb7940>'}
2026-08-23 05:03:24.872 /testbed/src/jinja2/debug.py:70 jinja2.debug.rewrite_traceback_stack event=line locals={'tb': '<traceback object at 0x7782a9eb77c0>'}
2026-08-23 05:03:24.872 /testbed/src/jinja2/debug.py:71 jinja2.debug.rewrite_traceback_stack event=line locals={}
2026-08-23 05:03:24.872 /testbed/src/jinja2/debug.py:69 jinja2.debug.rewrite_traceback_stack event=line locals={'tb_next': '<traceback object at 0x7782a9eb77c0>'}
2026-08-23 05:03:24.872 /testbed/src/jinja2/debug.py:70 jinja2.debug.rewrite_traceback_stack event=line locals={'tb': '<traceback object at 0x7782a9eb7600>'}
2026-08-23 05:03:24.872 /testbed/src/jinja2/debug.py:71 jinja2.debug.rewrite_traceback_stack event=line locals={}
2026-08-23 05:03:24.872 /testbed/src/jinja2/debug.py:69 jinja2.debug.rewrite_traceback_stack event=line locals={'tb_next': '<traceback object at 0x7782a9eb7600>'}
2026-08-23 05:03:24.872 /testbed/src/jinja2/debug.py:70 jinja2.debug.rewrite_traceback_stack event=line locals={'tb': '<traceback object at 0x7782a9eb7580>'}
2026-08-23 05:03:24.872 /testbed/src/jinja2/debug.py:71 jinja2.debug.rewrite_traceback_stack event=line locals={}
2026-08-23 05:03:24.872 /testbed/src/jinja2/debug.py:69 jinja2.debug.rewrite_traceback_stack event=line locals={'tb_next': '<traceback object at 0x7782a9eb7580>'}
2026-08-23 05:03:24.872 /testbed/src/jinja2/debug.py:70 jinja2.debug.rewrite_traceback_stack event=line locals={'tb': '<traceback object at 0x7782a9e97780>'}
2026-08-23 05:03:24.873 /testbed/src/jinja2/debug.py:71 jinja2.debug.rewrite_traceback_stack event=line locals={}
2026-08-23 05:03:24.873 /testbed/src/jinja2/debug.py:69 jinja2.debug.rewrite_traceback_stack event=line locals={'tb_next': '<traceback object at 0x7782a9e97780>'}
2026-08-23 05:03:24.873 /testbed/src/jinja2/debug.py:70 jinja2.debug.rewrite_traceback_stack event=line locals={'tb': '<traceback object at 0x7782aa8e8340>'}
2026-08-23 05:03:24.873 /testbed/src/jinja2/debug.py:71 jinja2.debug.rewrite_traceback_stack event=line locals={}
2026-08-23 05:03:24.873 /testbed/src/jinja2/debug.py:69 jinja2.debug.rewrite_traceback_stack event=line locals={'tb_next': '<traceback object at 0x7782aa8e8340>'}
2026-08-23 05:03:24.873 /testbed/src/jinja2/debug.py:73 jinja2.debug.rewrite_traceback_stack event=line locals={}
2026-08-23 05:03:24.873 /testbed/src/jinja2/debug.py:73 jinja2.debug.rewrite_traceback_stack event=return retval=ZeroDivisionError('division by zero') locals={'exc_value': "ZeroDivisionError('division by zero')", 'fake_tb': '<traceback object at 0x7782a9ed2440>', 'lineno': '1', 'source': 'None', 'stack': '[<traceback object at 0x7782aa8e8340>, <traceback object at 0x7782a9e97780>, <traceback object at 0x7782a9eb7580>, <traceback object at 0x7782a9eb7600>, <traceback object at 0x7782a9eb77c0>, <traceback object at 0x7782a9eb7940>, <traceback object at 0x7782a9eb7b00>, <traceback object at 0x7782a9eb7c80>, <traceback object at 0x7782a9eb7e00>, <traceback object at 0x7782a9eb7f00>, <traceback object at 0x7782a9eb7f40>, <traceback object at 0x7782a9ed0300>, <traceback object at 0x7782a9ed0080>, <trac...', 'tb': '<traceback object at 0x7782aa8e8340>', 'tb_next': '<traceback object at 0x7782aa8e8340>', 'template': 'None'}
