2026-07-15 04:14:21.601 [TRACE][START] pid=44 TRACE_OUT='/testbed/logs/llama_factory_qa/vllm_engine_generate_m4_dataflow__r20260714/trace.log' TRACE_FILE='src/llamafactory/chat/vllm_engine.py' TRACE_FUNCS=['_generate'] TRACE_EVENTS=['call', 'exception', 'line', 'return']
2026-07-15 04:14:21.609 /testbed/src/llamafactory/chat/vllm_engine.py:103 src.llamafactory.chat.vllm_engine._generate event=call locals={'audios': 'None', 'images': "['img-a', 'img-b']", 'input_kwargs': '{}', 'messages': "[{'role': 'user', 'content': 'hello'}]", 'self': '<src.llamafactory.chat.vllm_engine.VllmEngine object at 0x7d1976997c10>', 'system': 'None', 'tools': 'None', 'videos': 'None'}
2026-07-15 04:14:21.609 /testbed/src/llamafactory/chat/vllm_engine.py:113 src.llamafactory.chat.vllm_engine._generate event=line locals={}
2026-07-15 04:14:21.609 /testbed/src/llamafactory/chat/vllm_engine.py:114 src.llamafactory.chat.vllm_engine._generate event=line locals={'request_id': "'chatcmpl-06b6cd4178c243d19f6b6d7e002d3a02'"}
2026-07-15 04:14:21.609 /testbed/src/llamafactory/chat/vllm_engine.py:115 src.llamafactory.chat.vllm_engine._generate event=line locals={}
2026-07-15 04:14:21.609 /testbed/src/llamafactory/chat/vllm_engine.py:117 src.llamafactory.chat.vllm_engine._generate event=line locals={'messages': "[{'role': 'user', 'content': '<image><image>hello'}]"}
2026-07-15 04:14:21.609 /testbed/src/llamafactory/chat/vllm_engine.py:120 src.llamafactory.chat.vllm_engine._generate event=line locals={}
2026-07-15 04:14:21.609 /testbed/src/llamafactory/chat/vllm_engine.py:123 src.llamafactory.chat.vllm_engine._generate event=line locals={}
2026-07-15 04:14:21.609 /testbed/src/llamafactory/chat/vllm_engine.py:124 src.llamafactory.chat.vllm_engine._generate event=line locals={}
2026-07-15 04:14:21.609 /testbed/src/llamafactory/chat/vllm_engine.py:123 src.llamafactory.chat.vllm_engine._generate event=line locals={}
2026-07-15 04:14:21.609 /testbed/src/llamafactory/chat/vllm_engine.py:126 src.llamafactory.chat.vllm_engine._generate event=line locals={}
2026-07-15 04:14:21.609 /testbed/src/llamafactory/chat/vllm_engine.py:127 src.llamafactory.chat.vllm_engine._generate event=line locals={'paired_messages': "[{'role': 'user', 'content': '<image><image>hello'}, {'role': 'assistant', 'content': ''}]"}
2026-07-15 04:14:21.609 /testbed/src/llamafactory/chat/vllm_engine.py:128 src.llamafactory.chat.vllm_engine._generate event=line locals={'system': "'sys-a'"}
2026-07-15 04:14:21.609 /testbed/src/llamafactory/chat/vllm_engine.py:129 src.llamafactory.chat.vllm_engine._generate event=line locals={'prompt_ids': '[101, 102, 103]'}
2026-07-15 04:14:21.609 /testbed/src/llamafactory/chat/vllm_engine.py:131 src.llamafactory.chat.vllm_engine._generate event=line locals={'prompt_length': '3'}
2026-07-15 04:14:21.609 /testbed/src/llamafactory/chat/vllm_engine.py:132 src.llamafactory.chat.vllm_engine._generate event=line locals={'temperature': 'None'}
2026-07-15 04:14:21.609 /testbed/src/llamafactory/chat/vllm_engine.py:133 src.llamafactory.chat.vllm_engine._generate event=line locals={'top_p': 'None'}
2026-07-15 04:14:21.609 /testbed/src/llamafactory/chat/vllm_engine.py:134 src.llamafactory.chat.vllm_engine._generate event=line locals={'top_k': 'None'}
2026-07-15 04:14:21.609 /testbed/src/llamafactory/chat/vllm_engine.py:135 src.llamafactory.chat.vllm_engine._generate event=line locals={'num_return_sequences': '1'}
2026-07-15 04:14:21.609 /testbed/src/llamafactory/chat/vllm_engine.py:136 src.llamafactory.chat.vllm_engine._generate event=line locals={'repetition_penalty': 'None'}
2026-07-15 04:14:21.609 /testbed/src/llamafactory/chat/vllm_engine.py:137 src.llamafactory.chat.vllm_engine._generate event=line locals={'length_penalty': 'None'}
2026-07-15 04:14:21.609 /testbed/src/llamafactory/chat/vllm_engine.py:138 src.llamafactory.chat.vllm_engine._generate event=line locals={'skip_special_tokens': 'None'}
2026-07-15 04:14:21.609 /testbed/src/llamafactory/chat/vllm_engine.py:139 src.llamafactory.chat.vllm_engine._generate event=line locals={'max_length': 'None'}
2026-07-15 04:14:21.609 /testbed/src/llamafactory/chat/vllm_engine.py:140 src.llamafactory.chat.vllm_engine._generate event=line locals={'max_new_tokens': 'None'}
2026-07-15 04:14:21.609 /testbed/src/llamafactory/chat/vllm_engine.py:142 src.llamafactory.chat.vllm_engine._generate event=line locals={'stop': 'None'}
2026-07-15 04:14:21.609 /testbed/src/llamafactory/chat/vllm_engine.py:145 src.llamafactory.chat.vllm_engine._generate event=line locals={}
2026-07-15 04:14:21.609 /testbed/src/llamafactory/chat/vllm_engine.py:146 src.llamafactory.chat.vllm_engine._generate event=line locals={}
2026-07-15 04:14:21.609 /testbed/src/llamafactory/chat/vllm_engine.py:153 src.llamafactory.chat.vllm_engine._generate event=line locals={'max_tokens': '9'}
2026-07-15 04:14:21.609 /testbed/src/llamafactory/chat/vllm_engine.py:156 src.llamafactory.chat.vllm_engine._generate event=line locals={}
2026-07-15 04:14:21.609 /testbed/src/llamafactory/chat/vllm_engine.py:159 src.llamafactory.chat.vllm_engine._generate event=line locals={}
2026-07-15 04:14:21.609 /testbed/src/llamafactory/chat/vllm_engine.py:160 src.llamafactory.chat.vllm_engine._generate event=line locals={}
2026-07-15 04:14:21.609 /testbed/src/llamafactory/chat/vllm_engine.py:162 src.llamafactory.chat.vllm_engine._generate event=line locals={}
2026-07-15 04:14:21.609 /testbed/src/llamafactory/chat/vllm_engine.py:161 src.llamafactory.chat.vllm_engine._generate event=line locals={}
2026-07-15 04:14:21.609 /testbed/src/llamafactory/chat/vllm_engine.py:165 src.llamafactory.chat.vllm_engine._generate event=line locals={}
2026-07-15 04:14:21.609 /testbed/src/llamafactory/chat/vllm_engine.py:166 src.llamafactory.chat.vllm_engine._generate event=line locals={}
2026-07-15 04:14:21.610 /testbed/src/llamafactory/chat/vllm_engine.py:167 src.llamafactory.chat.vllm_engine._generate event=line locals={}
2026-07-15 04:14:21.610 /testbed/src/llamafactory/chat/vllm_engine.py:168 src.llamafactory.chat.vllm_engine._generate event=line locals={}
2026-07-15 04:14:21.610 /testbed/src/llamafactory/chat/vllm_engine.py:169 src.llamafactory.chat.vllm_engine._generate event=line locals={}
2026-07-15 04:14:21.610 /testbed/src/llamafactory/chat/vllm_engine.py:170 src.llamafactory.chat.vllm_engine._generate event=line locals={}
2026-07-15 04:14:21.610 /testbed/src/llamafactory/chat/vllm_engine.py:172 src.llamafactory.chat.vllm_engine._generate event=line locals={}
2026-07-15 04:14:21.610 /testbed/src/llamafactory/chat/vllm_engine.py:173 src.llamafactory.chat.vllm_engine._generate event=line locals={}
2026-07-15 04:14:21.610 /testbed/src/llamafactory/chat/vllm_engine.py:159 src.llamafactory.chat.vllm_engine._generate event=line locals={}
2026-07-15 04:14:21.610 /testbed/src/llamafactory/chat/vllm_engine.py:176 src.llamafactory.chat.vllm_engine._generate event=line locals={'sampling_params': '<testcase.FakeSamplingParams object at 0x7d1976509240>'}
2026-07-15 04:14:21.610 /testbed/src/llamafactory/chat/vllm_engine.py:178 src.llamafactory.chat.vllm_engine._generate event=line locals={}
2026-07-15 04:14:21.610 /testbed/src/llamafactory/chat/vllm_engine.py:179 src.llamafactory.chat.vllm_engine._generate event=line locals={}
2026-07-15 04:14:21.610 /testbed/src/llamafactory/chat/vllm_engine.py:180 src.llamafactory.chat.vllm_engine._generate event=line locals={}
2026-07-15 04:14:21.610 /testbed/src/llamafactory/chat/vllm_engine.py:181 src.llamafactory.chat.vllm_engine._generate event=line locals={}
2026-07-15 04:14:21.610 /testbed/src/llamafactory/chat/vllm_engine.py:178 src.llamafactory.chat.vllm_engine._generate event=line locals={}
2026-07-15 04:14:21.610 /testbed/src/llamafactory/chat/vllm_engine.py:182 src.llamafactory.chat.vllm_engine._generate event=line locals={}
2026-07-15 04:14:21.610 /testbed/src/llamafactory/chat/vllm_engine.py:178 src.llamafactory.chat.vllm_engine._generate event=line locals={}
2026-07-15 04:14:21.610 /testbed/src/llamafactory/chat/vllm_engine.py:177 src.llamafactory.chat.vllm_engine._generate event=line locals={}
2026-07-15 04:14:21.610 /testbed/src/llamafactory/chat/vllm_engine.py:203 src.llamafactory.chat.vllm_engine._generate event=line locals={'multi_modal_data': "{'image': ['img-0', 'img-1']}"}
2026-07-15 04:14:21.610 /testbed/src/llamafactory/chat/vllm_engine.py:204 src.llamafactory.chat.vllm_engine._generate event=line locals={}
2026-07-15 04:14:21.610 /testbed/src/llamafactory/chat/vllm_engine.py:205 src.llamafactory.chat.vllm_engine._generate event=line locals={}
2026-07-15 04:14:21.610 /testbed/src/llamafactory/chat/vllm_engine.py:206 src.llamafactory.chat.vllm_engine._generate event=line locals={}
2026-07-15 04:14:21.610 /testbed/src/llamafactory/chat/vllm_engine.py:207 src.llamafactory.chat.vllm_engine._generate event=line locals={}
2026-07-15 04:14:21.610 /testbed/src/llamafactory/chat/vllm_engine.py:203 src.llamafactory.chat.vllm_engine._generate event=line locals={}
2026-07-15 04:14:21.610 /testbed/src/llamafactory/chat/vllm_engine.py:209 src.llamafactory.chat.vllm_engine._generate event=line locals={'result_generator': "{'kind': 'dummy_generator', 'call_index': 1}"}
2026-07-15 04:14:21.610 /testbed/src/llamafactory/chat/vllm_engine.py:209 src.llamafactory.chat.vllm_engine._generate event=return retval={'kind': 'dummy_generator', 'call_index': 1} locals={'audios': 'None', 'images': "['img-a', 'img-b']", 'input_kwargs': '{}', 'length_penalty': 'None', 'max_length': 'None', 'max_new_tokens': 'None', 'max_tokens': '9', 'messages': "[{'role': 'user', 'content': '<image><image>hello'}]", 'multi_modal_data': "{'image': ['img-0', 'img-1']}", 'num_return_sequences': '1', 'paired_messages': "[{'role': 'user', 'content': '<image><image>hello'}, {'role': 'assistant', 'content': ''}]", 'prompt_ids': '[101, 102, 103]', 'prompt_length': '3', 'repetition_penalty': 'None', 'request_id': "'chatcmpl-06b6cd4178c243d19f6b6d7e002d3a02'", 'result_generator': "{'kind': 'dummy_generator', 'call_index': 1}", 'sampling_params': '<testcase.FakeSamplingParams object at 0x7d1976509240>', 'self': '<src.llamafactory.chat.vllm_engine.VllmEngine object at 0x7d1976997c10>', 'skip_special_tokens': 'None', 'stop': 'None', 'system': "'sys-a'", 'temperature': 'None', 'tools': 'None', 'top_k': 'None', 'top_p': 'None', 'videos': 'None'}
2026-07-15 04:14:21.612 /testbed/src/llamafactory/chat/vllm_engine.py:103 src.llamafactory.chat.vllm_engine._generate event=call locals={'audios': 'None', 'images': 'None', 'input_kwargs': "{'max_length': 12}", 'messages': "[{'role': 'user', 'content': 'hello'}]", 'self': '<src.llamafactory.chat.vllm_engine.VllmEngine object at 0x7d1976997c10>', 'system': 'None', 'tools': 'None', 'videos': "['vid-a']"}
2026-07-15 04:14:21.612 /testbed/src/llamafactory/chat/vllm_engine.py:113 src.llamafactory.chat.vllm_engine._generate event=line locals={}
2026-07-15 04:14:21.612 /testbed/src/llamafactory/chat/vllm_engine.py:114 src.llamafactory.chat.vllm_engine._generate event=line locals={'request_id': "'chatcmpl-bf2872d893e04fc0aee66d36c3281f84'"}
2026-07-15 04:14:21.612 /testbed/src/llamafactory/chat/vllm_engine.py:117 src.llamafactory.chat.vllm_engine._generate event=line locals={}
2026-07-15 04:14:21.612 /testbed/src/llamafactory/chat/vllm_engine.py:118 src.llamafactory.chat.vllm_engine._generate event=line locals={}
2026-07-15 04:14:21.613 /testbed/src/llamafactory/chat/vllm_engine.py:120 src.llamafactory.chat.vllm_engine._generate event=line locals={'messages': "[{'role': 'user', 'content': '<video>hello'}]"}
2026-07-15 04:14:21.613 /testbed/src/llamafactory/chat/vllm_engine.py:123 src.llamafactory.chat.vllm_engine._generate event=line locals={}
2026-07-15 04:14:21.613 /testbed/src/llamafactory/chat/vllm_engine.py:124 src.llamafactory.chat.vllm_engine._generate event=line locals={}
2026-07-15 04:14:21.613 /testbed/src/llamafactory/chat/vllm_engine.py:123 src.llamafactory.chat.vllm_engine._generate event=line locals={}
2026-07-15 04:14:21.613 /testbed/src/llamafactory/chat/vllm_engine.py:126 src.llamafactory.chat.vllm_engine._generate event=line locals={}
2026-07-15 04:14:21.613 /testbed/src/llamafactory/chat/vllm_engine.py:127 src.llamafactory.chat.vllm_engine._generate event=line locals={'paired_messages': "[{'role': 'user', 'content': '<video>hello'}, {'role': 'assistant', 'content': ''}]"}
2026-07-15 04:14:21.613 /testbed/src/llamafactory/chat/vllm_engine.py:128 src.llamafactory.chat.vllm_engine._generate event=line locals={'system': "'sys-a'"}
2026-07-15 04:14:21.613 /testbed/src/llamafactory/chat/vllm_engine.py:129 src.llamafactory.chat.vllm_engine._generate event=line locals={'prompt_ids': '[101, 102, 103]'}
2026-07-15 04:14:21.613 /testbed/src/llamafactory/chat/vllm_engine.py:131 src.llamafactory.chat.vllm_engine._generate event=line locals={'prompt_length': '3'}
2026-07-15 04:14:21.613 /testbed/src/llamafactory/chat/vllm_engine.py:132 src.llamafactory.chat.vllm_engine._generate event=line locals={'temperature': 'None'}
2026-07-15 04:14:21.613 /testbed/src/llamafactory/chat/vllm_engine.py:133 src.llamafactory.chat.vllm_engine._generate event=line locals={'top_p': 'None'}
2026-07-15 04:14:21.613 /testbed/src/llamafactory/chat/vllm_engine.py:134 src.llamafactory.chat.vllm_engine._generate event=line locals={'top_k': 'None'}
2026-07-15 04:14:21.613 /testbed/src/llamafactory/chat/vllm_engine.py:135 src.llamafactory.chat.vllm_engine._generate event=line locals={'num_return_sequences': '1'}
2026-07-15 04:14:21.613 /testbed/src/llamafactory/chat/vllm_engine.py:136 src.llamafactory.chat.vllm_engine._generate event=line locals={'repetition_penalty': 'None'}
2026-07-15 04:14:21.613 /testbed/src/llamafactory/chat/vllm_engine.py:137 src.llamafactory.chat.vllm_engine._generate event=line locals={'length_penalty': 'None'}
2026-07-15 04:14:21.613 /testbed/src/llamafactory/chat/vllm_engine.py:138 src.llamafactory.chat.vllm_engine._generate event=line locals={'skip_special_tokens': 'None'}
2026-07-15 04:14:21.613 /testbed/src/llamafactory/chat/vllm_engine.py:139 src.llamafactory.chat.vllm_engine._generate event=line locals={'input_kwargs': '{}', 'max_length': '12'}
2026-07-15 04:14:21.613 /testbed/src/llamafactory/chat/vllm_engine.py:140 src.llamafactory.chat.vllm_engine._generate event=line locals={'max_new_tokens': 'None'}
2026-07-15 04:14:21.613 /testbed/src/llamafactory/chat/vllm_engine.py:142 src.llamafactory.chat.vllm_engine._generate event=line locals={'stop': 'None'}
2026-07-15 04:14:21.613 /testbed/src/llamafactory/chat/vllm_engine.py:145 src.llamafactory.chat.vllm_engine._generate event=line locals={}
2026-07-15 04:14:21.613 /testbed/src/llamafactory/chat/vllm_engine.py:146 src.llamafactory.chat.vllm_engine._generate event=line locals={}
2026-07-15 04:14:21.613 /testbed/src/llamafactory/chat/vllm_engine.py:153 src.llamafactory.chat.vllm_engine._generate event=line locals={'max_tokens': '9'}
2026-07-15 04:14:21.613 /testbed/src/llamafactory/chat/vllm_engine.py:154 src.llamafactory.chat.vllm_engine._generate event=line locals={}
2026-07-15 04:14:21.613 /testbed/src/llamafactory/chat/vllm_engine.py:156 src.llamafactory.chat.vllm_engine._generate event=line locals={}
2026-07-15 04:14:21.613 /testbed/src/llamafactory/chat/vllm_engine.py:159 src.llamafactory.chat.vllm_engine._generate event=line locals={}
2026-07-15 04:14:21.613 /testbed/src/llamafactory/chat/vllm_engine.py:160 src.llamafactory.chat.vllm_engine._generate event=line locals={}
2026-07-15 04:14:21.613 /testbed/src/llamafactory/chat/vllm_engine.py:162 src.llamafactory.chat.vllm_engine._generate event=line locals={}
2026-07-15 04:14:21.613 /testbed/src/llamafactory/chat/vllm_engine.py:161 src.llamafactory.chat.vllm_engine._generate event=line locals={}
2026-07-15 04:14:21.613 /testbed/src/llamafactory/chat/vllm_engine.py:165 src.llamafactory.chat.vllm_engine._generate event=line locals={}
2026-07-15 04:14:21.613 /testbed/src/llamafactory/chat/vllm_engine.py:166 src.llamafactory.chat.vllm_engine._generate event=line locals={}
2026-07-15 04:14:21.613 /testbed/src/llamafactory/chat/vllm_engine.py:167 src.llamafactory.chat.vllm_engine._generate event=line locals={}
2026-07-15 04:14:21.613 /testbed/src/llamafactory/chat/vllm_engine.py:168 src.llamafactory.chat.vllm_engine._generate event=line locals={}
2026-07-15 04:14:21.613 /testbed/src/llamafactory/chat/vllm_engine.py:169 src.llamafactory.chat.vllm_engine._generate event=line locals={}
2026-07-15 04:14:21.613 /testbed/src/llamafactory/chat/vllm_engine.py:170 src.llamafactory.chat.vllm_engine._generate event=line locals={}
2026-07-15 04:14:21.613 /testbed/src/llamafactory/chat/vllm_engine.py:172 src.llamafactory.chat.vllm_engine._generate event=line locals={}
2026-07-15 04:14:21.613 /testbed/src/llamafactory/chat/vllm_engine.py:173 src.llamafactory.chat.vllm_engine._generate event=line locals={}
2026-07-15 04:14:21.613 /testbed/src/llamafactory/chat/vllm_engine.py:159 src.llamafactory.chat.vllm_engine._generate event=line locals={}
2026-07-15 04:14:21.613 /testbed/src/llamafactory/chat/vllm_engine.py:176 src.llamafactory.chat.vllm_engine._generate event=line locals={'sampling_params': '<testcase.FakeSamplingParams object at 0x7d19765092a0>'}
2026-07-15 04:14:21.613 /testbed/src/llamafactory/chat/vllm_engine.py:184 src.llamafactory.chat.vllm_engine._generate event=line locals={}
2026-07-15 04:14:21.613 /testbed/src/llamafactory/chat/vllm_engine.py:186 src.llamafactory.chat.vllm_engine._generate event=line locals={}
2026-07-15 04:14:21.613 /testbed/src/llamafactory/chat/vllm_engine.py:187 src.llamafactory.chat.vllm_engine._generate event=line locals={}
2026-07-15 04:14:21.613 /testbed/src/llamafactory/chat/vllm_engine.py:188 src.llamafactory.chat.vllm_engine._generate event=line locals={}
2026-07-15 04:14:21.613 /testbed/src/llamafactory/chat/vllm_engine.py:189 src.llamafactory.chat.vllm_engine._generate event=line locals={}
2026-07-15 04:14:21.613 /testbed/src/llamafactory/chat/vllm_engine.py:190 src.llamafactory.chat.vllm_engine._generate event=line locals={}
2026-07-15 04:14:21.613 /testbed/src/llamafactory/chat/vllm_engine.py:191 src.llamafactory.chat.vllm_engine._generate event=line locals={}
2026-07-15 04:14:21.613 /testbed/src/llamafactory/chat/vllm_engine.py:186 src.llamafactory.chat.vllm_engine._generate event=line locals={}
2026-07-15 04:14:21.613 /testbed/src/llamafactory/chat/vllm_engine.py:192 src.llamafactory.chat.vllm_engine._generate event=line locals={}
2026-07-15 04:14:21.613 /testbed/src/llamafactory/chat/vllm_engine.py:186 src.llamafactory.chat.vllm_engine._generate event=line locals={}
2026-07-15 04:14:21.613 /testbed/src/llamafactory/chat/vllm_engine.py:185 src.llamafactory.chat.vllm_engine._generate event=line locals={}
2026-07-15 04:14:21.613 /testbed/src/llamafactory/chat/vllm_engine.py:203 src.llamafactory.chat.vllm_engine._generate event=line locals={'multi_modal_data': "{'video': ['vid-0']}"}
2026-07-15 04:14:21.613 /testbed/src/llamafactory/chat/vllm_engine.py:204 src.llamafactory.chat.vllm_engine._generate event=line locals={}
2026-07-15 04:14:21.613 /testbed/src/llamafactory/chat/vllm_engine.py:205 src.llamafactory.chat.vllm_engine._generate event=line locals={}
2026-07-15 04:14:21.613 /testbed/src/llamafactory/chat/vllm_engine.py:206 src.llamafactory.chat.vllm_engine._generate event=line locals={}
2026-07-15 04:14:21.613 /testbed/src/llamafactory/chat/vllm_engine.py:207 src.llamafactory.chat.vllm_engine._generate event=line locals={}
2026-07-15 04:14:21.613 /testbed/src/llamafactory/chat/vllm_engine.py:203 src.llamafactory.chat.vllm_engine._generate event=line locals={}
2026-07-15 04:14:21.613 /testbed/src/llamafactory/chat/vllm_engine.py:209 src.llamafactory.chat.vllm_engine._generate event=line locals={'result_generator': "{'kind': 'dummy_generator', 'call_index': 2}"}
2026-07-15 04:14:21.614 /testbed/src/llamafactory/chat/vllm_engine.py:209 src.llamafactory.chat.vllm_engine._generate event=return retval={'kind': 'dummy_generator', 'call_index': 2} locals={'audios': 'None', 'images': 'None', 'input_kwargs': '{}', 'length_penalty': 'None', 'max_length': '12', 'max_new_tokens': 'None', 'max_tokens': '9', 'messages': "[{'role': 'user', 'content': '<video>hello'}]", 'multi_modal_data': "{'video': ['vid-0']}", 'num_return_sequences': '1', 'paired_messages': "[{'role': 'user', 'content': '<video>hello'}, {'role': 'assistant', 'content': ''}]", 'prompt_ids': '[101, 102, 103]', 'prompt_length': '3', 'repetition_penalty': 'None', 'request_id': "'chatcmpl-bf2872d893e04fc0aee66d36c3281f84'", 'result_generator': "{'kind': 'dummy_generator', 'call_index': 2}", 'sampling_params': '<testcase.FakeSamplingParams object at 0x7d19765092a0>', 'self': '<src.llamafactory.chat.vllm_engine.VllmEngine object at 0x7d1976997c10>', 'skip_special_tokens': 'None', 'stop': 'None', 'system': "'sys-a'", 'temperature': 'None', 'tools': 'None', 'top_k': 'None', 'top_p': 'None', 'videos': "['vid-a']"}
2026-07-15 04:14:21.616 /testbed/src/llamafactory/chat/vllm_engine.py:103 src.llamafactory.chat.vllm_engine._generate event=call locals={'audios': "['aud-a', 'aud-b']", 'images': 'None', 'input_kwargs': "{'max_length': 10, 'max_new_tokens': 4}", 'messages': "[{'role': 'user', 'content': 'hello'}]", 'self': '<src.llamafactory.chat.vllm_engine.VllmEngine object at 0x7d1976997c10>', 'system': 'None', 'tools': 'None', 'videos': 'None'}
2026-07-15 04:14:21.616 /testbed/src/llamafactory/chat/vllm_engine.py:113 src.llamafactory.chat.vllm_engine._generate event=line locals={}
2026-07-15 04:14:21.616 /testbed/src/llamafactory/chat/vllm_engine.py:114 src.llamafactory.chat.vllm_engine._generate event=line locals={'request_id': "'chatcmpl-9494b279ca56429d9dec650c4dc11e66'"}
2026-07-15 04:14:21.616 /testbed/src/llamafactory/chat/vllm_engine.py:117 src.llamafactory.chat.vllm_engine._generate event=line locals={}
2026-07-15 04:14:21.616 /testbed/src/llamafactory/chat/vllm_engine.py:120 src.llamafactory.chat.vllm_engine._generate event=line locals={}
2026-07-15 04:14:21.616 /testbed/src/llamafactory/chat/vllm_engine.py:121 src.llamafactory.chat.vllm_engine._generate event=line locals={}
2026-07-15 04:14:21.616 /testbed/src/llamafactory/chat/vllm_engine.py:123 src.llamafactory.chat.vllm_engine._generate event=line locals={'messages': "[{'role': 'user', 'content': '<audio><audio>hello'}]"}
2026-07-15 04:14:21.616 /testbed/src/llamafactory/chat/vllm_engine.py:124 src.llamafactory.chat.vllm_engine._generate event=line locals={}
2026-07-15 04:14:21.616 /testbed/src/llamafactory/chat/vllm_engine.py:123 src.llamafactory.chat.vllm_engine._generate event=line locals={}
2026-07-15 04:14:21.616 /testbed/src/llamafactory/chat/vllm_engine.py:126 src.llamafactory.chat.vllm_engine._generate event=line locals={}
2026-07-15 04:14:21.616 /testbed/src/llamafactory/chat/vllm_engine.py:127 src.llamafactory.chat.vllm_engine._generate event=line locals={'paired_messages': "[{'role': 'user', 'content': '<audio><audio>hello'}, {'role': 'assistant', 'content': ''}]"}
2026-07-15 04:14:21.616 /testbed/src/llamafactory/chat/vllm_engine.py:128 src.llamafactory.chat.vllm_engine._generate event=line locals={'system': "'sys-a'"}
2026-07-15 04:14:21.616 /testbed/src/llamafactory/chat/vllm_engine.py:129 src.llamafactory.chat.vllm_engine._generate event=line locals={'prompt_ids': '[101, 102, 103]'}
2026-07-15 04:14:21.616 /testbed/src/llamafactory/chat/vllm_engine.py:131 src.llamafactory.chat.vllm_engine._generate event=line locals={'prompt_length': '3'}
2026-07-15 04:14:21.616 /testbed/src/llamafactory/chat/vllm_engine.py:132 src.llamafactory.chat.vllm_engine._generate event=line locals={'temperature': 'None'}
2026-07-15 04:14:21.616 /testbed/src/llamafactory/chat/vllm_engine.py:133 src.llamafactory.chat.vllm_engine._generate event=line locals={'top_p': 'None'}
2026-07-15 04:14:21.616 /testbed/src/llamafactory/chat/vllm_engine.py:134 src.llamafactory.chat.vllm_engine._generate event=line locals={'top_k': 'None'}
2026-07-15 04:14:21.616 /testbed/src/llamafactory/chat/vllm_engine.py:135 src.llamafactory.chat.vllm_engine._generate event=line locals={'num_return_sequences': '1'}
2026-07-15 04:14:21.616 /testbed/src/llamafactory/chat/vllm_engine.py:136 src.llamafactory.chat.vllm_engine._generate event=line locals={'repetition_penalty': 'None'}
2026-07-15 04:14:21.616 /testbed/src/llamafactory/chat/vllm_engine.py:137 src.llamafactory.chat.vllm_engine._generate event=line locals={'length_penalty': 'None'}
2026-07-15 04:14:21.616 /testbed/src/llamafactory/chat/vllm_engine.py:138 src.llamafactory.chat.vllm_engine._generate event=line locals={'skip_special_tokens': 'None'}
2026-07-15 04:14:21.616 /testbed/src/llamafactory/chat/vllm_engine.py:139 src.llamafactory.chat.vllm_engine._generate event=line locals={'input_kwargs': "{'max_new_tokens': 4}", 'max_length': '10'}
2026-07-15 04:14:21.616 /testbed/src/llamafactory/chat/vllm_engine.py:140 src.llamafactory.chat.vllm_engine._generate event=line locals={'input_kwargs': '{}', 'max_new_tokens': '4'}
2026-07-15 04:14:21.616 /testbed/src/llamafactory/chat/vllm_engine.py:142 src.llamafactory.chat.vllm_engine._generate event=line locals={'stop': 'None'}
2026-07-15 04:14:21.616 /testbed/src/llamafactory/chat/vllm_engine.py:145 src.llamafactory.chat.vllm_engine._generate event=line locals={}
2026-07-15 04:14:21.616 /testbed/src/llamafactory/chat/vllm_engine.py:146 src.llamafactory.chat.vllm_engine._generate event=line locals={}
2026-07-15 04:14:21.616 /testbed/src/llamafactory/chat/vllm_engine.py:153 src.llamafactory.chat.vllm_engine._generate event=line locals={'max_tokens': '9'}
2026-07-15 04:14:21.616 /testbed/src/llamafactory/chat/vllm_engine.py:154 src.llamafactory.chat.vllm_engine._generate event=line locals={}
2026-07-15 04:14:21.616 /testbed/src/llamafactory/chat/vllm_engine.py:156 src.llamafactory.chat.vllm_engine._generate event=line locals={'max_tokens': '7'}
2026-07-15 04:14:21.616 /testbed/src/llamafactory/chat/vllm_engine.py:157 src.llamafactory.chat.vllm_engine._generate event=line locals={}
2026-07-15 04:14:21.616 /testbed/src/llamafactory/chat/vllm_engine.py:159 src.llamafactory.chat.vllm_engine._generate event=line locals={'max_tokens': '4'}
2026-07-15 04:14:21.616 /testbed/src/llamafactory/chat/vllm_engine.py:160 src.llamafactory.chat.vllm_engine._generate event=line locals={}
2026-07-15 04:14:21.616 /testbed/src/llamafactory/chat/vllm_engine.py:162 src.llamafactory.chat.vllm_engine._generate event=line locals={}
2026-07-15 04:14:21.616 /testbed/src/llamafactory/chat/vllm_engine.py:161 src.llamafactory.chat.vllm_engine._generate event=line locals={}
2026-07-15 04:14:21.616 /testbed/src/llamafactory/chat/vllm_engine.py:165 src.llamafactory.chat.vllm_engine._generate event=line locals={}
2026-07-15 04:14:21.616 /testbed/src/llamafactory/chat/vllm_engine.py:166 src.llamafactory.chat.vllm_engine._generate event=line locals={}
2026-07-15 04:14:21.616 /testbed/src/llamafactory/chat/vllm_engine.py:167 src.llamafactory.chat.vllm_engine._generate event=line locals={}
2026-07-15 04:14:21.617 /testbed/src/llamafactory/chat/vllm_engine.py:168 src.llamafactory.chat.vllm_engine._generate event=line locals={}
2026-07-15 04:14:21.617 /testbed/src/llamafactory/chat/vllm_engine.py:169 src.llamafactory.chat.vllm_engine._generate event=line locals={}
2026-07-15 04:14:21.617 /testbed/src/llamafactory/chat/vllm_engine.py:170 src.llamafactory.chat.vllm_engine._generate event=line locals={}
2026-07-15 04:14:21.617 /testbed/src/llamafactory/chat/vllm_engine.py:172 src.llamafactory.chat.vllm_engine._generate event=line locals={}
2026-07-15 04:14:21.617 /testbed/src/llamafactory/chat/vllm_engine.py:173 src.llamafactory.chat.vllm_engine._generate event=line locals={}
2026-07-15 04:14:21.617 /testbed/src/llamafactory/chat/vllm_engine.py:159 src.llamafactory.chat.vllm_engine._generate event=line locals={}
2026-07-15 04:14:21.617 /testbed/src/llamafactory/chat/vllm_engine.py:176 src.llamafactory.chat.vllm_engine._generate event=line locals={'sampling_params': '<testcase.FakeSamplingParams object at 0x7d1976509300>'}
2026-07-15 04:14:21.617 /testbed/src/llamafactory/chat/vllm_engine.py:184 src.llamafactory.chat.vllm_engine._generate event=line locals={}
2026-07-15 04:14:21.617 /testbed/src/llamafactory/chat/vllm_engine.py:194 src.llamafactory.chat.vllm_engine._generate event=line locals={}
2026-07-15 04:14:21.617 /testbed/src/llamafactory/chat/vllm_engine.py:195 src.llamafactory.chat.vllm_engine._generate event=line locals={}
2026-07-15 04:14:21.617 /testbed/src/llamafactory/chat/vllm_engine.py:196 src.llamafactory.chat.vllm_engine._generate event=line locals={}
2026-07-15 04:14:21.617 /testbed/src/llamafactory/chat/vllm_engine.py:197 src.llamafactory.chat.vllm_engine._generate event=line locals={}
2026-07-15 04:14:21.617 /testbed/src/llamafactory/chat/vllm_engine.py:195 src.llamafactory.chat.vllm_engine._generate event=line locals={}
2026-07-15 04:14:21.617 /testbed/src/llamafactory/chat/vllm_engine.py:199 src.llamafactory.chat.vllm_engine._generate event=line locals={'audio_data': "{'audios': ['aud-0', 'aud-1'], 'sampling_rates': [16000, 16000]}"}
2026-07-15 04:14:21.617 /testbed/src/llamafactory/chat/vllm_engine.py:203 src.llamafactory.chat.vllm_engine._generate event=line locals={'multi_modal_data': "{'audio': <zip object at 0x7d197651b000>}"}
2026-07-15 04:14:21.617 /testbed/src/llamafactory/chat/vllm_engine.py:204 src.llamafactory.chat.vllm_engine._generate event=line locals={}
2026-07-15 04:14:21.617 /testbed/src/llamafactory/chat/vllm_engine.py:205 src.llamafactory.chat.vllm_engine._generate event=line locals={}
2026-07-15 04:14:21.617 /testbed/src/llamafactory/chat/vllm_engine.py:206 src.llamafactory.chat.vllm_engine._generate event=line locals={}
2026-07-15 04:14:21.617 /testbed/src/llamafactory/chat/vllm_engine.py:207 src.llamafactory.chat.vllm_engine._generate event=line locals={}
2026-07-15 04:14:21.617 /testbed/src/llamafactory/chat/vllm_engine.py:203 src.llamafactory.chat.vllm_engine._generate event=line locals={}
2026-07-15 04:14:21.617 /testbed/src/llamafactory/chat/vllm_engine.py:209 src.llamafactory.chat.vllm_engine._generate event=line locals={'result_generator': "{'kind': 'dummy_generator', 'call_index': 3}"}
2026-07-15 04:14:21.617 /testbed/src/llamafactory/chat/vllm_engine.py:209 src.llamafactory.chat.vllm_engine._generate event=return retval={'kind': 'dummy_generator', 'call_index': 3} locals={'audio_data': "{'audios': ['aud-0', 'aud-1'], 'sampling_rates': [16000, 16000]}", 'audios': "['aud-a', 'aud-b']", 'images': 'None', 'input_kwargs': '{}', 'length_penalty': 'None', 'max_length': '10', 'max_new_tokens': '4', 'max_tokens': '4', 'messages': "[{'role': 'user', 'content': '<audio><audio>hello'}]", 'multi_modal_data': "{'audio': <zip object at 0x7d197651b000>}", 'num_return_sequences': '1', 'paired_messages': "[{'role': 'user', 'content': '<audio><audio>hello'}, {'role': 'assistant', 'content': ''}]", 'prompt_ids': '[101, 102, 103]', 'prompt_length': '3', 'repetition_penalty': 'None', 'request_id': "'chatcmpl-9494b279ca56429d9dec650c4dc11e66'", 'result_generator': "{'kind': 'dummy_generator', 'call_index': 3}", 'sampling_params': '<testcase.FakeSamplingParams object at 0x7d1976509300>', 'self': '<src.llamafactory.chat.vllm_engine.VllmEngine object at 0x7d1976997c10>', 'skip_special_tokens': 'None', 'stop': 'None', 'system': "'sys-a'", 'temperature': 'None', 'tools': 'None', 'top_k': 'None', 'top_p': 'None', 'videos': 'None'}
2026-07-15 04:14:21.619 /testbed/src/llamafactory/chat/vllm_engine.py:103 src.llamafactory.chat.vllm_engine._generate event=call locals={'audios': 'None', 'images': 'None', 'input_kwargs': '{}', 'messages': "[{'role': 'user', 'content': 'hello'}]", 'self': '<src.llamafactory.chat.vllm_engine.VllmEngine object at 0x7d1976508cd0>', 'system': 'None', 'tools': 'None', 'videos': 'None'}
2026-07-15 04:14:21.619 /testbed/src/llamafactory/chat/vllm_engine.py:113 src.llamafactory.chat.vllm_engine._generate event=line locals={}
2026-07-15 04:14:21.619 /testbed/src/llamafactory/chat/vllm_engine.py:114 src.llamafactory.chat.vllm_engine._generate event=line locals={'request_id': "'chatcmpl-3df80abe7b9442c38db4d53f037c669b'"}
2026-07-15 04:14:21.619 /testbed/src/llamafactory/chat/vllm_engine.py:117 src.llamafactory.chat.vllm_engine._generate event=line locals={}
2026-07-15 04:14:21.619 /testbed/src/llamafactory/chat/vllm_engine.py:120 src.llamafactory.chat.vllm_engine._generate event=line locals={}
2026-07-15 04:14:21.619 /testbed/src/llamafactory/chat/vllm_engine.py:123 src.llamafactory.chat.vllm_engine._generate event=line locals={}
2026-07-15 04:14:21.619 /testbed/src/llamafactory/chat/vllm_engine.py:124 src.llamafactory.chat.vllm_engine._generate event=line locals={}
2026-07-15 04:14:21.619 /testbed/src/llamafactory/chat/vllm_engine.py:123 src.llamafactory.chat.vllm_engine._generate event=line locals={}
2026-07-15 04:14:21.619 /testbed/src/llamafactory/chat/vllm_engine.py:126 src.llamafactory.chat.vllm_engine._generate event=line locals={}
2026-07-15 04:14:21.619 /testbed/src/llamafactory/chat/vllm_engine.py:127 src.llamafactory.chat.vllm_engine._generate event=line locals={'paired_messages': "[{'role': 'user', 'content': 'hello'}, {'role': 'assistant', 'content': ''}]"}
2026-07-15 04:14:21.619 /testbed/src/llamafactory/chat/vllm_engine.py:128 src.llamafactory.chat.vllm_engine._generate event=line locals={'system': "'sys-b'"}
2026-07-15 04:14:21.619 /testbed/src/llamafactory/chat/vllm_engine.py:129 src.llamafactory.chat.vllm_engine._generate event=line locals={'prompt_ids': '[101, 102, 103]'}
2026-07-15 04:14:21.619 /testbed/src/llamafactory/chat/vllm_engine.py:131 src.llamafactory.chat.vllm_engine._generate event=line locals={'prompt_length': '3'}
2026-07-15 04:14:21.620 /testbed/src/llamafactory/chat/vllm_engine.py:132 src.llamafactory.chat.vllm_engine._generate event=line locals={'temperature': 'None'}
2026-07-15 04:14:21.620 /testbed/src/llamafactory/chat/vllm_engine.py:133 src.llamafactory.chat.vllm_engine._generate event=line locals={'top_p': 'None'}
2026-07-15 04:14:21.620 /testbed/src/llamafactory/chat/vllm_engine.py:134 src.llamafactory.chat.vllm_engine._generate event=line locals={'top_k': 'None'}
2026-07-15 04:14:21.620 /testbed/src/llamafactory/chat/vllm_engine.py:135 src.llamafactory.chat.vllm_engine._generate event=line locals={'num_return_sequences': '1'}
2026-07-15 04:14:21.620 /testbed/src/llamafactory/chat/vllm_engine.py:136 src.llamafactory.chat.vllm_engine._generate event=line locals={'repetition_penalty': 'None'}
2026-07-15 04:14:21.620 /testbed/src/llamafactory/chat/vllm_engine.py:137 src.llamafactory.chat.vllm_engine._generate event=line locals={'length_penalty': 'None'}
2026-07-15 04:14:21.620 /testbed/src/llamafactory/chat/vllm_engine.py:138 src.llamafactory.chat.vllm_engine._generate event=line locals={'skip_special_tokens': 'None'}
2026-07-15 04:14:21.620 /testbed/src/llamafactory/chat/vllm_engine.py:139 src.llamafactory.chat.vllm_engine._generate event=line locals={'max_length': 'None'}
2026-07-15 04:14:21.620 /testbed/src/llamafactory/chat/vllm_engine.py:140 src.llamafactory.chat.vllm_engine._generate event=line locals={'max_new_tokens': 'None'}
2026-07-15 04:14:21.620 /testbed/src/llamafactory/chat/vllm_engine.py:142 src.llamafactory.chat.vllm_engine._generate event=line locals={'stop': 'None'}
2026-07-15 04:14:21.620 /testbed/src/llamafactory/chat/vllm_engine.py:145 src.llamafactory.chat.vllm_engine._generate event=line locals={}
2026-07-15 04:14:21.620 /testbed/src/llamafactory/chat/vllm_engine.py:147 src.llamafactory.chat.vllm_engine._generate event=line locals={}
2026-07-15 04:14:21.620 /testbed/src/llamafactory/chat/vllm_engine.py:148 src.llamafactory.chat.vllm_engine._generate event=line locals={}
2026-07-15 04:14:21.620 /testbed/src/llamafactory/chat/vllm_engine.py:151 src.llamafactory.chat.vllm_engine._generate event=line locals={}
2026-07-15 04:14:21.620 /testbed/src/llamafactory/chat/vllm_engine.py:153 src.llamafactory.chat.vllm_engine._generate event=line locals={'max_tokens': '1'}
2026-07-15 04:14:21.620 /testbed/src/llamafactory/chat/vllm_engine.py:156 src.llamafactory.chat.vllm_engine._generate event=line locals={}
2026-07-15 04:14:21.620 /testbed/src/llamafactory/chat/vllm_engine.py:159 src.llamafactory.chat.vllm_engine._generate event=line locals={}
2026-07-15 04:14:21.620 /testbed/src/llamafactory/chat/vllm_engine.py:160 src.llamafactory.chat.vllm_engine._generate event=line locals={}
2026-07-15 04:14:21.620 /testbed/src/llamafactory/chat/vllm_engine.py:162 src.llamafactory.chat.vllm_engine._generate event=line locals={}
2026-07-15 04:14:21.620 /testbed/src/llamafactory/chat/vllm_engine.py:161 src.llamafactory.chat.vllm_engine._generate event=line locals={}
2026-07-15 04:14:21.620 /testbed/src/llamafactory/chat/vllm_engine.py:165 src.llamafactory.chat.vllm_engine._generate event=line locals={}
2026-07-15 04:14:21.620 /testbed/src/llamafactory/chat/vllm_engine.py:166 src.llamafactory.chat.vllm_engine._generate event=line locals={}
2026-07-15 04:14:21.620 /testbed/src/llamafactory/chat/vllm_engine.py:167 src.llamafactory.chat.vllm_engine._generate event=line locals={}
2026-07-15 04:14:21.620 /testbed/src/llamafactory/chat/vllm_engine.py:168 src.llamafactory.chat.vllm_engine._generate event=line locals={}
2026-07-15 04:14:21.620 /testbed/src/llamafactory/chat/vllm_engine.py:169 src.llamafactory.chat.vllm_engine._generate event=line locals={}
2026-07-15 04:14:21.620 /testbed/src/llamafactory/chat/vllm_engine.py:170 src.llamafactory.chat.vllm_engine._generate event=line locals={}
2026-07-15 04:14:21.620 /testbed/src/llamafactory/chat/vllm_engine.py:172 src.llamafactory.chat.vllm_engine._generate event=line locals={}
2026-07-15 04:14:21.620 /testbed/src/llamafactory/chat/vllm_engine.py:173 src.llamafactory.chat.vllm_engine._generate event=line locals={}
2026-07-15 04:14:21.620 /testbed/src/llamafactory/chat/vllm_engine.py:159 src.llamafactory.chat.vllm_engine._generate event=line locals={}
2026-07-15 04:14:21.620 /testbed/src/llamafactory/chat/vllm_engine.py:176 src.llamafactory.chat.vllm_engine._generate event=line locals={'sampling_params': '<testcase.FakeSamplingParams object at 0x7d19765093c0>'}
2026-07-15 04:14:21.620 /testbed/src/llamafactory/chat/vllm_engine.py:184 src.llamafactory.chat.vllm_engine._generate event=line locals={}
2026-07-15 04:14:21.620 /testbed/src/llamafactory/chat/vllm_engine.py:194 src.llamafactory.chat.vllm_engine._generate event=line locals={}
2026-07-15 04:14:21.620 /testbed/src/llamafactory/chat/vllm_engine.py:201 src.llamafactory.chat.vllm_engine._generate event=line locals={}
2026-07-15 04:14:21.620 /testbed/src/llamafactory/chat/vllm_engine.py:203 src.llamafactory.chat.vllm_engine._generate event=line locals={'multi_modal_data': 'None'}
2026-07-15 04:14:21.620 /testbed/src/llamafactory/chat/vllm_engine.py:204 src.llamafactory.chat.vllm_engine._generate event=line locals={}
2026-07-15 04:14:21.620 /testbed/src/llamafactory/chat/vllm_engine.py:205 src.llamafactory.chat.vllm_engine._generate event=line locals={}
2026-07-15 04:14:21.620 /testbed/src/llamafactory/chat/vllm_engine.py:206 src.llamafactory.chat.vllm_engine._generate event=line locals={}
2026-07-15 04:14:21.620 /testbed/src/llamafactory/chat/vllm_engine.py:207 src.llamafactory.chat.vllm_engine._generate event=line locals={}
2026-07-15 04:14:21.620 /testbed/src/llamafactory/chat/vllm_engine.py:203 src.llamafactory.chat.vllm_engine._generate event=line locals={}
2026-07-15 04:14:21.620 /testbed/src/llamafactory/chat/vllm_engine.py:209 src.llamafactory.chat.vllm_engine._generate event=line locals={'result_generator': "{'kind': 'dummy_generator', 'call_index': 1}"}
2026-07-15 04:14:21.620 /testbed/src/llamafactory/chat/vllm_engine.py:209 src.llamafactory.chat.vllm_engine._generate event=return retval={'kind': 'dummy_generator', 'call_index': 1} locals={'audios': 'None', 'images': 'None', 'input_kwargs': '{}', 'length_penalty': 'None', 'max_length': 'None', 'max_new_tokens': 'None', 'max_tokens': '1', 'messages': "[{'role': 'user', 'content': 'hello'}]", 'multi_modal_data': 'None', 'num_return_sequences': '1', 'paired_messages': "[{'role': 'user', 'content': 'hello'}, {'role': 'assistant', 'content': ''}]", 'prompt_ids': '[101, 102, 103]', 'prompt_length': '3', 'repetition_penalty': 'None', 'request_id': "'chatcmpl-3df80abe7b9442c38db4d53f037c669b'", 'result_generator': "{'kind': 'dummy_generator', 'call_index': 1}", 'sampling_params': '<testcase.FakeSamplingParams object at 0x7d19765093c0>', 'self': '<src.llamafactory.chat.vllm_engine.VllmEngine object at 0x7d1976508cd0>', 'skip_special_tokens': 'None', 'stop': 'None', 'system': "'sys-b'", 'temperature': 'None', 'tools': 'None', 'top_k': 'None', 'top_p': 'None', 'videos': 'None'}
2026-07-15 04:14:21.622 /testbed/src/llamafactory/chat/vllm_engine.py:103 src.llamafactory.chat.vllm_engine._generate event=call locals={'audios': 'None', 'images': 'None', 'input_kwargs': '{}', 'messages': "[{'role': 'user', 'content': 'hello'}]", 'self': '<src.llamafactory.chat.vllm_engine.VllmEngine object at 0x7d1976508e20>', 'system': 'None', 'tools': 'None', 'videos': 'None'}
2026-07-15 04:14:21.622 /testbed/src/llamafactory/chat/vllm_engine.py:113 src.llamafactory.chat.vllm_engine._generate event=line locals={}
2026-07-15 04:14:21.623 /testbed/src/llamafactory/chat/vllm_engine.py:114 src.llamafactory.chat.vllm_engine._generate event=line locals={'request_id': "'chatcmpl-24cbe15bc42f425b876fdd312ae4bcdd'"}
2026-07-15 04:14:21.623 /testbed/src/llamafactory/chat/vllm_engine.py:117 src.llamafactory.chat.vllm_engine._generate event=line locals={}
2026-07-15 04:14:21.623 /testbed/src/llamafactory/chat/vllm_engine.py:120 src.llamafactory.chat.vllm_engine._generate event=line locals={}
2026-07-15 04:14:21.623 /testbed/src/llamafactory/chat/vllm_engine.py:123 src.llamafactory.chat.vllm_engine._generate event=line locals={}
2026-07-15 04:14:21.623 /testbed/src/llamafactory/chat/vllm_engine.py:124 src.llamafactory.chat.vllm_engine._generate event=line locals={}
2026-07-15 04:14:21.623 /testbed/src/llamafactory/chat/vllm_engine.py:123 src.llamafactory.chat.vllm_engine._generate event=line locals={}
2026-07-15 04:14:21.623 /testbed/src/llamafactory/chat/vllm_engine.py:126 src.llamafactory.chat.vllm_engine._generate event=line locals={}
2026-07-15 04:14:21.623 /testbed/src/llamafactory/chat/vllm_engine.py:127 src.llamafactory.chat.vllm_engine._generate event=line locals={'paired_messages': "[{'role': 'user', 'content': 'hello'}, {'role': 'assistant', 'content': ''}]"}
2026-07-15 04:14:21.623 /testbed/src/llamafactory/chat/vllm_engine.py:128 src.llamafactory.chat.vllm_engine._generate event=line locals={'system': "'sys-c'"}
2026-07-15 04:14:21.623 /testbed/src/llamafactory/chat/vllm_engine.py:129 src.llamafactory.chat.vllm_engine._generate event=line locals={'prompt_ids': '[101, 102, 103]'}
2026-07-15 04:14:21.623 /testbed/src/llamafactory/chat/vllm_engine.py:131 src.llamafactory.chat.vllm_engine._generate event=line locals={'prompt_length': '3'}
2026-07-15 04:14:21.623 /testbed/src/llamafactory/chat/vllm_engine.py:132 src.llamafactory.chat.vllm_engine._generate event=line locals={'temperature': 'None'}
2026-07-15 04:14:21.623 /testbed/src/llamafactory/chat/vllm_engine.py:133 src.llamafactory.chat.vllm_engine._generate event=line locals={'top_p': 'None'}
2026-07-15 04:14:21.623 /testbed/src/llamafactory/chat/vllm_engine.py:134 src.llamafactory.chat.vllm_engine._generate event=line locals={'top_k': 'None'}
2026-07-15 04:14:21.623 /testbed/src/llamafactory/chat/vllm_engine.py:135 src.llamafactory.chat.vllm_engine._generate event=line locals={'num_return_sequences': '1'}
2026-07-15 04:14:21.623 /testbed/src/llamafactory/chat/vllm_engine.py:136 src.llamafactory.chat.vllm_engine._generate event=line locals={'repetition_penalty': 'None'}
2026-07-15 04:14:21.623 /testbed/src/llamafactory/chat/vllm_engine.py:137 src.llamafactory.chat.vllm_engine._generate event=line locals={'length_penalty': 'None'}
2026-07-15 04:14:21.623 /testbed/src/llamafactory/chat/vllm_engine.py:138 src.llamafactory.chat.vllm_engine._generate event=line locals={'skip_special_tokens': 'None'}
2026-07-15 04:14:21.623 /testbed/src/llamafactory/chat/vllm_engine.py:139 src.llamafactory.chat.vllm_engine._generate event=line locals={'max_length': 'None'}
2026-07-15 04:14:21.623 /testbed/src/llamafactory/chat/vllm_engine.py:140 src.llamafactory.chat.vllm_engine._generate event=line locals={'max_new_tokens': 'None'}
2026-07-15 04:14:21.623 /testbed/src/llamafactory/chat/vllm_engine.py:142 src.llamafactory.chat.vllm_engine._generate event=line locals={'stop': 'None'}
2026-07-15 04:14:21.623 /testbed/src/llamafactory/chat/vllm_engine.py:145 src.llamafactory.chat.vllm_engine._generate event=line locals={}
2026-07-15 04:14:21.623 /testbed/src/llamafactory/chat/vllm_engine.py:147 src.llamafactory.chat.vllm_engine._generate event=line locals={}
2026-07-15 04:14:21.623 /testbed/src/llamafactory/chat/vllm_engine.py:148 src.llamafactory.chat.vllm_engine._generate event=line locals={}
2026-07-15 04:14:21.623 /testbed/src/llamafactory/chat/vllm_engine.py:149 src.llamafactory.chat.vllm_engine._generate event=line locals={}
2026-07-15 04:14:21.623 /testbed/src/llamafactory/chat/vllm_engine.py:153 src.llamafactory.chat.vllm_engine._generate event=line locals={'max_tokens': '5'}
2026-07-15 04:14:21.623 /testbed/src/llamafactory/chat/vllm_engine.py:156 src.llamafactory.chat.vllm_engine._generate event=line locals={}
2026-07-15 04:14:21.623 /testbed/src/llamafactory/chat/vllm_engine.py:159 src.llamafactory.chat.vllm_engine._generate event=line locals={}
2026-07-15 04:14:21.623 /testbed/src/llamafactory/chat/vllm_engine.py:160 src.llamafactory.chat.vllm_engine._generate event=line locals={}
2026-07-15 04:14:21.623 /testbed/src/llamafactory/chat/vllm_engine.py:162 src.llamafactory.chat.vllm_engine._generate event=line locals={}
2026-07-15 04:14:21.623 /testbed/src/llamafactory/chat/vllm_engine.py:161 src.llamafactory.chat.vllm_engine._generate event=line locals={}
2026-07-15 04:14:21.623 /testbed/src/llamafactory/chat/vllm_engine.py:165 src.llamafactory.chat.vllm_engine._generate event=line locals={}
2026-07-15 04:14:21.623 /testbed/src/llamafactory/chat/vllm_engine.py:166 src.llamafactory.chat.vllm_engine._generate event=line locals={}
2026-07-15 04:14:21.623 /testbed/src/llamafactory/chat/vllm_engine.py:167 src.llamafactory.chat.vllm_engine._generate event=line locals={}
2026-07-15 04:14:21.623 /testbed/src/llamafactory/chat/vllm_engine.py:168 src.llamafactory.chat.vllm_engine._generate event=line locals={}
2026-07-15 04:14:21.623 /testbed/src/llamafactory/chat/vllm_engine.py:169 src.llamafactory.chat.vllm_engine._generate event=line locals={}
2026-07-15 04:14:21.623 /testbed/src/llamafactory/chat/vllm_engine.py:170 src.llamafactory.chat.vllm_engine._generate event=line locals={}
2026-07-15 04:14:21.623 /testbed/src/llamafactory/chat/vllm_engine.py:172 src.llamafactory.chat.vllm_engine._generate event=line locals={}
2026-07-15 04:14:21.623 /testbed/src/llamafactory/chat/vllm_engine.py:173 src.llamafactory.chat.vllm_engine._generate event=line locals={}
2026-07-15 04:14:21.623 /testbed/src/llamafactory/chat/vllm_engine.py:159 src.llamafactory.chat.vllm_engine._generate event=line locals={}
2026-07-15 04:14:21.623 /testbed/src/llamafactory/chat/vllm_engine.py:176 src.llamafactory.chat.vllm_engine._generate event=line locals={'sampling_params': '<testcase.FakeSamplingParams object at 0x7d1976509420>'}
2026-07-15 04:14:21.623 /testbed/src/llamafactory/chat/vllm_engine.py:184 src.llamafactory.chat.vllm_engine._generate event=line locals={}
2026-07-15 04:14:21.623 /testbed/src/llamafactory/chat/vllm_engine.py:194 src.llamafactory.chat.vllm_engine._generate event=line locals={}
2026-07-15 04:14:21.623 /testbed/src/llamafactory/chat/vllm_engine.py:201 src.llamafactory.chat.vllm_engine._generate event=line locals={}
2026-07-15 04:14:21.623 /testbed/src/llamafactory/chat/vllm_engine.py:203 src.llamafactory.chat.vllm_engine._generate event=line locals={'multi_modal_data': 'None'}
2026-07-15 04:14:21.623 /testbed/src/llamafactory/chat/vllm_engine.py:204 src.llamafactory.chat.vllm_engine._generate event=line locals={}
2026-07-15 04:14:21.623 /testbed/src/llamafactory/chat/vllm_engine.py:205 src.llamafactory.chat.vllm_engine._generate event=line locals={}
2026-07-15 04:14:21.623 /testbed/src/llamafactory/chat/vllm_engine.py:206 src.llamafactory.chat.vllm_engine._generate event=line locals={}
2026-07-15 04:14:21.623 /testbed/src/llamafactory/chat/vllm_engine.py:207 src.llamafactory.chat.vllm_engine._generate event=line locals={}
2026-07-15 04:14:21.623 /testbed/src/llamafactory/chat/vllm_engine.py:203 src.llamafactory.chat.vllm_engine._generate event=line locals={}
2026-07-15 04:14:21.623 /testbed/src/llamafactory/chat/vllm_engine.py:209 src.llamafactory.chat.vllm_engine._generate event=line locals={'result_generator': "{'kind': 'dummy_generator', 'call_index': 1}"}
2026-07-15 04:14:21.623 /testbed/src/llamafactory/chat/vllm_engine.py:209 src.llamafactory.chat.vllm_engine._generate event=return retval={'kind': 'dummy_generator', 'call_index': 1} locals={'audios': 'None', 'images': 'None', 'input_kwargs': '{}', 'length_penalty': 'None', 'max_length': 'None', 'max_new_tokens': 'None', 'max_tokens': '5', 'messages': "[{'role': 'user', 'content': 'hello'}]", 'multi_modal_data': 'None', 'num_return_sequences': '1', 'paired_messages': "[{'role': 'user', 'content': 'hello'}, {'role': 'assistant', 'content': ''}]", 'prompt_ids': '[101, 102, 103]', 'prompt_length': '3', 'repetition_penalty': 'None', 'request_id': "'chatcmpl-24cbe15bc42f425b876fdd312ae4bcdd'", 'result_generator': "{'kind': 'dummy_generator', 'call_index': 1}", 'sampling_params': '<testcase.FakeSamplingParams object at 0x7d1976509420>', 'self': '<src.llamafactory.chat.vllm_engine.VllmEngine object at 0x7d1976508e20>', 'skip_special_tokens': 'None', 'stop': 'None', 'system': "'sys-c'", 'temperature': 'None', 'tools': 'None', 'top_k': 'None', 'top_p': 'None', 'videos': 'None'}
