2026-07-15 04:14:01.090 [TRACE][START] pid=44 TRACE_OUT='/testbed/logs/llama_factory_qa/supervised_preprocess_dataset_m7_invariants__r20260714/trace.log' TRACE_FILE='src/llamafactory/data/processor/supervised.py' TRACE_FUNCS=['preprocess_dataset'] TRACE_EVENTS=['call', 'exception', 'line', 'return']
2026-07-15 04:14:01.097 /testbed/src/llamafactory/data/processor/supervised.py:127 src.llamafactory.data.processor.supervised.preprocess_dataset event=call locals={'examples': "{'_prompt': [[{'role': 'user', 'content': 'a4'}], [{'role': 'user', 'content': 'b3'}], [{'role': 'user', 'content': 'invalid-a'}, {'role': 'user', 'content': 'invalid-b'}]], '_response': [[{'role': 'user', 'content': 'a4-response'}], [{'role': 'user', 'content': 'b3-response'}], [{'role': 'user', 'content': 'invalid-response'}]], '_system': [None, None, None], '_tools': [None, None, None], '_images': [None, None, None], '_videos': [None, None, None], '_audios': [None, None, None]}", 'self': 'PackedSupervisedDatasetProcessor(template=<object object at 0x771ae0227810>, tokenizer=namespace(pad_token_id=0), processor=None, data_args=namespace(cutoff_len=7, neat_packing=False))'}
2026-07-15 04:14:01.097 /testbed/src/llamafactory/data/processor/supervised.py:131 src.llamafactory.data.processor.supervised.preprocess_dataset event=line locals={}
2026-07-15 04:14:01.097 /testbed/src/llamafactory/data/processor/supervised.py:132 src.llamafactory.data.processor.supervised.preprocess_dataset event=line locals={'valid_num': '0'}
2026-07-15 04:14:01.097 /testbed/src/llamafactory/data/processor/supervised.py:133 src.llamafactory.data.processor.supervised.preprocess_dataset event=line locals={'batch_audios': '[]', 'batch_images': '[]', 'batch_input_ids': '[]', 'batch_labels': '[]', 'batch_videos': '[]'}
2026-07-15 04:14:01.097 /testbed/src/llamafactory/data/processor/supervised.py:134 src.llamafactory.data.processor.supervised.preprocess_dataset event=line locals={'lengths': '[]'}
2026-07-15 04:14:01.097 /testbed/src/llamafactory/data/processor/supervised.py:135 src.llamafactory.data.processor.supervised.preprocess_dataset event=line locals={'length2indexes': "defaultdict(<class 'list'>, {})"}
2026-07-15 04:14:01.097 /testbed/src/llamafactory/data/processor/supervised.py:136 src.llamafactory.data.processor.supervised.preprocess_dataset event=line locals={'i': '0'}
2026-07-15 04:14:01.097 /testbed/src/llamafactory/data/processor/supervised.py:142 src.llamafactory.data.processor.supervised.preprocess_dataset event=line locals={}
2026-07-15 04:14:01.097 /testbed/src/llamafactory/data/processor/supervised.py:143 src.llamafactory.data.processor.supervised.preprocess_dataset event=line locals={}
2026-07-15 04:14:01.097 /testbed/src/llamafactory/data/processor/supervised.py:144 src.llamafactory.data.processor.supervised.preprocess_dataset event=line locals={}
2026-07-15 04:14:01.097 /testbed/src/llamafactory/data/processor/supervised.py:145 src.llamafactory.data.processor.supervised.preprocess_dataset event=line locals={}
2026-07-15 04:14:01.097 /testbed/src/llamafactory/data/processor/supervised.py:146 src.llamafactory.data.processor.supervised.preprocess_dataset event=line locals={}
2026-07-15 04:14:01.097 /testbed/src/llamafactory/data/processor/supervised.py:147 src.llamafactory.data.processor.supervised.preprocess_dataset event=line locals={}
2026-07-15 04:14:01.097 /testbed/src/llamafactory/data/processor/supervised.py:148 src.llamafactory.data.processor.supervised.preprocess_dataset event=line locals={}
2026-07-15 04:14:01.097 /testbed/src/llamafactory/data/processor/supervised.py:149 src.llamafactory.data.processor.supervised.preprocess_dataset event=line locals={}
2026-07-15 04:14:01.097 /testbed/src/llamafactory/data/processor/supervised.py:142 src.llamafactory.data.processor.supervised.preprocess_dataset event=line locals={}
2026-07-15 04:14:01.097 /testbed/src/llamafactory/data/processor/supervised.py:151 src.llamafactory.data.processor.supervised.preprocess_dataset event=line locals={'input_ids': '[11, 12, 13, 14]', 'labels': '[111, 112, 113, 114]'}
2026-07-15 04:14:01.097 /testbed/src/llamafactory/data/processor/supervised.py:152 src.llamafactory.data.processor.supervised.preprocess_dataset event=line locals={'length': '4'}
2026-07-15 04:14:01.097 /testbed/src/llamafactory/data/processor/supervised.py:155 src.llamafactory.data.processor.supervised.preprocess_dataset event=line locals={}
2026-07-15 04:14:01.097 /testbed/src/llamafactory/data/processor/supervised.py:156 src.llamafactory.data.processor.supervised.preprocess_dataset event=line locals={'lengths': '[4]'}
2026-07-15 04:14:01.097 /testbed/src/llamafactory/data/processor/supervised.py:157 src.llamafactory.data.processor.supervised.preprocess_dataset event=line locals={'length2indexes': "defaultdict(<class 'list'>, {4: [0]})"}
2026-07-15 04:14:01.097 /testbed/src/llamafactory/data/processor/supervised.py:158 src.llamafactory.data.processor.supervised.preprocess_dataset event=line locals={'batch_input_ids': '[[11, 12, 13, 14]]'}
2026-07-15 04:14:01.097 /testbed/src/llamafactory/data/processor/supervised.py:159 src.llamafactory.data.processor.supervised.preprocess_dataset event=line locals={'batch_labels': '[[111, 112, 113, 114]]'}
2026-07-15 04:14:01.097 /testbed/src/llamafactory/data/processor/supervised.py:160 src.llamafactory.data.processor.supervised.preprocess_dataset event=line locals={'batch_images': '[[]]'}
2026-07-15 04:14:01.097 /testbed/src/llamafactory/data/processor/supervised.py:161 src.llamafactory.data.processor.supervised.preprocess_dataset event=line locals={'batch_videos': '[[]]'}
2026-07-15 04:14:01.097 /testbed/src/llamafactory/data/processor/supervised.py:162 src.llamafactory.data.processor.supervised.preprocess_dataset event=line locals={'batch_audios': '[[]]'}
2026-07-15 04:14:01.097 /testbed/src/llamafactory/data/processor/supervised.py:135 src.llamafactory.data.processor.supervised.preprocess_dataset event=line locals={'valid_num': '1'}
2026-07-15 04:14:01.097 /testbed/src/llamafactory/data/processor/supervised.py:136 src.llamafactory.data.processor.supervised.preprocess_dataset event=line locals={'i': '1'}
2026-07-15 04:14:01.097 /testbed/src/llamafactory/data/processor/supervised.py:142 src.llamafactory.data.processor.supervised.preprocess_dataset event=line locals={}
2026-07-15 04:14:01.097 /testbed/src/llamafactory/data/processor/supervised.py:143 src.llamafactory.data.processor.supervised.preprocess_dataset event=line locals={}
2026-07-15 04:14:01.097 /testbed/src/llamafactory/data/processor/supervised.py:144 src.llamafactory.data.processor.supervised.preprocess_dataset event=line locals={}
2026-07-15 04:14:01.097 /testbed/src/llamafactory/data/processor/supervised.py:145 src.llamafactory.data.processor.supervised.preprocess_dataset event=line locals={}
2026-07-15 04:14:01.097 /testbed/src/llamafactory/data/processor/supervised.py:146 src.llamafactory.data.processor.supervised.preprocess_dataset event=line locals={}
2026-07-15 04:14:01.097 /testbed/src/llamafactory/data/processor/supervised.py:147 src.llamafactory.data.processor.supervised.preprocess_dataset event=line locals={}
2026-07-15 04:14:01.097 /testbed/src/llamafactory/data/processor/supervised.py:148 src.llamafactory.data.processor.supervised.preprocess_dataset event=line locals={}
2026-07-15 04:14:01.097 /testbed/src/llamafactory/data/processor/supervised.py:149 src.llamafactory.data.processor.supervised.preprocess_dataset event=line locals={}
2026-07-15 04:14:01.097 /testbed/src/llamafactory/data/processor/supervised.py:142 src.llamafactory.data.processor.supervised.preprocess_dataset event=line locals={}
2026-07-15 04:14:01.097 /testbed/src/llamafactory/data/processor/supervised.py:151 src.llamafactory.data.processor.supervised.preprocess_dataset event=line locals={'input_ids': '[21, 22, 23]', 'labels': '[121, 122, 123]'}
2026-07-15 04:14:01.097 /testbed/src/llamafactory/data/processor/supervised.py:152 src.llamafactory.data.processor.supervised.preprocess_dataset event=line locals={'length': '3'}
2026-07-15 04:14:01.098 /testbed/src/llamafactory/data/processor/supervised.py:155 src.llamafactory.data.processor.supervised.preprocess_dataset event=line locals={}
2026-07-15 04:14:01.098 /testbed/src/llamafactory/data/processor/supervised.py:156 src.llamafactory.data.processor.supervised.preprocess_dataset event=line locals={'lengths': '[4, 3]'}
2026-07-15 04:14:01.098 /testbed/src/llamafactory/data/processor/supervised.py:157 src.llamafactory.data.processor.supervised.preprocess_dataset event=line locals={'length2indexes': "defaultdict(<class 'list'>, {4: [0], 3: [1]})"}
2026-07-15 04:14:01.098 /testbed/src/llamafactory/data/processor/supervised.py:158 src.llamafactory.data.processor.supervised.preprocess_dataset event=line locals={'batch_input_ids': '[[11, 12, 13, 14], [21, 22, 23]]'}
2026-07-15 04:14:01.098 /testbed/src/llamafactory/data/processor/supervised.py:159 src.llamafactory.data.processor.supervised.preprocess_dataset event=line locals={'batch_labels': '[[111, 112, 113, 114], [121, 122, 123]]'}
2026-07-15 04:14:01.098 /testbed/src/llamafactory/data/processor/supervised.py:160 src.llamafactory.data.processor.supervised.preprocess_dataset event=line locals={'batch_images': '[[], []]'}
2026-07-15 04:14:01.098 /testbed/src/llamafactory/data/processor/supervised.py:161 src.llamafactory.data.processor.supervised.preprocess_dataset event=line locals={'batch_videos': '[[], []]'}
2026-07-15 04:14:01.098 /testbed/src/llamafactory/data/processor/supervised.py:162 src.llamafactory.data.processor.supervised.preprocess_dataset event=line locals={'batch_audios': '[[], []]'}
2026-07-15 04:14:01.098 /testbed/src/llamafactory/data/processor/supervised.py:135 src.llamafactory.data.processor.supervised.preprocess_dataset event=line locals={'valid_num': '2'}
2026-07-15 04:14:01.098 /testbed/src/llamafactory/data/processor/supervised.py:136 src.llamafactory.data.processor.supervised.preprocess_dataset event=line locals={'i': '2'}
2026-07-15 04:14:01.098 /testbed/src/llamafactory/data/processor/supervised.py:137 src.llamafactory.data.processor.supervised.preprocess_dataset event=line locals={}
2026-07-15 04:14:01.098 /testbed/src/llamafactory/data/processor/supervised.py:138 src.llamafactory.data.processor.supervised.preprocess_dataset event=line locals={}
2026-07-15 04:14:01.098 /testbed/src/llamafactory/data/processor/supervised.py:137 src.llamafactory.data.processor.supervised.preprocess_dataset event=line locals={}
2026-07-15 04:14:01.098 /testbed/src/llamafactory/data/processor/supervised.py:140 src.llamafactory.data.processor.supervised.preprocess_dataset event=line locals={}
2026-07-15 04:14:01.098 /testbed/src/llamafactory/data/processor/supervised.py:135 src.llamafactory.data.processor.supervised.preprocess_dataset event=line locals={}
2026-07-15 04:14:01.098 /testbed/src/llamafactory/data/processor/supervised.py:164 src.llamafactory.data.processor.supervised.preprocess_dataset event=line locals={}
2026-07-15 04:14:01.099 /testbed/src/llamafactory/data/processor/supervised.py:165 src.llamafactory.data.processor.supervised.preprocess_dataset event=line locals={'model_inputs': "defaultdict(<class 'list'>, {})"}
2026-07-15 04:14:01.099 /testbed/src/llamafactory/data/processor/supervised.py:166 src.llamafactory.data.processor.supervised.preprocess_dataset event=line locals={'knapsacks': '[[4, 3]]', 'lengths': '[]'}
2026-07-15 04:14:01.099 /testbed/src/llamafactory/data/processor/supervised.py:167 src.llamafactory.data.processor.supervised.preprocess_dataset event=line locals={'knapsack': '[4, 3]'}
2026-07-15 04:14:01.099 /testbed/src/llamafactory/data/processor/supervised.py:168 src.llamafactory.data.processor.supervised.preprocess_dataset event=line locals={'packed_attention_masks': '[]', 'packed_input_ids': '[]', 'packed_labels': '[]'}
2026-07-15 04:14:01.099 /testbed/src/llamafactory/data/processor/supervised.py:169 src.llamafactory.data.processor.supervised.preprocess_dataset event=line locals={'packed_audios': '[]', 'packed_images': '[]', 'packed_position_ids': '[]', 'packed_videos': '[]'}
2026-07-15 04:14:01.099 /testbed/src/llamafactory/data/processor/supervised.py:170 src.llamafactory.data.processor.supervised.preprocess_dataset event=line locals={'i': '0', 'length': '4'}
2026-07-15 04:14:01.099 /testbed/src/llamafactory/data/processor/supervised.py:171 src.llamafactory.data.processor.supervised.preprocess_dataset event=line locals={'index': '0', 'length2indexes': "defaultdict(<class 'list'>, {4: [], 3: [1]})"}
2026-07-15 04:14:01.099 /testbed/src/llamafactory/data/processor/supervised.py:172 src.llamafactory.data.processor.supervised.preprocess_dataset event=line locals={'packed_input_ids': '[11, 12, 13, 14]'}
2026-07-15 04:14:01.099 /testbed/src/llamafactory/data/processor/supervised.py:173 src.llamafactory.data.processor.supervised.preprocess_dataset event=line locals={'packed_labels': '[111, 112, 113, 114]'}
2026-07-15 04:14:01.099 /testbed/src/llamafactory/data/processor/supervised.py:174 src.llamafactory.data.processor.supervised.preprocess_dataset event=line locals={}
2026-07-15 04:14:01.099 /testbed/src/llamafactory/data/processor/supervised.py:175 src.llamafactory.data.processor.supervised.preprocess_dataset event=line locals={}
2026-07-15 04:14:01.099 /testbed/src/llamafactory/data/processor/supervised.py:176 src.llamafactory.data.processor.supervised.preprocess_dataset event=line locals={}
2026-07-15 04:14:01.099 /testbed/src/llamafactory/data/processor/supervised.py:180 src.llamafactory.data.processor.supervised.preprocess_dataset event=line locals={}
2026-07-15 04:14:01.099 /testbed/src/llamafactory/data/processor/supervised.py:169 src.llamafactory.data.processor.supervised.preprocess_dataset event=line locals={'packed_attention_masks': '[1, 1, 1, 1]'}
2026-07-15 04:14:01.099 /testbed/src/llamafactory/data/processor/supervised.py:170 src.llamafactory.data.processor.supervised.preprocess_dataset event=line locals={'i': '1', 'length': '3'}
2026-07-15 04:14:01.099 /testbed/src/llamafactory/data/processor/supervised.py:171 src.llamafactory.data.processor.supervised.preprocess_dataset event=line locals={'index': '1', 'length2indexes': "defaultdict(<class 'list'>, {4: [], 3: []})"}
2026-07-15 04:14:01.099 /testbed/src/llamafactory/data/processor/supervised.py:172 src.llamafactory.data.processor.supervised.preprocess_dataset event=line locals={'packed_input_ids': '[11, 12, 13, 14, 21, 22, 23]'}
2026-07-15 04:14:01.099 /testbed/src/llamafactory/data/processor/supervised.py:173 src.llamafactory.data.processor.supervised.preprocess_dataset event=line locals={'packed_labels': '[111, 112, 113, 114, 121, 122, 123]'}
2026-07-15 04:14:01.099 /testbed/src/llamafactory/data/processor/supervised.py:174 src.llamafactory.data.processor.supervised.preprocess_dataset event=line locals={}
2026-07-15 04:14:01.099 /testbed/src/llamafactory/data/processor/supervised.py:175 src.llamafactory.data.processor.supervised.preprocess_dataset event=line locals={}
2026-07-15 04:14:01.099 /testbed/src/llamafactory/data/processor/supervised.py:176 src.llamafactory.data.processor.supervised.preprocess_dataset event=line locals={}
2026-07-15 04:14:01.099 /testbed/src/llamafactory/data/processor/supervised.py:180 src.llamafactory.data.processor.supervised.preprocess_dataset event=line locals={}
2026-07-15 04:14:01.099 /testbed/src/llamafactory/data/processor/supervised.py:169 src.llamafactory.data.processor.supervised.preprocess_dataset event=line locals={'packed_attention_masks': '[1, 1, 1, 1, 1, 1, 1]'}
2026-07-15 04:14:01.099 /testbed/src/llamafactory/data/processor/supervised.py:182 src.llamafactory.data.processor.supervised.preprocess_dataset event=line locals={}
2026-07-15 04:14:01.099 /testbed/src/llamafactory/data/processor/supervised.py:183 src.llamafactory.data.processor.supervised.preprocess_dataset event=line locals={}
2026-07-15 04:14:01.099 /testbed/src/llamafactory/data/processor/supervised.py:184 src.llamafactory.data.processor.supervised.preprocess_dataset event=line locals={'pad_length': '1'}
2026-07-15 04:14:01.099 /testbed/src/llamafactory/data/processor/supervised.py:185 src.llamafactory.data.processor.supervised.preprocess_dataset event=line locals={'packed_input_ids': '[11, 12, 13, 14, 21, 22, 23, 0]'}
2026-07-15 04:14:01.099 /testbed/src/llamafactory/data/processor/supervised.py:186 src.llamafactory.data.processor.supervised.preprocess_dataset event=line locals={'packed_labels': '[111, 112, 113, 114, 121, 122, 123, -100]'}
2026-07-15 04:14:01.099 /testbed/src/llamafactory/data/processor/supervised.py:190 src.llamafactory.data.processor.supervised.preprocess_dataset event=line locals={}
2026-07-15 04:14:01.099 /testbed/src/llamafactory/data/processor/supervised.py:192 src.llamafactory.data.processor.supervised.preprocess_dataset event=line locals={'packed_attention_masks': '[1, 1, 1, 1, 1, 1, 1, 1]'}
2026-07-15 04:14:01.099 /testbed/src/llamafactory/data/processor/supervised.py:195 src.llamafactory.data.processor.supervised.preprocess_dataset event=line locals={}
2026-07-15 04:14:01.099 /testbed/src/llamafactory/data/processor/supervised.py:196 src.llamafactory.data.processor.supervised.preprocess_dataset event=line locals={'model_inputs': "defaultdict(<class 'list'>, {'input_ids': [[11, 12, 13, 14, 21, 22, 23, 0]]})"}
2026-07-15 04:14:01.099 /testbed/src/llamafactory/data/processor/supervised.py:197 src.llamafactory.data.processor.supervised.preprocess_dataset event=line locals={'model_inputs': "defaultdict(<class 'list'>, {'input_ids': [[11, 12, 13, 14, 21, 22, 23, 0]], 'attention_mask': [[1, 1, 1, 1, 1, 1, 1, 1]]})"}
2026-07-15 04:14:01.100 /testbed/src/llamafactory/data/processor/supervised.py:198 src.llamafactory.data.processor.supervised.preprocess_dataset event=line locals={'model_inputs': "defaultdict(<class 'list'>, {'input_ids': [[11, 12, 13, 14, 21, 22, 23, 0]], 'attention_mask': [[1, 1, 1, 1, 1, 1, 1, 1]], 'labels': [[111, 112, 113, 114, 121, 122, 123, -100]]})"}
2026-07-15 04:14:01.100 /testbed/src/llamafactory/data/processor/supervised.py:199 src.llamafactory.data.processor.supervised.preprocess_dataset event=line locals={'model_inputs': "defaultdict(<class 'list'>, {'input_ids': [[11, 12, 13, 14, 21, 22, 23, 0]], 'attention_mask': [[1, 1, 1, 1, 1, 1, 1, 1]], 'labels': [[111, 112, 113, 114, 121, 122, 123, -100]], 'images': [None]})"}
2026-07-15 04:14:01.100 /testbed/src/llamafactory/data/processor/supervised.py:200 src.llamafactory.data.processor.supervised.preprocess_dataset event=line locals={'model_inputs': "defaultdict(<class 'list'>, {'input_ids': [[11, 12, 13, 14, 21, 22, 23, 0]], 'attention_mask': [[1, 1, 1, 1, 1, 1, 1, 1]], 'labels': [[111, 112, 113, 114, 121, 122, 123, -100]], 'images': [None], 'videos': [None]})"}
2026-07-15 04:14:01.100 /testbed/src/llamafactory/data/processor/supervised.py:201 src.llamafactory.data.processor.supervised.preprocess_dataset event=line locals={'model_inputs': "defaultdict(<class 'list'>, {'input_ids': [[11, 12, 13, 14, 21, 22, 23, 0]], 'attention_mask': [[1, 1, 1, 1, 1, 1, 1, 1]], 'labels': [[111, 112, 113, 114, 121, 122, 123, -100]], 'images': [None], 'videos': [None], 'audios': [None]})"}
2026-07-15 04:14:01.100 /testbed/src/llamafactory/data/processor/supervised.py:166 src.llamafactory.data.processor.supervised.preprocess_dataset event=line locals={'model_inputs': "defaultdict(<class 'list'>, {'input_ids': [[11, 12, 13, 14, 21, 22, 23, 0]], 'attention_mask': [[1, 1, 1, 1, 1, 1, 1, 1]], 'labels': [[111, 112, 113, 114, 121, 122, 123, -100]], 'images': [None], 'videos': [None], 'audios': [None], 'position_ids': [None]})"}
2026-07-15 04:14:01.100 /testbed/src/llamafactory/data/processor/supervised.py:203 src.llamafactory.data.processor.supervised.preprocess_dataset event=line locals={}
2026-07-15 04:14:01.100 /testbed/src/llamafactory/data/processor/supervised.py:203 src.llamafactory.data.processor.supervised.preprocess_dataset event=return retval=defaultdict(<class 'list'>, {'input_ids': [[11, 12, 13, 14, 21, 22, 23, 0]], 'attention_mask': [[1, 1, 1, 1, 1, 1, 1, 1]], 'labels': [[111, 112, 113, 114, 121, 122, 123, -100]], 'images': [None], 'videos': [None], 'audios': [None], 'position_ids': [None]}) locals={'batch_audios': '[[], []]', 'batch_images': '[[], []]', 'batch_input_ids': '[[11, 12, 13, 14], [21, 22, 23]]', 'batch_labels': '[[111, 112, 113, 114], [121, 122, 123]]', 'batch_videos': '[[], []]', 'examples': "{'_prompt': [[{'role': 'user', 'content': 'a4'}], [{'role': 'user', 'content': 'b3'}], [{'role': 'user', 'content': 'invalid-a'}, {'role': 'user', 'content': 'invalid-b'}]], '_response': [[{'role': 'user', 'content': 'a4-response'}], [{'role': 'user', 'content': 'b3-response'}], [{'role': 'user', 'content': 'invalid-response'}]], '_system': [None, None, None], '_tools': [None, None, None], '_images': [None, None, None], '_videos': [None, None, None], '_audios': [None, None, None]}", 'i': '1', 'index': '1', 'input_ids': '[21, 22, 23]', 'knapsack': '[4, 3]', 'knapsacks': '[[4, 3]]', 'labels': '[121, 122, 123]', 'length': '3', 'length2indexes': "defaultdict(<class 'list'>, {4: [], 3: []})", 'lengths': '[]', 'model_inputs': "defaultdict(<class 'list'>, {'input_ids': [[11, 12, 13, 14, 21, 22, 23, 0]], 'attention_mask': [[1, 1, 1, 1, 1, 1, 1, 1]], 'labels': [[111, 112, 113, 114, 121, 122, 123, -100]], 'images': [None], 'videos': [None], 'audios': [None], 'position_ids': [None]})", 'packed_attention_masks': '[1, 1, 1, 1, 1, 1, 1, 1]', 'packed_audios': '[]', 'packed_images': '[]', 'packed_input_ids': '[11, 12, 13, 14, 21, 22, 23, 0]', 'packed_labels': '[111, 112, 113, 114, 121, 122, 123, -100]', 'packed_position_ids': '[]', 'packed_videos': '[]', 'pad_length': '1', 'self': 'PackedSupervisedDatasetProcessor(template=<object object at 0x771ae0227810>, tokenizer=namespace(pad_token_id=0), processor=None, data_args=namespace(cutoff_len=7, neat_packing=False))', 'valid_num': '2'}
2026-07-15 04:14:01.100 /testbed/src/llamafactory/data/processor/supervised.py:127 src.llamafactory.data.processor.supervised.preprocess_dataset event=call locals={'examples': "{'_prompt': [[{'role': 'user', 'content': 'c5'}], [{'role': 'user', 'content': 'd2'}], [{'role': 'user', 'content': 'long8'}]], '_response': [[{'role': 'user', 'content': 'c5-response'}], [{'role': 'user', 'content': 'd2-response'}], [{'role': 'user', 'content': 'long8-response'}]], '_system': [None, None, None], '_tools': [None, None, None], '_images': [None, None, None], '_videos': [None, None, None], '_audios': [None, None, None]}", 'self': 'PackedSupervisedDatasetProcessor(template=<object object at 0x771ae0227810>, tokenizer=namespace(pad_token_id=0), processor=None, data_args=namespace(cutoff_len=7, neat_packing=False))'}
2026-07-15 04:14:01.100 /testbed/src/llamafactory/data/processor/supervised.py:131 src.llamafactory.data.processor.supervised.preprocess_dataset event=line locals={}
2026-07-15 04:14:01.100 /testbed/src/llamafactory/data/processor/supervised.py:132 src.llamafactory.data.processor.supervised.preprocess_dataset event=line locals={'valid_num': '0'}
2026-07-15 04:14:01.100 /testbed/src/llamafactory/data/processor/supervised.py:133 src.llamafactory.data.processor.supervised.preprocess_dataset event=line locals={'batch_audios': '[]', 'batch_images': '[]', 'batch_input_ids': '[]', 'batch_labels': '[]', 'batch_videos': '[]'}
2026-07-15 04:14:01.100 /testbed/src/llamafactory/data/processor/supervised.py:134 src.llamafactory.data.processor.supervised.preprocess_dataset event=line locals={'lengths': '[]'}
2026-07-15 04:14:01.100 /testbed/src/llamafactory/data/processor/supervised.py:135 src.llamafactory.data.processor.supervised.preprocess_dataset event=line locals={'length2indexes': "defaultdict(<class 'list'>, {})"}
2026-07-15 04:14:01.100 /testbed/src/llamafactory/data/processor/supervised.py:136 src.llamafactory.data.processor.supervised.preprocess_dataset event=line locals={'i': '0'}
2026-07-15 04:14:01.100 /testbed/src/llamafactory/data/processor/supervised.py:142 src.llamafactory.data.processor.supervised.preprocess_dataset event=line locals={}
2026-07-15 04:14:01.100 /testbed/src/llamafactory/data/processor/supervised.py:143 src.llamafactory.data.processor.supervised.preprocess_dataset event=line locals={}
2026-07-15 04:14:01.100 /testbed/src/llamafactory/data/processor/supervised.py:144 src.llamafactory.data.processor.supervised.preprocess_dataset event=line locals={}
2026-07-15 04:14:01.100 /testbed/src/llamafactory/data/processor/supervised.py:145 src.llamafactory.data.processor.supervised.preprocess_dataset event=line locals={}
2026-07-15 04:14:01.100 /testbed/src/llamafactory/data/processor/supervised.py:146 src.llamafactory.data.processor.supervised.preprocess_dataset event=line locals={}
2026-07-15 04:14:01.100 /testbed/src/llamafactory/data/processor/supervised.py:147 src.llamafactory.data.processor.supervised.preprocess_dataset event=line locals={}
2026-07-15 04:14:01.100 /testbed/src/llamafactory/data/processor/supervised.py:148 src.llamafactory.data.processor.supervised.preprocess_dataset event=line locals={}
2026-07-15 04:14:01.100 /testbed/src/llamafactory/data/processor/supervised.py:149 src.llamafactory.data.processor.supervised.preprocess_dataset event=line locals={}
2026-07-15 04:14:01.100 /testbed/src/llamafactory/data/processor/supervised.py:142 src.llamafactory.data.processor.supervised.preprocess_dataset event=line locals={}
2026-07-15 04:14:01.100 /testbed/src/llamafactory/data/processor/supervised.py:151 src.llamafactory.data.processor.supervised.preprocess_dataset event=line locals={'input_ids': '[31, 32, 33, 34, 35]', 'labels': '[131, 132, 133, 134, 135]'}
2026-07-15 04:14:01.100 /testbed/src/llamafactory/data/processor/supervised.py:152 src.llamafactory.data.processor.supervised.preprocess_dataset event=line locals={'length': '5'}
2026-07-15 04:14:01.100 /testbed/src/llamafactory/data/processor/supervised.py:155 src.llamafactory.data.processor.supervised.preprocess_dataset event=line locals={}
2026-07-15 04:14:01.100 /testbed/src/llamafactory/data/processor/supervised.py:156 src.llamafactory.data.processor.supervised.preprocess_dataset event=line locals={'lengths': '[5]'}
2026-07-15 04:14:01.100 /testbed/src/llamafactory/data/processor/supervised.py:157 src.llamafactory.data.processor.supervised.preprocess_dataset event=line locals={'length2indexes': "defaultdict(<class 'list'>, {5: [0]})"}
2026-07-15 04:14:01.100 /testbed/src/llamafactory/data/processor/supervised.py:158 src.llamafactory.data.processor.supervised.preprocess_dataset event=line locals={'batch_input_ids': '[[31, 32, 33, 34, 35]]'}
2026-07-15 04:14:01.100 /testbed/src/llamafactory/data/processor/supervised.py:159 src.llamafactory.data.processor.supervised.preprocess_dataset event=line locals={'batch_labels': '[[131, 132, 133, 134, 135]]'}
2026-07-15 04:14:01.100 /testbed/src/llamafactory/data/processor/supervised.py:160 src.llamafactory.data.processor.supervised.preprocess_dataset event=line locals={'batch_images': '[[]]'}
2026-07-15 04:14:01.100 /testbed/src/llamafactory/data/processor/supervised.py:161 src.llamafactory.data.processor.supervised.preprocess_dataset event=line locals={'batch_videos': '[[]]'}
2026-07-15 04:14:01.100 /testbed/src/llamafactory/data/processor/supervised.py:162 src.llamafactory.data.processor.supervised.preprocess_dataset event=line locals={'batch_audios': '[[]]'}
2026-07-15 04:14:01.100 /testbed/src/llamafactory/data/processor/supervised.py:135 src.llamafactory.data.processor.supervised.preprocess_dataset event=line locals={'valid_num': '1'}
2026-07-15 04:14:01.100 /testbed/src/llamafactory/data/processor/supervised.py:136 src.llamafactory.data.processor.supervised.preprocess_dataset event=line locals={'i': '1'}
2026-07-15 04:14:01.100 /testbed/src/llamafactory/data/processor/supervised.py:142 src.llamafactory.data.processor.supervised.preprocess_dataset event=line locals={}
2026-07-15 04:14:01.100 /testbed/src/llamafactory/data/processor/supervised.py:143 src.llamafactory.data.processor.supervised.preprocess_dataset event=line locals={}
2026-07-15 04:14:01.100 /testbed/src/llamafactory/data/processor/supervised.py:144 src.llamafactory.data.processor.supervised.preprocess_dataset event=line locals={}
2026-07-15 04:14:01.100 /testbed/src/llamafactory/data/processor/supervised.py:145 src.llamafactory.data.processor.supervised.preprocess_dataset event=line locals={}
2026-07-15 04:14:01.101 /testbed/src/llamafactory/data/processor/supervised.py:146 src.llamafactory.data.processor.supervised.preprocess_dataset event=line locals={}
2026-07-15 04:14:01.101 /testbed/src/llamafactory/data/processor/supervised.py:147 src.llamafactory.data.processor.supervised.preprocess_dataset event=line locals={}
2026-07-15 04:14:01.101 /testbed/src/llamafactory/data/processor/supervised.py:148 src.llamafactory.data.processor.supervised.preprocess_dataset event=line locals={}
2026-07-15 04:14:01.101 /testbed/src/llamafactory/data/processor/supervised.py:149 src.llamafactory.data.processor.supervised.preprocess_dataset event=line locals={}
2026-07-15 04:14:01.101 /testbed/src/llamafactory/data/processor/supervised.py:142 src.llamafactory.data.processor.supervised.preprocess_dataset event=line locals={}
2026-07-15 04:14:01.101 /testbed/src/llamafactory/data/processor/supervised.py:151 src.llamafactory.data.processor.supervised.preprocess_dataset event=line locals={'input_ids': '[41, 42]', 'labels': '[141, 142]'}
2026-07-15 04:14:01.101 /testbed/src/llamafactory/data/processor/supervised.py:152 src.llamafactory.data.processor.supervised.preprocess_dataset event=line locals={'length': '2'}
2026-07-15 04:14:01.101 /testbed/src/llamafactory/data/processor/supervised.py:155 src.llamafactory.data.processor.supervised.preprocess_dataset event=line locals={}
2026-07-15 04:14:01.101 /testbed/src/llamafactory/data/processor/supervised.py:156 src.llamafactory.data.processor.supervised.preprocess_dataset event=line locals={'lengths': '[5, 2]'}
2026-07-15 04:14:01.101 /testbed/src/llamafactory/data/processor/supervised.py:157 src.llamafactory.data.processor.supervised.preprocess_dataset event=line locals={'length2indexes': "defaultdict(<class 'list'>, {5: [0], 2: [1]})"}
2026-07-15 04:14:01.101 /testbed/src/llamafactory/data/processor/supervised.py:158 src.llamafactory.data.processor.supervised.preprocess_dataset event=line locals={'batch_input_ids': '[[31, 32, 33, 34, 35], [41, 42]]'}
2026-07-15 04:14:01.101 /testbed/src/llamafactory/data/processor/supervised.py:159 src.llamafactory.data.processor.supervised.preprocess_dataset event=line locals={'batch_labels': '[[131, 132, 133, 134, 135], [141, 142]]'}
2026-07-15 04:14:01.101 /testbed/src/llamafactory/data/processor/supervised.py:160 src.llamafactory.data.processor.supervised.preprocess_dataset event=line locals={'batch_images': '[[], []]'}
2026-07-15 04:14:01.101 /testbed/src/llamafactory/data/processor/supervised.py:161 src.llamafactory.data.processor.supervised.preprocess_dataset event=line locals={'batch_videos': '[[], []]'}
2026-07-15 04:14:01.101 /testbed/src/llamafactory/data/processor/supervised.py:162 src.llamafactory.data.processor.supervised.preprocess_dataset event=line locals={'batch_audios': '[[], []]'}
2026-07-15 04:14:01.101 /testbed/src/llamafactory/data/processor/supervised.py:135 src.llamafactory.data.processor.supervised.preprocess_dataset event=line locals={'valid_num': '2'}
2026-07-15 04:14:01.101 /testbed/src/llamafactory/data/processor/supervised.py:136 src.llamafactory.data.processor.supervised.preprocess_dataset event=line locals={'i': '2'}
2026-07-15 04:14:01.101 /testbed/src/llamafactory/data/processor/supervised.py:142 src.llamafactory.data.processor.supervised.preprocess_dataset event=line locals={}
2026-07-15 04:14:01.101 /testbed/src/llamafactory/data/processor/supervised.py:143 src.llamafactory.data.processor.supervised.preprocess_dataset event=line locals={}
2026-07-15 04:14:01.101 /testbed/src/llamafactory/data/processor/supervised.py:144 src.llamafactory.data.processor.supervised.preprocess_dataset event=line locals={}
2026-07-15 04:14:01.101 /testbed/src/llamafactory/data/processor/supervised.py:145 src.llamafactory.data.processor.supervised.preprocess_dataset event=line locals={}
2026-07-15 04:14:01.101 /testbed/src/llamafactory/data/processor/supervised.py:146 src.llamafactory.data.processor.supervised.preprocess_dataset event=line locals={}
2026-07-15 04:14:01.101 /testbed/src/llamafactory/data/processor/supervised.py:147 src.llamafactory.data.processor.supervised.preprocess_dataset event=line locals={}
2026-07-15 04:14:01.101 /testbed/src/llamafactory/data/processor/supervised.py:148 src.llamafactory.data.processor.supervised.preprocess_dataset event=line locals={}
2026-07-15 04:14:01.101 /testbed/src/llamafactory/data/processor/supervised.py:149 src.llamafactory.data.processor.supervised.preprocess_dataset event=line locals={}
2026-07-15 04:14:01.101 /testbed/src/llamafactory/data/processor/supervised.py:142 src.llamafactory.data.processor.supervised.preprocess_dataset event=line locals={}
2026-07-15 04:14:01.101 /testbed/src/llamafactory/data/processor/supervised.py:151 src.llamafactory.data.processor.supervised.preprocess_dataset event=line locals={'input_ids': '[71, 72, 73, 74, 75, 76, 77, 78]', 'labels': '[171, 172, 173, 174, 175, 176, 177, 178]'}
2026-07-15 04:14:01.101 /testbed/src/llamafactory/data/processor/supervised.py:152 src.llamafactory.data.processor.supervised.preprocess_dataset event=line locals={'length': '8'}
2026-07-15 04:14:01.101 /testbed/src/llamafactory/data/processor/supervised.py:153 src.llamafactory.data.processor.supervised.preprocess_dataset event=line locals={}
2026-07-15 04:14:01.102 /testbed/src/llamafactory/data/processor/supervised.py:135 src.llamafactory.data.processor.supervised.preprocess_dataset event=line locals={}
2026-07-15 04:14:01.102 /testbed/src/llamafactory/data/processor/supervised.py:164 src.llamafactory.data.processor.supervised.preprocess_dataset event=line locals={}
2026-07-15 04:14:01.102 /testbed/src/llamafactory/data/processor/supervised.py:165 src.llamafactory.data.processor.supervised.preprocess_dataset event=line locals={'model_inputs': "defaultdict(<class 'list'>, {})"}
2026-07-15 04:14:01.102 /testbed/src/llamafactory/data/processor/supervised.py:166 src.llamafactory.data.processor.supervised.preprocess_dataset event=line locals={'knapsacks': '[[5, 2]]', 'lengths': '[]'}
2026-07-15 04:14:01.102 /testbed/src/llamafactory/data/processor/supervised.py:167 src.llamafactory.data.processor.supervised.preprocess_dataset event=line locals={'knapsack': '[5, 2]'}
2026-07-15 04:14:01.102 /testbed/src/llamafactory/data/processor/supervised.py:168 src.llamafactory.data.processor.supervised.preprocess_dataset event=line locals={'packed_attention_masks': '[]', 'packed_input_ids': '[]', 'packed_labels': '[]'}
2026-07-15 04:14:01.102 /testbed/src/llamafactory/data/processor/supervised.py:169 src.llamafactory.data.processor.supervised.preprocess_dataset event=line locals={'packed_audios': '[]', 'packed_images': '[]', 'packed_position_ids': '[]', 'packed_videos': '[]'}
2026-07-15 04:14:01.102 /testbed/src/llamafactory/data/processor/supervised.py:170 src.llamafactory.data.processor.supervised.preprocess_dataset event=line locals={'i': '0', 'length': '5'}
2026-07-15 04:14:01.102 /testbed/src/llamafactory/data/processor/supervised.py:171 src.llamafactory.data.processor.supervised.preprocess_dataset event=line locals={'index': '0', 'length2indexes': "defaultdict(<class 'list'>, {5: [], 2: [1]})"}
2026-07-15 04:14:01.102 /testbed/src/llamafactory/data/processor/supervised.py:172 src.llamafactory.data.processor.supervised.preprocess_dataset event=line locals={'packed_input_ids': '[31, 32, 33, 34, 35]'}
2026-07-15 04:14:01.102 /testbed/src/llamafactory/data/processor/supervised.py:173 src.llamafactory.data.processor.supervised.preprocess_dataset event=line locals={'packed_labels': '[131, 132, 133, 134, 135]'}
2026-07-15 04:14:01.102 /testbed/src/llamafactory/data/processor/supervised.py:174 src.llamafactory.data.processor.supervised.preprocess_dataset event=line locals={}
2026-07-15 04:14:01.102 /testbed/src/llamafactory/data/processor/supervised.py:175 src.llamafactory.data.processor.supervised.preprocess_dataset event=line locals={}
2026-07-15 04:14:01.102 /testbed/src/llamafactory/data/processor/supervised.py:176 src.llamafactory.data.processor.supervised.preprocess_dataset event=line locals={}
2026-07-15 04:14:01.102 /testbed/src/llamafactory/data/processor/supervised.py:180 src.llamafactory.data.processor.supervised.preprocess_dataset event=line locals={}
2026-07-15 04:14:01.102 /testbed/src/llamafactory/data/processor/supervised.py:169 src.llamafactory.data.processor.supervised.preprocess_dataset event=line locals={'packed_attention_masks': '[1, 1, 1, 1, 1]'}
2026-07-15 04:14:01.102 /testbed/src/llamafactory/data/processor/supervised.py:170 src.llamafactory.data.processor.supervised.preprocess_dataset event=line locals={'i': '1', 'length': '2'}
2026-07-15 04:14:01.102 /testbed/src/llamafactory/data/processor/supervised.py:171 src.llamafactory.data.processor.supervised.preprocess_dataset event=line locals={'index': '1', 'length2indexes': "defaultdict(<class 'list'>, {5: [], 2: []})"}
2026-07-15 04:14:01.102 /testbed/src/llamafactory/data/processor/supervised.py:172 src.llamafactory.data.processor.supervised.preprocess_dataset event=line locals={'packed_input_ids': '[31, 32, 33, 34, 35, 41, 42]'}
2026-07-15 04:14:01.102 /testbed/src/llamafactory/data/processor/supervised.py:173 src.llamafactory.data.processor.supervised.preprocess_dataset event=line locals={'packed_labels': '[131, 132, 133, 134, 135, 141, 142]'}
2026-07-15 04:14:01.102 /testbed/src/llamafactory/data/processor/supervised.py:174 src.llamafactory.data.processor.supervised.preprocess_dataset event=line locals={}
2026-07-15 04:14:01.102 /testbed/src/llamafactory/data/processor/supervised.py:175 src.llamafactory.data.processor.supervised.preprocess_dataset event=line locals={}
2026-07-15 04:14:01.102 /testbed/src/llamafactory/data/processor/supervised.py:176 src.llamafactory.data.processor.supervised.preprocess_dataset event=line locals={}
2026-07-15 04:14:01.102 /testbed/src/llamafactory/data/processor/supervised.py:180 src.llamafactory.data.processor.supervised.preprocess_dataset event=line locals={}
2026-07-15 04:14:01.102 /testbed/src/llamafactory/data/processor/supervised.py:169 src.llamafactory.data.processor.supervised.preprocess_dataset event=line locals={'packed_attention_masks': '[1, 1, 1, 1, 1, 1, 1]'}
2026-07-15 04:14:01.102 /testbed/src/llamafactory/data/processor/supervised.py:182 src.llamafactory.data.processor.supervised.preprocess_dataset event=line locals={}
2026-07-15 04:14:01.102 /testbed/src/llamafactory/data/processor/supervised.py:183 src.llamafactory.data.processor.supervised.preprocess_dataset event=line locals={}
2026-07-15 04:14:01.102 /testbed/src/llamafactory/data/processor/supervised.py:184 src.llamafactory.data.processor.supervised.preprocess_dataset event=line locals={'pad_length': '1'}
2026-07-15 04:14:01.102 /testbed/src/llamafactory/data/processor/supervised.py:185 src.llamafactory.data.processor.supervised.preprocess_dataset event=line locals={'packed_input_ids': '[31, 32, 33, 34, 35, 41, 42, 0]'}
2026-07-15 04:14:01.103 /testbed/src/llamafactory/data/processor/supervised.py:186 src.llamafactory.data.processor.supervised.preprocess_dataset event=line locals={'packed_labels': '[131, 132, 133, 134, 135, 141, 142, -100]'}
2026-07-15 04:14:01.103 /testbed/src/llamafactory/data/processor/supervised.py:190 src.llamafactory.data.processor.supervised.preprocess_dataset event=line locals={}
2026-07-15 04:14:01.103 /testbed/src/llamafactory/data/processor/supervised.py:192 src.llamafactory.data.processor.supervised.preprocess_dataset event=line locals={'packed_attention_masks': '[1, 1, 1, 1, 1, 1, 1, 1]'}
2026-07-15 04:14:01.103 /testbed/src/llamafactory/data/processor/supervised.py:195 src.llamafactory.data.processor.supervised.preprocess_dataset event=line locals={}
2026-07-15 04:14:01.103 /testbed/src/llamafactory/data/processor/supervised.py:196 src.llamafactory.data.processor.supervised.preprocess_dataset event=line locals={'model_inputs': "defaultdict(<class 'list'>, {'input_ids': [[31, 32, 33, 34, 35, 41, 42, 0]]})"}
2026-07-15 04:14:01.103 /testbed/src/llamafactory/data/processor/supervised.py:197 src.llamafactory.data.processor.supervised.preprocess_dataset event=line locals={'model_inputs': "defaultdict(<class 'list'>, {'input_ids': [[31, 32, 33, 34, 35, 41, 42, 0]], 'attention_mask': [[1, 1, 1, 1, 1, 1, 1, 1]]})"}
2026-07-15 04:14:01.103 /testbed/src/llamafactory/data/processor/supervised.py:198 src.llamafactory.data.processor.supervised.preprocess_dataset event=line locals={'model_inputs': "defaultdict(<class 'list'>, {'input_ids': [[31, 32, 33, 34, 35, 41, 42, 0]], 'attention_mask': [[1, 1, 1, 1, 1, 1, 1, 1]], 'labels': [[131, 132, 133, 134, 135, 141, 142, -100]]})"}
2026-07-15 04:14:01.103 /testbed/src/llamafactory/data/processor/supervised.py:199 src.llamafactory.data.processor.supervised.preprocess_dataset event=line locals={'model_inputs': "defaultdict(<class 'list'>, {'input_ids': [[31, 32, 33, 34, 35, 41, 42, 0]], 'attention_mask': [[1, 1, 1, 1, 1, 1, 1, 1]], 'labels': [[131, 132, 133, 134, 135, 141, 142, -100]], 'images': [None]})"}
2026-07-15 04:14:01.103 /testbed/src/llamafactory/data/processor/supervised.py:200 src.llamafactory.data.processor.supervised.preprocess_dataset event=line locals={'model_inputs': "defaultdict(<class 'list'>, {'input_ids': [[31, 32, 33, 34, 35, 41, 42, 0]], 'attention_mask': [[1, 1, 1, 1, 1, 1, 1, 1]], 'labels': [[131, 132, 133, 134, 135, 141, 142, -100]], 'images': [None], 'videos': [None]})"}
2026-07-15 04:14:01.103 /testbed/src/llamafactory/data/processor/supervised.py:201 src.llamafactory.data.processor.supervised.preprocess_dataset event=line locals={'model_inputs': "defaultdict(<class 'list'>, {'input_ids': [[31, 32, 33, 34, 35, 41, 42, 0]], 'attention_mask': [[1, 1, 1, 1, 1, 1, 1, 1]], 'labels': [[131, 132, 133, 134, 135, 141, 142, -100]], 'images': [None], 'videos': [None], 'audios': [None]})"}
2026-07-15 04:14:01.103 /testbed/src/llamafactory/data/processor/supervised.py:166 src.llamafactory.data.processor.supervised.preprocess_dataset event=line locals={'model_inputs': "defaultdict(<class 'list'>, {'input_ids': [[31, 32, 33, 34, 35, 41, 42, 0]], 'attention_mask': [[1, 1, 1, 1, 1, 1, 1, 1]], 'labels': [[131, 132, 133, 134, 135, 141, 142, -100]], 'images': [None], 'videos': [None], 'audios': [None], 'position_ids': [None]})"}
2026-07-15 04:14:01.103 /testbed/src/llamafactory/data/processor/supervised.py:203 src.llamafactory.data.processor.supervised.preprocess_dataset event=line locals={}
2026-07-15 04:14:01.103 /testbed/src/llamafactory/data/processor/supervised.py:203 src.llamafactory.data.processor.supervised.preprocess_dataset event=return retval=defaultdict(<class 'list'>, {'input_ids': [[31, 32, 33, 34, 35, 41, 42, 0]], 'attention_mask': [[1, 1, 1, 1, 1, 1, 1, 1]], 'labels': [[131, 132, 133, 134, 135, 141, 142, -100]], 'images': [None], 'videos': [None], 'audios': [None], 'position_ids': [None]}) locals={'batch_audios': '[[], []]', 'batch_images': '[[], []]', 'batch_input_ids': '[[31, 32, 33, 34, 35], [41, 42]]', 'batch_labels': '[[131, 132, 133, 134, 135], [141, 142]]', 'batch_videos': '[[], []]', 'examples': "{'_prompt': [[{'role': 'user', 'content': 'c5'}], [{'role': 'user', 'content': 'd2'}], [{'role': 'user', 'content': 'long8'}]], '_response': [[{'role': 'user', 'content': 'c5-response'}], [{'role': 'user', 'content': 'd2-response'}], [{'role': 'user', 'content': 'long8-response'}]], '_system': [None, None, None], '_tools': [None, None, None], '_images': [None, None, None], '_videos': [None, None, None], '_audios': [None, None, None]}", 'i': '1', 'index': '1', 'input_ids': '[71, 72, 73, 74, 75, 76, 77, 78]', 'knapsack': '[5, 2]', 'knapsacks': '[[5, 2]]', 'labels': '[171, 172, 173, 174, 175, 176, 177, 178]', 'length': '2', 'length2indexes': "defaultdict(<class 'list'>, {5: [], 2: []})", 'lengths': '[]', 'model_inputs': "defaultdict(<class 'list'>, {'input_ids': [[31, 32, 33, 34, 35, 41, 42, 0]], 'attention_mask': [[1, 1, 1, 1, 1, 1, 1, 1]], 'labels': [[131, 132, 133, 134, 135, 141, 142, -100]], 'images': [None], 'videos': [None], 'audios': [None], 'position_ids': [None]})", 'packed_attention_masks': '[1, 1, 1, 1, 1, 1, 1, 1]', 'packed_audios': '[]', 'packed_images': '[]', 'packed_input_ids': '[31, 32, 33, 34, 35, 41, 42, 0]', 'packed_labels': '[131, 132, 133, 134, 135, 141, 142, -100]', 'packed_position_ids': '[]', 'packed_videos': '[]', 'pad_length': '1', 'self': 'PackedSupervisedDatasetProcessor(template=<object object at 0x771ae0227810>, tokenizer=namespace(pad_token_id=0), processor=None, data_args=namespace(cutoff_len=7, neat_packing=False))', 'valid_num': '2'}
2026-07-15 04:14:01.103 /testbed/src/llamafactory/data/processor/supervised.py:127 src.llamafactory.data.processor.supervised.preprocess_dataset event=call locals={'examples': "{'_prompt': [[{'role': 'user', 'content': 'd2'}], [{'role': 'user', 'content': 'e2'}], [{'role': 'user', 'content': 'f2'}]], '_response': [[{'role': 'user', 'content': 'd2-response'}], [{'role': 'user', 'content': 'e2-response'}], [{'role': 'user', 'content': 'f2-response'}]], '_system': [None, None, None], '_tools': [None, None, None], '_images': [None, None, None], '_videos': [None, None, None], '_audios': [None, None, None]}", 'self': 'PackedSupervisedDatasetProcessor(template=<object object at 0x771ae0227810>, tokenizer=namespace(pad_token_id=0), processor=None, data_args=namespace(cutoff_len=7, neat_packing=False))'}
2026-07-15 04:14:01.103 /testbed/src/llamafactory/data/processor/supervised.py:131 src.llamafactory.data.processor.supervised.preprocess_dataset event=line locals={}
2026-07-15 04:14:01.103 /testbed/src/llamafactory/data/processor/supervised.py:132 src.llamafactory.data.processor.supervised.preprocess_dataset event=line locals={'valid_num': '0'}
2026-07-15 04:14:01.103 /testbed/src/llamafactory/data/processor/supervised.py:133 src.llamafactory.data.processor.supervised.preprocess_dataset event=line locals={'batch_audios': '[]', 'batch_images': '[]', 'batch_input_ids': '[]', 'batch_labels': '[]', 'batch_videos': '[]'}
2026-07-15 04:14:01.103 /testbed/src/llamafactory/data/processor/supervised.py:134 src.llamafactory.data.processor.supervised.preprocess_dataset event=line locals={'lengths': '[]'}
2026-07-15 04:14:01.103 /testbed/src/llamafactory/data/processor/supervised.py:135 src.llamafactory.data.processor.supervised.preprocess_dataset event=line locals={'length2indexes': "defaultdict(<class 'list'>, {})"}
2026-07-15 04:14:01.103 /testbed/src/llamafactory/data/processor/supervised.py:136 src.llamafactory.data.processor.supervised.preprocess_dataset event=line locals={'i': '0'}
2026-07-15 04:14:01.103 /testbed/src/llamafactory/data/processor/supervised.py:142 src.llamafactory.data.processor.supervised.preprocess_dataset event=line locals={}
2026-07-15 04:14:01.103 /testbed/src/llamafactory/data/processor/supervised.py:143 src.llamafactory.data.processor.supervised.preprocess_dataset event=line locals={}
2026-07-15 04:14:01.103 /testbed/src/llamafactory/data/processor/supervised.py:144 src.llamafactory.data.processor.supervised.preprocess_dataset event=line locals={}
2026-07-15 04:14:01.103 /testbed/src/llamafactory/data/processor/supervised.py:145 src.llamafactory.data.processor.supervised.preprocess_dataset event=line locals={}
2026-07-15 04:14:01.103 /testbed/src/llamafactory/data/processor/supervised.py:146 src.llamafactory.data.processor.supervised.preprocess_dataset event=line locals={}
2026-07-15 04:14:01.103 /testbed/src/llamafactory/data/processor/supervised.py:147 src.llamafactory.data.processor.supervised.preprocess_dataset event=line locals={}
2026-07-15 04:14:01.103 /testbed/src/llamafactory/data/processor/supervised.py:148 src.llamafactory.data.processor.supervised.preprocess_dataset event=line locals={}
2026-07-15 04:14:01.103 /testbed/src/llamafactory/data/processor/supervised.py:149 src.llamafactory.data.processor.supervised.preprocess_dataset event=line locals={}
2026-07-15 04:14:01.103 /testbed/src/llamafactory/data/processor/supervised.py:142 src.llamafactory.data.processor.supervised.preprocess_dataset event=line locals={}
2026-07-15 04:14:01.103 /testbed/src/llamafactory/data/processor/supervised.py:151 src.llamafactory.data.processor.supervised.preprocess_dataset event=line locals={'input_ids': '[41, 42]', 'labels': '[141, 142]'}
2026-07-15 04:14:01.103 /testbed/src/llamafactory/data/processor/supervised.py:152 src.llamafactory.data.processor.supervised.preprocess_dataset event=line locals={'length': '2'}
2026-07-15 04:14:01.103 /testbed/src/llamafactory/data/processor/supervised.py:155 src.llamafactory.data.processor.supervised.preprocess_dataset event=line locals={}
2026-07-15 04:14:01.103 /testbed/src/llamafactory/data/processor/supervised.py:156 src.llamafactory.data.processor.supervised.preprocess_dataset event=line locals={'lengths': '[2]'}
2026-07-15 04:14:01.103 /testbed/src/llamafactory/data/processor/supervised.py:157 src.llamafactory.data.processor.supervised.preprocess_dataset event=line locals={'length2indexes': "defaultdict(<class 'list'>, {2: [0]})"}
2026-07-15 04:14:01.103 /testbed/src/llamafactory/data/processor/supervised.py:158 src.llamafactory.data.processor.supervised.preprocess_dataset event=line locals={'batch_input_ids': '[[41, 42]]'}
2026-07-15 04:14:01.103 /testbed/src/llamafactory/data/processor/supervised.py:159 src.llamafactory.data.processor.supervised.preprocess_dataset event=line locals={'batch_labels': '[[141, 142]]'}
2026-07-15 04:14:01.103 /testbed/src/llamafactory/data/processor/supervised.py:160 src.llamafactory.data.processor.supervised.preprocess_dataset event=line locals={'batch_images': '[[]]'}
2026-07-15 04:14:01.103 /testbed/src/llamafactory/data/processor/supervised.py:161 src.llamafactory.data.processor.supervised.preprocess_dataset event=line locals={'batch_videos': '[[]]'}
2026-07-15 04:14:01.104 /testbed/src/llamafactory/data/processor/supervised.py:162 src.llamafactory.data.processor.supervised.preprocess_dataset event=line locals={'batch_audios': '[[]]'}
2026-07-15 04:14:01.104 /testbed/src/llamafactory/data/processor/supervised.py:135 src.llamafactory.data.processor.supervised.preprocess_dataset event=line locals={'valid_num': '1'}
2026-07-15 04:14:01.104 /testbed/src/llamafactory/data/processor/supervised.py:136 src.llamafactory.data.processor.supervised.preprocess_dataset event=line locals={'i': '1'}
2026-07-15 04:14:01.104 /testbed/src/llamafactory/data/processor/supervised.py:142 src.llamafactory.data.processor.supervised.preprocess_dataset event=line locals={}
2026-07-15 04:14:01.104 /testbed/src/llamafactory/data/processor/supervised.py:143 src.llamafactory.data.processor.supervised.preprocess_dataset event=line locals={}
2026-07-15 04:14:01.104 /testbed/src/llamafactory/data/processor/supervised.py:144 src.llamafactory.data.processor.supervised.preprocess_dataset event=line locals={}
2026-07-15 04:14:01.104 /testbed/src/llamafactory/data/processor/supervised.py:145 src.llamafactory.data.processor.supervised.preprocess_dataset event=line locals={}
2026-07-15 04:14:01.104 /testbed/src/llamafactory/data/processor/supervised.py:146 src.llamafactory.data.processor.supervised.preprocess_dataset event=line locals={}
2026-07-15 04:14:01.104 /testbed/src/llamafactory/data/processor/supervised.py:147 src.llamafactory.data.processor.supervised.preprocess_dataset event=line locals={}
2026-07-15 04:14:01.104 /testbed/src/llamafactory/data/processor/supervised.py:148 src.llamafactory.data.processor.supervised.preprocess_dataset event=line locals={}
2026-07-15 04:14:01.104 /testbed/src/llamafactory/data/processor/supervised.py:149 src.llamafactory.data.processor.supervised.preprocess_dataset event=line locals={}
2026-07-15 04:14:01.104 /testbed/src/llamafactory/data/processor/supervised.py:142 src.llamafactory.data.processor.supervised.preprocess_dataset event=line locals={}
2026-07-15 04:14:01.104 /testbed/src/llamafactory/data/processor/supervised.py:151 src.llamafactory.data.processor.supervised.preprocess_dataset event=line locals={'input_ids': '[51, 52]', 'labels': '[151, 152]'}
2026-07-15 04:14:01.104 /testbed/src/llamafactory/data/processor/supervised.py:152 src.llamafactory.data.processor.supervised.preprocess_dataset event=line locals={}
2026-07-15 04:14:01.104 /testbed/src/llamafactory/data/processor/supervised.py:155 src.llamafactory.data.processor.supervised.preprocess_dataset event=line locals={}
2026-07-15 04:14:01.104 /testbed/src/llamafactory/data/processor/supervised.py:156 src.llamafactory.data.processor.supervised.preprocess_dataset event=line locals={'lengths': '[2, 2]'}
2026-07-15 04:14:01.104 /testbed/src/llamafactory/data/processor/supervised.py:157 src.llamafactory.data.processor.supervised.preprocess_dataset event=line locals={'length2indexes': "defaultdict(<class 'list'>, {2: [0, 1]})"}
2026-07-15 04:14:01.104 /testbed/src/llamafactory/data/processor/supervised.py:158 src.llamafactory.data.processor.supervised.preprocess_dataset event=line locals={'batch_input_ids': '[[41, 42], [51, 52]]'}
2026-07-15 04:14:01.104 /testbed/src/llamafactory/data/processor/supervised.py:159 src.llamafactory.data.processor.supervised.preprocess_dataset event=line locals={'batch_labels': '[[141, 142], [151, 152]]'}
2026-07-15 04:14:01.104 /testbed/src/llamafactory/data/processor/supervised.py:160 src.llamafactory.data.processor.supervised.preprocess_dataset event=line locals={'batch_images': '[[], []]'}
2026-07-15 04:14:01.104 /testbed/src/llamafactory/data/processor/supervised.py:161 src.llamafactory.data.processor.supervised.preprocess_dataset event=line locals={'batch_videos': '[[], []]'}
2026-07-15 04:14:01.104 /testbed/src/llamafactory/data/processor/supervised.py:162 src.llamafactory.data.processor.supervised.preprocess_dataset event=line locals={'batch_audios': '[[], []]'}
2026-07-15 04:14:01.104 /testbed/src/llamafactory/data/processor/supervised.py:135 src.llamafactory.data.processor.supervised.preprocess_dataset event=line locals={'valid_num': '2'}
2026-07-15 04:14:01.104 /testbed/src/llamafactory/data/processor/supervised.py:136 src.llamafactory.data.processor.supervised.preprocess_dataset event=line locals={'i': '2'}
2026-07-15 04:14:01.104 /testbed/src/llamafactory/data/processor/supervised.py:142 src.llamafactory.data.processor.supervised.preprocess_dataset event=line locals={}
2026-07-15 04:14:01.104 /testbed/src/llamafactory/data/processor/supervised.py:143 src.llamafactory.data.processor.supervised.preprocess_dataset event=line locals={}
2026-07-15 04:14:01.104 /testbed/src/llamafactory/data/processor/supervised.py:144 src.llamafactory.data.processor.supervised.preprocess_dataset event=line locals={}
2026-07-15 04:14:01.104 /testbed/src/llamafactory/data/processor/supervised.py:145 src.llamafactory.data.processor.supervised.preprocess_dataset event=line locals={}
2026-07-15 04:14:01.104 /testbed/src/llamafactory/data/processor/supervised.py:146 src.llamafactory.data.processor.supervised.preprocess_dataset event=line locals={}
2026-07-15 04:14:01.104 /testbed/src/llamafactory/data/processor/supervised.py:147 src.llamafactory.data.processor.supervised.preprocess_dataset event=line locals={}
2026-07-15 04:14:01.104 /testbed/src/llamafactory/data/processor/supervised.py:148 src.llamafactory.data.processor.supervised.preprocess_dataset event=line locals={}
2026-07-15 04:14:01.104 /testbed/src/llamafactory/data/processor/supervised.py:149 src.llamafactory.data.processor.supervised.preprocess_dataset event=line locals={}
2026-07-15 04:14:01.104 /testbed/src/llamafactory/data/processor/supervised.py:142 src.llamafactory.data.processor.supervised.preprocess_dataset event=line locals={}
2026-07-15 04:14:01.104 /testbed/src/llamafactory/data/processor/supervised.py:151 src.llamafactory.data.processor.supervised.preprocess_dataset event=line locals={'input_ids': '[61, 62]', 'labels': '[161, 162]'}
2026-07-15 04:14:01.104 /testbed/src/llamafactory/data/processor/supervised.py:152 src.llamafactory.data.processor.supervised.preprocess_dataset event=line locals={}
2026-07-15 04:14:01.104 /testbed/src/llamafactory/data/processor/supervised.py:155 src.llamafactory.data.processor.supervised.preprocess_dataset event=line locals={}
2026-07-15 04:14:01.104 /testbed/src/llamafactory/data/processor/supervised.py:156 src.llamafactory.data.processor.supervised.preprocess_dataset event=line locals={'lengths': '[2, 2, 2]'}
2026-07-15 04:14:01.104 /testbed/src/llamafactory/data/processor/supervised.py:157 src.llamafactory.data.processor.supervised.preprocess_dataset event=line locals={'length2indexes': "defaultdict(<class 'list'>, {2: [0, 1, 2]})"}
2026-07-15 04:14:01.104 /testbed/src/llamafactory/data/processor/supervised.py:158 src.llamafactory.data.processor.supervised.preprocess_dataset event=line locals={'batch_input_ids': '[[41, 42], [51, 52], [61, 62]]'}
2026-07-15 04:14:01.104 /testbed/src/llamafactory/data/processor/supervised.py:159 src.llamafactory.data.processor.supervised.preprocess_dataset event=line locals={'batch_labels': '[[141, 142], [151, 152], [161, 162]]'}
2026-07-15 04:14:01.104 /testbed/src/llamafactory/data/processor/supervised.py:160 src.llamafactory.data.processor.supervised.preprocess_dataset event=line locals={'batch_images': '[[], [], []]'}
2026-07-15 04:14:01.104 /testbed/src/llamafactory/data/processor/supervised.py:161 src.llamafactory.data.processor.supervised.preprocess_dataset event=line locals={'batch_videos': '[[], [], []]'}
2026-07-15 04:14:01.104 /testbed/src/llamafactory/data/processor/supervised.py:162 src.llamafactory.data.processor.supervised.preprocess_dataset event=line locals={'batch_audios': '[[], [], []]'}
2026-07-15 04:14:01.104 /testbed/src/llamafactory/data/processor/supervised.py:135 src.llamafactory.data.processor.supervised.preprocess_dataset event=line locals={'valid_num': '3'}
2026-07-15 04:14:01.104 /testbed/src/llamafactory/data/processor/supervised.py:164 src.llamafactory.data.processor.supervised.preprocess_dataset event=line locals={}
2026-07-15 04:14:01.104 /testbed/src/llamafactory/data/processor/supervised.py:165 src.llamafactory.data.processor.supervised.preprocess_dataset event=line locals={'model_inputs': "defaultdict(<class 'list'>, {})"}
2026-07-15 04:14:01.105 /testbed/src/llamafactory/data/processor/supervised.py:166 src.llamafactory.data.processor.supervised.preprocess_dataset event=line locals={'knapsacks': '[[2, 2, 2]]', 'lengths': '[]'}
2026-07-15 04:14:01.105 /testbed/src/llamafactory/data/processor/supervised.py:167 src.llamafactory.data.processor.supervised.preprocess_dataset event=line locals={'knapsack': '[2, 2, 2]'}
2026-07-15 04:14:01.105 /testbed/src/llamafactory/data/processor/supervised.py:168 src.llamafactory.data.processor.supervised.preprocess_dataset event=line locals={'packed_attention_masks': '[]', 'packed_input_ids': '[]', 'packed_labels': '[]'}
2026-07-15 04:14:01.105 /testbed/src/llamafactory/data/processor/supervised.py:169 src.llamafactory.data.processor.supervised.preprocess_dataset event=line locals={'packed_audios': '[]', 'packed_images': '[]', 'packed_position_ids': '[]', 'packed_videos': '[]'}
2026-07-15 04:14:01.105 /testbed/src/llamafactory/data/processor/supervised.py:170 src.llamafactory.data.processor.supervised.preprocess_dataset event=line locals={'i': '0'}
2026-07-15 04:14:01.105 /testbed/src/llamafactory/data/processor/supervised.py:171 src.llamafactory.data.processor.supervised.preprocess_dataset event=line locals={'index': '2', 'length2indexes': "defaultdict(<class 'list'>, {2: [0, 1]})"}
2026-07-15 04:14:01.105 /testbed/src/llamafactory/data/processor/supervised.py:172 src.llamafactory.data.processor.supervised.preprocess_dataset event=line locals={'packed_input_ids': '[61, 62]'}
2026-07-15 04:14:01.105 /testbed/src/llamafactory/data/processor/supervised.py:173 src.llamafactory.data.processor.supervised.preprocess_dataset event=line locals={'packed_labels': '[161, 162]'}
2026-07-15 04:14:01.105 /testbed/src/llamafactory/data/processor/supervised.py:174 src.llamafactory.data.processor.supervised.preprocess_dataset event=line locals={}
2026-07-15 04:14:01.105 /testbed/src/llamafactory/data/processor/supervised.py:175 src.llamafactory.data.processor.supervised.preprocess_dataset event=line locals={}
2026-07-15 04:14:01.105 /testbed/src/llamafactory/data/processor/supervised.py:176 src.llamafactory.data.processor.supervised.preprocess_dataset event=line locals={}
2026-07-15 04:14:01.105 /testbed/src/llamafactory/data/processor/supervised.py:180 src.llamafactory.data.processor.supervised.preprocess_dataset event=line locals={}
2026-07-15 04:14:01.105 /testbed/src/llamafactory/data/processor/supervised.py:169 src.llamafactory.data.processor.supervised.preprocess_dataset event=line locals={'packed_attention_masks': '[1, 1]'}
2026-07-15 04:14:01.105 /testbed/src/llamafactory/data/processor/supervised.py:170 src.llamafactory.data.processor.supervised.preprocess_dataset event=line locals={'i': '1'}
2026-07-15 04:14:01.105 /testbed/src/llamafactory/data/processor/supervised.py:171 src.llamafactory.data.processor.supervised.preprocess_dataset event=line locals={'index': '1', 'length2indexes': "defaultdict(<class 'list'>, {2: [0]})"}
2026-07-15 04:14:01.105 /testbed/src/llamafactory/data/processor/supervised.py:172 src.llamafactory.data.processor.supervised.preprocess_dataset event=line locals={'packed_input_ids': '[61, 62, 51, 52]'}
2026-07-15 04:14:01.105 /testbed/src/llamafactory/data/processor/supervised.py:173 src.llamafactory.data.processor.supervised.preprocess_dataset event=line locals={'packed_labels': '[161, 162, 151, 152]'}
2026-07-15 04:14:01.105 /testbed/src/llamafactory/data/processor/supervised.py:174 src.llamafactory.data.processor.supervised.preprocess_dataset event=line locals={}
2026-07-15 04:14:01.105 /testbed/src/llamafactory/data/processor/supervised.py:175 src.llamafactory.data.processor.supervised.preprocess_dataset event=line locals={}
2026-07-15 04:14:01.105 /testbed/src/llamafactory/data/processor/supervised.py:176 src.llamafactory.data.processor.supervised.preprocess_dataset event=line locals={}
2026-07-15 04:14:01.105 /testbed/src/llamafactory/data/processor/supervised.py:180 src.llamafactory.data.processor.supervised.preprocess_dataset event=line locals={}
2026-07-15 04:14:01.105 /testbed/src/llamafactory/data/processor/supervised.py:169 src.llamafactory.data.processor.supervised.preprocess_dataset event=line locals={'packed_attention_masks': '[1, 1, 1, 1]'}
2026-07-15 04:14:01.105 /testbed/src/llamafactory/data/processor/supervised.py:170 src.llamafactory.data.processor.supervised.preprocess_dataset event=line locals={'i': '2'}
2026-07-15 04:14:01.105 /testbed/src/llamafactory/data/processor/supervised.py:171 src.llamafactory.data.processor.supervised.preprocess_dataset event=line locals={'index': '0', 'length2indexes': "defaultdict(<class 'list'>, {2: []})"}
2026-07-15 04:14:01.105 /testbed/src/llamafactory/data/processor/supervised.py:172 src.llamafactory.data.processor.supervised.preprocess_dataset event=line locals={'packed_input_ids': '[61, 62, 51, 52, 41, 42]'}
2026-07-15 04:14:01.105 /testbed/src/llamafactory/data/processor/supervised.py:173 src.llamafactory.data.processor.supervised.preprocess_dataset event=line locals={'packed_labels': '[161, 162, 151, 152, 141, 142]'}
2026-07-15 04:14:01.105 /testbed/src/llamafactory/data/processor/supervised.py:174 src.llamafactory.data.processor.supervised.preprocess_dataset event=line locals={}
2026-07-15 04:14:01.105 /testbed/src/llamafactory/data/processor/supervised.py:175 src.llamafactory.data.processor.supervised.preprocess_dataset event=line locals={}
2026-07-15 04:14:01.105 /testbed/src/llamafactory/data/processor/supervised.py:176 src.llamafactory.data.processor.supervised.preprocess_dataset event=line locals={}
2026-07-15 04:14:01.105 /testbed/src/llamafactory/data/processor/supervised.py:180 src.llamafactory.data.processor.supervised.preprocess_dataset event=line locals={}
2026-07-15 04:14:01.105 /testbed/src/llamafactory/data/processor/supervised.py:169 src.llamafactory.data.processor.supervised.preprocess_dataset event=line locals={'packed_attention_masks': '[1, 1, 1, 1, 1, 1]'}
2026-07-15 04:14:01.105 /testbed/src/llamafactory/data/processor/supervised.py:182 src.llamafactory.data.processor.supervised.preprocess_dataset event=line locals={}
2026-07-15 04:14:01.105 /testbed/src/llamafactory/data/processor/supervised.py:183 src.llamafactory.data.processor.supervised.preprocess_dataset event=line locals={}
2026-07-15 04:14:01.105 /testbed/src/llamafactory/data/processor/supervised.py:184 src.llamafactory.data.processor.supervised.preprocess_dataset event=line locals={'pad_length': '2'}
2026-07-15 04:14:01.106 /testbed/src/llamafactory/data/processor/supervised.py:185 src.llamafactory.data.processor.supervised.preprocess_dataset event=line locals={'packed_input_ids': '[61, 62, 51, 52, 41, 42, 0, 0]'}
2026-07-15 04:14:01.106 /testbed/src/llamafactory/data/processor/supervised.py:186 src.llamafactory.data.processor.supervised.preprocess_dataset event=line locals={'packed_labels': '[161, 162, 151, 152, 141, 142, -100, -100]'}
2026-07-15 04:14:01.106 /testbed/src/llamafactory/data/processor/supervised.py:190 src.llamafactory.data.processor.supervised.preprocess_dataset event=line locals={}
2026-07-15 04:14:01.106 /testbed/src/llamafactory/data/processor/supervised.py:192 src.llamafactory.data.processor.supervised.preprocess_dataset event=line locals={'packed_attention_masks': '[1, 1, 1, 1, 1, 1, 1, 1]'}
2026-07-15 04:14:01.106 /testbed/src/llamafactory/data/processor/supervised.py:195 src.llamafactory.data.processor.supervised.preprocess_dataset event=line locals={}
2026-07-15 04:14:01.106 /testbed/src/llamafactory/data/processor/supervised.py:196 src.llamafactory.data.processor.supervised.preprocess_dataset event=line locals={'model_inputs': "defaultdict(<class 'list'>, {'input_ids': [[61, 62, 51, 52, 41, 42, 0, 0]]})"}
2026-07-15 04:14:01.106 /testbed/src/llamafactory/data/processor/supervised.py:197 src.llamafactory.data.processor.supervised.preprocess_dataset event=line locals={'model_inputs': "defaultdict(<class 'list'>, {'input_ids': [[61, 62, 51, 52, 41, 42, 0, 0]], 'attention_mask': [[1, 1, 1, 1, 1, 1, 1, 1]]})"}
2026-07-15 04:14:01.106 /testbed/src/llamafactory/data/processor/supervised.py:198 src.llamafactory.data.processor.supervised.preprocess_dataset event=line locals={'model_inputs': "defaultdict(<class 'list'>, {'input_ids': [[61, 62, 51, 52, 41, 42, 0, 0]], 'attention_mask': [[1, 1, 1, 1, 1, 1, 1, 1]], 'labels': [[161, 162, 151, 152, 141, 142, -100, -100]]})"}
2026-07-15 04:14:01.106 /testbed/src/llamafactory/data/processor/supervised.py:199 src.llamafactory.data.processor.supervised.preprocess_dataset event=line locals={'model_inputs': "defaultdict(<class 'list'>, {'input_ids': [[61, 62, 51, 52, 41, 42, 0, 0]], 'attention_mask': [[1, 1, 1, 1, 1, 1, 1, 1]], 'labels': [[161, 162, 151, 152, 141, 142, -100, -100]], 'images': [None]})"}
2026-07-15 04:14:01.106 /testbed/src/llamafactory/data/processor/supervised.py:200 src.llamafactory.data.processor.supervised.preprocess_dataset event=line locals={'model_inputs': "defaultdict(<class 'list'>, {'input_ids': [[61, 62, 51, 52, 41, 42, 0, 0]], 'attention_mask': [[1, 1, 1, 1, 1, 1, 1, 1]], 'labels': [[161, 162, 151, 152, 141, 142, -100, -100]], 'images': [None], 'videos': [None]})"}
2026-07-15 04:14:01.106 /testbed/src/llamafactory/data/processor/supervised.py:201 src.llamafactory.data.processor.supervised.preprocess_dataset event=line locals={'model_inputs': "defaultdict(<class 'list'>, {'input_ids': [[61, 62, 51, 52, 41, 42, 0, 0]], 'attention_mask': [[1, 1, 1, 1, 1, 1, 1, 1]], 'labels': [[161, 162, 151, 152, 141, 142, -100, -100]], 'images': [None], 'videos': [None], 'audios': [None]})"}
2026-07-15 04:14:01.106 /testbed/src/llamafactory/data/processor/supervised.py:166 src.llamafactory.data.processor.supervised.preprocess_dataset event=line locals={'model_inputs': "defaultdict(<class 'list'>, {'input_ids': [[61, 62, 51, 52, 41, 42, 0, 0]], 'attention_mask': [[1, 1, 1, 1, 1, 1, 1, 1]], 'labels': [[161, 162, 151, 152, 141, 142, -100, -100]], 'images': [None], 'videos': [None], 'audios': [None], 'position_ids': [None]})"}
2026-07-15 04:14:01.106 /testbed/src/llamafactory/data/processor/supervised.py:203 src.llamafactory.data.processor.supervised.preprocess_dataset event=line locals={}
2026-07-15 04:14:01.106 /testbed/src/llamafactory/data/processor/supervised.py:203 src.llamafactory.data.processor.supervised.preprocess_dataset event=return retval=defaultdict(<class 'list'>, {'input_ids': [[61, 62, 51, 52, 41, 42, 0, 0]], 'attention_mask': [[1, 1, 1, 1, 1, 1, 1, 1]], 'labels': [[161, 162, 151, 152, 141, 142, -100, -100]], 'images': [None], 'videos': [None], 'audios': [None], 'position_ids': [None]}) locals={'batch_audios': '[[], [], []]', 'batch_images': '[[], [], []]', 'batch_input_ids': '[[41, 42], [51, 52], [61, 62]]', 'batch_labels': '[[141, 142], [151, 152], [161, 162]]', 'batch_videos': '[[], [], []]', 'examples': "{'_prompt': [[{'role': 'user', 'content': 'd2'}], [{'role': 'user', 'content': 'e2'}], [{'role': 'user', 'content': 'f2'}]], '_response': [[{'role': 'user', 'content': 'd2-response'}], [{'role': 'user', 'content': 'e2-response'}], [{'role': 'user', 'content': 'f2-response'}]], '_system': [None, None, None], '_tools': [None, None, None], '_images': [None, None, None], '_videos': [None, None, None], '_audios': [None, None, None]}", 'i': '2', 'index': '0', 'input_ids': '[61, 62]', 'knapsack': '[2, 2, 2]', 'knapsacks': '[[2, 2, 2]]', 'labels': '[161, 162]', 'length': '2', 'length2indexes': "defaultdict(<class 'list'>, {2: []})", 'lengths': '[]', 'model_inputs': "defaultdict(<class 'list'>, {'input_ids': [[61, 62, 51, 52, 41, 42, 0, 0]], 'attention_mask': [[1, 1, 1, 1, 1, 1, 1, 1]], 'labels': [[161, 162, 151, 152, 141, 142, -100, -100]], 'images': [None], 'videos': [None], 'audios': [None], 'position_ids': [None]})", 'packed_attention_masks': '[1, 1, 1, 1, 1, 1, 1, 1]', 'packed_audios': '[]', 'packed_images': '[]', 'packed_input_ids': '[61, 62, 51, 52, 41, 42, 0, 0]', 'packed_labels': '[161, 162, 151, 152, 141, 142, -100, -100]', 'packed_position_ids': '[]', 'packed_videos': '[]', 'pad_length': '2', 'self': 'PackedSupervisedDatasetProcessor(template=<object object at 0x771ae0227810>, tokenizer=namespace(pad_token_id=0), processor=None, data_args=namespace(cutoff_len=7, neat_packing=False))', 'valid_num': '3'}
