2026-08-22 22:40:12.905 [TRACE][START] pid=48 TRACE_OUT='/testbed/logs/kedro_qa/starters_parse_tools_input_s1_cfg__pert_llm_s0/trace.log' TRACE_FILE='kedro/framework/cli/starters.py' TRACE_FUNCS=['_parse_tools_input'] TRACE_EVENTS=['call', 'exception', 'line', 'return']
2026-08-22 22:40:12.916 /testbed/kedro/framework/cli/starters.py:880 kedro.framework.cli.starters._parse_tools_input event=call locals={'tools_str': "'AlL'"}
2026-08-22 22:40:12.916 /testbed/kedro/framework/cli/starters.py:890 kedro.framework.cli.starters._parse_tools_input event=line locals={}
2026-08-22 22:40:12.916 /testbed/kedro/framework/cli/starters.py:903 kedro.framework.cli.starters._parse_tools_input event=line locals={}
2026-08-22 22:40:12.916 /testbed/kedro/framework/cli/starters.py:906 kedro.framework.cli.starters._parse_tools_input event=line locals={}
2026-08-22 22:40:12.916 /testbed/kedro/framework/cli/starters.py:907 kedro.framework.cli.starters._parse_tools_input event=line locals={'tools_str': "'all'"}
2026-08-22 22:40:12.916 /testbed/kedro/framework/cli/starters.py:908 kedro.framework.cli.starters._parse_tools_input event=line locals={}
2026-08-22 22:40:12.916 /testbed/kedro/framework/cli/starters.py:908 kedro.framework.cli.starters._parse_tools_input event=return retval=['1', '2', '3', '4', '5', '6'] locals={'tools_str': "'all'"}
2026-08-22 22:40:12.917 /testbed/kedro/framework/cli/starters.py:880 kedro.framework.cli.starters._parse_tools_input event=call locals={'tools_str': "'None'"}
2026-08-22 22:40:12.917 /testbed/kedro/framework/cli/starters.py:890 kedro.framework.cli.starters._parse_tools_input event=line locals={}
2026-08-22 22:40:12.917 /testbed/kedro/framework/cli/starters.py:903 kedro.framework.cli.starters._parse_tools_input event=line locals={}
2026-08-22 22:40:12.917 /testbed/kedro/framework/cli/starters.py:906 kedro.framework.cli.starters._parse_tools_input event=line locals={}
2026-08-22 22:40:12.917 /testbed/kedro/framework/cli/starters.py:907 kedro.framework.cli.starters._parse_tools_input event=line locals={'tools_str': "'none'"}
2026-08-22 22:40:12.917 /testbed/kedro/framework/cli/starters.py:909 kedro.framework.cli.starters._parse_tools_input event=line locals={}
2026-08-22 22:40:12.917 /testbed/kedro/framework/cli/starters.py:910 kedro.framework.cli.starters._parse_tools_input event=line locals={}
2026-08-22 22:40:12.917 /testbed/kedro/framework/cli/starters.py:910 kedro.framework.cli.starters._parse_tools_input event=return retval=[] locals={'tools_str': "'none'"}
2026-08-22 22:40:12.919 /testbed/kedro/framework/cli/starters.py:880 kedro.framework.cli.starters._parse_tools_input event=call locals={'tools_str': "'1, 2'"}
2026-08-22 22:40:12.919 /testbed/kedro/framework/cli/starters.py:890 kedro.framework.cli.starters._parse_tools_input event=line locals={}
2026-08-22 22:40:12.919 /testbed/kedro/framework/cli/starters.py:903 kedro.framework.cli.starters._parse_tools_input event=line locals={}
2026-08-22 22:40:12.919 /testbed/kedro/framework/cli/starters.py:906 kedro.framework.cli.starters._parse_tools_input event=line locals={}
2026-08-22 22:40:12.919 /testbed/kedro/framework/cli/starters.py:907 kedro.framework.cli.starters._parse_tools_input event=line locals={}
2026-08-22 22:40:12.919 /testbed/kedro/framework/cli/starters.py:909 kedro.framework.cli.starters._parse_tools_input event=line locals={}
2026-08-22 22:40:12.919 /testbed/kedro/framework/cli/starters.py:913 kedro.framework.cli.starters._parse_tools_input event=line locals={}
2026-08-22 22:40:12.919 /testbed/kedro/framework/cli/starters.py:914 kedro.framework.cli.starters._parse_tools_input event=line locals={'tools_choices': "['1', '2']"}
2026-08-22 22:40:12.919 /testbed/kedro/framework/cli/starters.py:916 kedro.framework.cli.starters._parse_tools_input event=line locals={'selected': '[]'}
2026-08-22 22:40:12.919 /testbed/kedro/framework/cli/starters.py:917 kedro.framework.cli.starters._parse_tools_input event=line locals={'choice': "'1'"}
2026-08-22 22:40:12.919 /testbed/kedro/framework/cli/starters.py:922 kedro.framework.cli.starters._parse_tools_input event=line locals={}
2026-08-22 22:40:12.919 /testbed/kedro/framework/cli/starters.py:916 kedro.framework.cli.starters._parse_tools_input event=line locals={'selected': "['1']"}
2026-08-22 22:40:12.919 /testbed/kedro/framework/cli/starters.py:917 kedro.framework.cli.starters._parse_tools_input event=line locals={'choice': "'2'"}
2026-08-22 22:40:12.919 /testbed/kedro/framework/cli/starters.py:922 kedro.framework.cli.starters._parse_tools_input event=line locals={}
2026-08-22 22:40:12.919 /testbed/kedro/framework/cli/starters.py:916 kedro.framework.cli.starters._parse_tools_input event=line locals={'selected': "['1', '2']"}
2026-08-22 22:40:12.919 /testbed/kedro/framework/cli/starters.py:924 kedro.framework.cli.starters._parse_tools_input event=line locals={}
2026-08-22 22:40:12.919 /testbed/kedro/framework/cli/starters.py:924 kedro.framework.cli.starters._parse_tools_input event=return retval=['1', '2'] locals={'choice': "'2'", 'selected': "['1', '2']", 'tools_choices': "['1', '2']", 'tools_str': "'1, 2'"}
2026-08-22 22:40:12.921 /testbed/kedro/framework/cli/starters.py:880 kedro.framework.cli.starters._parse_tools_input event=call locals={'tools_str': "'2, 4-5, 1, 3, 6-6, 1-2, 3, 4, 5, 3-5, 4-4, 5'"}
2026-08-22 22:40:12.921 /testbed/kedro/framework/cli/starters.py:890 kedro.framework.cli.starters._parse_tools_input event=line locals={}
2026-08-22 22:40:12.921 /testbed/kedro/framework/cli/starters.py:903 kedro.framework.cli.starters._parse_tools_input event=line locals={}
2026-08-22 22:40:12.921 /testbed/kedro/framework/cli/starters.py:906 kedro.framework.cli.starters._parse_tools_input event=line locals={}
2026-08-22 22:40:12.921 /testbed/kedro/framework/cli/starters.py:907 kedro.framework.cli.starters._parse_tools_input event=line locals={}
2026-08-22 22:40:12.921 /testbed/kedro/framework/cli/starters.py:909 kedro.framework.cli.starters._parse_tools_input event=line locals={}
2026-08-22 22:40:12.921 /testbed/kedro/framework/cli/starters.py:913 kedro.framework.cli.starters._parse_tools_input event=line locals={}
2026-08-22 22:40:12.921 /testbed/kedro/framework/cli/starters.py:914 kedro.framework.cli.starters._parse_tools_input event=line locals={'tools_choices': "['2', '4-5', '1', '3', '6-6', '1-2', '3', '4', '5', '3-5', '4-4', '5']"}
2026-08-22 22:40:12.921 /testbed/kedro/framework/cli/starters.py:916 kedro.framework.cli.starters._parse_tools_input event=line locals={'selected': '[]'}
2026-08-22 22:40:12.921 /testbed/kedro/framework/cli/starters.py:917 kedro.framework.cli.starters._parse_tools_input event=line locals={'choice': "'2'"}
2026-08-22 22:40:12.921 /testbed/kedro/framework/cli/starters.py:922 kedro.framework.cli.starters._parse_tools_input event=line locals={}
2026-08-22 22:40:12.921 /testbed/kedro/framework/cli/starters.py:916 kedro.framework.cli.starters._parse_tools_input event=line locals={'selected': "['2']"}
2026-08-22 22:40:12.921 /testbed/kedro/framework/cli/starters.py:917 kedro.framework.cli.starters._parse_tools_input event=line locals={'choice': "'4-5'"}
2026-08-22 22:40:12.921 /testbed/kedro/framework/cli/starters.py:918 kedro.framework.cli.starters._parse_tools_input event=line locals={}
2026-08-22 22:40:12.921 /testbed/kedro/framework/cli/starters.py:919 kedro.framework.cli.starters._parse_tools_input event=line locals={'end': "'5'", 'start': "'4'"}
2026-08-22 22:40:12.921 /testbed/kedro/framework/cli/starters.py:920 kedro.framework.cli.starters._parse_tools_input event=line locals={}
2026-08-22 22:40:12.921 /testbed/kedro/framework/cli/starters.py:916 kedro.framework.cli.starters._parse_tools_input event=line locals={'selected': "['2', '4', '5']"}
2026-08-22 22:40:12.921 /testbed/kedro/framework/cli/starters.py:917 kedro.framework.cli.starters._parse_tools_input event=line locals={'choice': "'1'"}
2026-08-22 22:40:12.921 /testbed/kedro/framework/cli/starters.py:922 kedro.framework.cli.starters._parse_tools_input event=line locals={}
2026-08-22 22:40:12.921 /testbed/kedro/framework/cli/starters.py:916 kedro.framework.cli.starters._parse_tools_input event=line locals={'selected': "['2', '4', '5', '1']"}
2026-08-22 22:40:12.921 /testbed/kedro/framework/cli/starters.py:917 kedro.framework.cli.starters._parse_tools_input event=line locals={'choice': "'3'"}
2026-08-22 22:40:12.921 /testbed/kedro/framework/cli/starters.py:922 kedro.framework.cli.starters._parse_tools_input event=line locals={}
2026-08-22 22:40:12.921 /testbed/kedro/framework/cli/starters.py:916 kedro.framework.cli.starters._parse_tools_input event=line locals={'selected': "['2', '4', '5', '1', '3']"}
2026-08-22 22:40:12.921 /testbed/kedro/framework/cli/starters.py:917 kedro.framework.cli.starters._parse_tools_input event=line locals={'choice': "'6-6'"}
2026-08-22 22:40:12.921 /testbed/kedro/framework/cli/starters.py:918 kedro.framework.cli.starters._parse_tools_input event=line locals={}
2026-08-22 22:40:12.921 /testbed/kedro/framework/cli/starters.py:919 kedro.framework.cli.starters._parse_tools_input event=line locals={'end': "'6'", 'start': "'6'"}
2026-08-22 22:40:12.921 /testbed/kedro/framework/cli/starters.py:920 kedro.framework.cli.starters._parse_tools_input event=line locals={}
2026-08-22 22:40:12.921 /testbed/kedro/framework/cli/starters.py:916 kedro.framework.cli.starters._parse_tools_input event=line locals={'selected': "['2', '4', '5', '1', '3', '6']"}
2026-08-22 22:40:12.921 /testbed/kedro/framework/cli/starters.py:917 kedro.framework.cli.starters._parse_tools_input event=line locals={'choice': "'1-2'"}
2026-08-22 22:40:12.921 /testbed/kedro/framework/cli/starters.py:918 kedro.framework.cli.starters._parse_tools_input event=line locals={}
2026-08-22 22:40:12.921 /testbed/kedro/framework/cli/starters.py:919 kedro.framework.cli.starters._parse_tools_input event=line locals={'end': "'2'", 'start': "'1'"}
2026-08-22 22:40:12.921 /testbed/kedro/framework/cli/starters.py:920 kedro.framework.cli.starters._parse_tools_input event=line locals={}
2026-08-22 22:40:12.921 /testbed/kedro/framework/cli/starters.py:916 kedro.framework.cli.starters._parse_tools_input event=line locals={'selected': "['2', '4', '5', '1', '3', '6', '1', '2']"}
2026-08-22 22:40:12.921 /testbed/kedro/framework/cli/starters.py:917 kedro.framework.cli.starters._parse_tools_input event=line locals={'choice': "'3'"}
2026-08-22 22:40:12.921 /testbed/kedro/framework/cli/starters.py:922 kedro.framework.cli.starters._parse_tools_input event=line locals={}
2026-08-22 22:40:12.921 /testbed/kedro/framework/cli/starters.py:916 kedro.framework.cli.starters._parse_tools_input event=line locals={'selected': "['2', '4', '5', '1', '3', '6', '1', '2', '3']"}
2026-08-22 22:40:12.921 /testbed/kedro/framework/cli/starters.py:917 kedro.framework.cli.starters._parse_tools_input event=line locals={'choice': "'4'"}
2026-08-22 22:40:12.921 /testbed/kedro/framework/cli/starters.py:922 kedro.framework.cli.starters._parse_tools_input event=line locals={}
2026-08-22 22:40:12.921 /testbed/kedro/framework/cli/starters.py:916 kedro.framework.cli.starters._parse_tools_input event=line locals={'selected': "['2', '4', '5', '1', '3', '6', '1', '2', '3', '4']"}
2026-08-22 22:40:12.921 /testbed/kedro/framework/cli/starters.py:917 kedro.framework.cli.starters._parse_tools_input event=line locals={'choice': "'5'"}
2026-08-22 22:40:12.921 /testbed/kedro/framework/cli/starters.py:922 kedro.framework.cli.starters._parse_tools_input event=line locals={}
2026-08-22 22:40:12.921 /testbed/kedro/framework/cli/starters.py:916 kedro.framework.cli.starters._parse_tools_input event=line locals={'selected': "['2', '4', '5', '1', '3', '6', '1', '2', '3', '4', '5']"}
2026-08-22 22:40:12.921 /testbed/kedro/framework/cli/starters.py:917 kedro.framework.cli.starters._parse_tools_input event=line locals={'choice': "'3-5'"}
2026-08-22 22:40:12.921 /testbed/kedro/framework/cli/starters.py:918 kedro.framework.cli.starters._parse_tools_input event=line locals={}
2026-08-22 22:40:12.921 /testbed/kedro/framework/cli/starters.py:919 kedro.framework.cli.starters._parse_tools_input event=line locals={'end': "'5'", 'start': "'3'"}
2026-08-22 22:40:12.921 /testbed/kedro/framework/cli/starters.py:920 kedro.framework.cli.starters._parse_tools_input event=line locals={}
2026-08-22 22:40:12.921 /testbed/kedro/framework/cli/starters.py:916 kedro.framework.cli.starters._parse_tools_input event=line locals={'selected': "['2', '4', '5', '1', '3', '6', '1', '2', '3', '4', '5', '3', '4', '5']"}
2026-08-22 22:40:12.921 /testbed/kedro/framework/cli/starters.py:917 kedro.framework.cli.starters._parse_tools_input event=line locals={'choice': "'4-4'"}
2026-08-22 22:40:12.921 /testbed/kedro/framework/cli/starters.py:918 kedro.framework.cli.starters._parse_tools_input event=line locals={}
2026-08-22 22:40:12.921 /testbed/kedro/framework/cli/starters.py:919 kedro.framework.cli.starters._parse_tools_input event=line locals={'end': "'4'", 'start': "'4'"}
2026-08-22 22:40:12.921 /testbed/kedro/framework/cli/starters.py:920 kedro.framework.cli.starters._parse_tools_input event=line locals={}
2026-08-22 22:40:12.921 /testbed/kedro/framework/cli/starters.py:916 kedro.framework.cli.starters._parse_tools_input event=line locals={'selected': "['2', '4', '5', '1', '3', '6', '1', '2', '3', '4', '5', '3', '4', '5', '4']"}
2026-08-22 22:40:12.921 /testbed/kedro/framework/cli/starters.py:917 kedro.framework.cli.starters._parse_tools_input event=line locals={'choice': "'5'"}
2026-08-22 22:40:12.921 /testbed/kedro/framework/cli/starters.py:922 kedro.framework.cli.starters._parse_tools_input event=line locals={}
2026-08-22 22:40:12.921 /testbed/kedro/framework/cli/starters.py:916 kedro.framework.cli.starters._parse_tools_input event=line locals={'selected': "['2', '4', '5', '1', '3', '6', '1', '2', '3', '4', '5', '3', '4', '5', '4', '5']"}
2026-08-22 22:40:12.921 /testbed/kedro/framework/cli/starters.py:924 kedro.framework.cli.starters._parse_tools_input event=line locals={}
2026-08-22 22:40:12.921 /testbed/kedro/framework/cli/starters.py:924 kedro.framework.cli.starters._parse_tools_input event=return retval=['2', '4', '5', '1', '3', '6', '1', '2', '3', '4', '5', '3', '4', '5', '4', '5'] locals={'choice': "'5'", 'end': "'4'", 'selected': "['2', '4', '5', '1', '3', '6', '1', '2', '3', '4', '5', '3', '4', '5', '4', '5']", 'start': "'4'", 'tools_choices': "['2', '4-5', '1', '3', '6-6', '1-2', '3', '4', '5', '3-5', '4-4', '5']", 'tools_str': "'2, 4-5, 1, 3, 6-6, 1-2, 3, 4, 5, 3-5, 4-4, 5'"}
2026-08-22 22:40:12.923 /testbed/kedro/framework/cli/starters.py:880 kedro.framework.cli.starters._parse_tools_input event=call locals={'tools_str': "'5-5'"}
2026-08-22 22:40:12.923 /testbed/kedro/framework/cli/starters.py:890 kedro.framework.cli.starters._parse_tools_input event=line locals={}
2026-08-22 22:40:12.923 /testbed/kedro/framework/cli/starters.py:903 kedro.framework.cli.starters._parse_tools_input event=line locals={}
2026-08-22 22:40:12.923 /testbed/kedro/framework/cli/starters.py:906 kedro.framework.cli.starters._parse_tools_input event=line locals={}
2026-08-22 22:40:12.923 /testbed/kedro/framework/cli/starters.py:907 kedro.framework.cli.starters._parse_tools_input event=line locals={}
2026-08-22 22:40:12.923 /testbed/kedro/framework/cli/starters.py:909 kedro.framework.cli.starters._parse_tools_input event=line locals={}
2026-08-22 22:40:12.923 /testbed/kedro/framework/cli/starters.py:913 kedro.framework.cli.starters._parse_tools_input event=line locals={}
2026-08-22 22:40:12.923 /testbed/kedro/framework/cli/starters.py:914 kedro.framework.cli.starters._parse_tools_input event=line locals={'tools_choices': "['5-5']"}
2026-08-22 22:40:12.923 /testbed/kedro/framework/cli/starters.py:916 kedro.framework.cli.starters._parse_tools_input event=line locals={'selected': '[]'}
2026-08-22 22:40:12.923 /testbed/kedro/framework/cli/starters.py:917 kedro.framework.cli.starters._parse_tools_input event=line locals={'choice': "'5-5'"}
2026-08-22 22:40:12.923 /testbed/kedro/framework/cli/starters.py:918 kedro.framework.cli.starters._parse_tools_input event=line locals={}
2026-08-22 22:40:12.923 /testbed/kedro/framework/cli/starters.py:919 kedro.framework.cli.starters._parse_tools_input event=line locals={'end': "'5'", 'start': "'5'"}
2026-08-22 22:40:12.923 /testbed/kedro/framework/cli/starters.py:920 kedro.framework.cli.starters._parse_tools_input event=line locals={}
2026-08-22 22:40:12.923 /testbed/kedro/framework/cli/starters.py:916 kedro.framework.cli.starters._parse_tools_input event=line locals={'selected': "['5']"}
2026-08-22 22:40:12.923 /testbed/kedro/framework/cli/starters.py:924 kedro.framework.cli.starters._parse_tools_input event=line locals={}
2026-08-22 22:40:12.923 /testbed/kedro/framework/cli/starters.py:924 kedro.framework.cli.starters._parse_tools_input event=return retval=['5'] locals={'choice': "'5-5'", 'end': "'5'", 'selected': "['5']", 'start': "'5'", 'tools_choices': "['5-5']", 'tools_str': "'5-5'"}
2026-08-22 22:40:12.925 /testbed/kedro/framework/cli/starters.py:880 kedro.framework.cli.starters._parse_tools_input event=call locals={'tools_str': "'3, 4, 6'"}
2026-08-22 22:40:12.925 /testbed/kedro/framework/cli/starters.py:890 kedro.framework.cli.starters._parse_tools_input event=line locals={}
2026-08-22 22:40:12.925 /testbed/kedro/framework/cli/starters.py:903 kedro.framework.cli.starters._parse_tools_input event=line locals={}
2026-08-22 22:40:12.925 /testbed/kedro/framework/cli/starters.py:906 kedro.framework.cli.starters._parse_tools_input event=line locals={}
2026-08-22 22:40:12.925 /testbed/kedro/framework/cli/starters.py:907 kedro.framework.cli.starters._parse_tools_input event=line locals={}
2026-08-22 22:40:12.925 /testbed/kedro/framework/cli/starters.py:909 kedro.framework.cli.starters._parse_tools_input event=line locals={}
2026-08-22 22:40:12.925 /testbed/kedro/framework/cli/starters.py:913 kedro.framework.cli.starters._parse_tools_input event=line locals={}
2026-08-22 22:40:12.925 /testbed/kedro/framework/cli/starters.py:914 kedro.framework.cli.starters._parse_tools_input event=line locals={'tools_choices': "['3', '4', '6']"}
2026-08-22 22:40:12.925 /testbed/kedro/framework/cli/starters.py:916 kedro.framework.cli.starters._parse_tools_input event=line locals={'selected': '[]'}
2026-08-22 22:40:12.925 /testbed/kedro/framework/cli/starters.py:917 kedro.framework.cli.starters._parse_tools_input event=line locals={'choice': "'3'"}
2026-08-22 22:40:12.925 /testbed/kedro/framework/cli/starters.py:922 kedro.framework.cli.starters._parse_tools_input event=line locals={}
2026-08-22 22:40:12.925 /testbed/kedro/framework/cli/starters.py:916 kedro.framework.cli.starters._parse_tools_input event=line locals={'selected': "['3']"}
2026-08-22 22:40:12.925 /testbed/kedro/framework/cli/starters.py:917 kedro.framework.cli.starters._parse_tools_input event=line locals={'choice': "'4'"}
2026-08-22 22:40:12.925 /testbed/kedro/framework/cli/starters.py:922 kedro.framework.cli.starters._parse_tools_input event=line locals={}
2026-08-22 22:40:12.925 /testbed/kedro/framework/cli/starters.py:916 kedro.framework.cli.starters._parse_tools_input event=line locals={'selected': "['3', '4']"}
2026-08-22 22:40:12.925 /testbed/kedro/framework/cli/starters.py:917 kedro.framework.cli.starters._parse_tools_input event=line locals={'choice': "'6'"}
2026-08-22 22:40:12.925 /testbed/kedro/framework/cli/starters.py:922 kedro.framework.cli.starters._parse_tools_input event=line locals={}
2026-08-22 22:40:12.925 /testbed/kedro/framework/cli/starters.py:916 kedro.framework.cli.starters._parse_tools_input event=line locals={'selected': "['3', '4', '6']"}
2026-08-22 22:40:12.925 /testbed/kedro/framework/cli/starters.py:924 kedro.framework.cli.starters._parse_tools_input event=line locals={}
2026-08-22 22:40:12.925 /testbed/kedro/framework/cli/starters.py:924 kedro.framework.cli.starters._parse_tools_input event=return retval=['3', '4', '6'] locals={'choice': "'6'", 'selected': "['3', '4', '6']", 'tools_choices': "['3', '4', '6']", 'tools_str': "'3, 4, 6'"}
2026-08-22 22:40:12.926 /testbed/kedro/framework/cli/starters.py:880 kedro.framework.cli.starters._parse_tools_input event=call locals={'tools_str': "'1-6'"}
2026-08-22 22:40:12.926 /testbed/kedro/framework/cli/starters.py:890 kedro.framework.cli.starters._parse_tools_input event=line locals={}
2026-08-22 22:40:12.926 /testbed/kedro/framework/cli/starters.py:903 kedro.framework.cli.starters._parse_tools_input event=line locals={}
2026-08-22 22:40:12.926 /testbed/kedro/framework/cli/starters.py:906 kedro.framework.cli.starters._parse_tools_input event=line locals={}
2026-08-22 22:40:12.926 /testbed/kedro/framework/cli/starters.py:907 kedro.framework.cli.starters._parse_tools_input event=line locals={}
2026-08-22 22:40:12.927 /testbed/kedro/framework/cli/starters.py:909 kedro.framework.cli.starters._parse_tools_input event=line locals={}
2026-08-22 22:40:12.927 /testbed/kedro/framework/cli/starters.py:913 kedro.framework.cli.starters._parse_tools_input event=line locals={}
2026-08-22 22:40:12.927 /testbed/kedro/framework/cli/starters.py:914 kedro.framework.cli.starters._parse_tools_input event=line locals={'tools_choices': "['1-6']"}
2026-08-22 22:40:12.927 /testbed/kedro/framework/cli/starters.py:916 kedro.framework.cli.starters._parse_tools_input event=line locals={'selected': '[]'}
2026-08-22 22:40:12.927 /testbed/kedro/framework/cli/starters.py:917 kedro.framework.cli.starters._parse_tools_input event=line locals={'choice': "'1-6'"}
2026-08-22 22:40:12.927 /testbed/kedro/framework/cli/starters.py:918 kedro.framework.cli.starters._parse_tools_input event=line locals={}
2026-08-22 22:40:12.927 /testbed/kedro/framework/cli/starters.py:919 kedro.framework.cli.starters._parse_tools_input event=line locals={'end': "'6'", 'start': "'1'"}
2026-08-22 22:40:12.927 /testbed/kedro/framework/cli/starters.py:920 kedro.framework.cli.starters._parse_tools_input event=line locals={}
2026-08-22 22:40:12.927 /testbed/kedro/framework/cli/starters.py:916 kedro.framework.cli.starters._parse_tools_input event=line locals={'selected': "['1', '2', '3', '4', '5', '6']"}
2026-08-22 22:40:12.927 /testbed/kedro/framework/cli/starters.py:924 kedro.framework.cli.starters._parse_tools_input event=line locals={}
2026-08-22 22:40:12.927 /testbed/kedro/framework/cli/starters.py:924 kedro.framework.cli.starters._parse_tools_input event=return retval=['1', '2', '3', '4', '5', '6'] locals={'choice': "'1-6'", 'end': "'6'", 'selected': "['1', '2', '3', '4', '5', '6']", 'start': "'1'", 'tools_choices': "['1-6']", 'tools_str': "'1-6'"}
2026-08-22 22:40:12.928 /testbed/kedro/framework/cli/starters.py:880 kedro.framework.cli.starters._parse_tools_input event=call locals={'tools_str': "'1, 2, 3, 4, 5, 6'"}
2026-08-22 22:40:12.928 /testbed/kedro/framework/cli/starters.py:890 kedro.framework.cli.starters._parse_tools_input event=line locals={}
2026-08-22 22:40:12.928 /testbed/kedro/framework/cli/starters.py:903 kedro.framework.cli.starters._parse_tools_input event=line locals={}
2026-08-22 22:40:12.928 /testbed/kedro/framework/cli/starters.py:906 kedro.framework.cli.starters._parse_tools_input event=line locals={}
2026-08-22 22:40:12.928 /testbed/kedro/framework/cli/starters.py:907 kedro.framework.cli.starters._parse_tools_input event=line locals={}
2026-08-22 22:40:12.928 /testbed/kedro/framework/cli/starters.py:909 kedro.framework.cli.starters._parse_tools_input event=line locals={}
2026-08-22 22:40:12.928 /testbed/kedro/framework/cli/starters.py:913 kedro.framework.cli.starters._parse_tools_input event=line locals={}
2026-08-22 22:40:12.928 /testbed/kedro/framework/cli/starters.py:914 kedro.framework.cli.starters._parse_tools_input event=line locals={'tools_choices': "['1', '2', '3', '4', '5', '6']"}
2026-08-22 22:40:12.928 /testbed/kedro/framework/cli/starters.py:916 kedro.framework.cli.starters._parse_tools_input event=line locals={'selected': '[]'}
2026-08-22 22:40:12.928 /testbed/kedro/framework/cli/starters.py:917 kedro.framework.cli.starters._parse_tools_input event=line locals={'choice': "'1'"}
2026-08-22 22:40:12.928 /testbed/kedro/framework/cli/starters.py:922 kedro.framework.cli.starters._parse_tools_input event=line locals={}
2026-08-22 22:40:12.928 /testbed/kedro/framework/cli/starters.py:916 kedro.framework.cli.starters._parse_tools_input event=line locals={'selected': "['1']"}
2026-08-22 22:40:12.928 /testbed/kedro/framework/cli/starters.py:917 kedro.framework.cli.starters._parse_tools_input event=line locals={'choice': "'2'"}
2026-08-22 22:40:12.928 /testbed/kedro/framework/cli/starters.py:922 kedro.framework.cli.starters._parse_tools_input event=line locals={}
2026-08-22 22:40:12.928 /testbed/kedro/framework/cli/starters.py:916 kedro.framework.cli.starters._parse_tools_input event=line locals={'selected': "['1', '2']"}
2026-08-22 22:40:12.928 /testbed/kedro/framework/cli/starters.py:917 kedro.framework.cli.starters._parse_tools_input event=line locals={'choice': "'3'"}
2026-08-22 22:40:12.928 /testbed/kedro/framework/cli/starters.py:922 kedro.framework.cli.starters._parse_tools_input event=line locals={}
2026-08-22 22:40:12.928 /testbed/kedro/framework/cli/starters.py:916 kedro.framework.cli.starters._parse_tools_input event=line locals={'selected': "['1', '2', '3']"}
2026-08-22 22:40:12.928 /testbed/kedro/framework/cli/starters.py:917 kedro.framework.cli.starters._parse_tools_input event=line locals={'choice': "'4'"}
2026-08-22 22:40:12.928 /testbed/kedro/framework/cli/starters.py:922 kedro.framework.cli.starters._parse_tools_input event=line locals={}
2026-08-22 22:40:12.928 /testbed/kedro/framework/cli/starters.py:916 kedro.framework.cli.starters._parse_tools_input event=line locals={'selected': "['1', '2', '3', '4']"}
2026-08-22 22:40:12.928 /testbed/kedro/framework/cli/starters.py:917 kedro.framework.cli.starters._parse_tools_input event=line locals={'choice': "'5'"}
2026-08-22 22:40:12.928 /testbed/kedro/framework/cli/starters.py:922 kedro.framework.cli.starters._parse_tools_input event=line locals={}
2026-08-22 22:40:12.928 /testbed/kedro/framework/cli/starters.py:916 kedro.framework.cli.starters._parse_tools_input event=line locals={'selected': "['1', '2', '3', '4', '5']"}
2026-08-22 22:40:12.928 /testbed/kedro/framework/cli/starters.py:917 kedro.framework.cli.starters._parse_tools_input event=line locals={'choice': "'6'"}
2026-08-22 22:40:12.929 /testbed/kedro/framework/cli/starters.py:922 kedro.framework.cli.starters._parse_tools_input event=line locals={}
2026-08-22 22:40:12.929 /testbed/kedro/framework/cli/starters.py:916 kedro.framework.cli.starters._parse_tools_input event=line locals={'selected': "['1', '2', '3', '4', '5', '6']"}
2026-08-22 22:40:12.929 /testbed/kedro/framework/cli/starters.py:924 kedro.framework.cli.starters._parse_tools_input event=line locals={}
2026-08-22 22:40:12.929 /testbed/kedro/framework/cli/starters.py:924 kedro.framework.cli.starters._parse_tools_input event=return retval=['1', '2', '3', '4', '5', '6'] locals={'choice': "'6'", 'selected': "['1', '2', '3', '4', '5', '6']", 'tools_choices': "['1', '2', '3', '4', '5', '6']", 'tools_str': "'1, 2, 3, 4, 5, 6'"}
