{
  "call_frequencies": [
    {
      "count": 0,
      "first_caller": null,
      "function": "llamafactory.train.ppo.trainer.CustomPPOTrainer.batched_forward_pass"
    },
    {
      "count": 12,
      "first_caller": "llamafactory.train.ppo.trainer.CustomPPOTrainer.ppo_train",
      "function": "llamafactory.train.ppo.trainer.CustomPPOTrainer.get_inputs"
    },
    {
      "count": 12,
      "first_caller": "llamafactory.train.ppo.trainer.CustomPPOTrainer.ppo_train",
      "function": "llamafactory.train.ppo.trainer.CustomPPOTrainer.get_rewards"
    },
    {
      "count": 1,
      "first_caller": "<external>",
      "function": "llamafactory.train.ppo.trainer.CustomPPOTrainer.ppo_train"
    },
    {
      "count": 1,
      "first_caller": "llamafactory.train.ppo.trainer.CustomPPOTrainer.ppo_train",
      "function": "llamafactory.train.ppo.trainer.CustomPPOTrainer.save_model"
    }
  ]
}
