{
  "invocations": [
    {
      "caller_saw_exception": false,
      "exceptions": [],
      "invocation_index": 1
    },
    {
      "caller_saw_exception": true,
      "exceptions": [
        {
          "exception_message": "Bitsandbytes only accepts 4-bit or 8-bit quantization.",
          "exception_type": "builtins.ValueError",
          "handled_where": "propagated",
          "line": 162
        }
      ],
      "invocation_index": 2
    },
    {
      "caller_saw_exception": true,
      "exceptions": [
        {
          "exception_message": "EETQ only accepts 8-bit quantization.",
          "exception_type": "builtins.ValueError",
          "handled_where": "propagated",
          "line": 190
        }
      ],
      "invocation_index": 3
    }
  ]
}
