2026-07-15 04:13:49.985 [TRACE][START] pid=47 TRACE_OUT='/testbed/logs/llama_factory_qa/quantization_configure_quantization_m5_exceptions/trace.log' TRACE_FILE='src/llamafactory/model/model_utils/quantization.py' TRACE_FUNCS=['configure_quantization'] TRACE_EVENTS=['call', 'exception', 'line', 'return']
2026-07-15 04:13:50.014 /testbed/src/llamafactory/model/model_utils/quantization.py:96 src.llamafactory.model.model_utils.quantization.configure_quantization event=call locals={'config': 'namespace(quantization_config=None)', 'init_kwargs': '{}', 'model_args': "namespace(quantization_bit=4, quantization_method='bitsandbytes', quantization_device_map='auto', export_quantization_bit=None, compute_dtype=torch.float16, double_quantization=True, quantization_type='nf4')", 'tokenizer': '<object object at 0x756fad439cc0>'}
2026-07-15 04:13:50.014 /testbed/src/llamafactory/model/model_utils/quantization.py:103 src.llamafactory.model.model_utils.quantization.configure_quantization event=line locals={}
2026-07-15 04:13:50.014 /testbed/src/llamafactory/model/model_utils/quantization.py:128 src.llamafactory.model.model_utils.quantization.configure_quantization event=line locals={}
2026-07-15 04:13:50.014 /testbed/src/llamafactory/model/model_utils/quantization.py:147 src.llamafactory.model.model_utils.quantization.configure_quantization event=line locals={}
2026-07-15 04:13:50.014 /testbed/src/llamafactory/model/model_utils/quantization.py:148 src.llamafactory.model.model_utils.quantization.configure_quantization event=line locals={}
2026-07-15 04:13:50.014 /testbed/src/llamafactory/model/model_utils/quantization.py:149 src.llamafactory.model.model_utils.quantization.configure_quantization event=line locals={}
2026-07-15 04:13:50.014 /testbed/src/llamafactory/model/model_utils/quantization.py:152 src.llamafactory.model.model_utils.quantization.configure_quantization event=line locals={}
2026-07-15 04:13:50.014 /testbed/src/llamafactory/model/model_utils/quantization.py:153 src.llamafactory.model.model_utils.quantization.configure_quantization event=line locals={}
2026-07-15 04:13:50.014 /testbed/src/llamafactory/model/model_utils/quantization.py:154 src.llamafactory.model.model_utils.quantization.configure_quantization event=line locals={}
2026-07-15 04:13:50.014 /testbed/src/llamafactory/model/model_utils/quantization.py:155 src.llamafactory.model.model_utils.quantization.configure_quantization event=line locals={}
2026-07-15 04:13:50.014 /testbed/src/llamafactory/model/model_utils/quantization.py:156 src.llamafactory.model.model_utils.quantization.configure_quantization event=line locals={}
2026-07-15 04:13:50.014 /testbed/src/llamafactory/model/model_utils/quantization.py:157 src.llamafactory.model.model_utils.quantization.configure_quantization event=line locals={}
2026-07-15 04:13:50.014 /testbed/src/llamafactory/model/model_utils/quantization.py:158 src.llamafactory.model.model_utils.quantization.configure_quantization event=line locals={}
2026-07-15 04:13:50.014 /testbed/src/llamafactory/model/model_utils/quantization.py:159 src.llamafactory.model.model_utils.quantization.configure_quantization event=line locals={}
2026-07-15 04:13:50.014 /testbed/src/llamafactory/model/model_utils/quantization.py:154 src.llamafactory.model.model_utils.quantization.configure_quantization event=line locals={}
2026-07-15 04:13:50.014 /testbed/src/llamafactory/model/model_utils/quantization.py:167 src.llamafactory.model.model_utils.quantization.configure_quantization event=line locals={'init_kwargs': "{'quantization_config': {'kind': 'fake_bnb_config', 'load_in_4bit': True, 'bnb_4bit_compute_dtype': torch.float16, 'bnb_4bit_use_double_quant': True, 'bnb_4bit_quant_type': 'nf4', 'bnb_4bit_quant_storage': torch.float16}}"}
2026-07-15 04:13:50.015 /testbed/src/llamafactory/model/model_utils/quantization.py:168 src.llamafactory.model.model_utils.quantization.configure_quantization event=line locals={}
2026-07-15 04:13:50.015 /testbed/src/llamafactory/model/model_utils/quantization.py:171 src.llamafactory.model.model_utils.quantization.configure_quantization event=line locals={}
2026-07-15 04:13:50.015 /testbed/src/llamafactory/model/model_utils/quantization.py:175 src.llamafactory.model.model_utils.quantization.configure_quantization event=line locals={}
2026-07-15 04:13:50.016 /testbed/src/llamafactory/model/model_utils/quantization.py:175 src.llamafactory.model.model_utils.quantization.configure_quantization event=return retval=None locals={'config': 'namespace(quantization_config=None)', 'init_kwargs': "{'quantization_config': {'kind': 'fake_bnb_config', 'load_in_4bit': True, 'bnb_4bit_compute_dtype': torch.float16, 'bnb_4bit_use_double_quant': True, 'bnb_4bit_quant_type': 'nf4', 'bnb_4bit_quant_storage': torch.float16}}", 'model_args': "namespace(quantization_bit=4, quantization_method='bitsandbytes', quantization_device_map='auto', export_quantization_bit=None, compute_dtype=torch.float16, double_quantization=True, quantization_type='nf4')", 'tokenizer': '<object object at 0x756fad439cc0>'}
2026-07-15 04:13:50.023 /testbed/src/llamafactory/model/model_utils/quantization.py:96 src.llamafactory.model.model_utils.quantization.configure_quantization event=call locals={'config': 'namespace(quantization_config=None)', 'init_kwargs': '{}', 'model_args': "namespace(quantization_bit=3, quantization_method='bitsandbytes', quantization_device_map=None, export_quantization_bit=None, compute_dtype=torch.float16, double_quantization=True, quantization_type='nf4')", 'tokenizer': '<object object at 0x756fad439cc0>'}
2026-07-15 04:13:50.023 /testbed/src/llamafactory/model/model_utils/quantization.py:103 src.llamafactory.model.model_utils.quantization.configure_quantization event=line locals={}
2026-07-15 04:13:50.023 /testbed/src/llamafactory/model/model_utils/quantization.py:128 src.llamafactory.model.model_utils.quantization.configure_quantization event=line locals={}
2026-07-15 04:13:50.023 /testbed/src/llamafactory/model/model_utils/quantization.py:147 src.llamafactory.model.model_utils.quantization.configure_quantization event=line locals={}
2026-07-15 04:13:50.023 /testbed/src/llamafactory/model/model_utils/quantization.py:148 src.llamafactory.model.model_utils.quantization.configure_quantization event=line locals={}
2026-07-15 04:13:50.023 /testbed/src/llamafactory/model/model_utils/quantization.py:149 src.llamafactory.model.model_utils.quantization.configure_quantization event=line locals={}
2026-07-15 04:13:50.023 /testbed/src/llamafactory/model/model_utils/quantization.py:152 src.llamafactory.model.model_utils.quantization.configure_quantization event=line locals={}
2026-07-15 04:13:50.023 /testbed/src/llamafactory/model/model_utils/quantization.py:162 src.llamafactory.model.model_utils.quantization.configure_quantization event=line locals={}
2026-07-15 04:13:50.023 /testbed/src/llamafactory/model/model_utils/quantization.py:162 src.llamafactory.model.model_utils.quantization.configure_quantization event=exception exc=ValueError: ValueError('Bitsandbytes only accepts 4-bit or 8-bit quantization.') locals={}
2026-07-15 04:13:50.023 /testbed/src/llamafactory/model/model_utils/quantization.py:162 src.llamafactory.model.model_utils.quantization.configure_quantization event=return retval=None locals={'config': 'namespace(quantization_config=None)', 'init_kwargs': '{}', 'model_args': "namespace(quantization_bit=3, quantization_method='bitsandbytes', quantization_device_map=None, export_quantization_bit=None, compute_dtype=torch.float16, double_quantization=True, quantization_type='nf4')", 'tokenizer': '<object object at 0x756fad439cc0>'}
2026-07-15 04:13:50.027 /testbed/src/llamafactory/model/model_utils/quantization.py:96 src.llamafactory.model.model_utils.quantization.configure_quantization event=call locals={'config': 'namespace(quantization_config=None)', 'init_kwargs': '{}', 'model_args': "namespace(quantization_bit=4, quantization_method='eetq', quantization_device_map=None, export_quantization_bit=None, compute_dtype=torch.float16, double_quantization=True, quantization_type='nf4')", 'tokenizer': '<object object at 0x756fad439cc0>'}
2026-07-15 04:13:50.027 /testbed/src/llamafactory/model/model_utils/quantization.py:103 src.llamafactory.model.model_utils.quantization.configure_quantization event=line locals={}
2026-07-15 04:13:50.028 /testbed/src/llamafactory/model/model_utils/quantization.py:128 src.llamafactory.model.model_utils.quantization.configure_quantization event=line locals={}
2026-07-15 04:13:50.028 /testbed/src/llamafactory/model/model_utils/quantization.py:147 src.llamafactory.model.model_utils.quantization.configure_quantization event=line locals={}
2026-07-15 04:13:50.028 /testbed/src/llamafactory/model/model_utils/quantization.py:148 src.llamafactory.model.model_utils.quantization.configure_quantization event=line locals={}
2026-07-15 04:13:50.028 /testbed/src/llamafactory/model/model_utils/quantization.py:176 src.llamafactory.model.model_utils.quantization.configure_quantization event=line locals={}
2026-07-15 04:13:50.028 /testbed/src/llamafactory/model/model_utils/quantization.py:188 src.llamafactory.model.model_utils.quantization.configure_quantization event=line locals={}
2026-07-15 04:13:50.028 /testbed/src/llamafactory/model/model_utils/quantization.py:189 src.llamafactory.model.model_utils.quantization.configure_quantization event=line locals={}
2026-07-15 04:13:50.028 /testbed/src/llamafactory/model/model_utils/quantization.py:190 src.llamafactory.model.model_utils.quantization.configure_quantization event=line locals={}
2026-07-15 04:13:50.028 /testbed/src/llamafactory/model/model_utils/quantization.py:190 src.llamafactory.model.model_utils.quantization.configure_quantization event=exception exc=ValueError: ValueError('EETQ only accepts 8-bit quantization.') locals={}
2026-07-15 04:13:50.028 /testbed/src/llamafactory/model/model_utils/quantization.py:190 src.llamafactory.model.model_utils.quantization.configure_quantization event=return retval=None locals={'config': 'namespace(quantization_config=None)', 'init_kwargs': '{}', 'model_args': "namespace(quantization_bit=4, quantization_method='eetq', quantization_device_map=None, export_quantization_bit=None, compute_dtype=torch.float16, double_quantization=True, quantization_type='nf4')", 'tokenizer': '<object object at 0x756fad439cc0>'}
