2026-08-22 22:36:15.846 [TRACE][START] pid=47 TRACE_OUT='/testbed/logs/kedro_qa/node_from_list_s1_cfg__pert_llm_s0/trace.log' TRACE_FILE='kedro/pipeline/node.py' TRACE_FUNCS=['_from_list'] TRACE_EVENTS=['call', 'exception', 'line', 'return']
2026-08-22 22:36:15.858 /testbed/kedro/pipeline/node.py:529 kedro.pipeline.node._from_list event=call locals={'outputs': '<generator object TestNodeFromListCfg.test_from_list_cfg_paths.<locals>.produce.<locals>._gen at 0x7cd0de018970>', 'self': "Node(produce, None, ['trace_out_delta_cfg', 'trace_out_epsilon_cfg'], 'trace_probe_beta_node')"}
2026-08-22 22:36:15.858 /testbed/kedro/pipeline/node.py:530 kedro.pipeline.node._from_list event=line locals={}
2026-08-22 22:36:15.858 /testbed/kedro/pipeline/node.py:532 kedro.pipeline.node._from_list event=line locals={'iterator': 'None', 'result': '<generator object TestNodeFromListCfg.test_from_list_cfg_paths.<locals>.produce.<locals>._gen at 0x7cd0de018970>'}
2026-08-22 22:36:15.858 /testbed/kedro/pipeline/node.py:533 kedro.pipeline.node._from_list event=line locals={}
2026-08-22 22:36:15.858 /testbed/kedro/pipeline/node.py:535 kedro.pipeline.node._from_list event=line locals={'iterator': '<itertools._tee object at 0x7cd0de041f40>', 'result': '(74087, 74088)'}
2026-08-22 22:36:15.858 /testbed/kedro/pipeline/node.py:542 kedro.pipeline.node._from_list event=line locals={}
2026-08-22 22:36:15.858 /testbed/kedro/pipeline/node.py:550 kedro.pipeline.node._from_list event=line locals={}
2026-08-22 22:36:15.858 /testbed/kedro/pipeline/node.py:551 kedro.pipeline.node._from_list event=line locals={}
2026-08-22 22:36:15.858 /testbed/kedro/pipeline/node.py:552 kedro.pipeline.node._from_list event=line locals={'result': '(<generator object iter_suppress at 0x7cd0de018ac0>, <generator object iter_suppress at 0x7cd0de018b30>)'}
2026-08-22 22:36:15.858 /testbed/kedro/pipeline/node.py:552 kedro.pipeline.node._from_list event=return retval={'trace_out_delta_cfg': <generator object iter_suppress at 0x7cd0de018ac0>, 'trace_out_epsilon_cfg': <generator object iter_suppress at 0x7cd0de018b30>} locals={'iterator': '<itertools._tee object at 0x7cd0de041f40>', 'outputs': '<generator object TestNodeFromListCfg.test_from_list_cfg_paths.<locals>.produce.<locals>._gen at 0x7cd0de018970>', 'result': '(<generator object iter_suppress at 0x7cd0de018ac0>, <generator object iter_suppress at 0x7cd0de018b30>)', 'self': "Node(produce, None, ['trace_out_delta_cfg', 'trace_out_epsilon_cfg'], 'trace_probe_beta_node')"}
2026-08-22 22:36:15.859 /testbed/kedro/pipeline/node.py:529 kedro.pipeline.node._from_list event=call locals={'outputs': '<generator object TestNodeFromListCfg.test_from_list_cfg_paths.<locals>.produce.<locals>._gen at 0x7cd0de018970>', 'self': "Node(produce, None, ['trace_out_delta_cfg', 'trace_out_epsilon_cfg'], 'trace_probe_beta_node')"}
2026-08-22 22:36:15.859 /testbed/kedro/pipeline/node.py:530 kedro.pipeline.node._from_list event=line locals={}
2026-08-22 22:36:15.859 /testbed/kedro/pipeline/node.py:532 kedro.pipeline.node._from_list event=line locals={'iterator': 'None', 'result': '<generator object TestNodeFromListCfg.test_from_list_cfg_paths.<locals>.produce.<locals>._gen at 0x7cd0de018970>'}
2026-08-22 22:36:15.859 /testbed/kedro/pipeline/node.py:533 kedro.pipeline.node._from_list event=line locals={}
2026-08-22 22:36:15.859 /testbed/kedro/pipeline/node.py:535 kedro.pipeline.node._from_list event=line locals={'iterator': '<itertools._tee object at 0x7cd0de049080>', 'result': '(45242, 45243)'}
2026-08-22 22:36:15.859 /testbed/kedro/pipeline/node.py:542 kedro.pipeline.node._from_list event=line locals={}
2026-08-22 22:36:15.859 /testbed/kedro/pipeline/node.py:550 kedro.pipeline.node._from_list event=line locals={}
2026-08-22 22:36:15.859 /testbed/kedro/pipeline/node.py:551 kedro.pipeline.node._from_list event=line locals={}
2026-08-22 22:36:15.859 /testbed/kedro/pipeline/node.py:552 kedro.pipeline.node._from_list event=line locals={'result': '(<generator object iter_suppress at 0x7cd0de018ba0>, <generator object iter_suppress at 0x7cd0de018c10>)'}
2026-08-22 22:36:15.859 /testbed/kedro/pipeline/node.py:552 kedro.pipeline.node._from_list event=return retval={'trace_out_delta_cfg': <generator object iter_suppress at 0x7cd0de018ba0>, 'trace_out_epsilon_cfg': <generator object iter_suppress at 0x7cd0de018c10>} locals={'iterator': '<itertools._tee object at 0x7cd0de049080>', 'outputs': '<generator object TestNodeFromListCfg.test_from_list_cfg_paths.<locals>.produce.<locals>._gen at 0x7cd0de018970>', 'result': '(<generator object iter_suppress at 0x7cd0de018ba0>, <generator object iter_suppress at 0x7cd0de018c10>)', 'self': "Node(produce, None, ['trace_out_delta_cfg', 'trace_out_epsilon_cfg'], 'trace_probe_beta_node')"}
2026-08-22 22:36:15.860 /testbed/kedro/pipeline/node.py:529 kedro.pipeline.node._from_list event=call locals={'outputs': '<generator object TestNodeFromListCfg.test_from_list_cfg_paths.<locals>.produce.<locals>._gen at 0x7cd0de018b30>', 'self': "Node(produce, None, ['trace_out_alpha_cfg', 'trace_out_beta_cfg', 'trace_out_gamma_cfg'], 'trace_probe_alpha_node')"}
2026-08-22 22:36:15.860 /testbed/kedro/pipeline/node.py:530 kedro.pipeline.node._from_list event=line locals={}
2026-08-22 22:36:15.860 /testbed/kedro/pipeline/node.py:532 kedro.pipeline.node._from_list event=line locals={'iterator': 'None', 'result': '<generator object TestNodeFromListCfg.test_from_list_cfg_paths.<locals>.produce.<locals>._gen at 0x7cd0de018b30>'}
2026-08-22 22:36:15.860 /testbed/kedro/pipeline/node.py:533 kedro.pipeline.node._from_list event=line locals={}
2026-08-22 22:36:15.860 /testbed/kedro/pipeline/node.py:535 kedro.pipeline.node._from_list event=line locals={'iterator': '<itertools._tee object at 0x7cd0de049080>', 'result': '(22445, 22446, 22447)'}
2026-08-22 22:36:15.860 /testbed/kedro/pipeline/node.py:542 kedro.pipeline.node._from_list event=line locals={}
2026-08-22 22:36:15.860 /testbed/kedro/pipeline/node.py:550 kedro.pipeline.node._from_list event=line locals={}
2026-08-22 22:36:15.860 /testbed/kedro/pipeline/node.py:551 kedro.pipeline.node._from_list event=line locals={}
2026-08-22 22:36:15.860 /testbed/kedro/pipeline/node.py:552 kedro.pipeline.node._from_list event=line locals={'result': '(<generator object iter_suppress at 0x7cd0de018ac0>, <generator object iter_suppress at 0x7cd0de018a50>, <generator object iter_suppress at 0x7cd0de018c80>)'}
2026-08-22 22:36:15.860 /testbed/kedro/pipeline/node.py:552 kedro.pipeline.node._from_list event=return retval={'trace_out_alpha_cfg': <generator object iter_suppress at 0x7cd0de018ac0>, 'trace_out_beta_cfg': <generator object iter_suppress at 0x7cd0de018a50>, 'trace_out_gamma_cfg': <generator object iter_suppress at 0x7cd0de018c80>} locals={'iterator': '<itertools._tee object at 0x7cd0de049080>', 'outputs': '<generator object TestNodeFromListCfg.test_from_list_cfg_paths.<locals>.produce.<locals>._gen at 0x7cd0de018b30>', 'result': '(<generator object iter_suppress at 0x7cd0de018ac0>, <generator object iter_suppress at 0x7cd0de018a50>, <generator object iter_suppress at 0x7cd0de018c80>)', 'self': "Node(produce, None, ['trace_out_alpha_cfg', 'trace_out_beta_cfg', 'trace_out_gamma_cfg'], 'trace_probe_alpha_node')"}
2026-08-22 22:36:15.861 /testbed/kedro/pipeline/node.py:529 kedro.pipeline.node._from_list event=call locals={'outputs': "{'payload': 'not_a_sequence'}", 'self': "Node(produce, None, ['trace_out_alpha_cfg', 'trace_out_beta_cfg', 'trace_out_gamma_cfg'], 'trace_probe_alpha_node')"}
2026-08-22 22:36:15.861 /testbed/kedro/pipeline/node.py:530 kedro.pipeline.node._from_list event=line locals={}
2026-08-22 22:36:15.861 /testbed/kedro/pipeline/node.py:532 kedro.pipeline.node._from_list event=line locals={'iterator': 'None', 'result': "{'payload': 'not_a_sequence'}"}
2026-08-22 22:36:15.861 /testbed/kedro/pipeline/node.py:535 kedro.pipeline.node._from_list event=line locals={}
2026-08-22 22:36:15.861 /testbed/kedro/pipeline/node.py:536 kedro.pipeline.node._from_list event=line locals={}
2026-08-22 22:36:15.861 /testbed/kedro/pipeline/node.py:537 kedro.pipeline.node._from_list event=line locals={}
2026-08-22 22:36:15.861 /testbed/kedro/pipeline/node.py:539 kedro.pipeline.node._from_list event=line locals={}
2026-08-22 22:36:15.861 /testbed/kedro/pipeline/node.py:537 kedro.pipeline.node._from_list event=line locals={}
2026-08-22 22:36:15.861 /testbed/kedro/pipeline/node.py:540 kedro.pipeline.node._from_list event=line locals={}
2026-08-22 22:36:15.861 /testbed/kedro/pipeline/node.py:537 kedro.pipeline.node._from_list event=line locals={}
2026-08-22 22:36:15.861 /testbed/kedro/pipeline/node.py:536 kedro.pipeline.node._from_list event=line locals={}
2026-08-22 22:36:15.861 /testbed/kedro/pipeline/node.py:536 kedro.pipeline.node._from_list event=exception exc=ValueError: ValueError("Failed to save outputs of node trace_probe_alpha_node: produce(None) -> [trace_out_alpha_cfg;trace_out_beta_cfg;trace_out_gamma_cfg].\nThe node definition contains a list of outputs ['trace_out_alpha_cfg', 'trace_out_beta_cfg', 'trace_out_gamma_cfg'], whereas the node function returned a 'dict'.") locals={}
2026-08-22 22:36:15.861 /testbed/kedro/pipeline/node.py:536 kedro.pipeline.node._from_list event=return retval=None locals={'iterator': 'None', 'outputs': "{'payload': 'not_a_sequence'}", 'result': "{'payload': 'not_a_sequence'}", 'self': "Node(produce, None, ['trace_out_alpha_cfg', 'trace_out_beta_cfg', 'trace_out_gamma_cfg'], 'trace_probe_alpha_node')"}
2026-08-22 22:36:15.863 /testbed/kedro/pipeline/node.py:529 kedro.pipeline.node._from_list event=call locals={'outputs': '<generator object TestNodeFromListCfg.test_from_list_cfg_paths.<locals>.produce.<locals>._gen at 0x7cd0de018c10>', 'self': "Node(produce, None, ['trace_out_delta_cfg', 'trace_out_epsilon_cfg'], 'trace_probe_beta_node')"}
2026-08-22 22:36:15.863 /testbed/kedro/pipeline/node.py:530 kedro.pipeline.node._from_list event=line locals={}
2026-08-22 22:36:15.863 /testbed/kedro/pipeline/node.py:532 kedro.pipeline.node._from_list event=line locals={'iterator': 'None', 'result': '<generator object TestNodeFromListCfg.test_from_list_cfg_paths.<locals>.produce.<locals>._gen at 0x7cd0de018c10>'}
2026-08-22 22:36:15.863 /testbed/kedro/pipeline/node.py:533 kedro.pipeline.node._from_list event=line locals={}
2026-08-22 22:36:15.863 /testbed/kedro/pipeline/node.py:535 kedro.pipeline.node._from_list event=line locals={'iterator': '<itertools._tee object at 0x7cd0de049a40>', 'result': '(31888, 31889)'}
2026-08-22 22:36:15.863 /testbed/kedro/pipeline/node.py:542 kedro.pipeline.node._from_list event=line locals={}
2026-08-22 22:36:15.863 /testbed/kedro/pipeline/node.py:550 kedro.pipeline.node._from_list event=line locals={}
2026-08-22 22:36:15.863 /testbed/kedro/pipeline/node.py:551 kedro.pipeline.node._from_list event=line locals={}
2026-08-22 22:36:15.863 /testbed/kedro/pipeline/node.py:552 kedro.pipeline.node._from_list event=line locals={'result': '(<generator object iter_suppress at 0x7cd0de018ba0>, <generator object iter_suppress at 0x7cd0de018970>)'}
2026-08-22 22:36:15.863 /testbed/kedro/pipeline/node.py:552 kedro.pipeline.node._from_list event=return retval={'trace_out_delta_cfg': <generator object iter_suppress at 0x7cd0de018ba0>, 'trace_out_epsilon_cfg': <generator object iter_suppress at 0x7cd0de018970>} locals={'iterator': '<itertools._tee object at 0x7cd0de049a40>', 'outputs': '<generator object TestNodeFromListCfg.test_from_list_cfg_paths.<locals>.produce.<locals>._gen at 0x7cd0de018c10>', 'result': '(<generator object iter_suppress at 0x7cd0de018ba0>, <generator object iter_suppress at 0x7cd0de018970>)', 'self': "Node(produce, None, ['trace_out_delta_cfg', 'trace_out_epsilon_cfg'], 'trace_probe_beta_node')"}
2026-08-22 22:36:15.864 /testbed/kedro/pipeline/node.py:529 kedro.pipeline.node._from_list event=call locals={'outputs': '<generator object TestNodeFromListCfg.test_from_list_cfg_paths.<locals>.produce.<locals>._gen at 0x7cd0de018c10>', 'self': "Node(produce, None, ['trace_out_delta_cfg', 'trace_out_epsilon_cfg'], 'trace_probe_beta_node')"}
2026-08-22 22:36:15.864 /testbed/kedro/pipeline/node.py:530 kedro.pipeline.node._from_list event=line locals={}
2026-08-22 22:36:15.864 /testbed/kedro/pipeline/node.py:532 kedro.pipeline.node._from_list event=line locals={'iterator': 'None', 'result': '<generator object TestNodeFromListCfg.test_from_list_cfg_paths.<locals>.produce.<locals>._gen at 0x7cd0de018c10>'}
2026-08-22 22:36:15.864 /testbed/kedro/pipeline/node.py:533 kedro.pipeline.node._from_list event=line locals={}
2026-08-22 22:36:15.864 /testbed/kedro/pipeline/node.py:535 kedro.pipeline.node._from_list event=line locals={'iterator': '<itertools._tee object at 0x7cd0de04c040>', 'result': '(96292, 96293)'}
2026-08-22 22:36:15.864 /testbed/kedro/pipeline/node.py:542 kedro.pipeline.node._from_list event=line locals={}
2026-08-22 22:36:15.864 /testbed/kedro/pipeline/node.py:550 kedro.pipeline.node._from_list event=line locals={}
2026-08-22 22:36:15.864 /testbed/kedro/pipeline/node.py:551 kedro.pipeline.node._from_list event=line locals={}
2026-08-22 22:36:15.864 /testbed/kedro/pipeline/node.py:552 kedro.pipeline.node._from_list event=line locals={'result': '(<generator object iter_suppress at 0x7cd0de018a50>, <generator object iter_suppress at 0x7cd0de018ac0>)'}
2026-08-22 22:36:15.864 /testbed/kedro/pipeline/node.py:552 kedro.pipeline.node._from_list event=return retval={'trace_out_delta_cfg': <generator object iter_suppress at 0x7cd0de018a50>, 'trace_out_epsilon_cfg': <generator object iter_suppress at 0x7cd0de018ac0>} locals={'iterator': '<itertools._tee object at 0x7cd0de04c040>', 'outputs': '<generator object TestNodeFromListCfg.test_from_list_cfg_paths.<locals>.produce.<locals>._gen at 0x7cd0de018c10>', 'result': '(<generator object iter_suppress at 0x7cd0de018a50>, <generator object iter_suppress at 0x7cd0de018ac0>)', 'self': "Node(produce, None, ['trace_out_delta_cfg', 'trace_out_epsilon_cfg'], 'trace_probe_beta_node')"}
2026-08-22 22:36:15.865 /testbed/kedro/pipeline/node.py:529 kedro.pipeline.node._from_list event=call locals={'outputs': '<generator object TestNodeFromListCfg.test_from_list_cfg_paths.<locals>.produce.<locals>._gen at 0x7cd0de018c10>', 'self': "Node(produce, None, ['trace_out_delta_cfg', 'trace_out_epsilon_cfg'], 'trace_probe_beta_node')"}
2026-08-22 22:36:15.865 /testbed/kedro/pipeline/node.py:530 kedro.pipeline.node._from_list event=line locals={}
2026-08-22 22:36:15.865 /testbed/kedro/pipeline/node.py:532 kedro.pipeline.node._from_list event=line locals={'iterator': 'None', 'result': '<generator object TestNodeFromListCfg.test_from_list_cfg_paths.<locals>.produce.<locals>._gen at 0x7cd0de018c10>'}
2026-08-22 22:36:15.865 /testbed/kedro/pipeline/node.py:533 kedro.pipeline.node._from_list event=line locals={}
2026-08-22 22:36:15.865 /testbed/kedro/pipeline/node.py:535 kedro.pipeline.node._from_list event=line locals={'iterator': '<itertools._tee object at 0x7cd0de04c400>', 'result': '(96719, 96720)'}
2026-08-22 22:36:15.865 /testbed/kedro/pipeline/node.py:542 kedro.pipeline.node._from_list event=line locals={}
2026-08-22 22:36:15.865 /testbed/kedro/pipeline/node.py:550 kedro.pipeline.node._from_list event=line locals={}
2026-08-22 22:36:15.865 /testbed/kedro/pipeline/node.py:551 kedro.pipeline.node._from_list event=line locals={}
2026-08-22 22:36:15.865 /testbed/kedro/pipeline/node.py:552 kedro.pipeline.node._from_list event=line locals={'result': '(<generator object iter_suppress at 0x7cd0de018ba0>, <generator object iter_suppress at 0x7cd0de018c80>)'}
2026-08-22 22:36:15.865 /testbed/kedro/pipeline/node.py:552 kedro.pipeline.node._from_list event=return retval={'trace_out_delta_cfg': <generator object iter_suppress at 0x7cd0de018ba0>, 'trace_out_epsilon_cfg': <generator object iter_suppress at 0x7cd0de018c80>} locals={'iterator': '<itertools._tee object at 0x7cd0de04c400>', 'outputs': '<generator object TestNodeFromListCfg.test_from_list_cfg_paths.<locals>.produce.<locals>._gen at 0x7cd0de018c10>', 'result': '(<generator object iter_suppress at 0x7cd0de018ba0>, <generator object iter_suppress at 0x7cd0de018c80>)', 'self': "Node(produce, None, ['trace_out_delta_cfg', 'trace_out_epsilon_cfg'], 'trace_probe_beta_node')"}
2026-08-22 22:36:15.866 /testbed/kedro/pipeline/node.py:529 kedro.pipeline.node._from_list event=call locals={'outputs': '<generator object TestNodeFromListCfg.test_from_list_cfg_paths.<locals>.produce.<locals>._gen at 0x7cd0de018ac0>', 'self': "Node(produce, None, ['trace_out_alpha_cfg', 'trace_out_beta_cfg', 'trace_out_gamma_cfg'], 'trace_probe_alpha_node')"}
2026-08-22 22:36:15.866 /testbed/kedro/pipeline/node.py:530 kedro.pipeline.node._from_list event=line locals={}
2026-08-22 22:36:15.866 /testbed/kedro/pipeline/node.py:532 kedro.pipeline.node._from_list event=line locals={'iterator': 'None', 'result': '<generator object TestNodeFromListCfg.test_from_list_cfg_paths.<locals>.produce.<locals>._gen at 0x7cd0de018ac0>'}
2026-08-22 22:36:15.866 /testbed/kedro/pipeline/node.py:533 kedro.pipeline.node._from_list event=line locals={}
2026-08-22 22:36:15.866 /testbed/kedro/pipeline/node.py:535 kedro.pipeline.node._from_list event=line locals={'iterator': '<itertools._tee object at 0x7cd0de04ca40>', 'result': '(80492, 80493, 80494)'}
2026-08-22 22:36:15.866 /testbed/kedro/pipeline/node.py:542 kedro.pipeline.node._from_list event=line locals={}
2026-08-22 22:36:15.866 /testbed/kedro/pipeline/node.py:550 kedro.pipeline.node._from_list event=line locals={}
2026-08-22 22:36:15.866 /testbed/kedro/pipeline/node.py:551 kedro.pipeline.node._from_list event=line locals={}
2026-08-22 22:36:15.866 /testbed/kedro/pipeline/node.py:552 kedro.pipeline.node._from_list event=line locals={'result': '(<generator object iter_suppress at 0x7cd0de018a50>, <generator object iter_suppress at 0x7cd0de018970>, <generator object iter_suppress at 0x7cd0de018b30>)'}
2026-08-22 22:36:15.866 /testbed/kedro/pipeline/node.py:552 kedro.pipeline.node._from_list event=return retval={'trace_out_alpha_cfg': <generator object iter_suppress at 0x7cd0de018a50>, 'trace_out_beta_cfg': <generator object iter_suppress at 0x7cd0de018970>, 'trace_out_gamma_cfg': <generator object iter_suppress at 0x7cd0de018b30>} locals={'iterator': '<itertools._tee object at 0x7cd0de04ca40>', 'outputs': '<generator object TestNodeFromListCfg.test_from_list_cfg_paths.<locals>.produce.<locals>._gen at 0x7cd0de018ac0>', 'result': '(<generator object iter_suppress at 0x7cd0de018a50>, <generator object iter_suppress at 0x7cd0de018970>, <generator object iter_suppress at 0x7cd0de018b30>)', 'self': "Node(produce, None, ['trace_out_alpha_cfg', 'trace_out_beta_cfg', 'trace_out_gamma_cfg'], 'trace_probe_alpha_node')"}
2026-08-22 22:36:15.867 /testbed/kedro/pipeline/node.py:529 kedro.pipeline.node._from_list event=call locals={'outputs': '<generator object TestNodeFromListCfg.test_from_list_cfg_paths.<locals>.produce.<locals>._gen at 0x7cd0de018ac0>', 'self': "Node(produce, None, ['trace_out_delta_cfg', 'trace_out_epsilon_cfg'], 'trace_probe_beta_node')"}
2026-08-22 22:36:15.867 /testbed/kedro/pipeline/node.py:530 kedro.pipeline.node._from_list event=line locals={}
2026-08-22 22:36:15.867 /testbed/kedro/pipeline/node.py:532 kedro.pipeline.node._from_list event=line locals={'iterator': 'None', 'result': '<generator object TestNodeFromListCfg.test_from_list_cfg_paths.<locals>.produce.<locals>._gen at 0x7cd0de018ac0>'}
2026-08-22 22:36:15.867 /testbed/kedro/pipeline/node.py:533 kedro.pipeline.node._from_list event=line locals={}
2026-08-22 22:36:15.867 /testbed/kedro/pipeline/node.py:535 kedro.pipeline.node._from_list event=line locals={'iterator': '<itertools._tee object at 0x7cd0de04c500>', 'result': '(19374, 19375)'}
2026-08-22 22:36:15.867 /testbed/kedro/pipeline/node.py:542 kedro.pipeline.node._from_list event=line locals={}
2026-08-22 22:36:15.867 /testbed/kedro/pipeline/node.py:550 kedro.pipeline.node._from_list event=line locals={}
2026-08-22 22:36:15.867 /testbed/kedro/pipeline/node.py:551 kedro.pipeline.node._from_list event=line locals={}
2026-08-22 22:36:15.867 /testbed/kedro/pipeline/node.py:552 kedro.pipeline.node._from_list event=line locals={'result': '(<generator object iter_suppress at 0x7cd0de018ba0>, <generator object iter_suppress at 0x7cd0de018c10>)'}
2026-08-22 22:36:15.867 /testbed/kedro/pipeline/node.py:552 kedro.pipeline.node._from_list event=return retval={'trace_out_delta_cfg': <generator object iter_suppress at 0x7cd0de018ba0>, 'trace_out_epsilon_cfg': <generator object iter_suppress at 0x7cd0de018c10>} locals={'iterator': '<itertools._tee object at 0x7cd0de04c500>', 'outputs': '<generator object TestNodeFromListCfg.test_from_list_cfg_paths.<locals>.produce.<locals>._gen at 0x7cd0de018ac0>', 'result': '(<generator object iter_suppress at 0x7cd0de018ba0>, <generator object iter_suppress at 0x7cd0de018c10>)', 'self': "Node(produce, None, ['trace_out_delta_cfg', 'trace_out_epsilon_cfg'], 'trace_probe_beta_node')"}
2026-08-22 22:36:15.868 /testbed/kedro/pipeline/node.py:529 kedro.pipeline.node._from_list event=call locals={'outputs': '<generator object TestNodeFromListCfg.test_from_list_cfg_paths.<locals>.produce.<locals>._gen at 0x7cd0de018b30>', 'self': "Node(produce, None, ['trace_out_alpha_cfg', 'trace_out_beta_cfg', 'trace_out_gamma_cfg'], 'trace_probe_alpha_node')"}
2026-08-22 22:36:15.868 /testbed/kedro/pipeline/node.py:530 kedro.pipeline.node._from_list event=line locals={}
2026-08-22 22:36:15.868 /testbed/kedro/pipeline/node.py:532 kedro.pipeline.node._from_list event=line locals={'iterator': 'None', 'result': '<generator object TestNodeFromListCfg.test_from_list_cfg_paths.<locals>.produce.<locals>._gen at 0x7cd0de018b30>'}
2026-08-22 22:36:15.868 /testbed/kedro/pipeline/node.py:533 kedro.pipeline.node._from_list event=line locals={}
2026-08-22 22:36:15.868 /testbed/kedro/pipeline/node.py:535 kedro.pipeline.node._from_list event=line locals={'iterator': '<itertools._tee object at 0x7cd0de04c840>', 'result': '(68978, 68979, 68980)'}
2026-08-22 22:36:15.868 /testbed/kedro/pipeline/node.py:542 kedro.pipeline.node._from_list event=line locals={}
2026-08-22 22:36:15.868 /testbed/kedro/pipeline/node.py:550 kedro.pipeline.node._from_list event=line locals={}
2026-08-22 22:36:15.868 /testbed/kedro/pipeline/node.py:551 kedro.pipeline.node._from_list event=line locals={}
2026-08-22 22:36:15.869 /testbed/kedro/pipeline/node.py:552 kedro.pipeline.node._from_list event=line locals={'result': '(<generator object iter_suppress at 0x7cd0de018970>, <generator object iter_suppress at 0x7cd0de018a50>, <generator object iter_suppress at 0x7cd0de018c80>)'}
2026-08-22 22:36:15.869 /testbed/kedro/pipeline/node.py:552 kedro.pipeline.node._from_list event=return retval={'trace_out_alpha_cfg': <generator object iter_suppress at 0x7cd0de018970>, 'trace_out_beta_cfg': <generator object iter_suppress at 0x7cd0de018a50>, 'trace_out_gamma_cfg': <generator object iter_suppress at 0x7cd0de018c80>} locals={'iterator': '<itertools._tee object at 0x7cd0de04c840>', 'outputs': '<generator object TestNodeFromListCfg.test_from_list_cfg_paths.<locals>.produce.<locals>._gen at 0x7cd0de018b30>', 'result': '(<generator object iter_suppress at 0x7cd0de018970>, <generator object iter_suppress at 0x7cd0de018a50>, <generator object iter_suppress at 0x7cd0de018c80>)', 'self': "Node(produce, None, ['trace_out_alpha_cfg', 'trace_out_beta_cfg', 'trace_out_gamma_cfg'], 'trace_probe_alpha_node')"}
2026-08-22 22:36:15.869 /testbed/kedro/pipeline/node.py:529 kedro.pipeline.node._from_list event=call locals={'outputs': '<generator object TestNodeFromListCfg.test_from_list_cfg_paths.<locals>.produce.<locals>._gen at 0x7cd0de018b30>', 'self': "Node(produce, None, ['trace_out_delta_cfg', 'trace_out_epsilon_cfg'], 'trace_probe_beta_node')"}
2026-08-22 22:36:15.869 /testbed/kedro/pipeline/node.py:530 kedro.pipeline.node._from_list event=line locals={}
2026-08-22 22:36:15.869 /testbed/kedro/pipeline/node.py:532 kedro.pipeline.node._from_list event=line locals={'iterator': 'None', 'result': '<generator object TestNodeFromListCfg.test_from_list_cfg_paths.<locals>.produce.<locals>._gen at 0x7cd0de018b30>'}
2026-08-22 22:36:15.869 /testbed/kedro/pipeline/node.py:533 kedro.pipeline.node._from_list event=line locals={}
2026-08-22 22:36:15.870 /testbed/kedro/pipeline/node.py:535 kedro.pipeline.node._from_list event=line locals={'iterator': '<itertools._tee object at 0x7cd0de04ce00>', 'result': '(79273, 79274)'}
2026-08-22 22:36:15.870 /testbed/kedro/pipeline/node.py:542 kedro.pipeline.node._from_list event=line locals={}
2026-08-22 22:36:15.870 /testbed/kedro/pipeline/node.py:550 kedro.pipeline.node._from_list event=line locals={}
2026-08-22 22:36:15.870 /testbed/kedro/pipeline/node.py:551 kedro.pipeline.node._from_list event=line locals={}
2026-08-22 22:36:15.870 /testbed/kedro/pipeline/node.py:552 kedro.pipeline.node._from_list event=line locals={'result': '(<generator object iter_suppress at 0x7cd0de018ba0>, <generator object iter_suppress at 0x7cd0de018ac0>)'}
2026-08-22 22:36:15.870 /testbed/kedro/pipeline/node.py:552 kedro.pipeline.node._from_list event=return retval={'trace_out_delta_cfg': <generator object iter_suppress at 0x7cd0de018ba0>, 'trace_out_epsilon_cfg': <generator object iter_suppress at 0x7cd0de018ac0>} locals={'iterator': '<itertools._tee object at 0x7cd0de04ce00>', 'outputs': '<generator object TestNodeFromListCfg.test_from_list_cfg_paths.<locals>.produce.<locals>._gen at 0x7cd0de018b30>', 'result': '(<generator object iter_suppress at 0x7cd0de018ba0>, <generator object iter_suppress at 0x7cd0de018ac0>)', 'self': "Node(produce, None, ['trace_out_delta_cfg', 'trace_out_epsilon_cfg'], 'trace_probe_beta_node')"}
2026-08-22 22:36:15.870 /testbed/kedro/pipeline/node.py:529 kedro.pipeline.node._from_list event=call locals={'outputs': '<generator object TestNodeFromListCfg.test_from_list_cfg_paths.<locals>.produce.<locals>._gen at 0x7cd0de018b30>', 'self': "Node(produce, None, ['trace_out_delta_cfg', 'trace_out_epsilon_cfg'], 'trace_probe_beta_node')"}
2026-08-22 22:36:15.870 /testbed/kedro/pipeline/node.py:530 kedro.pipeline.node._from_list event=line locals={}
2026-08-22 22:36:15.870 /testbed/kedro/pipeline/node.py:532 kedro.pipeline.node._from_list event=line locals={'iterator': 'None', 'result': '<generator object TestNodeFromListCfg.test_from_list_cfg_paths.<locals>.produce.<locals>._gen at 0x7cd0de018b30>'}
2026-08-22 22:36:15.870 /testbed/kedro/pipeline/node.py:533 kedro.pipeline.node._from_list event=line locals={}
2026-08-22 22:36:15.870 /testbed/kedro/pipeline/node.py:535 kedro.pipeline.node._from_list event=line locals={'iterator': '<itertools._tee object at 0x7cd0de04c8c0>', 'result': '(95304, 95305)'}
2026-08-22 22:36:15.870 /testbed/kedro/pipeline/node.py:542 kedro.pipeline.node._from_list event=line locals={}
2026-08-22 22:36:15.870 /testbed/kedro/pipeline/node.py:550 kedro.pipeline.node._from_list event=line locals={}
2026-08-22 22:36:15.870 /testbed/kedro/pipeline/node.py:551 kedro.pipeline.node._from_list event=line locals={}
2026-08-22 22:36:15.871 /testbed/kedro/pipeline/node.py:552 kedro.pipeline.node._from_list event=line locals={'result': '(<generator object iter_suppress at 0x7cd0de018a50>, <generator object iter_suppress at 0x7cd0de018970>)'}
2026-08-22 22:36:15.871 /testbed/kedro/pipeline/node.py:552 kedro.pipeline.node._from_list event=return retval={'trace_out_delta_cfg': <generator object iter_suppress at 0x7cd0de018a50>, 'trace_out_epsilon_cfg': <generator object iter_suppress at 0x7cd0de018970>} locals={'iterator': '<itertools._tee object at 0x7cd0de04c8c0>', 'outputs': '<generator object TestNodeFromListCfg.test_from_list_cfg_paths.<locals>.produce.<locals>._gen at 0x7cd0de018b30>', 'result': '(<generator object iter_suppress at 0x7cd0de018a50>, <generator object iter_suppress at 0x7cd0de018970>)', 'self': "Node(produce, None, ['trace_out_delta_cfg', 'trace_out_epsilon_cfg'], 'trace_probe_beta_node')"}
2026-08-22 22:36:15.872 /testbed/kedro/pipeline/node.py:529 kedro.pipeline.node._from_list event=call locals={'outputs': '<generator object TestNodeFromListCfg.test_from_list_cfg_paths.<locals>.produce.<locals>._gen at 0x7cd0de018ac0>', 'self': "Node(produce, None, ['trace_out_alpha_cfg', 'trace_out_beta_cfg', 'trace_out_gamma_cfg'], 'trace_probe_alpha_node')"}
2026-08-22 22:36:15.872 /testbed/kedro/pipeline/node.py:530 kedro.pipeline.node._from_list event=line locals={}
2026-08-22 22:36:15.872 /testbed/kedro/pipeline/node.py:532 kedro.pipeline.node._from_list event=line locals={'iterator': 'None', 'result': '<generator object TestNodeFromListCfg.test_from_list_cfg_paths.<locals>.produce.<locals>._gen at 0x7cd0de018ac0>'}
2026-08-22 22:36:15.872 /testbed/kedro/pipeline/node.py:533 kedro.pipeline.node._from_list event=line locals={}
2026-08-22 22:36:15.872 /testbed/kedro/pipeline/node.py:535 kedro.pipeline.node._from_list event=line locals={'iterator': '<itertools._tee object at 0x7cd0ddfd3bc0>', 'result': '(14299, 14300)'}
2026-08-22 22:36:15.872 /testbed/kedro/pipeline/node.py:542 kedro.pipeline.node._from_list event=line locals={}
2026-08-22 22:36:15.872 /testbed/kedro/pipeline/node.py:543 kedro.pipeline.node._from_list event=line locals={}
2026-08-22 22:36:15.872 /testbed/kedro/pipeline/node.py:544 kedro.pipeline.node._from_list event=line locals={}
2026-08-22 22:36:15.872 /testbed/kedro/pipeline/node.py:545 kedro.pipeline.node._from_list event=line locals={}
2026-08-22 22:36:15.872 /testbed/kedro/pipeline/node.py:544 kedro.pipeline.node._from_list event=line locals={}
2026-08-22 22:36:15.872 /testbed/kedro/pipeline/node.py:546 kedro.pipeline.node._from_list event=line locals={}
2026-08-22 22:36:15.872 /testbed/kedro/pipeline/node.py:544 kedro.pipeline.node._from_list event=line locals={}
2026-08-22 22:36:15.872 /testbed/kedro/pipeline/node.py:543 kedro.pipeline.node._from_list event=line locals={}
2026-08-22 22:36:15.872 /testbed/kedro/pipeline/node.py:543 kedro.pipeline.node._from_list event=exception exc=ValueError: ValueError('Failed to save outputs of node trace_probe_alpha_node: produce(None) -> [trace_out_alpha_cfg;trace_out_beta_cfg;trace_out_gamma_cfg].\nThe node function returned 2 output(s), whereas the node definition contains 3 output(s).') locals={}
2026-08-22 22:36:15.872 /testbed/kedro/pipeline/node.py:543 kedro.pipeline.node._from_list event=return retval=None locals={'iterator': '<itertools._tee object at 0x7cd0ddfd3bc0>', 'outputs': '<generator object TestNodeFromListCfg.test_from_list_cfg_paths.<locals>.produce.<locals>._gen at 0x7cd0de018ac0>', 'result': '(14299, 14300)', 'self': "Node(produce, None, ['trace_out_alpha_cfg', 'trace_out_beta_cfg', 'trace_out_gamma_cfg'], 'trace_probe_alpha_node')"}
2026-08-22 22:36:15.873 /testbed/kedro/pipeline/node.py:529 kedro.pipeline.node._from_list event=call locals={'outputs': '<generator object TestNodeFromListCfg.test_from_list_cfg_paths.<locals>.produce.<locals>._gen at 0x7cd0de018b30>', 'self': "Node(produce, None, ['trace_out_alpha_cfg', 'trace_out_beta_cfg', 'trace_out_gamma_cfg'], 'trace_probe_alpha_node')"}
2026-08-22 22:36:15.873 /testbed/kedro/pipeline/node.py:530 kedro.pipeline.node._from_list event=line locals={}
2026-08-22 22:36:15.873 /testbed/kedro/pipeline/node.py:532 kedro.pipeline.node._from_list event=line locals={'iterator': 'None', 'result': '<generator object TestNodeFromListCfg.test_from_list_cfg_paths.<locals>.produce.<locals>._gen at 0x7cd0de018b30>'}
2026-08-22 22:36:15.873 /testbed/kedro/pipeline/node.py:533 kedro.pipeline.node._from_list event=line locals={}
2026-08-22 22:36:15.873 /testbed/kedro/pipeline/node.py:535 kedro.pipeline.node._from_list event=line locals={'iterator': '<itertools._tee object at 0x7cd0ddfd3740>', 'result': '(24481, 24482, 24483)'}
2026-08-22 22:36:15.873 /testbed/kedro/pipeline/node.py:542 kedro.pipeline.node._from_list event=line locals={}
2026-08-22 22:36:15.873 /testbed/kedro/pipeline/node.py:550 kedro.pipeline.node._from_list event=line locals={}
2026-08-22 22:36:15.873 /testbed/kedro/pipeline/node.py:551 kedro.pipeline.node._from_list event=line locals={}
2026-08-22 22:36:15.874 /testbed/kedro/pipeline/node.py:552 kedro.pipeline.node._from_list event=line locals={'result': '(<generator object iter_suppress at 0x7cd0de018ba0>, <generator object iter_suppress at 0x7cd0de018c80>, <generator object iter_suppress at 0x7cd0de018c10>)'}
2026-08-22 22:36:15.874 /testbed/kedro/pipeline/node.py:552 kedro.pipeline.node._from_list event=return retval={'trace_out_alpha_cfg': <generator object iter_suppress at 0x7cd0de018ba0>, 'trace_out_beta_cfg': <generator object iter_suppress at 0x7cd0de018c80>, 'trace_out_gamma_cfg': <generator object iter_suppress at 0x7cd0de018c10>} locals={'iterator': '<itertools._tee object at 0x7cd0ddfd3740>', 'outputs': '<generator object TestNodeFromListCfg.test_from_list_cfg_paths.<locals>.produce.<locals>._gen at 0x7cd0de018b30>', 'result': '(<generator object iter_suppress at 0x7cd0de018ba0>, <generator object iter_suppress at 0x7cd0de018c80>, <generator object iter_suppress at 0x7cd0de018c10>)', 'self': "Node(produce, None, ['trace_out_alpha_cfg', 'trace_out_beta_cfg', 'trace_out_gamma_cfg'], 'trace_probe_alpha_node')"}
2026-08-22 22:36:15.875 /testbed/kedro/pipeline/node.py:529 kedro.pipeline.node._from_list event=call locals={'outputs': '<generator object TestNodeFromListCfg.test_from_list_cfg_paths.<locals>.produce.<locals>._gen at 0x7cd0de018970>', 'self': "Node(produce, None, ['trace_out_alpha_cfg', 'trace_out_beta_cfg', 'trace_out_gamma_cfg'], 'trace_probe_alpha_node')"}
2026-08-22 22:36:15.875 /testbed/kedro/pipeline/node.py:530 kedro.pipeline.node._from_list event=line locals={}
2026-08-22 22:36:15.875 /testbed/kedro/pipeline/node.py:532 kedro.pipeline.node._from_list event=line locals={'iterator': 'None', 'result': '<generator object TestNodeFromListCfg.test_from_list_cfg_paths.<locals>.produce.<locals>._gen at 0x7cd0de018970>'}
2026-08-22 22:36:15.875 /testbed/kedro/pipeline/node.py:533 kedro.pipeline.node._from_list event=line locals={}
2026-08-22 22:36:15.875 /testbed/kedro/pipeline/node.py:535 kedro.pipeline.node._from_list event=line locals={'iterator': '<itertools._tee object at 0x7cd0de04ce00>', 'result': '(91980, 91981, 91982)'}
2026-08-22 22:36:15.875 /testbed/kedro/pipeline/node.py:542 kedro.pipeline.node._from_list event=line locals={}
2026-08-22 22:36:15.875 /testbed/kedro/pipeline/node.py:550 kedro.pipeline.node._from_list event=line locals={}
2026-08-22 22:36:15.875 /testbed/kedro/pipeline/node.py:551 kedro.pipeline.node._from_list event=line locals={}
2026-08-22 22:36:15.875 /testbed/kedro/pipeline/node.py:552 kedro.pipeline.node._from_list event=line locals={'result': '(<generator object iter_suppress at 0x7cd0de018a50>, <generator object iter_suppress at 0x7cd0de018ac0>, <generator object iter_suppress at 0x7cd0de018cf0>)'}
2026-08-22 22:36:15.875 /testbed/kedro/pipeline/node.py:552 kedro.pipeline.node._from_list event=return retval={'trace_out_alpha_cfg': <generator object iter_suppress at 0x7cd0de018a50>, 'trace_out_beta_cfg': <generator object iter_suppress at 0x7cd0de018ac0>, 'trace_out_gamma_cfg': <generator object iter_suppress at 0x7cd0de018cf0>} locals={'iterator': '<itertools._tee object at 0x7cd0de04ce00>', 'outputs': '<generator object TestNodeFromListCfg.test_from_list_cfg_paths.<locals>.produce.<locals>._gen at 0x7cd0de018970>', 'result': '(<generator object iter_suppress at 0x7cd0de018a50>, <generator object iter_suppress at 0x7cd0de018ac0>, <generator object iter_suppress at 0x7cd0de018cf0>)', 'self': "Node(produce, None, ['trace_out_alpha_cfg', 'trace_out_beta_cfg', 'trace_out_gamma_cfg'], 'trace_probe_alpha_node')"}
2026-08-22 22:36:15.876 /testbed/kedro/pipeline/node.py:529 kedro.pipeline.node._from_list event=call locals={'outputs': '<generator object TestNodeFromListCfg.test_from_list_cfg_paths.<locals>.produce.<locals>._gen at 0x7cd0de018c10>', 'self': "Node(produce, None, ['trace_out_alpha_cfg', 'trace_out_beta_cfg', 'trace_out_gamma_cfg'], 'trace_probe_alpha_node')"}
2026-08-22 22:36:15.876 /testbed/kedro/pipeline/node.py:530 kedro.pipeline.node._from_list event=line locals={}
2026-08-22 22:36:15.876 /testbed/kedro/pipeline/node.py:532 kedro.pipeline.node._from_list event=line locals={'iterator': 'None', 'result': '<generator object TestNodeFromListCfg.test_from_list_cfg_paths.<locals>.produce.<locals>._gen at 0x7cd0de018c10>'}
2026-08-22 22:36:15.876 /testbed/kedro/pipeline/node.py:533 kedro.pipeline.node._from_list event=line locals={}
2026-08-22 22:36:15.876 /testbed/kedro/pipeline/node.py:535 kedro.pipeline.node._from_list event=line locals={'iterator': '<itertools._tee object at 0x7cd0de04c8c0>', 'result': '(66407, 66408, 66409)'}
2026-08-22 22:36:15.876 /testbed/kedro/pipeline/node.py:542 kedro.pipeline.node._from_list event=line locals={}
2026-08-22 22:36:15.876 /testbed/kedro/pipeline/node.py:550 kedro.pipeline.node._from_list event=line locals={}
2026-08-22 22:36:15.876 /testbed/kedro/pipeline/node.py:551 kedro.pipeline.node._from_list event=line locals={}
2026-08-22 22:36:15.876 /testbed/kedro/pipeline/node.py:552 kedro.pipeline.node._from_list event=line locals={'result': '(<generator object iter_suppress at 0x7cd0de018c80>, <generator object iter_suppress at 0x7cd0de018ba0>, <generator object iter_suppress at 0x7cd0de018b30>)'}
2026-08-22 22:36:15.876 /testbed/kedro/pipeline/node.py:552 kedro.pipeline.node._from_list event=return retval={'trace_out_alpha_cfg': <generator object iter_suppress at 0x7cd0de018c80>, 'trace_out_beta_cfg': <generator object iter_suppress at 0x7cd0de018ba0>, 'trace_out_gamma_cfg': <generator object iter_suppress at 0x7cd0de018b30>} locals={'iterator': '<itertools._tee object at 0x7cd0de04c8c0>', 'outputs': '<generator object TestNodeFromListCfg.test_from_list_cfg_paths.<locals>.produce.<locals>._gen at 0x7cd0de018c10>', 'result': '(<generator object iter_suppress at 0x7cd0de018c80>, <generator object iter_suppress at 0x7cd0de018ba0>, <generator object iter_suppress at 0x7cd0de018b30>)', 'self': "Node(produce, None, ['trace_out_alpha_cfg', 'trace_out_beta_cfg', 'trace_out_gamma_cfg'], 'trace_probe_alpha_node')"}
2026-08-22 22:36:15.877 /testbed/kedro/pipeline/node.py:529 kedro.pipeline.node._from_list event=call locals={'outputs': '[3, 6, 9, 12, 15, 18, 21, 24, 27]', 'self': "Node(produce, None, ['trace_out_delta_cfg', 'trace_out_epsilon_cfg'], 'trace_probe_beta_node')"}
2026-08-22 22:36:15.877 /testbed/kedro/pipeline/node.py:530 kedro.pipeline.node._from_list event=line locals={}
2026-08-22 22:36:15.877 /testbed/kedro/pipeline/node.py:532 kedro.pipeline.node._from_list event=line locals={'iterator': 'None', 'result': '[3, 6, 9, 12, 15, 18, 21, 24, 27]'}
2026-08-22 22:36:15.877 /testbed/kedro/pipeline/node.py:535 kedro.pipeline.node._from_list event=line locals={}
2026-08-22 22:36:15.877 /testbed/kedro/pipeline/node.py:542 kedro.pipeline.node._from_list event=line locals={}
2026-08-22 22:36:15.877 /testbed/kedro/pipeline/node.py:543 kedro.pipeline.node._from_list event=line locals={}
2026-08-22 22:36:15.877 /testbed/kedro/pipeline/node.py:544 kedro.pipeline.node._from_list event=line locals={}
2026-08-22 22:36:15.877 /testbed/kedro/pipeline/node.py:545 kedro.pipeline.node._from_list event=line locals={}
2026-08-22 22:36:15.877 /testbed/kedro/pipeline/node.py:544 kedro.pipeline.node._from_list event=line locals={}
2026-08-22 22:36:15.877 /testbed/kedro/pipeline/node.py:546 kedro.pipeline.node._from_list event=line locals={}
2026-08-22 22:36:15.877 /testbed/kedro/pipeline/node.py:544 kedro.pipeline.node._from_list event=line locals={}
2026-08-22 22:36:15.877 /testbed/kedro/pipeline/node.py:543 kedro.pipeline.node._from_list event=line locals={}
2026-08-22 22:36:15.877 /testbed/kedro/pipeline/node.py:543 kedro.pipeline.node._from_list event=exception exc=ValueError: ValueError('Failed to save outputs of node trace_probe_beta_node: produce(None) -> [trace_out_delta_cfg;trace_out_epsilon_cfg].\nThe node function returned 9 output(s), whereas the node definition contains 2 output(s).') locals={}
2026-08-22 22:36:15.877 /testbed/kedro/pipeline/node.py:543 kedro.pipeline.node._from_list event=return retval=None locals={'iterator': 'None', 'outputs': '[3, 6, 9, 12, 15, 18, 21, 24, 27]', 'result': '[3, 6, 9, 12, 15, 18, 21, 24, 27]', 'self': "Node(produce, None, ['trace_out_delta_cfg', 'trace_out_epsilon_cfg'], 'trace_probe_beta_node')"}
2026-08-22 22:36:15.879 /testbed/kedro/pipeline/node.py:529 kedro.pipeline.node._from_list event=call locals={'outputs': '<generator object TestNodeFromListCfg.test_from_list_cfg_paths.<locals>.produce.<locals>._gen at 0x7cd0de018cf0>', 'self': "Node(produce, None, ['trace_out_alpha_cfg', 'trace_out_beta_cfg', 'trace_out_gamma_cfg'], 'trace_probe_alpha_node')"}
2026-08-22 22:36:15.879 /testbed/kedro/pipeline/node.py:530 kedro.pipeline.node._from_list event=line locals={}
2026-08-22 22:36:15.879 /testbed/kedro/pipeline/node.py:532 kedro.pipeline.node._from_list event=line locals={'iterator': 'None', 'result': '<generator object TestNodeFromListCfg.test_from_list_cfg_paths.<locals>.produce.<locals>._gen at 0x7cd0de018cf0>'}
2026-08-22 22:36:15.879 /testbed/kedro/pipeline/node.py:533 kedro.pipeline.node._from_list event=line locals={}
2026-08-22 22:36:15.879 /testbed/kedro/pipeline/node.py:535 kedro.pipeline.node._from_list event=line locals={'iterator': '<itertools._tee object at 0x7cd0de04ce00>', 'result': '(52485, 52486, 52487)'}
2026-08-22 22:36:15.879 /testbed/kedro/pipeline/node.py:542 kedro.pipeline.node._from_list event=line locals={}
2026-08-22 22:36:15.879 /testbed/kedro/pipeline/node.py:550 kedro.pipeline.node._from_list event=line locals={}
2026-08-22 22:36:15.879 /testbed/kedro/pipeline/node.py:551 kedro.pipeline.node._from_list event=line locals={}
2026-08-22 22:36:15.879 /testbed/kedro/pipeline/node.py:552 kedro.pipeline.node._from_list event=line locals={'result': '(<generator object iter_suppress at 0x7cd0de018ac0>, <generator object iter_suppress at 0x7cd0de018a50>, <generator object iter_suppress at 0x7cd0de018970>)'}
2026-08-22 22:36:15.879 /testbed/kedro/pipeline/node.py:552 kedro.pipeline.node._from_list event=return retval={'trace_out_alpha_cfg': <generator object iter_suppress at 0x7cd0de018ac0>, 'trace_out_beta_cfg': <generator object iter_suppress at 0x7cd0de018a50>, 'trace_out_gamma_cfg': <generator object iter_suppress at 0x7cd0de018970>} locals={'iterator': '<itertools._tee object at 0x7cd0de04ce00>', 'outputs': '<generator object TestNodeFromListCfg.test_from_list_cfg_paths.<locals>.produce.<locals>._gen at 0x7cd0de018cf0>', 'result': '(<generator object iter_suppress at 0x7cd0de018ac0>, <generator object iter_suppress at 0x7cd0de018a50>, <generator object iter_suppress at 0x7cd0de018970>)', 'self': "Node(produce, None, ['trace_out_alpha_cfg', 'trace_out_beta_cfg', 'trace_out_gamma_cfg'], 'trace_probe_alpha_node')"}
2026-08-22 22:36:15.880 /testbed/kedro/pipeline/node.py:529 kedro.pipeline.node._from_list event=call locals={'outputs': '<generator object TestNodeFromListCfg.test_from_list_cfg_paths.<locals>.produce.<locals>._gen at 0x7cd0de018cf0>', 'self': "Node(produce, None, ['trace_out_delta_cfg', 'trace_out_epsilon_cfg'], 'trace_probe_beta_node')"}
2026-08-22 22:36:15.880 /testbed/kedro/pipeline/node.py:530 kedro.pipeline.node._from_list event=line locals={}
2026-08-22 22:36:15.880 /testbed/kedro/pipeline/node.py:532 kedro.pipeline.node._from_list event=line locals={'iterator': 'None', 'result': '<generator object TestNodeFromListCfg.test_from_list_cfg_paths.<locals>.produce.<locals>._gen at 0x7cd0de018cf0>'}
2026-08-22 22:36:15.880 /testbed/kedro/pipeline/node.py:533 kedro.pipeline.node._from_list event=line locals={}
2026-08-22 22:36:15.880 /testbed/kedro/pipeline/node.py:535 kedro.pipeline.node._from_list event=line locals={'iterator': '<itertools._tee object at 0x7cd0ddfd3740>', 'result': '(32176, 32177)'}
2026-08-22 22:36:15.880 /testbed/kedro/pipeline/node.py:542 kedro.pipeline.node._from_list event=line locals={}
2026-08-22 22:36:15.880 /testbed/kedro/pipeline/node.py:550 kedro.pipeline.node._from_list event=line locals={}
2026-08-22 22:36:15.880 /testbed/kedro/pipeline/node.py:551 kedro.pipeline.node._from_list event=line locals={}
2026-08-22 22:36:15.880 /testbed/kedro/pipeline/node.py:552 kedro.pipeline.node._from_list event=line locals={'result': '(<generator object iter_suppress at 0x7cd0de018ba0>, <generator object iter_suppress at 0x7cd0de018c80>)'}
2026-08-22 22:36:15.880 /testbed/kedro/pipeline/node.py:552 kedro.pipeline.node._from_list event=return retval={'trace_out_delta_cfg': <generator object iter_suppress at 0x7cd0de018ba0>, 'trace_out_epsilon_cfg': <generator object iter_suppress at 0x7cd0de018c80>} locals={'iterator': '<itertools._tee object at 0x7cd0ddfd3740>', 'outputs': '<generator object TestNodeFromListCfg.test_from_list_cfg_paths.<locals>.produce.<locals>._gen at 0x7cd0de018cf0>', 'result': '(<generator object iter_suppress at 0x7cd0de018ba0>, <generator object iter_suppress at 0x7cd0de018c80>)', 'self': "Node(produce, None, ['trace_out_delta_cfg', 'trace_out_epsilon_cfg'], 'trace_probe_beta_node')"}
2026-08-22 22:36:15.881 /testbed/kedro/pipeline/node.py:529 kedro.pipeline.node._from_list event=call locals={'outputs': '<generator object TestNodeFromListCfg.test_from_list_cfg_paths.<locals>.produce.<locals>._gen at 0x7cd0de018cf0>', 'self': "Node(produce, None, ['trace_out_delta_cfg', 'trace_out_epsilon_cfg'], 'trace_probe_beta_node')"}
2026-08-22 22:36:15.881 /testbed/kedro/pipeline/node.py:530 kedro.pipeline.node._from_list event=line locals={}
2026-08-22 22:36:15.881 /testbed/kedro/pipeline/node.py:532 kedro.pipeline.node._from_list event=line locals={'iterator': 'None', 'result': '<generator object TestNodeFromListCfg.test_from_list_cfg_paths.<locals>.produce.<locals>._gen at 0x7cd0de018cf0>'}
2026-08-22 22:36:15.881 /testbed/kedro/pipeline/node.py:533 kedro.pipeline.node._from_list event=line locals={}
2026-08-22 22:36:15.881 /testbed/kedro/pipeline/node.py:535 kedro.pipeline.node._from_list event=line locals={'iterator': '<itertools._tee object at 0x7cd0de04c8c0>', 'result': '69523'}
2026-08-22 22:36:15.881 /testbed/kedro/pipeline/node.py:536 kedro.pipeline.node._from_list event=line locals={}
2026-08-22 22:36:15.881 /testbed/kedro/pipeline/node.py:537 kedro.pipeline.node._from_list event=line locals={}
2026-08-22 22:36:15.881 /testbed/kedro/pipeline/node.py:539 kedro.pipeline.node._from_list event=line locals={}
2026-08-22 22:36:15.881 /testbed/kedro/pipeline/node.py:537 kedro.pipeline.node._from_list event=line locals={}
2026-08-22 22:36:15.881 /testbed/kedro/pipeline/node.py:540 kedro.pipeline.node._from_list event=line locals={}
2026-08-22 22:36:15.881 /testbed/kedro/pipeline/node.py:537 kedro.pipeline.node._from_list event=line locals={}
2026-08-22 22:36:15.881 /testbed/kedro/pipeline/node.py:536 kedro.pipeline.node._from_list event=line locals={}
2026-08-22 22:36:15.881 /testbed/kedro/pipeline/node.py:536 kedro.pipeline.node._from_list event=exception exc=ValueError: ValueError("Failed to save outputs of node trace_probe_beta_node: produce(None) -> [trace_out_delta_cfg;trace_out_epsilon_cfg].\nThe node definition contains a list of outputs ['trace_out_delta_cfg', 'trace_out_epsilon_cfg'], whereas the node function returned a 'int'.") locals={}
2026-08-22 22:36:15.881 /testbed/kedro/pipeline/node.py:536 kedro.pipeline.node._from_list event=return retval=None locals={'iterator': '<itertools._tee object at 0x7cd0de04c8c0>', 'outputs': '<generator object TestNodeFromListCfg.test_from_list_cfg_paths.<locals>.produce.<locals>._gen at 0x7cd0de018cf0>', 'result': '69523', 'self': "Node(produce, None, ['trace_out_delta_cfg', 'trace_out_epsilon_cfg'], 'trace_probe_beta_node')"}
2026-08-22 22:36:15.883 /testbed/kedro/pipeline/node.py:529 kedro.pipeline.node._from_list event=call locals={'outputs': '<generator object TestNodeFromListCfg.test_from_list_cfg_paths.<locals>.produce.<locals>._gen at 0x7cd0de018970>', 'self': "Node(produce, None, ['trace_out_alpha_cfg', 'trace_out_beta_cfg', 'trace_out_gamma_cfg'], 'trace_probe_alpha_node')"}
2026-08-22 22:36:15.883 /testbed/kedro/pipeline/node.py:530 kedro.pipeline.node._from_list event=line locals={}
2026-08-22 22:36:15.883 /testbed/kedro/pipeline/node.py:532 kedro.pipeline.node._from_list event=line locals={'iterator': 'None', 'result': '<generator object TestNodeFromListCfg.test_from_list_cfg_paths.<locals>.produce.<locals>._gen at 0x7cd0de018970>'}
2026-08-22 22:36:15.883 /testbed/kedro/pipeline/node.py:533 kedro.pipeline.node._from_list event=line locals={}
2026-08-22 22:36:15.883 /testbed/kedro/pipeline/node.py:535 kedro.pipeline.node._from_list event=line locals={'iterator': '<itertools._tee object at 0x7cd0ddfd2f00>', 'result': '(53829, 53830, 53831)'}
2026-08-22 22:36:15.883 /testbed/kedro/pipeline/node.py:542 kedro.pipeline.node._from_list event=line locals={}
2026-08-22 22:36:15.883 /testbed/kedro/pipeline/node.py:550 kedro.pipeline.node._from_list event=line locals={}
2026-08-22 22:36:15.883 /testbed/kedro/pipeline/node.py:551 kedro.pipeline.node._from_list event=line locals={}
2026-08-22 22:36:15.883 /testbed/kedro/pipeline/node.py:552 kedro.pipeline.node._from_list event=line locals={'result': '(<generator object iter_suppress at 0x7cd0de018a50>, <generator object iter_suppress at 0x7cd0de018ac0>, <generator object iter_suppress at 0x7cd0de018b30>)'}
2026-08-22 22:36:15.883 /testbed/kedro/pipeline/node.py:552 kedro.pipeline.node._from_list event=return retval={'trace_out_alpha_cfg': <generator object iter_suppress at 0x7cd0de018a50>, 'trace_out_beta_cfg': <generator object iter_suppress at 0x7cd0de018ac0>, 'trace_out_gamma_cfg': <generator object iter_suppress at 0x7cd0de018b30>} locals={'iterator': '<itertools._tee object at 0x7cd0ddfd2f00>', 'outputs': '<generator object TestNodeFromListCfg.test_from_list_cfg_paths.<locals>.produce.<locals>._gen at 0x7cd0de018970>', 'result': '(<generator object iter_suppress at 0x7cd0de018a50>, <generator object iter_suppress at 0x7cd0de018ac0>, <generator object iter_suppress at 0x7cd0de018b30>)', 'self': "Node(produce, None, ['trace_out_alpha_cfg', 'trace_out_beta_cfg', 'trace_out_gamma_cfg'], 'trace_probe_alpha_node')"}
