2026-07-15 04:14:16.594 [TRACE][START] pid=47 TRACE_OUT='/testbed/logs/llama_factory_qa/trainer_utils_create_galore_optimizer_s2_loops__r20260714/trace.log' TRACE_FILE='src/llamafactory/train/trainer_utils.py' TRACE_FUNCS=['_create_galore_optimizer'] TRACE_EVENTS=['call', 'exception', 'line', 'return']
2026-07-15 04:14:16.620 /testbed/src/llamafactory/train/trainer_utils.py:194 src.llamafactory.train.trainer_utils._create_galore_optimizer event=call locals={'finetuning_args': "namespace(galore_target=['proj'], freeze_vision_tower=False, galore_rank=8, galore_update_interval=16, galore_scale=1.0, galore_proj_type='std', galore_layerwise=False)", 'model': 'ModelVariantA(\n  (proj_stack): Sequential(\n    (0): Linear(in_features=4, out_features=3, bias=True)\n    (1): Tanh()\n    (2): Linear(in_features=3, out_features=2, bias=True)\n  )\n  (head_proj): Linear(in_features=2, out_features=2, bias=False)\n  (container): ModuleDict(\n    (proj_aux): Linear(in_features=2, out_features=2, bias=True)\n    (norm): LayerNorm((2,), eps=1e-05, elementwise_affine=True)\n  )\n)', 'training_args': "namespace(optim='adamw_torch', gradient_accumulation_steps=1, weight_decay=0.1, learning_rate=0.01)"}
2026-07-15 04:14:16.620 /testbed/src/llamafactory/train/trainer_utils.py:199 src.llamafactory.train.trainer_utils._create_galore_optimizer event=line locals={}
2026-07-15 04:14:16.620 /testbed/src/llamafactory/train/trainer_utils.py:202 src.llamafactory.train.trainer_utils._create_galore_optimizer event=line locals={}
2026-07-15 04:14:16.620 /testbed/src/llamafactory/train/trainer_utils.py:204 src.llamafactory.train.trainer_utils._create_galore_optimizer event=line locals={'galore_targets': "['proj']"}
2026-07-15 04:14:16.620 /testbed/src/llamafactory/train/trainer_utils.py:205 src.llamafactory.train.trainer_utils._create_galore_optimizer event=line locals={'galore_params': '[]'}
2026-07-15 04:14:16.620 /testbed/src/llamafactory/train/trainer_utils.py:206 src.llamafactory.train.trainer_utils._create_galore_optimizer event=line locals={'module': 'ModelVariantA(\n  (proj_stack): Sequential(\n    (0): Linear(in_features=4, out_features=3, bias=True)\n    (1): Tanh()\n    (2): Linear(in_features=3, out_features=2, bias=True)\n  )\n  (head_proj): Linear(in_features=2, out_features=2, bias=False)\n  (container): ModuleDict(\n    (proj_aux): Linear(in_features=2, out_features=2, bias=True)\n    (norm): LayerNorm((2,), eps=1e-05, elementwise_affine=True)\n  )\n)', 'name': "''"}
2026-07-15 04:14:16.620 /testbed/src/llamafactory/train/trainer_utils.py:205 src.llamafactory.train.trainer_utils._create_galore_optimizer event=line locals={}
2026-07-15 04:14:16.620 /testbed/src/llamafactory/train/trainer_utils.py:206 src.llamafactory.train.trainer_utils._create_galore_optimizer event=line locals={'module': 'Sequential(\n  (0): Linear(in_features=4, out_features=3, bias=True)\n  (1): Tanh()\n  (2): Linear(in_features=3, out_features=2, bias=True)\n)', 'name': "'proj_stack'"}
2026-07-15 04:14:16.620 /testbed/src/llamafactory/train/trainer_utils.py:205 src.llamafactory.train.trainer_utils._create_galore_optimizer event=line locals={}
2026-07-15 04:14:16.620 /testbed/src/llamafactory/train/trainer_utils.py:206 src.llamafactory.train.trainer_utils._create_galore_optimizer event=line locals={'module': 'Linear(in_features=4, out_features=3, bias=True)', 'name': "'proj_stack.0'"}
2026-07-15 04:14:16.620 /testbed/src/llamafactory/train/trainer_utils.py:207 src.llamafactory.train.trainer_utils._create_galore_optimizer event=line locals={}
2026-07-15 04:14:16.621 /testbed/src/llamafactory/train/trainer_utils.py:208 src.llamafactory.train.trainer_utils._create_galore_optimizer event=line locals={'param': 'Parameter containing:\ntensor([[-0.0037,  0.2682, -0.4115, -0.3680],\n        [-0.1926,  0.1341, -0.0099,  0.3964],\n        [-0.0444,  0.1323, -0.1511, -0.0983]], requires_grad=True)'}
2026-07-15 04:14:16.622 /testbed/src/llamafactory/train/trainer_utils.py:209 src.llamafactory.train.trainer_utils._create_galore_optimizer event=line locals={}
2026-07-15 04:14:16.622 /testbed/src/llamafactory/train/trainer_utils.py:207 src.llamafactory.train.trainer_utils._create_galore_optimizer event=line locals={'galore_params': '[Parameter containing:\ntensor([[-0.0037,  0.2682, -0.4115, -0.3680],\n        [-0.1926,  0.1341, -0.0099,  0.3964],\n        [-0.0444,  0.1323, -0.1511, -0.0983]], requires_grad=True)]'}
2026-07-15 04:14:16.622 /testbed/src/llamafactory/train/trainer_utils.py:208 src.llamafactory.train.trainer_utils._create_galore_optimizer event=line locals={'param': 'Parameter containing:\ntensor([-0.4777, -0.3311, -0.2061], requires_grad=True)'}
2026-07-15 04:14:16.623 /testbed/src/llamafactory/train/trainer_utils.py:207 src.llamafactory.train.trainer_utils._create_galore_optimizer event=line locals={}
2026-07-15 04:14:16.623 /testbed/src/llamafactory/train/trainer_utils.py:205 src.llamafactory.train.trainer_utils._create_galore_optimizer event=line locals={}
2026-07-15 04:14:16.623 /testbed/src/llamafactory/train/trainer_utils.py:206 src.llamafactory.train.trainer_utils._create_galore_optimizer event=line locals={'module': 'Tanh()', 'name': "'proj_stack.1'"}
2026-07-15 04:14:16.624 /testbed/src/llamafactory/train/trainer_utils.py:205 src.llamafactory.train.trainer_utils._create_galore_optimizer event=line locals={}
2026-07-15 04:14:16.624 /testbed/src/llamafactory/train/trainer_utils.py:206 src.llamafactory.train.trainer_utils._create_galore_optimizer event=line locals={'module': 'Linear(in_features=3, out_features=2, bias=True)', 'name': "'proj_stack.2'"}
2026-07-15 04:14:16.624 /testbed/src/llamafactory/train/trainer_utils.py:207 src.llamafactory.train.trainer_utils._create_galore_optimizer event=line locals={}
2026-07-15 04:14:16.625 /testbed/src/llamafactory/train/trainer_utils.py:208 src.llamafactory.train.trainer_utils._create_galore_optimizer event=line locals={'param': 'Parameter containing:\ntensor([[ 0.0214,  0.2282,  0.3464],\n        [-0.3914, -0.2514,  0.2097]], requires_grad=True)'}
2026-07-15 04:14:16.625 /testbed/src/llamafactory/train/trainer_utils.py:209 src.llamafactory.train.trainer_utils._create_galore_optimizer event=line locals={}
2026-07-15 04:14:16.625 /testbed/src/llamafactory/train/trainer_utils.py:207 src.llamafactory.train.trainer_utils._create_galore_optimizer event=line locals={'galore_params': '[Parameter containing:\ntensor([[-0.0037,  0.2682, -0.4115, -0.3680],\n        [-0.1926,  0.1341, -0.0099,  0.3964],\n        [-0.0444,  0.1323, -0.1511, -0.0983]], requires_grad=True), Parameter containing:\ntensor([[ 0.0214,  0.2282,  0.3464],\n        [-0.3914, -0.2514,  0.2097]], requires_grad=True)]'}
2026-07-15 04:14:16.626 /testbed/src/llamafactory/train/trainer_utils.py:208 src.llamafactory.train.trainer_utils._create_galore_optimizer event=line locals={'param': 'Parameter containing:\ntensor([ 0.4794, -0.1188], requires_grad=True)'}
2026-07-15 04:14:16.626 /testbed/src/llamafactory/train/trainer_utils.py:207 src.llamafactory.train.trainer_utils._create_galore_optimizer event=line locals={}
2026-07-15 04:14:16.627 /testbed/src/llamafactory/train/trainer_utils.py:205 src.llamafactory.train.trainer_utils._create_galore_optimizer event=line locals={}
2026-07-15 04:14:16.627 /testbed/src/llamafactory/train/trainer_utils.py:206 src.llamafactory.train.trainer_utils._create_galore_optimizer event=line locals={'module': 'Linear(in_features=2, out_features=2, bias=False)', 'name': "'head_proj'"}
2026-07-15 04:14:16.628 /testbed/src/llamafactory/train/trainer_utils.py:207 src.llamafactory.train.trainer_utils._create_galore_optimizer event=line locals={}
2026-07-15 04:14:16.628 /testbed/src/llamafactory/train/trainer_utils.py:208 src.llamafactory.train.trainer_utils._create_galore_optimizer event=line locals={'param': 'Parameter containing:\ntensor([[ 0.5291, -0.1140],\n        [ 0.0748,  0.6403]], requires_grad=True)'}
2026-07-15 04:14:16.628 /testbed/src/llamafactory/train/trainer_utils.py:209 src.llamafactory.train.trainer_utils._create_galore_optimizer event=line locals={}
2026-07-15 04:14:16.629 /testbed/src/llamafactory/train/trainer_utils.py:207 src.llamafactory.train.trainer_utils._create_galore_optimizer event=line locals={'galore_params': '[Parameter containing:\ntensor([[-0.0037,  0.2682, -0.4115, -0.3680],\n        [-0.1926,  0.1341, -0.0099,  0.3964],\n        [-0.0444,  0.1323, -0.1511, -0.0983]], requires_grad=True), Parameter containing:\ntensor([[ 0.0214,  0.2282,  0.3464],\n        [-0.3914, -0.2514,  0.2097]], requires_grad=True), Parameter containing:\ntensor([[ 0.5291, -0.1140],\n        [ 0.0748,  0.6403]], requires_grad=True)]'}
2026-07-15 04:14:16.630 /testbed/src/llamafactory/train/trainer_utils.py:205 src.llamafactory.train.trainer_utils._create_galore_optimizer event=line locals={}
2026-07-15 04:14:16.630 /testbed/src/llamafactory/train/trainer_utils.py:206 src.llamafactory.train.trainer_utils._create_galore_optimizer event=line locals={'module': 'ModuleDict(\n  (proj_aux): Linear(in_features=2, out_features=2, bias=True)\n  (norm): LayerNorm((2,), eps=1e-05, elementwise_affine=True)\n)', 'name': "'container'"}
2026-07-15 04:14:16.631 /testbed/src/llamafactory/train/trainer_utils.py:205 src.llamafactory.train.trainer_utils._create_galore_optimizer event=line locals={}
2026-07-15 04:14:16.631 /testbed/src/llamafactory/train/trainer_utils.py:206 src.llamafactory.train.trainer_utils._create_galore_optimizer event=line locals={'module': 'Linear(in_features=2, out_features=2, bias=True)', 'name': "'container.proj_aux'"}
2026-07-15 04:14:16.632 /testbed/src/llamafactory/train/trainer_utils.py:207 src.llamafactory.train.trainer_utils._create_galore_optimizer event=line locals={}
2026-07-15 04:14:16.632 /testbed/src/llamafactory/train/trainer_utils.py:208 src.llamafactory.train.trainer_utils._create_galore_optimizer event=line locals={'param': 'Parameter containing:\ntensor([[-0.6560, -0.4452],\n        [-0.1790, -0.2756]], requires_grad=True)'}
2026-07-15 04:14:16.633 /testbed/src/llamafactory/train/trainer_utils.py:209 src.llamafactory.train.trainer_utils._create_galore_optimizer event=line locals={}
2026-07-15 04:14:16.633 /testbed/src/llamafactory/train/trainer_utils.py:207 src.llamafactory.train.trainer_utils._create_galore_optimizer event=line locals={'galore_params': '[Parameter containing:\ntensor([[-0.0037,  0.2682, -0.4115, -0.3680],\n        [-0.1926,  0.1341, -0.0099,  0.3964],\n        [-0.0444,  0.1323, -0.1511, -0.0983]], requires_grad=True), Parameter containing:\ntensor([[ 0.0214,  0.2282,  0.3464],\n        [-0.3914, -0.2514,  0.2097]], requires_grad=True), Parameter containing:\ntensor([[ 0.5291, -0.1140],\n        [ 0.0748,  0.6403]], requires_grad=True), Parameter containing:\ntensor([[-0.6560, -0.4452],\n        [-0.1790, -0.2756]], requires_grad=True)]'}
2026-07-15 04:14:16.634 /testbed/src/llamafactory/train/trainer_utils.py:208 src.llamafactory.train.trainer_utils._create_galore_optimizer event=line locals={'param': 'Parameter containing:\ntensor([ 0.6109, -0.4583], requires_grad=True)'}
2026-07-15 04:14:16.634 /testbed/src/llamafactory/train/trainer_utils.py:207 src.llamafactory.train.trainer_utils._create_galore_optimizer event=line locals={}
2026-07-15 04:14:16.635 /testbed/src/llamafactory/train/trainer_utils.py:205 src.llamafactory.train.trainer_utils._create_galore_optimizer event=line locals={}
2026-07-15 04:14:16.636 /testbed/src/llamafactory/train/trainer_utils.py:206 src.llamafactory.train.trainer_utils._create_galore_optimizer event=line locals={'module': 'LayerNorm((2,), eps=1e-05, elementwise_affine=True)', 'name': "'container.norm'"}
2026-07-15 04:14:16.636 /testbed/src/llamafactory/train/trainer_utils.py:205 src.llamafactory.train.trainer_utils._create_galore_optimizer event=line locals={}
2026-07-15 04:14:16.637 /testbed/src/llamafactory/train/trainer_utils.py:212 src.llamafactory.train.trainer_utils._create_galore_optimizer event=line locals={}
2026-07-15 04:14:16.637 /testbed/src/llamafactory/train/trainer_utils.py:213 src.llamafactory.train.trainer_utils._create_galore_optimizer event=line locals={}
2026-07-15 04:14:16.638 /testbed/src/llamafactory/train/trainer_utils.py:214 src.llamafactory.train.trainer_utils._create_galore_optimizer event=line locals={}
2026-07-15 04:14:16.639 /testbed/src/llamafactory/train/trainer_utils.py:215 src.llamafactory.train.trainer_utils._create_galore_optimizer event=line locals={}
2026-07-15 04:14:16.639 /testbed/src/llamafactory/train/trainer_utils.py:211 src.llamafactory.train.trainer_utils._create_galore_optimizer event=line locals={}
2026-07-15 04:14:16.640 /testbed/src/llamafactory/train/trainer_utils.py:218 src.llamafactory.train.trainer_utils._create_galore_optimizer event=line locals={'galore_kwargs': "{'rank': 8, 'update_proj_gap': 16, 'scale': 1.0, 'proj_type': 'std'}"}
2026-07-15 04:14:16.640 /testbed/src/llamafactory/train/trainer_utils.py:219 src.llamafactory.train.trainer_utils._create_galore_optimizer event=line locals={'id_galore_params': '{127055576637392, 127055568144960, 127055568144720, 127055568623296}'}
2026-07-15 04:14:16.641 /testbed/src/llamafactory/train/trainer_utils.py:220 src.llamafactory.train.trainer_utils._create_galore_optimizer event=line locals={'decay_params': '[]', 'nodecay_params': '[]'}
2026-07-15 04:14:16.642 /testbed/src/llamafactory/train/trainer_utils.py:221 src.llamafactory.train.trainer_utils._create_galore_optimizer event=line locals={'trainable_params': '[]'}
2026-07-15 04:14:16.643 /testbed/src/llamafactory/train/trainer_utils.py:222 src.llamafactory.train.trainer_utils._create_galore_optimizer event=line locals={'decay_param_names': "['proj_stack.0.weight', 'proj_stack.2.weight', 'head_proj.weight', 'container.proj_aux.weight']"}
2026-07-15 04:14:16.644 /testbed/src/llamafactory/train/trainer_utils.py:223 src.llamafactory.train.trainer_utils._create_galore_optimizer event=line locals={'name': "'proj_stack.0.weight'", 'param': 'Parameter containing:\ntensor([[-0.0037,  0.2682, -0.4115, -0.3680],\n        [-0.1926,  0.1341, -0.0099,  0.3964],\n        [-0.0444,  0.1323, -0.1511, -0.0983]], requires_grad=True)'}
2026-07-15 04:14:16.645 /testbed/src/llamafactory/train/trainer_utils.py:224 src.llamafactory.train.trainer_utils._create_galore_optimizer event=line locals={}
2026-07-15 04:14:16.645 /testbed/src/llamafactory/train/trainer_utils.py:225 src.llamafactory.train.trainer_utils._create_galore_optimizer event=line locals={'trainable_params': '[Parameter containing:\ntensor([[-0.0037,  0.2682, -0.4115, -0.3680],\n        [-0.1926,  0.1341, -0.0099,  0.3964],\n        [-0.0444,  0.1323, -0.1511, -0.0983]], requires_grad=True)]'}
2026-07-15 04:14:16.646 /testbed/src/llamafactory/train/trainer_utils.py:222 src.llamafactory.train.trainer_utils._create_galore_optimizer event=line locals={}
2026-07-15 04:14:16.647 /testbed/src/llamafactory/train/trainer_utils.py:223 src.llamafactory.train.trainer_utils._create_galore_optimizer event=line locals={'name': "'proj_stack.0.bias'", 'param': 'Parameter containing:\ntensor([-0.4777, -0.3311, -0.2061], requires_grad=True)'}
2026-07-15 04:14:16.647 /testbed/src/llamafactory/train/trainer_utils.py:224 src.llamafactory.train.trainer_utils._create_galore_optimizer event=line locals={}
2026-07-15 04:14:16.648 /testbed/src/llamafactory/train/trainer_utils.py:225 src.llamafactory.train.trainer_utils._create_galore_optimizer event=line locals={'trainable_params': '[Parameter containing:\ntensor([[-0.0037,  0.2682, -0.4115, -0.3680],\n        [-0.1926,  0.1341, -0.0099,  0.3964],\n        [-0.0444,  0.1323, -0.1511, -0.0983]], requires_grad=True), Parameter containing:\ntensor([-0.4777, -0.3311, -0.2061], requires_grad=True)]'}
2026-07-15 04:14:16.649 /testbed/src/llamafactory/train/trainer_utils.py:226 src.llamafactory.train.trainer_utils._create_galore_optimizer event=line locals={}
2026-07-15 04:14:16.650 /testbed/src/llamafactory/train/trainer_utils.py:229 src.llamafactory.train.trainer_utils._create_galore_optimizer event=line locals={}
2026-07-15 04:14:16.651 /testbed/src/llamafactory/train/trainer_utils.py:222 src.llamafactory.train.trainer_utils._create_galore_optimizer event=line locals={'nodecay_params': '[Parameter containing:\ntensor([-0.4777, -0.3311, -0.2061], requires_grad=True)]'}
2026-07-15 04:14:16.652 /testbed/src/llamafactory/train/trainer_utils.py:223 src.llamafactory.train.trainer_utils._create_galore_optimizer event=line locals={'name': "'proj_stack.2.weight'", 'param': 'Parameter containing:\ntensor([[ 0.0214,  0.2282,  0.3464],\n        [-0.3914, -0.2514,  0.2097]], requires_grad=True)'}
2026-07-15 04:14:16.653 /testbed/src/llamafactory/train/trainer_utils.py:224 src.llamafactory.train.trainer_utils._create_galore_optimizer event=line locals={}
2026-07-15 04:14:16.654 /testbed/src/llamafactory/train/trainer_utils.py:225 src.llamafactory.train.trainer_utils._create_galore_optimizer event=line locals={'trainable_params': '[Parameter containing:\ntensor([[-0.0037,  0.2682, -0.4115, -0.3680],\n        [-0.1926,  0.1341, -0.0099,  0.3964],\n        [-0.0444,  0.1323, -0.1511, -0.0983]], requires_grad=True), Parameter containing:\ntensor([-0.4777, -0.3311, -0.2061], requires_grad=True), Parameter containing:\ntensor([[ 0.0214,  0.2282,  0.3464],\n        [-0.3914, -0.2514,  0.2097]], requires_grad=True)]'}
2026-07-15 04:14:16.655 /testbed/src/llamafactory/train/trainer_utils.py:222 src.llamafactory.train.trainer_utils._create_galore_optimizer event=line locals={}
2026-07-15 04:14:16.656 /testbed/src/llamafactory/train/trainer_utils.py:223 src.llamafactory.train.trainer_utils._create_galore_optimizer event=line locals={'name': "'proj_stack.2.bias'", 'param': 'Parameter containing:\ntensor([ 0.4794, -0.1188], requires_grad=True)'}
2026-07-15 04:14:16.657 /testbed/src/llamafactory/train/trainer_utils.py:224 src.llamafactory.train.trainer_utils._create_galore_optimizer event=line locals={}
2026-07-15 04:14:16.658 /testbed/src/llamafactory/train/trainer_utils.py:225 src.llamafactory.train.trainer_utils._create_galore_optimizer event=line locals={'trainable_params': '[Parameter containing:\ntensor([[-0.0037,  0.2682, -0.4115, -0.3680],\n        [-0.1926,  0.1341, -0.0099,  0.3964],\n        [-0.0444,  0.1323, -0.1511, -0.0983]], requires_grad=True), Parameter containing:\ntensor([-0.4777, -0.3311, -0.2061], requires_grad=True), Parameter containing:\ntensor([[ 0.0214,  0.2282,  0.3464],\n        [-0.3914, -0.2514,  0.2097]], requires_grad=True), Parameter containing:\ntensor([ 0.4794, -0.1188], requires_grad=True)]'}
2026-07-15 04:14:16.659 /testbed/src/llamafactory/train/trainer_utils.py:226 src.llamafactory.train.trainer_utils._create_galore_optimizer event=line locals={}
2026-07-15 04:14:16.660 /testbed/src/llamafactory/train/trainer_utils.py:229 src.llamafactory.train.trainer_utils._create_galore_optimizer event=line locals={}
2026-07-15 04:14:16.661 /testbed/src/llamafactory/train/trainer_utils.py:222 src.llamafactory.train.trainer_utils._create_galore_optimizer event=line locals={'nodecay_params': '[Parameter containing:\ntensor([-0.4777, -0.3311, -0.2061], requires_grad=True), Parameter containing:\ntensor([ 0.4794, -0.1188], requires_grad=True)]'}
2026-07-15 04:14:16.662 /testbed/src/llamafactory/train/trainer_utils.py:223 src.llamafactory.train.trainer_utils._create_galore_optimizer event=line locals={'name': "'head_proj.weight'", 'param': 'Parameter containing:\ntensor([[ 0.5291, -0.1140],\n        [ 0.0748,  0.6403]], requires_grad=True)'}
2026-07-15 04:14:16.663 /testbed/src/llamafactory/train/trainer_utils.py:224 src.llamafactory.train.trainer_utils._create_galore_optimizer event=line locals={}
2026-07-15 04:14:16.665 /testbed/src/llamafactory/train/trainer_utils.py:225 src.llamafactory.train.trainer_utils._create_galore_optimizer event=line locals={'trainable_params': '[Parameter containing:\ntensor([[-0.0037,  0.2682, -0.4115, -0.3680],\n        [-0.1926,  0.1341, -0.0099,  0.3964],\n        [-0.0444,  0.1323, -0.1511, -0.0983]], requires_grad=True), Parameter containing:\ntensor([-0.4777, -0.3311, -0.2061], requires_grad=True), Parameter containing:\ntensor([[ 0.0214,  0.2282,  0.3464],\n        [-0.3914, -0.2514,  0.2097]], requires_grad=True), Parameter containing:\ntensor([ 0.4794, -0.1188], requires_grad=True), Parameter containing:\ntensor([[ 0.5291, -0.1140],\n...'}
2026-07-15 04:14:16.666 /testbed/src/llamafactory/train/trainer_utils.py:222 src.llamafactory.train.trainer_utils._create_galore_optimizer event=line locals={}
2026-07-15 04:14:16.667 /testbed/src/llamafactory/train/trainer_utils.py:223 src.llamafactory.train.trainer_utils._create_galore_optimizer event=line locals={'name': "'container.proj_aux.weight'", 'param': 'Parameter containing:\ntensor([[-0.6560, -0.4452],\n        [-0.1790, -0.2756]], requires_grad=True)'}
2026-07-15 04:14:16.669 /testbed/src/llamafactory/train/trainer_utils.py:224 src.llamafactory.train.trainer_utils._create_galore_optimizer event=line locals={}
2026-07-15 04:14:16.670 /testbed/src/llamafactory/train/trainer_utils.py:225 src.llamafactory.train.trainer_utils._create_galore_optimizer event=line locals={}
2026-07-15 04:14:16.671 /testbed/src/llamafactory/train/trainer_utils.py:222 src.llamafactory.train.trainer_utils._create_galore_optimizer event=line locals={}
2026-07-15 04:14:16.672 /testbed/src/llamafactory/train/trainer_utils.py:223 src.llamafactory.train.trainer_utils._create_galore_optimizer event=line locals={'name': "'container.proj_aux.bias'", 'param': 'Parameter containing:\ntensor([ 0.6109, -0.4583], requires_grad=True)'}
2026-07-15 04:14:16.674 /testbed/src/llamafactory/train/trainer_utils.py:224 src.llamafactory.train.trainer_utils._create_galore_optimizer event=line locals={}
2026-07-15 04:14:16.675 /testbed/src/llamafactory/train/trainer_utils.py:225 src.llamafactory.train.trainer_utils._create_galore_optimizer event=line locals={}
2026-07-15 04:14:16.676 /testbed/src/llamafactory/train/trainer_utils.py:226 src.llamafactory.train.trainer_utils._create_galore_optimizer event=line locals={}
2026-07-15 04:14:16.678 /testbed/src/llamafactory/train/trainer_utils.py:229 src.llamafactory.train.trainer_utils._create_galore_optimizer event=line locals={}
2026-07-15 04:14:16.679 /testbed/src/llamafactory/train/trainer_utils.py:222 src.llamafactory.train.trainer_utils._create_galore_optimizer event=line locals={'nodecay_params': '[Parameter containing:\ntensor([-0.4777, -0.3311, -0.2061], requires_grad=True), Parameter containing:\ntensor([ 0.4794, -0.1188], requires_grad=True), Parameter containing:\ntensor([ 0.6109, -0.4583], requires_grad=True)]'}
2026-07-15 04:14:16.681 /testbed/src/llamafactory/train/trainer_utils.py:223 src.llamafactory.train.trainer_utils._create_galore_optimizer event=line locals={'name': "'container.norm.weight'", 'param': 'Parameter containing:\ntensor([1., 1.], requires_grad=True)'}
2026-07-15 04:14:16.682 /testbed/src/llamafactory/train/trainer_utils.py:224 src.llamafactory.train.trainer_utils._create_galore_optimizer event=line locals={}
2026-07-15 04:14:16.684 /testbed/src/llamafactory/train/trainer_utils.py:225 src.llamafactory.train.trainer_utils._create_galore_optimizer event=line locals={}
2026-07-15 04:14:16.685 /testbed/src/llamafactory/train/trainer_utils.py:226 src.llamafactory.train.trainer_utils._create_galore_optimizer event=line locals={}
2026-07-15 04:14:16.687 /testbed/src/llamafactory/train/trainer_utils.py:229 src.llamafactory.train.trainer_utils._create_galore_optimizer event=line locals={}
2026-07-15 04:14:16.688 /testbed/src/llamafactory/train/trainer_utils.py:222 src.llamafactory.train.trainer_utils._create_galore_optimizer event=line locals={'nodecay_params': '[Parameter containing:\ntensor([-0.4777, -0.3311, -0.2061], requires_grad=True), Parameter containing:\ntensor([ 0.4794, -0.1188], requires_grad=True), Parameter containing:\ntensor([ 0.6109, -0.4583], requires_grad=True), Parameter containing:\ntensor([1., 1.], requires_grad=True)]'}
2026-07-15 04:14:16.690 /testbed/src/llamafactory/train/trainer_utils.py:223 src.llamafactory.train.trainer_utils._create_galore_optimizer event=line locals={'name': "'container.norm.bias'", 'param': 'Parameter containing:\ntensor([0., 0.], requires_grad=True)'}
2026-07-15 04:14:16.691 /testbed/src/llamafactory/train/trainer_utils.py:224 src.llamafactory.train.trainer_utils._create_galore_optimizer event=line locals={}
2026-07-15 04:14:16.693 /testbed/src/llamafactory/train/trainer_utils.py:225 src.llamafactory.train.trainer_utils._create_galore_optimizer event=line locals={}
2026-07-15 04:14:16.695 /testbed/src/llamafactory/train/trainer_utils.py:226 src.llamafactory.train.trainer_utils._create_galore_optimizer event=line locals={}
2026-07-15 04:14:16.696 /testbed/src/llamafactory/train/trainer_utils.py:229 src.llamafactory.train.trainer_utils._create_galore_optimizer event=line locals={}
2026-07-15 04:14:16.698 /testbed/src/llamafactory/train/trainer_utils.py:222 src.llamafactory.train.trainer_utils._create_galore_optimizer event=line locals={'nodecay_params': '[Parameter containing:\ntensor([-0.4777, -0.3311, -0.2061], requires_grad=True), Parameter containing:\ntensor([ 0.4794, -0.1188], requires_grad=True), Parameter containing:\ntensor([ 0.6109, -0.4583], requires_grad=True), Parameter containing:\ntensor([1., 1.], requires_grad=True), Parameter containing:\ntensor([0., 0.], requires_grad=True)]'}
2026-07-15 04:14:16.700 /testbed/src/llamafactory/train/trainer_utils.py:231 src.llamafactory.train.trainer_utils._create_galore_optimizer event=line locals={}
2026-07-15 04:14:16.701 /testbed/src/llamafactory/train/trainer_utils.py:233 src.llamafactory.train.trainer_utils._create_galore_optimizer event=line locals={'optim_kwargs': "{'lr': 0.01}"}
2026-07-15 04:14:16.703 /testbed/src/llamafactory/train/trainer_utils.py:234 src.llamafactory.train.trainer_utils._create_galore_optimizer event=line locals={}
2026-07-15 04:14:16.705 /testbed/src/llamafactory/train/trainer_utils.py:242 src.llamafactory.train.trainer_utils._create_galore_optimizer event=line locals={'optim_class': "<class 'testcase.RecordingGaLoreOptimizer'>"}
2026-07-15 04:14:16.706 /testbed/src/llamafactory/train/trainer_utils.py:269 src.llamafactory.train.trainer_utils._create_galore_optimizer event=line locals={}
2026-07-15 04:14:16.708 /testbed/src/llamafactory/train/trainer_utils.py:270 src.llamafactory.train.trainer_utils._create_galore_optimizer event=line locals={}
2026-07-15 04:14:16.709 /testbed/src/llamafactory/train/trainer_utils.py:271 src.llamafactory.train.trainer_utils._create_galore_optimizer event=line locals={}
2026-07-15 04:14:16.711 /testbed/src/llamafactory/train/trainer_utils.py:268 src.llamafactory.train.trainer_utils._create_galore_optimizer event=line locals={}
2026-07-15 04:14:16.713 /testbed/src/llamafactory/train/trainer_utils.py:273 src.llamafactory.train.trainer_utils._create_galore_optimizer event=line locals={'param_groups': "[{'params': [Parameter containing:\ntensor([-0.4777, -0.3311, -0.2061], requires_grad=True), Parameter containing:\ntensor([ 0.4794, -0.1188], requires_grad=True), Parameter containing:\ntensor([ 0.6109, -0.4583], requires_grad=True), Parameter containing:\ntensor([1., 1.], requires_grad=True), Parameter containing:\ntensor([0., 0.], requires_grad=True)], 'weight_decay': 0.0}, {'params': [], 'weight_decay': 0.1}, {'params': [Parameter containing:\ntensor([[-0.0037,  0.2682, -0.4115, -0.3680],\n        ..."}
2026-07-15 04:14:16.717 /testbed/src/llamafactory/train/trainer_utils.py:275 src.llamafactory.train.trainer_utils._create_galore_optimizer event=line locals={'optimizer': 'RecordingGaLoreOptimizer (\nParameter Group 0\n    lr: 0.01\n    weight_decay: 0.0\n\nParameter Group 1\n    lr: 0.01\n    weight_decay: 0.1\n\nParameter Group 2\n    lr: 0.01\n    proj_type: std\n    rank: 8\n    scale: 1.0\n    update_proj_gap: 16\n    weight_decay: 0.1\n)', 'param_groups': "[{'params': [Parameter containing:\ntensor([-0.4777, -0.3311, -0.2061], requires_grad=True), Parameter containing:\ntensor([ 0.4794, -0.1188], requires_grad=True), Parameter containing:\ntensor([ 0.6109, -0.4583], requires_grad=True), Parameter containing:\ntensor([1., 1.], requires_grad=True), Parameter containing:\ntensor([0., 0.], requires_grad=True)], 'weight_decay': 0.0, 'lr': 0.01}, {'params': [], 'weight_decay': 0.1, 'lr': 0.01}, {'params': [Parameter containing:\ntensor([[-0.0037,  0.2682, -0...."}
2026-07-15 04:14:16.719 /testbed/src/llamafactory/train/trainer_utils.py:276 src.llamafactory.train.trainer_utils._create_galore_optimizer event=line locals={}
2026-07-15 04:14:16.722 /testbed/src/llamafactory/train/trainer_utils.py:275 src.llamafactory.train.trainer_utils._create_galore_optimizer event=line locals={}
2026-07-15 04:14:16.725 /testbed/src/llamafactory/train/trainer_utils.py:279 src.llamafactory.train.trainer_utils._create_galore_optimizer event=line locals={}
2026-07-15 04:14:16.727 /testbed/src/llamafactory/train/trainer_utils.py:279 src.llamafactory.train.trainer_utils._create_galore_optimizer event=return retval=RecordingGaLoreOptimizer (
Parameter Group 0
    lr: 0.01
    weight_decay: 0.0

Parameter Group 1
    lr: 0.01
    weight_decay: 0.1

Parameter Group 2
    lr: 0.01
    proj_type: std
    rank: 8
    scale: 1.0
    update_proj_gap: 16
    weight_decay: 0.1
) locals={'decay_param_names': "['proj_stack.0.weight', 'proj_stack.2.weight', 'head_proj.weight', 'container.proj_aux.weight']", 'decay_params': '[]', 'finetuning_args': "namespace(galore_target=['proj'], freeze_vision_tower=False, galore_rank=8, galore_update_interval=16, galore_scale=1.0, galore_proj_type='std', galore_layerwise=False)", 'galore_kwargs': "{'rank': 8, 'update_proj_gap': 16, 'scale': 1.0, 'proj_type': 'std'}", 'galore_params': '[Parameter containing:\ntensor([[-0.0037,  0.2682, -0.4115, -0.3680],\n        [-0.1926,  0.1341, -0.0099,  0.3964],\n        [-0.0444,  0.1323, -0.1511, -0.0983]], requires_grad=True), Parameter containing:\ntensor([[ 0.0214,  0.2282,  0.3464],\n        [-0.3914, -0.2514,  0.2097]], requires_grad=True), Parameter containing:\ntensor([[ 0.5291, -0.1140],\n        [ 0.0748,  0.6403]], requires_grad=True), Parameter containing:\ntensor([[-0.6560, -0.4452],\n        [-0.1790, -0.2756]], requires_grad=True)]', 'galore_targets': "['proj']", 'id_galore_params': '{127055576637392, 127055568144960, 127055568144720, 127055568623296}', 'model': 'ModelVariantA(\n  (proj_stack): Sequential(\n    (0): Linear(in_features=4, out_features=3, bias=True)\n    (1): Tanh()\n    (2): Linear(in_features=3, out_features=2, bias=True)\n  )\n  (head_proj): Linear(in_features=2, out_features=2, bias=False)\n  (container): ModuleDict(\n    (proj_aux): Linear(in_features=2, out_features=2, bias=True)\n    (norm): LayerNorm((2,), eps=1e-05, elementwise_affine=True)\n  )\n)', 'module': 'LayerNorm((2,), eps=1e-05, elementwise_affine=True)', 'name': "'container.norm.bias'", 'nodecay_params': '[Parameter containing:\ntensor([-0.4777, -0.3311, -0.2061], requires_grad=True), Parameter containing:\ntensor([ 0.4794, -0.1188], requires_grad=True), Parameter containing:\ntensor([ 0.6109, -0.4583], requires_grad=True), Parameter containing:\ntensor([1., 1.], requires_grad=True), Parameter containing:\ntensor([0., 0.], requires_grad=True)]', 'optim_class': "<class 'testcase.RecordingGaLoreOptimizer'>", 'optim_kwargs': "{'lr': 0.01}", 'optimizer': 'RecordingGaLoreOptimizer (\nParameter Group 0\n    lr: 0.01\n    weight_decay: 0.0\n\nParameter Group 1\n    lr: 0.01\n    weight_decay: 0.1\n\nParameter Group 2\n    lr: 0.01\n    proj_type: std\n    rank: 8\n    scale: 1.0\n    update_proj_gap: 16\n    weight_decay: 0.1\n)', 'param': 'Parameter containing:\ntensor([0., 0.], requires_grad=True)', 'param_groups': "[{'params': [Parameter containing:\ntensor([-0.4777, -0.3311, -0.2061], requires_grad=True), Parameter containing:\ntensor([ 0.4794, -0.1188], requires_grad=True), Parameter containing:\ntensor([ 0.6109, -0.4583], requires_grad=True), Parameter containing:\ntensor([1., 1.], requires_grad=True), Parameter containing:\ntensor([0., 0.], requires_grad=True)], 'weight_decay': 0.0, 'lr': 0.01}, {'params': [], 'weight_decay': 0.1, 'lr': 0.01}, {'params': [Parameter containing:\ntensor([[-0.0037,  0.2682, -0....", 'trainable_params': '[Parameter containing:\ntensor([[-0.0037,  0.2682, -0.4115, -0.3680],\n        [-0.1926,  0.1341, -0.0099,  0.3964],\n        [-0.0444,  0.1323, -0.1511, -0.0983]], requires_grad=True), Parameter containing:\ntensor([-0.4777, -0.3311, -0.2061], requires_grad=True), Parameter containing:\ntensor([[ 0.0214,  0.2282,  0.3464],\n        [-0.3914, -0.2514,  0.2097]], requires_grad=True), Parameter containing:\ntensor([ 0.4794, -0.1188], requires_grad=True), Parameter containing:\ntensor([[ 0.5291, -0.1140],\n...', 'training_args': "namespace(optim='adamw_torch', gradient_accumulation_steps=1, weight_decay=0.1, learning_rate=0.01)"}
2026-07-15 04:14:16.729 /testbed/src/llamafactory/train/trainer_utils.py:194 src.llamafactory.train.trainer_utils._create_galore_optimizer event=call locals={'finetuning_args': "namespace(galore_target=['proj'], freeze_vision_tower=False, galore_rank=8, galore_update_interval=16, galore_scale=1.0, galore_proj_type='std', galore_layerwise=False)", 'model': 'ModelVariantB(\n  (block): Sequential(\n    (0): Linear(in_features=5, out_features=4, bias=True)\n    (1): ReLU()\n  )\n  (out_proj): Linear(in_features=4, out_features=2, bias=True)\n)', 'training_args': "namespace(optim='adamw_torch', gradient_accumulation_steps=1, weight_decay=0.1, learning_rate=0.01)"}
2026-07-15 04:14:16.729 /testbed/src/llamafactory/train/trainer_utils.py:199 src.llamafactory.train.trainer_utils._create_galore_optimizer event=line locals={}
2026-07-15 04:14:16.729 /testbed/src/llamafactory/train/trainer_utils.py:202 src.llamafactory.train.trainer_utils._create_galore_optimizer event=line locals={}
2026-07-15 04:14:16.729 /testbed/src/llamafactory/train/trainer_utils.py:204 src.llamafactory.train.trainer_utils._create_galore_optimizer event=line locals={'galore_targets': "['proj']"}
2026-07-15 04:14:16.729 /testbed/src/llamafactory/train/trainer_utils.py:205 src.llamafactory.train.trainer_utils._create_galore_optimizer event=line locals={'galore_params': '[]'}
2026-07-15 04:14:16.729 /testbed/src/llamafactory/train/trainer_utils.py:206 src.llamafactory.train.trainer_utils._create_galore_optimizer event=line locals={'module': 'ModelVariantB(\n  (block): Sequential(\n    (0): Linear(in_features=5, out_features=4, bias=True)\n    (1): ReLU()\n  )\n  (out_proj): Linear(in_features=4, out_features=2, bias=True)\n)', 'name': "''"}
2026-07-15 04:14:16.729 /testbed/src/llamafactory/train/trainer_utils.py:205 src.llamafactory.train.trainer_utils._create_galore_optimizer event=line locals={}
2026-07-15 04:14:16.729 /testbed/src/llamafactory/train/trainer_utils.py:206 src.llamafactory.train.trainer_utils._create_galore_optimizer event=line locals={'module': 'Sequential(\n  (0): Linear(in_features=5, out_features=4, bias=True)\n  (1): ReLU()\n)', 'name': "'block'"}
2026-07-15 04:14:16.729 /testbed/src/llamafactory/train/trainer_utils.py:205 src.llamafactory.train.trainer_utils._create_galore_optimizer event=line locals={}
2026-07-15 04:14:16.729 /testbed/src/llamafactory/train/trainer_utils.py:206 src.llamafactory.train.trainer_utils._create_galore_optimizer event=line locals={'module': 'Linear(in_features=5, out_features=4, bias=True)', 'name': "'block.0'"}
2026-07-15 04:14:16.729 /testbed/src/llamafactory/train/trainer_utils.py:205 src.llamafactory.train.trainer_utils._create_galore_optimizer event=line locals={}
2026-07-15 04:14:16.730 /testbed/src/llamafactory/train/trainer_utils.py:206 src.llamafactory.train.trainer_utils._create_galore_optimizer event=line locals={'module': 'ReLU()', 'name': "'block.1'"}
2026-07-15 04:14:16.730 /testbed/src/llamafactory/train/trainer_utils.py:205 src.llamafactory.train.trainer_utils._create_galore_optimizer event=line locals={}
2026-07-15 04:14:16.730 /testbed/src/llamafactory/train/trainer_utils.py:206 src.llamafactory.train.trainer_utils._create_galore_optimizer event=line locals={'module': 'Linear(in_features=4, out_features=2, bias=True)', 'name': "'out_proj'"}
2026-07-15 04:14:16.730 /testbed/src/llamafactory/train/trainer_utils.py:207 src.llamafactory.train.trainer_utils._create_galore_optimizer event=line locals={}
2026-07-15 04:14:16.730 /testbed/src/llamafactory/train/trainer_utils.py:208 src.llamafactory.train.trainer_utils._create_galore_optimizer event=line locals={'param': 'Parameter containing:\ntensor([[-0.3877, -0.3465, -0.2583,  0.2262],\n        [ 0.2011, -0.2962,  0.1511,  0.2745]], requires_grad=True)'}
2026-07-15 04:14:16.730 /testbed/src/llamafactory/train/trainer_utils.py:209 src.llamafactory.train.trainer_utils._create_galore_optimizer event=line locals={}
2026-07-15 04:14:16.731 /testbed/src/llamafactory/train/trainer_utils.py:207 src.llamafactory.train.trainer_utils._create_galore_optimizer event=line locals={'galore_params': '[Parameter containing:\ntensor([[-0.3877, -0.3465, -0.2583,  0.2262],\n        [ 0.2011, -0.2962,  0.1511,  0.2745]], requires_grad=True)]'}
2026-07-15 04:14:16.731 /testbed/src/llamafactory/train/trainer_utils.py:208 src.llamafactory.train.trainer_utils._create_galore_optimizer event=line locals={'param': 'Parameter containing:\ntensor([-0.0631,  0.0191], requires_grad=True)'}
2026-07-15 04:14:16.731 /testbed/src/llamafactory/train/trainer_utils.py:207 src.llamafactory.train.trainer_utils._create_galore_optimizer event=line locals={}
2026-07-15 04:14:16.731 /testbed/src/llamafactory/train/trainer_utils.py:205 src.llamafactory.train.trainer_utils._create_galore_optimizer event=line locals={}
2026-07-15 04:14:16.732 /testbed/src/llamafactory/train/trainer_utils.py:212 src.llamafactory.train.trainer_utils._create_galore_optimizer event=line locals={}
2026-07-15 04:14:16.732 /testbed/src/llamafactory/train/trainer_utils.py:213 src.llamafactory.train.trainer_utils._create_galore_optimizer event=line locals={}
2026-07-15 04:14:16.732 /testbed/src/llamafactory/train/trainer_utils.py:214 src.llamafactory.train.trainer_utils._create_galore_optimizer event=line locals={}
2026-07-15 04:14:16.732 /testbed/src/llamafactory/train/trainer_utils.py:215 src.llamafactory.train.trainer_utils._create_galore_optimizer event=line locals={}
2026-07-15 04:14:16.733 /testbed/src/llamafactory/train/trainer_utils.py:211 src.llamafactory.train.trainer_utils._create_galore_optimizer event=line locals={}
2026-07-15 04:14:16.733 /testbed/src/llamafactory/train/trainer_utils.py:218 src.llamafactory.train.trainer_utils._create_galore_optimizer event=line locals={'galore_kwargs': "{'rank': 8, 'update_proj_gap': 16, 'scale': 1.0, 'proj_type': 'std'}"}
2026-07-15 04:14:16.733 /testbed/src/llamafactory/train/trainer_utils.py:219 src.llamafactory.train.trainer_utils._create_galore_optimizer event=line locals={'id_galore_params': '{127055569851376}'}
2026-07-15 04:14:16.733 /testbed/src/llamafactory/train/trainer_utils.py:220 src.llamafactory.train.trainer_utils._create_galore_optimizer event=line locals={'decay_params': '[]', 'nodecay_params': '[]'}
2026-07-15 04:14:16.734 /testbed/src/llamafactory/train/trainer_utils.py:221 src.llamafactory.train.trainer_utils._create_galore_optimizer event=line locals={'trainable_params': '[]'}
2026-07-15 04:14:16.734 /testbed/src/llamafactory/train/trainer_utils.py:222 src.llamafactory.train.trainer_utils._create_galore_optimizer event=line locals={'decay_param_names': "['block.0.weight', 'out_proj.weight']"}
2026-07-15 04:14:16.735 /testbed/src/llamafactory/train/trainer_utils.py:223 src.llamafactory.train.trainer_utils._create_galore_optimizer event=line locals={'name': "'block.0.weight'", 'param': 'Parameter containing:\ntensor([[-0.2059, -0.3124, -0.4188, -0.2611,  0.3844],\n        [ 0.1996,  0.2168,  0.0235, -0.2293,  0.0757],\n        [-0.4176, -0.3231, -0.2306,  0.2822,  0.2622],\n        [-0.1983, -0.0161,  0.2860,  0.4446,  0.1775]], requires_grad=True)'}
2026-07-15 04:14:16.735 /testbed/src/llamafactory/train/trainer_utils.py:224 src.llamafactory.train.trainer_utils._create_galore_optimizer event=line locals={}
2026-07-15 04:14:16.736 /testbed/src/llamafactory/train/trainer_utils.py:225 src.llamafactory.train.trainer_utils._create_galore_optimizer event=line locals={'trainable_params': '[Parameter containing:\ntensor([[-0.2059, -0.3124, -0.4188, -0.2611,  0.3844],\n        [ 0.1996,  0.2168,  0.0235, -0.2293,  0.0757],\n        [-0.4176, -0.3231, -0.2306,  0.2822,  0.2622],\n        [-0.1983, -0.0161,  0.2860,  0.4446,  0.1775]], requires_grad=True)]'}
2026-07-15 04:14:16.736 /testbed/src/llamafactory/train/trainer_utils.py:226 src.llamafactory.train.trainer_utils._create_galore_optimizer event=line locals={}
2026-07-15 04:14:16.737 /testbed/src/llamafactory/train/trainer_utils.py:227 src.llamafactory.train.trainer_utils._create_galore_optimizer event=line locals={}
2026-07-15 04:14:16.737 /testbed/src/llamafactory/train/trainer_utils.py:222 src.llamafactory.train.trainer_utils._create_galore_optimizer event=line locals={'decay_params': '[Parameter containing:\ntensor([[-0.2059, -0.3124, -0.4188, -0.2611,  0.3844],\n        [ 0.1996,  0.2168,  0.0235, -0.2293,  0.0757],\n        [-0.4176, -0.3231, -0.2306,  0.2822,  0.2622],\n        [-0.1983, -0.0161,  0.2860,  0.4446,  0.1775]], requires_grad=True)]'}
2026-07-15 04:14:16.738 /testbed/src/llamafactory/train/trainer_utils.py:223 src.llamafactory.train.trainer_utils._create_galore_optimizer event=line locals={'name': "'block.0.bias'", 'param': 'Parameter containing:\ntensor([ 0.0604,  0.2999, -0.2633,  0.0833], requires_grad=True)'}
2026-07-15 04:14:16.739 /testbed/src/llamafactory/train/trainer_utils.py:224 src.llamafactory.train.trainer_utils._create_galore_optimizer event=line locals={}
2026-07-15 04:14:16.739 /testbed/src/llamafactory/train/trainer_utils.py:225 src.llamafactory.train.trainer_utils._create_galore_optimizer event=line locals={'trainable_params': '[Parameter containing:\ntensor([[-0.2059, -0.3124, -0.4188, -0.2611,  0.3844],\n        [ 0.1996,  0.2168,  0.0235, -0.2293,  0.0757],\n        [-0.4176, -0.3231, -0.2306,  0.2822,  0.2622],\n        [-0.1983, -0.0161,  0.2860,  0.4446,  0.1775]], requires_grad=True), Parameter containing:\ntensor([ 0.0604,  0.2999, -0.2633,  0.0833], requires_grad=True)]'}
2026-07-15 04:14:16.740 /testbed/src/llamafactory/train/trainer_utils.py:226 src.llamafactory.train.trainer_utils._create_galore_optimizer event=line locals={}
2026-07-15 04:14:16.741 /testbed/src/llamafactory/train/trainer_utils.py:229 src.llamafactory.train.trainer_utils._create_galore_optimizer event=line locals={}
2026-07-15 04:14:16.741 /testbed/src/llamafactory/train/trainer_utils.py:222 src.llamafactory.train.trainer_utils._create_galore_optimizer event=line locals={'nodecay_params': '[Parameter containing:\ntensor([ 0.0604,  0.2999, -0.2633,  0.0833], requires_grad=True)]'}
2026-07-15 04:14:16.742 /testbed/src/llamafactory/train/trainer_utils.py:223 src.llamafactory.train.trainer_utils._create_galore_optimizer event=line locals={'name': "'out_proj.weight'", 'param': 'Parameter containing:\ntensor([[-0.3877, -0.3465, -0.2583,  0.2262],\n        [ 0.2011, -0.2962,  0.1511,  0.2745]], requires_grad=True)'}
2026-07-15 04:14:16.743 /testbed/src/llamafactory/train/trainer_utils.py:224 src.llamafactory.train.trainer_utils._create_galore_optimizer event=line locals={}
2026-07-15 04:14:16.744 /testbed/src/llamafactory/train/trainer_utils.py:225 src.llamafactory.train.trainer_utils._create_galore_optimizer event=line locals={'trainable_params': '[Parameter containing:\ntensor([[-0.2059, -0.3124, -0.4188, -0.2611,  0.3844],\n        [ 0.1996,  0.2168,  0.0235, -0.2293,  0.0757],\n        [-0.4176, -0.3231, -0.2306,  0.2822,  0.2622],\n        [-0.1983, -0.0161,  0.2860,  0.4446,  0.1775]], requires_grad=True), Parameter containing:\ntensor([ 0.0604,  0.2999, -0.2633,  0.0833], requires_grad=True), Parameter containing:\ntensor([[-0.3877, -0.3465, -0.2583,  0.2262],\n        [ 0.2011, -0.2962,  0.1511,  0.2745]], requires_grad=True)]'}
2026-07-15 04:14:16.744 /testbed/src/llamafactory/train/trainer_utils.py:222 src.llamafactory.train.trainer_utils._create_galore_optimizer event=line locals={}
2026-07-15 04:14:16.745 /testbed/src/llamafactory/train/trainer_utils.py:223 src.llamafactory.train.trainer_utils._create_galore_optimizer event=line locals={'name': "'out_proj.bias'", 'param': 'Parameter containing:\ntensor([-0.0631,  0.0191], requires_grad=True)'}
2026-07-15 04:14:16.746 /testbed/src/llamafactory/train/trainer_utils.py:224 src.llamafactory.train.trainer_utils._create_galore_optimizer event=line locals={}
2026-07-15 04:14:16.747 /testbed/src/llamafactory/train/trainer_utils.py:225 src.llamafactory.train.trainer_utils._create_galore_optimizer event=line locals={'trainable_params': '[Parameter containing:\ntensor([[-0.2059, -0.3124, -0.4188, -0.2611,  0.3844],\n        [ 0.1996,  0.2168,  0.0235, -0.2293,  0.0757],\n        [-0.4176, -0.3231, -0.2306,  0.2822,  0.2622],\n        [-0.1983, -0.0161,  0.2860,  0.4446,  0.1775]], requires_grad=True), Parameter containing:\ntensor([ 0.0604,  0.2999, -0.2633,  0.0833], requires_grad=True), Parameter containing:\ntensor([[-0.3877, -0.3465, -0.2583,  0.2262],\n        [ 0.2011, -0.2962,  0.1511,  0.2745]], requires_grad=True), Parameter c...'}
2026-07-15 04:14:16.748 /testbed/src/llamafactory/train/trainer_utils.py:226 src.llamafactory.train.trainer_utils._create_galore_optimizer event=line locals={}
2026-07-15 04:14:16.749 /testbed/src/llamafactory/train/trainer_utils.py:229 src.llamafactory.train.trainer_utils._create_galore_optimizer event=line locals={}
2026-07-15 04:14:16.750 /testbed/src/llamafactory/train/trainer_utils.py:222 src.llamafactory.train.trainer_utils._create_galore_optimizer event=line locals={'nodecay_params': '[Parameter containing:\ntensor([ 0.0604,  0.2999, -0.2633,  0.0833], requires_grad=True), Parameter containing:\ntensor([-0.0631,  0.0191], requires_grad=True)]'}
2026-07-15 04:14:16.751 /testbed/src/llamafactory/train/trainer_utils.py:231 src.llamafactory.train.trainer_utils._create_galore_optimizer event=line locals={}
2026-07-15 04:14:16.752 /testbed/src/llamafactory/train/trainer_utils.py:233 src.llamafactory.train.trainer_utils._create_galore_optimizer event=line locals={'optim_kwargs': "{'lr': 0.01}"}
2026-07-15 04:14:16.753 /testbed/src/llamafactory/train/trainer_utils.py:234 src.llamafactory.train.trainer_utils._create_galore_optimizer event=line locals={}
2026-07-15 04:14:16.754 /testbed/src/llamafactory/train/trainer_utils.py:242 src.llamafactory.train.trainer_utils._create_galore_optimizer event=line locals={'optim_class': "<class 'testcase.RecordingGaLoreOptimizer'>"}
2026-07-15 04:14:16.755 /testbed/src/llamafactory/train/trainer_utils.py:269 src.llamafactory.train.trainer_utils._create_galore_optimizer event=line locals={}
2026-07-15 04:14:16.756 /testbed/src/llamafactory/train/trainer_utils.py:270 src.llamafactory.train.trainer_utils._create_galore_optimizer event=line locals={}
2026-07-15 04:14:16.757 /testbed/src/llamafactory/train/trainer_utils.py:271 src.llamafactory.train.trainer_utils._create_galore_optimizer event=line locals={}
2026-07-15 04:14:16.758 /testbed/src/llamafactory/train/trainer_utils.py:268 src.llamafactory.train.trainer_utils._create_galore_optimizer event=line locals={}
2026-07-15 04:14:16.759 /testbed/src/llamafactory/train/trainer_utils.py:273 src.llamafactory.train.trainer_utils._create_galore_optimizer event=line locals={'param_groups': "[{'params': [Parameter containing:\ntensor([ 0.0604,  0.2999, -0.2633,  0.0833], requires_grad=True), Parameter containing:\ntensor([-0.0631,  0.0191], requires_grad=True)], 'weight_decay': 0.0}, {'params': [Parameter containing:\ntensor([[-0.2059, -0.3124, -0.4188, -0.2611,  0.3844],\n        [ 0.1996,  0.2168,  0.0235, -0.2293,  0.0757],\n        [-0.4176, -0.3231, -0.2306,  0.2822,  0.2622],\n        [-0.1983, -0.0161,  0.2860,  0.4446,  0.1775]], requires_grad=True)], 'weight_decay': 0.1}, {'param..."}
2026-07-15 04:14:16.761 /testbed/src/llamafactory/train/trainer_utils.py:275 src.llamafactory.train.trainer_utils._create_galore_optimizer event=line locals={'optimizer': 'RecordingGaLoreOptimizer (\nParameter Group 0\n    lr: 0.01\n    weight_decay: 0.0\n\nParameter Group 1\n    lr: 0.01\n    weight_decay: 0.1\n\nParameter Group 2\n    lr: 0.01\n    proj_type: std\n    rank: 8\n    scale: 1.0\n    update_proj_gap: 16\n    weight_decay: 0.1\n)', 'param_groups': "[{'params': [Parameter containing:\ntensor([ 0.0604,  0.2999, -0.2633,  0.0833], requires_grad=True), Parameter containing:\ntensor([-0.0631,  0.0191], requires_grad=True)], 'weight_decay': 0.0, 'lr': 0.01}, {'params': [Parameter containing:\ntensor([[-0.2059, -0.3124, -0.4188, -0.2611,  0.3844],\n        [ 0.1996,  0.2168,  0.0235, -0.2293,  0.0757],\n        [-0.4176, -0.3231, -0.2306,  0.2822,  0.2622],\n        [-0.1983, -0.0161,  0.2860,  0.4446,  0.1775]], requires_grad=True)], 'weight_decay': 0..."}
2026-07-15 04:14:16.762 /testbed/src/llamafactory/train/trainer_utils.py:276 src.llamafactory.train.trainer_utils._create_galore_optimizer event=line locals={}
2026-07-15 04:14:16.764 /testbed/src/llamafactory/train/trainer_utils.py:275 src.llamafactory.train.trainer_utils._create_galore_optimizer event=line locals={}
2026-07-15 04:14:16.766 /testbed/src/llamafactory/train/trainer_utils.py:279 src.llamafactory.train.trainer_utils._create_galore_optimizer event=line locals={}
2026-07-15 04:14:16.767 /testbed/src/llamafactory/train/trainer_utils.py:279 src.llamafactory.train.trainer_utils._create_galore_optimizer event=return retval=RecordingGaLoreOptimizer (
Parameter Group 0
    lr: 0.01
    weight_decay: 0.0

Parameter Group 1
    lr: 0.01
    weight_decay: 0.1

Parameter Group 2
    lr: 0.01
    proj_type: std
    rank: 8
    scale: 1.0
    update_proj_gap: 16
    weight_decay: 0.1
) locals={'decay_param_names': "['block.0.weight', 'out_proj.weight']", 'decay_params': '[Parameter containing:\ntensor([[-0.2059, -0.3124, -0.4188, -0.2611,  0.3844],\n        [ 0.1996,  0.2168,  0.0235, -0.2293,  0.0757],\n        [-0.4176, -0.3231, -0.2306,  0.2822,  0.2622],\n        [-0.1983, -0.0161,  0.2860,  0.4446,  0.1775]], requires_grad=True)]', 'finetuning_args': "namespace(galore_target=['proj'], freeze_vision_tower=False, galore_rank=8, galore_update_interval=16, galore_scale=1.0, galore_proj_type='std', galore_layerwise=False)", 'galore_kwargs': "{'rank': 8, 'update_proj_gap': 16, 'scale': 1.0, 'proj_type': 'std'}", 'galore_params': '[Parameter containing:\ntensor([[-0.3877, -0.3465, -0.2583,  0.2262],\n        [ 0.2011, -0.2962,  0.1511,  0.2745]], requires_grad=True)]', 'galore_targets': "['proj']", 'id_galore_params': '{127055569851376}', 'model': 'ModelVariantB(\n  (block): Sequential(\n    (0): Linear(in_features=5, out_features=4, bias=True)\n    (1): ReLU()\n  )\n  (out_proj): Linear(in_features=4, out_features=2, bias=True)\n)', 'module': 'Linear(in_features=4, out_features=2, bias=True)', 'name': "'out_proj.bias'", 'nodecay_params': '[Parameter containing:\ntensor([ 0.0604,  0.2999, -0.2633,  0.0833], requires_grad=True), Parameter containing:\ntensor([-0.0631,  0.0191], requires_grad=True)]', 'optim_class': "<class 'testcase.RecordingGaLoreOptimizer'>", 'optim_kwargs': "{'lr': 0.01}", 'optimizer': 'RecordingGaLoreOptimizer (\nParameter Group 0\n    lr: 0.01\n    weight_decay: 0.0\n\nParameter Group 1\n    lr: 0.01\n    weight_decay: 0.1\n\nParameter Group 2\n    lr: 0.01\n    proj_type: std\n    rank: 8\n    scale: 1.0\n    update_proj_gap: 16\n    weight_decay: 0.1\n)', 'param': 'Parameter containing:\ntensor([-0.0631,  0.0191], requires_grad=True)', 'param_groups': "[{'params': [Parameter containing:\ntensor([ 0.0604,  0.2999, -0.2633,  0.0833], requires_grad=True), Parameter containing:\ntensor([-0.0631,  0.0191], requires_grad=True)], 'weight_decay': 0.0, 'lr': 0.01}, {'params': [Parameter containing:\ntensor([[-0.2059, -0.3124, -0.4188, -0.2611,  0.3844],\n        [ 0.1996,  0.2168,  0.0235, -0.2293,  0.0757],\n        [-0.4176, -0.3231, -0.2306,  0.2822,  0.2622],\n        [-0.1983, -0.0161,  0.2860,  0.4446,  0.1775]], requires_grad=True)], 'weight_decay': 0...", 'trainable_params': '[Parameter containing:\ntensor([[-0.2059, -0.3124, -0.4188, -0.2611,  0.3844],\n        [ 0.1996,  0.2168,  0.0235, -0.2293,  0.0757],\n        [-0.4176, -0.3231, -0.2306,  0.2822,  0.2622],\n        [-0.1983, -0.0161,  0.2860,  0.4446,  0.1775]], requires_grad=True), Parameter containing:\ntensor([ 0.0604,  0.2999, -0.2633,  0.0833], requires_grad=True), Parameter containing:\ntensor([[-0.3877, -0.3465, -0.2583,  0.2262],\n        [ 0.2011, -0.2962,  0.1511,  0.2745]], requires_grad=True), Parameter c...', 'training_args': "namespace(optim='adamw_torch', gradient_accumulation_steps=1, weight_decay=0.1, learning_rate=0.01)"}
