2026-08-23 05:06:44.824 [TRACE][START] pid=47 TRACE_OUT='/testbed/logs/instruct_lab_qa/phased_training_resume_run_training_phase_s6_calls__pert_llm_s0/trace.log' TRACE_FILE='scripts/phased_training_resume.py' TRACE_FUNCS=['assert_completion_resumed', 'assert_phase1_and_phase2_started', 'assert_phase1_in_journal', 'assert_phase1_started', 'assert_phase2_eval_started', 'assert_phase2_resumed_and_eval_started', 'assert_phase2_started', 'run_training_phase'] TRACE_EVENTS=['call', 'exception', 'line', 'return']
2026-08-23 05:06:44.863 /testbed/scripts/phased_training_resume.py:43 scripts.phased_training_resume.run_training_phase event=call locals={'config': "'/tmp/tmpsgoh697s/generated-config-shard-41-epoch-7.yaml'", 'expected_exit_code': '1', 'fail_on_mt_bench': 'False', 'fail_on_phase1': 'True', 'fail_on_phase2': 'False', 'knowledge_data_path': "'/tmp/tmpsgoh697s/skills-corpus-beta-sq231044-cb53361-ln45.jsonl'", 'phased_base_dir': "'/tmp/tmpsgoh697s/instructlab/phased-resume'", 'skills_data_path': "'/tmp/tmpsgoh697s/knowledge-corpus-alpha-sq127020-cb29241-ln28.jsonl'"}
2026-08-23 05:06:44.863 /testbed/scripts/phased_training_resume.py:53 scripts.phased_training_resume.run_training_phase event=line locals={}
2026-08-23 05:06:44.863 /testbed/scripts/phased_training_resume.py:55 scripts.phased_training_resume.run_training_phase event=line locals={}
2026-08-23 05:06:44.863 /testbed/scripts/phased_training_resume.py:54 scripts.phased_training_resume.run_training_phase event=line locals={}
2026-08-23 05:06:44.863 /testbed/scripts/phased_training_resume.py:58 scripts.phased_training_resume.run_training_phase event=line locals={}
2026-08-23 05:06:44.863 /testbed/scripts/phased_training_resume.py:59 scripts.phased_training_resume.run_training_phase event=line locals={}
2026-08-23 05:06:44.863 /testbed/scripts/phased_training_resume.py:65 scripts.phased_training_resume.run_training_phase event=line locals={}
2026-08-23 05:06:44.863 /testbed/scripts/phased_training_resume.py:67 scripts.phased_training_resume.run_training_phase event=line locals={}
2026-08-23 05:06:44.863 /testbed/scripts/phased_training_resume.py:68 scripts.phased_training_resume.run_training_phase event=line locals={'cli_runner': '<testcase.TestPhasedTrainingResumeCalls.test_resume_sequence_with_generated_paths.<locals>.DeterministicCliRunner object at 0x7bac09cdcdd0>'}
2026-08-23 05:06:44.863 /testbed/scripts/phased_training_resume.py:69 scripts.phased_training_resume.run_training_phase event=line locals={}
2026-08-23 05:06:44.863 /testbed/scripts/phased_training_resume.py:70 scripts.phased_training_resume.run_training_phase event=line locals={}
2026-08-23 05:06:44.864 /testbed/scripts/phased_training_resume.py:72 scripts.phased_training_resume.run_training_phase event=line locals={}
2026-08-23 05:06:44.864 /testbed/scripts/phased_training_resume.py:73 scripts.phased_training_resume.run_training_phase event=line locals={}
2026-08-23 05:06:44.864 /testbed/scripts/phased_training_resume.py:74 scripts.phased_training_resume.run_training_phase event=line locals={}
2026-08-23 05:06:44.864 /testbed/scripts/phased_training_resume.py:75 scripts.phased_training_resume.run_training_phase event=line locals={}
2026-08-23 05:06:44.864 /testbed/scripts/phased_training_resume.py:76 scripts.phased_training_resume.run_training_phase event=line locals={}
2026-08-23 05:06:44.864 /testbed/scripts/phased_training_resume.py:77 scripts.phased_training_resume.run_training_phase event=line locals={}
2026-08-23 05:06:44.864 /testbed/scripts/phased_training_resume.py:78 scripts.phased_training_resume.run_training_phase event=line locals={}
2026-08-23 05:06:44.864 /testbed/scripts/phased_training_resume.py:79 scripts.phased_training_resume.run_training_phase event=line locals={}
2026-08-23 05:06:44.864 /testbed/scripts/phased_training_resume.py:80 scripts.phased_training_resume.run_training_phase event=line locals={}
2026-08-23 05:06:44.864 /testbed/scripts/phased_training_resume.py:81 scripts.phased_training_resume.run_training_phase event=line locals={}
2026-08-23 05:06:44.864 /testbed/scripts/phased_training_resume.py:82 scripts.phased_training_resume.run_training_phase event=line locals={}
2026-08-23 05:06:44.864 /testbed/scripts/phased_training_resume.py:83 scripts.phased_training_resume.run_training_phase event=line locals={}
2026-08-23 05:06:44.864 /testbed/scripts/phased_training_resume.py:84 scripts.phased_training_resume.run_training_phase event=line locals={}
2026-08-23 05:06:44.864 /testbed/scripts/phased_training_resume.py:85 scripts.phased_training_resume.run_training_phase event=line locals={}
2026-08-23 05:06:44.864 /testbed/scripts/phased_training_resume.py:86 scripts.phased_training_resume.run_training_phase event=line locals={}
2026-08-23 05:06:44.864 /testbed/scripts/phased_training_resume.py:87 scripts.phased_training_resume.run_training_phase event=line locals={}
2026-08-23 05:06:44.864 /testbed/scripts/phased_training_resume.py:88 scripts.phased_training_resume.run_training_phase event=line locals={}
2026-08-23 05:06:44.864 /testbed/scripts/phased_training_resume.py:89 scripts.phased_training_resume.run_training_phase event=line locals={}
2026-08-23 05:06:44.864 /testbed/scripts/phased_training_resume.py:90 scripts.phased_training_resume.run_training_phase event=line locals={}
2026-08-23 05:06:44.864 /testbed/scripts/phased_training_resume.py:71 scripts.phased_training_resume.run_training_phase event=line locals={}
2026-08-23 05:06:44.864 /testbed/scripts/phased_training_resume.py:69 scripts.phased_training_resume.run_training_phase event=line locals={}
2026-08-23 05:06:44.864 /testbed/scripts/phased_training_resume.py:68 scripts.phased_training_resume.run_training_phase event=line locals={'result': "namespace(output='wave-tag: corpus=knowledge shard=17 lane=3 parity=1 checksum=1549 residue=2\\nepoch-trace: phase=1 status=fail bucket=4 modulus=13\\nstderr-tail: exit=1 signal=training wave=0 token=17\\nTraining Phase 1/2...\\nINTENTIONAL TRAINING FAILURE', exception=RuntimeError('generated failure wave-0-token-17'), exit_code=1)"}
2026-08-23 05:06:44.864 /testbed/scripts/phased_training_resume.py:94 scripts.phased_training_resume.run_training_phase event=line locals={}
2026-08-23 05:06:44.864 /testbed/scripts/phased_training_resume.py:95 scripts.phased_training_resume.run_training_phase event=line locals={}
2026-08-23 05:06:44.864 /testbed/scripts/phased_training_resume.py:94 scripts.phased_training_resume.run_training_phase event=line locals={}
2026-08-23 05:06:44.864 /testbed/scripts/phased_training_resume.py:97 scripts.phased_training_resume.run_training_phase event=line locals={}
2026-08-23 05:06:44.864 /testbed/scripts/phased_training_resume.py:98 scripts.phased_training_resume.run_training_phase event=line locals={}
2026-08-23 05:06:44.864 /testbed/scripts/phased_training_resume.py:99 scripts.phased_training_resume.run_training_phase event=line locals={}
2026-08-23 05:06:44.864 /testbed/scripts/phased_training_resume.py:100 scripts.phased_training_resume.run_training_phase event=line locals={}
2026-08-23 05:06:44.864 /testbed/scripts/phased_training_resume.py:101 scripts.phased_training_resume.run_training_phase event=line locals={}
2026-08-23 05:06:44.864 /testbed/scripts/phased_training_resume.py:114 scripts.phased_training_resume.assert_phase1_started event=call locals={'result': "namespace(output='wave-tag: corpus=knowledge shard=17 lane=3 parity=1 checksum=1549 residue=2\\nepoch-trace: phase=1 status=fail bucket=4 modulus=13\\nstderr-tail: exit=1 signal=training wave=0 token=17\\nTraining Phase 1/2...\\nINTENTIONAL TRAINING FAILURE', exception=RuntimeError('generated failure wave-0-token-17'), exit_code=1)"}
2026-08-23 05:06:44.864 /testbed/scripts/phased_training_resume.py:115 scripts.phased_training_resume.assert_phase1_started event=line locals={}
2026-08-23 05:06:44.864 /testbed/scripts/phased_training_resume.py:115 scripts.phased_training_resume.assert_phase1_started event=return retval=None locals={'result': "namespace(output='wave-tag: corpus=knowledge shard=17 lane=3 parity=1 checksum=1549 residue=2\\nepoch-trace: phase=1 status=fail bucket=4 modulus=13\\nstderr-tail: exit=1 signal=training wave=0 token=17\\nTraining Phase 1/2...\\nINTENTIONAL TRAINING FAILURE', exception=RuntimeError('generated failure wave-0-token-17'), exit_code=1)"}
2026-08-23 05:06:44.864 /testbed/scripts/phased_training_resume.py:109 scripts.phased_training_resume.run_training_phase event=line locals={}
2026-08-23 05:06:44.864 /testbed/scripts/phased_training_resume.py:110 scripts.phased_training_resume.run_training_phase event=line locals={}
2026-08-23 05:06:44.864 /testbed/scripts/phased_training_resume.py:111 scripts.phased_training_resume.run_training_phase event=line locals={}
2026-08-23 05:06:44.864 /testbed/scripts/phased_training_resume.py:111 scripts.phased_training_resume.run_training_phase event=return retval=None locals={'cli_runner': '<testcase.TestPhasedTrainingResumeCalls.test_resume_sequence_with_generated_paths.<locals>.DeterministicCliRunner object at 0x7bac09cdcdd0>', 'config': "'/tmp/tmpsgoh697s/generated-config-shard-41-epoch-7.yaml'", 'expected_exit_code': '1', 'fail_on_mt_bench': 'False', 'fail_on_phase1': 'True', 'fail_on_phase2': 'False', 'knowledge_data_path': "'/tmp/tmpsgoh697s/skills-corpus-beta-sq231044-cb53361-ln45.jsonl'", 'phased_base_dir': "'/tmp/tmpsgoh697s/instructlab/phased-resume'", 'result': "namespace(output='wave-tag: corpus=knowledge shard=17 lane=3 parity=1 checksum=1549 residue=2\\nepoch-trace: phase=1 status=fail bucket=4 modulus=13\\nstderr-tail: exit=1 signal=training wave=0 token=17\\nTraining Phase 1/2...\\nINTENTIONAL TRAINING FAILURE', exception=RuntimeError('generated failure wave-0-token-17'), exit_code=1)", 'skills_data_path': "'/tmp/tmpsgoh697s/knowledge-corpus-alpha-sq127020-cb29241-ln28.jsonl'"}
2026-08-23 05:06:44.864 /testbed/scripts/phased_training_resume.py:43 scripts.phased_training_resume.run_training_phase event=call locals={'config': "'/tmp/tmpsgoh697s/generated-config-shard-41-epoch-7.yaml'", 'expected_exit_code': '1', 'fail_on_mt_bench': 'False', 'fail_on_phase1': 'False', 'fail_on_phase2': 'True', 'knowledge_data_path': "'/tmp/tmpsgoh697s/skills-corpus-beta-sq231044-cb53361-ln45.jsonl'", 'phased_base_dir': "'/tmp/tmpsgoh697s/instructlab/phased-resume'", 'skills_data_path': "'/tmp/tmpsgoh697s/knowledge-corpus-alpha-sq127020-cb29241-ln28.jsonl'"}
2026-08-23 05:06:44.864 /testbed/scripts/phased_training_resume.py:53 scripts.phased_training_resume.run_training_phase event=line locals={}
2026-08-23 05:06:44.864 /testbed/scripts/phased_training_resume.py:55 scripts.phased_training_resume.run_training_phase event=line locals={}
2026-08-23 05:06:44.864 /testbed/scripts/phased_training_resume.py:54 scripts.phased_training_resume.run_training_phase event=line locals={}
2026-08-23 05:06:44.864 /testbed/scripts/phased_training_resume.py:58 scripts.phased_training_resume.run_training_phase event=line locals={}
2026-08-23 05:06:44.864 /testbed/scripts/phased_training_resume.py:60 scripts.phased_training_resume.run_training_phase event=line locals={}
2026-08-23 05:06:44.864 /testbed/scripts/phased_training_resume.py:61 scripts.phased_training_resume.run_training_phase event=line locals={}
2026-08-23 05:06:44.864 /testbed/scripts/phased_training_resume.py:65 scripts.phased_training_resume.run_training_phase event=line locals={}
2026-08-23 05:06:44.865 /testbed/scripts/phased_training_resume.py:67 scripts.phased_training_resume.run_training_phase event=line locals={}
2026-08-23 05:06:44.865 /testbed/scripts/phased_training_resume.py:68 scripts.phased_training_resume.run_training_phase event=line locals={'cli_runner': '<testcase.TestPhasedTrainingResumeCalls.test_resume_sequence_with_generated_paths.<locals>.DeterministicCliRunner object at 0x7bac09c9c750>'}
2026-08-23 05:06:44.865 /testbed/scripts/phased_training_resume.py:69 scripts.phased_training_resume.run_training_phase event=line locals={}
2026-08-23 05:06:44.865 /testbed/scripts/phased_training_resume.py:70 scripts.phased_training_resume.run_training_phase event=line locals={}
2026-08-23 05:06:44.865 /testbed/scripts/phased_training_resume.py:72 scripts.phased_training_resume.run_training_phase event=line locals={}
2026-08-23 05:06:44.865 /testbed/scripts/phased_training_resume.py:73 scripts.phased_training_resume.run_training_phase event=line locals={}
2026-08-23 05:06:44.865 /testbed/scripts/phased_training_resume.py:74 scripts.phased_training_resume.run_training_phase event=line locals={}
2026-08-23 05:06:44.865 /testbed/scripts/phased_training_resume.py:75 scripts.phased_training_resume.run_training_phase event=line locals={}
2026-08-23 05:06:44.865 /testbed/scripts/phased_training_resume.py:76 scripts.phased_training_resume.run_training_phase event=line locals={}
2026-08-23 05:06:44.865 /testbed/scripts/phased_training_resume.py:77 scripts.phased_training_resume.run_training_phase event=line locals={}
2026-08-23 05:06:44.865 /testbed/scripts/phased_training_resume.py:78 scripts.phased_training_resume.run_training_phase event=line locals={}
2026-08-23 05:06:44.865 /testbed/scripts/phased_training_resume.py:79 scripts.phased_training_resume.run_training_phase event=line locals={}
2026-08-23 05:06:44.865 /testbed/scripts/phased_training_resume.py:80 scripts.phased_training_resume.run_training_phase event=line locals={}
2026-08-23 05:06:44.865 /testbed/scripts/phased_training_resume.py:81 scripts.phased_training_resume.run_training_phase event=line locals={}
2026-08-23 05:06:44.865 /testbed/scripts/phased_training_resume.py:82 scripts.phased_training_resume.run_training_phase event=line locals={}
2026-08-23 05:06:44.865 /testbed/scripts/phased_training_resume.py:83 scripts.phased_training_resume.run_training_phase event=line locals={}
2026-08-23 05:06:44.865 /testbed/scripts/phased_training_resume.py:84 scripts.phased_training_resume.run_training_phase event=line locals={}
2026-08-23 05:06:44.865 /testbed/scripts/phased_training_resume.py:85 scripts.phased_training_resume.run_training_phase event=line locals={}
2026-08-23 05:06:44.865 /testbed/scripts/phased_training_resume.py:86 scripts.phased_training_resume.run_training_phase event=line locals={}
2026-08-23 05:06:44.865 /testbed/scripts/phased_training_resume.py:87 scripts.phased_training_resume.run_training_phase event=line locals={}
2026-08-23 05:06:44.865 /testbed/scripts/phased_training_resume.py:88 scripts.phased_training_resume.run_training_phase event=line locals={}
2026-08-23 05:06:44.865 /testbed/scripts/phased_training_resume.py:89 scripts.phased_training_resume.run_training_phase event=line locals={}
2026-08-23 05:06:44.865 /testbed/scripts/phased_training_resume.py:90 scripts.phased_training_resume.run_training_phase event=line locals={}
2026-08-23 05:06:44.865 /testbed/scripts/phased_training_resume.py:71 scripts.phased_training_resume.run_training_phase event=line locals={}
2026-08-23 05:06:44.865 /testbed/scripts/phased_training_resume.py:69 scripts.phased_training_resume.run_training_phase event=line locals={}
2026-08-23 05:06:44.865 /testbed/scripts/phased_training_resume.py:68 scripts.phased_training_resume.run_training_phase event=line locals={'result': "namespace(output='wave-tag: corpus=skills shard=23 lane=5 parity=0 checksum=2117 residue=5\\nepoch-trace: phase=1 status=ok bucket=6 modulus=17\\nepoch-trace: phase=2 status=fail bucket=9 modulus=19\\nstderr-tail: exit=1 signal=training wave=1 token=41\\nTraining Phase 1/2...\\nTraining Phase 2/2...\\nINTENTIONAL TRAINING FAILURE', exception=RuntimeError('generated failure wave-1-token-58'), exit_code=1)"}
2026-08-23 05:06:44.865 /testbed/scripts/phased_training_resume.py:94 scripts.phased_training_resume.run_training_phase event=line locals={}
2026-08-23 05:06:44.865 /testbed/scripts/phased_training_resume.py:95 scripts.phased_training_resume.run_training_phase event=line locals={}
2026-08-23 05:06:44.865 /testbed/scripts/phased_training_resume.py:94 scripts.phased_training_resume.run_training_phase event=line locals={}
2026-08-23 05:06:44.865 /testbed/scripts/phased_training_resume.py:97 scripts.phased_training_resume.run_training_phase event=line locals={}
2026-08-23 05:06:44.865 /testbed/scripts/phased_training_resume.py:98 scripts.phased_training_resume.run_training_phase event=line locals={}
2026-08-23 05:06:44.865 /testbed/scripts/phased_training_resume.py:99 scripts.phased_training_resume.run_training_phase event=line locals={}
2026-08-23 05:06:44.865 /testbed/scripts/phased_training_resume.py:100 scripts.phased_training_resume.run_training_phase event=line locals={}
2026-08-23 05:06:44.865 /testbed/scripts/phased_training_resume.py:102 scripts.phased_training_resume.run_training_phase event=line locals={}
2026-08-23 05:06:44.865 /testbed/scripts/phased_training_resume.py:103 scripts.phased_training_resume.run_training_phase event=line locals={}
2026-08-23 05:06:44.865 /testbed/scripts/phased_training_resume.py:130 scripts.phased_training_resume.assert_phase1_and_phase2_started event=call locals={'result': "namespace(output='wave-tag: corpus=skills shard=23 lane=5 parity=0 checksum=2117 residue=5\\nepoch-trace: phase=1 status=ok bucket=6 modulus=17\\nepoch-trace: phase=2 status=fail bucket=9 modulus=19\\nstderr-tail: exit=1 signal=training wave=1 token=41\\nTraining Phase 1/2...\\nTraining Phase 2/2...\\nINTENTIONAL TRAINING FAILURE', exception=RuntimeError('generated failure wave-1-token-58'), exit_code=1)"}
2026-08-23 05:06:44.865 /testbed/scripts/phased_training_resume.py:131 scripts.phased_training_resume.assert_phase1_and_phase2_started event=line locals={}
2026-08-23 05:06:44.865 /testbed/scripts/phased_training_resume.py:114 scripts.phased_training_resume.assert_phase1_started event=call locals={'result': "namespace(output='wave-tag: corpus=skills shard=23 lane=5 parity=0 checksum=2117 residue=5\\nepoch-trace: phase=1 status=ok bucket=6 modulus=17\\nepoch-trace: phase=2 status=fail bucket=9 modulus=19\\nstderr-tail: exit=1 signal=training wave=1 token=41\\nTraining Phase 1/2...\\nTraining Phase 2/2...\\nINTENTIONAL TRAINING FAILURE', exception=RuntimeError('generated failure wave-1-token-58'), exit_code=1)"}
2026-08-23 05:06:44.865 /testbed/scripts/phased_training_resume.py:115 scripts.phased_training_resume.assert_phase1_started event=line locals={}
2026-08-23 05:06:44.865 /testbed/scripts/phased_training_resume.py:115 scripts.phased_training_resume.assert_phase1_started event=return retval=None locals={'result': "namespace(output='wave-tag: corpus=skills shard=23 lane=5 parity=0 checksum=2117 residue=5\\nepoch-trace: phase=1 status=ok bucket=6 modulus=17\\nepoch-trace: phase=2 status=fail bucket=9 modulus=19\\nstderr-tail: exit=1 signal=training wave=1 token=41\\nTraining Phase 1/2...\\nTraining Phase 2/2...\\nINTENTIONAL TRAINING FAILURE', exception=RuntimeError('generated failure wave-1-token-58'), exit_code=1)"}
2026-08-23 05:06:44.866 /testbed/scripts/phased_training_resume.py:132 scripts.phased_training_resume.assert_phase1_and_phase2_started event=line locals={}
2026-08-23 05:06:44.866 /testbed/scripts/phased_training_resume.py:118 scripts.phased_training_resume.assert_phase2_started event=call locals={'result': "namespace(output='wave-tag: corpus=skills shard=23 lane=5 parity=0 checksum=2117 residue=5\\nepoch-trace: phase=1 status=ok bucket=6 modulus=17\\nepoch-trace: phase=2 status=fail bucket=9 modulus=19\\nstderr-tail: exit=1 signal=training wave=1 token=41\\nTraining Phase 1/2...\\nTraining Phase 2/2...\\nINTENTIONAL TRAINING FAILURE', exception=RuntimeError('generated failure wave-1-token-58'), exit_code=1)"}
2026-08-23 05:06:44.866 /testbed/scripts/phased_training_resume.py:119 scripts.phased_training_resume.assert_phase2_started event=line locals={}
2026-08-23 05:06:44.866 /testbed/scripts/phased_training_resume.py:119 scripts.phased_training_resume.assert_phase2_started event=return retval=None locals={'result': "namespace(output='wave-tag: corpus=skills shard=23 lane=5 parity=0 checksum=2117 residue=5\\nepoch-trace: phase=1 status=ok bucket=6 modulus=17\\nepoch-trace: phase=2 status=fail bucket=9 modulus=19\\nstderr-tail: exit=1 signal=training wave=1 token=41\\nTraining Phase 1/2...\\nTraining Phase 2/2...\\nINTENTIONAL TRAINING FAILURE', exception=RuntimeError('generated failure wave-1-token-58'), exit_code=1)"}
2026-08-23 05:06:44.866 /testbed/scripts/phased_training_resume.py:132 scripts.phased_training_resume.assert_phase1_and_phase2_started event=return retval=None locals={'result': "namespace(output='wave-tag: corpus=skills shard=23 lane=5 parity=0 checksum=2117 residue=5\\nepoch-trace: phase=1 status=ok bucket=6 modulus=17\\nepoch-trace: phase=2 status=fail bucket=9 modulus=19\\nstderr-tail: exit=1 signal=training wave=1 token=41\\nTraining Phase 1/2...\\nTraining Phase 2/2...\\nINTENTIONAL TRAINING FAILURE', exception=RuntimeError('generated failure wave-1-token-58'), exit_code=1)"}
2026-08-23 05:06:44.866 /testbed/scripts/phased_training_resume.py:109 scripts.phased_training_resume.run_training_phase event=line locals={}
2026-08-23 05:06:44.866 /testbed/scripts/phased_training_resume.py:110 scripts.phased_training_resume.run_training_phase event=line locals={}
2026-08-23 05:06:44.866 /testbed/scripts/phased_training_resume.py:111 scripts.phased_training_resume.run_training_phase event=line locals={}
2026-08-23 05:06:44.866 /testbed/scripts/phased_training_resume.py:111 scripts.phased_training_resume.run_training_phase event=return retval=None locals={'cli_runner': '<testcase.TestPhasedTrainingResumeCalls.test_resume_sequence_with_generated_paths.<locals>.DeterministicCliRunner object at 0x7bac09c9c750>', 'config': "'/tmp/tmpsgoh697s/generated-config-shard-41-epoch-7.yaml'", 'expected_exit_code': '1', 'fail_on_mt_bench': 'False', 'fail_on_phase1': 'False', 'fail_on_phase2': 'True', 'knowledge_data_path': "'/tmp/tmpsgoh697s/skills-corpus-beta-sq231044-cb53361-ln45.jsonl'", 'phased_base_dir': "'/tmp/tmpsgoh697s/instructlab/phased-resume'", 'result': "namespace(output='wave-tag: corpus=skills shard=23 lane=5 parity=0 checksum=2117 residue=5\\nepoch-trace: phase=1 status=ok bucket=6 modulus=17\\nepoch-trace: phase=2 status=fail bucket=9 modulus=19\\nstderr-tail: exit=1 signal=training wave=1 token=41\\nTraining Phase 1/2...\\nTraining Phase 2/2...\\nINTENTIONAL TRAINING FAILURE', exception=RuntimeError('generated failure wave-1-token-58'), exit_code=1)", 'skills_data_path': "'/tmp/tmpsgoh697s/knowledge-corpus-alpha-sq127020-cb29241-ln28.jsonl'"}
2026-08-23 05:06:44.866 /testbed/scripts/phased_training_resume.py:43 scripts.phased_training_resume.run_training_phase event=call locals={'config': "'/tmp/tmpsgoh697s/generated-config-shard-41-epoch-7.yaml'", 'expected_exit_code': '1', 'fail_on_mt_bench': 'True', 'fail_on_phase1': 'False', 'fail_on_phase2': 'False', 'knowledge_data_path': "'/tmp/tmpsgoh697s/skills-corpus-beta-sq231044-cb53361-ln45.jsonl'", 'phased_base_dir': "'/tmp/tmpsgoh697s/instructlab/phased-resume'", 'skills_data_path': "'/tmp/tmpsgoh697s/knowledge-corpus-alpha-sq127020-cb29241-ln28.jsonl'"}
2026-08-23 05:06:44.866 /testbed/scripts/phased_training_resume.py:53 scripts.phased_training_resume.run_training_phase event=line locals={}
2026-08-23 05:06:44.866 /testbed/scripts/phased_training_resume.py:55 scripts.phased_training_resume.run_training_phase event=line locals={}
2026-08-23 05:06:44.866 /testbed/scripts/phased_training_resume.py:54 scripts.phased_training_resume.run_training_phase event=line locals={}
2026-08-23 05:06:44.866 /testbed/scripts/phased_training_resume.py:58 scripts.phased_training_resume.run_training_phase event=line locals={}
2026-08-23 05:06:44.866 /testbed/scripts/phased_training_resume.py:60 scripts.phased_training_resume.run_training_phase event=line locals={}
2026-08-23 05:06:44.866 /testbed/scripts/phased_training_resume.py:62 scripts.phased_training_resume.run_training_phase event=line locals={}
2026-08-23 05:06:44.866 /testbed/scripts/phased_training_resume.py:63 scripts.phased_training_resume.run_training_phase event=line locals={}
2026-08-23 05:06:44.866 /testbed/scripts/phased_training_resume.py:65 scripts.phased_training_resume.run_training_phase event=line locals={}
2026-08-23 05:06:44.866 /testbed/scripts/phased_training_resume.py:67 scripts.phased_training_resume.run_training_phase event=line locals={}
2026-08-23 05:06:44.866 /testbed/scripts/phased_training_resume.py:68 scripts.phased_training_resume.run_training_phase event=line locals={'cli_runner': '<testcase.TestPhasedTrainingResumeCalls.test_resume_sequence_with_generated_paths.<locals>.DeterministicCliRunner object at 0x7bac09c9c750>'}
2026-08-23 05:06:44.866 /testbed/scripts/phased_training_resume.py:69 scripts.phased_training_resume.run_training_phase event=line locals={}
2026-08-23 05:06:44.866 /testbed/scripts/phased_training_resume.py:70 scripts.phased_training_resume.run_training_phase event=line locals={}
2026-08-23 05:06:44.866 /testbed/scripts/phased_training_resume.py:72 scripts.phased_training_resume.run_training_phase event=line locals={}
2026-08-23 05:06:44.866 /testbed/scripts/phased_training_resume.py:73 scripts.phased_training_resume.run_training_phase event=line locals={}
2026-08-23 05:06:44.866 /testbed/scripts/phased_training_resume.py:74 scripts.phased_training_resume.run_training_phase event=line locals={}
2026-08-23 05:06:44.866 /testbed/scripts/phased_training_resume.py:75 scripts.phased_training_resume.run_training_phase event=line locals={}
2026-08-23 05:06:44.866 /testbed/scripts/phased_training_resume.py:76 scripts.phased_training_resume.run_training_phase event=line locals={}
2026-08-23 05:06:44.866 /testbed/scripts/phased_training_resume.py:77 scripts.phased_training_resume.run_training_phase event=line locals={}
2026-08-23 05:06:44.866 /testbed/scripts/phased_training_resume.py:78 scripts.phased_training_resume.run_training_phase event=line locals={}
2026-08-23 05:06:44.866 /testbed/scripts/phased_training_resume.py:79 scripts.phased_training_resume.run_training_phase event=line locals={}
2026-08-23 05:06:44.866 /testbed/scripts/phased_training_resume.py:80 scripts.phased_training_resume.run_training_phase event=line locals={}
2026-08-23 05:06:44.866 /testbed/scripts/phased_training_resume.py:81 scripts.phased_training_resume.run_training_phase event=line locals={}
2026-08-23 05:06:44.866 /testbed/scripts/phased_training_resume.py:82 scripts.phased_training_resume.run_training_phase event=line locals={}
2026-08-23 05:06:44.866 /testbed/scripts/phased_training_resume.py:83 scripts.phased_training_resume.run_training_phase event=line locals={}
2026-08-23 05:06:44.866 /testbed/scripts/phased_training_resume.py:84 scripts.phased_training_resume.run_training_phase event=line locals={}
2026-08-23 05:06:44.866 /testbed/scripts/phased_training_resume.py:85 scripts.phased_training_resume.run_training_phase event=line locals={}
2026-08-23 05:06:44.866 /testbed/scripts/phased_training_resume.py:86 scripts.phased_training_resume.run_training_phase event=line locals={}
2026-08-23 05:06:44.866 /testbed/scripts/phased_training_resume.py:87 scripts.phased_training_resume.run_training_phase event=line locals={}
2026-08-23 05:06:44.866 /testbed/scripts/phased_training_resume.py:88 scripts.phased_training_resume.run_training_phase event=line locals={}
2026-08-23 05:06:44.866 /testbed/scripts/phased_training_resume.py:89 scripts.phased_training_resume.run_training_phase event=line locals={}
2026-08-23 05:06:44.866 /testbed/scripts/phased_training_resume.py:90 scripts.phased_training_resume.run_training_phase event=line locals={}
2026-08-23 05:06:44.866 /testbed/scripts/phased_training_resume.py:71 scripts.phased_training_resume.run_training_phase event=line locals={}
2026-08-23 05:06:44.866 /testbed/scripts/phased_training_resume.py:69 scripts.phased_training_resume.run_training_phase event=line locals={}
2026-08-23 05:06:44.867 /testbed/scripts/phased_training_resume.py:68 scripts.phased_training_resume.run_training_phase event=line locals={'result': "namespace(output='wave-tag: corpus=blend shard=31 lane=7 parity=1 checksum=2903 residue=8\\nepoch-trace: phase=2 status=resume bucket=2 modulus=23\\nepoch-trace: eval=mtbench status=fail bucket=11 modulus=29\\nstderr-tail: exit=1 signal=mtbench wave=2 token=67\\nTraining Phase 2/2...\\nMT-Bench evaluation for Phase 2...\\nSKIPPING: Training Phase 1/2; already in Journal\\nINTENTIONAL MT_BENCH FAILURE', exception=RuntimeError('generated failure wave-2-token-99'), exit_code=1)"}
2026-08-23 05:06:44.867 /testbed/scripts/phased_training_resume.py:94 scripts.phased_training_resume.run_training_phase event=line locals={}
2026-08-23 05:06:44.867 /testbed/scripts/phased_training_resume.py:95 scripts.phased_training_resume.run_training_phase event=line locals={}
2026-08-23 05:06:44.867 /testbed/scripts/phased_training_resume.py:94 scripts.phased_training_resume.run_training_phase event=line locals={}
2026-08-23 05:06:44.867 /testbed/scripts/phased_training_resume.py:97 scripts.phased_training_resume.run_training_phase event=line locals={}
2026-08-23 05:06:44.867 /testbed/scripts/phased_training_resume.py:98 scripts.phased_training_resume.run_training_phase event=line locals={}
2026-08-23 05:06:44.867 /testbed/scripts/phased_training_resume.py:104 scripts.phased_training_resume.run_training_phase event=line locals={}
2026-08-23 05:06:44.867 /testbed/scripts/phased_training_resume.py:105 scripts.phased_training_resume.run_training_phase event=line locals={}
2026-08-23 05:06:44.867 /testbed/scripts/phased_training_resume.py:106 scripts.phased_training_resume.run_training_phase event=line locals={}
2026-08-23 05:06:44.867 /testbed/scripts/phased_training_resume.py:135 scripts.phased_training_resume.assert_phase2_resumed_and_eval_started event=call locals={'result': "namespace(output='wave-tag: corpus=blend shard=31 lane=7 parity=1 checksum=2903 residue=8\\nepoch-trace: phase=2 status=resume bucket=2 modulus=23\\nepoch-trace: eval=mtbench status=fail bucket=11 modulus=29\\nstderr-tail: exit=1 signal=mtbench wave=2 token=67\\nTraining Phase 2/2...\\nMT-Bench evaluation for Phase 2...\\nSKIPPING: Training Phase 1/2; already in Journal\\nINTENTIONAL MT_BENCH FAILURE', exception=RuntimeError('generated failure wave-2-token-99'), exit_code=1)"}
2026-08-23 05:06:44.867 /testbed/scripts/phased_training_resume.py:136 scripts.phased_training_resume.assert_phase2_resumed_and_eval_started event=line locals={}
2026-08-23 05:06:44.867 /testbed/scripts/phased_training_resume.py:118 scripts.phased_training_resume.assert_phase2_started event=call locals={'result': "namespace(output='wave-tag: corpus=blend shard=31 lane=7 parity=1 checksum=2903 residue=8\\nepoch-trace: phase=2 status=resume bucket=2 modulus=23\\nepoch-trace: eval=mtbench status=fail bucket=11 modulus=29\\nstderr-tail: exit=1 signal=mtbench wave=2 token=67\\nTraining Phase 2/2...\\nMT-Bench evaluation for Phase 2...\\nSKIPPING: Training Phase 1/2; already in Journal\\nINTENTIONAL MT_BENCH FAILURE', exception=RuntimeError('generated failure wave-2-token-99'), exit_code=1)"}
2026-08-23 05:06:44.867 /testbed/scripts/phased_training_resume.py:119 scripts.phased_training_resume.assert_phase2_started event=line locals={}
2026-08-23 05:06:44.867 /testbed/scripts/phased_training_resume.py:119 scripts.phased_training_resume.assert_phase2_started event=return retval=None locals={'result': "namespace(output='wave-tag: corpus=blend shard=31 lane=7 parity=1 checksum=2903 residue=8\\nepoch-trace: phase=2 status=resume bucket=2 modulus=23\\nepoch-trace: eval=mtbench status=fail bucket=11 modulus=29\\nstderr-tail: exit=1 signal=mtbench wave=2 token=67\\nTraining Phase 2/2...\\nMT-Bench evaluation for Phase 2...\\nSKIPPING: Training Phase 1/2; already in Journal\\nINTENTIONAL MT_BENCH FAILURE', exception=RuntimeError('generated failure wave-2-token-99'), exit_code=1)"}
2026-08-23 05:06:44.867 /testbed/scripts/phased_training_resume.py:137 scripts.phased_training_resume.assert_phase2_resumed_and_eval_started event=line locals={}
2026-08-23 05:06:44.867 /testbed/scripts/phased_training_resume.py:122 scripts.phased_training_resume.assert_phase2_eval_started event=call locals={'result': "namespace(output='wave-tag: corpus=blend shard=31 lane=7 parity=1 checksum=2903 residue=8\\nepoch-trace: phase=2 status=resume bucket=2 modulus=23\\nepoch-trace: eval=mtbench status=fail bucket=11 modulus=29\\nstderr-tail: exit=1 signal=mtbench wave=2 token=67\\nTraining Phase 2/2...\\nMT-Bench evaluation for Phase 2...\\nSKIPPING: Training Phase 1/2; already in Journal\\nINTENTIONAL MT_BENCH FAILURE', exception=RuntimeError('generated failure wave-2-token-99'), exit_code=1)"}
2026-08-23 05:06:44.867 /testbed/scripts/phased_training_resume.py:123 scripts.phased_training_resume.assert_phase2_eval_started event=line locals={}
2026-08-23 05:06:44.867 /testbed/scripts/phased_training_resume.py:123 scripts.phased_training_resume.assert_phase2_eval_started event=return retval=None locals={'result': "namespace(output='wave-tag: corpus=blend shard=31 lane=7 parity=1 checksum=2903 residue=8\\nepoch-trace: phase=2 status=resume bucket=2 modulus=23\\nepoch-trace: eval=mtbench status=fail bucket=11 modulus=29\\nstderr-tail: exit=1 signal=mtbench wave=2 token=67\\nTraining Phase 2/2...\\nMT-Bench evaluation for Phase 2...\\nSKIPPING: Training Phase 1/2; already in Journal\\nINTENTIONAL MT_BENCH FAILURE', exception=RuntimeError('generated failure wave-2-token-99'), exit_code=1)"}
2026-08-23 05:06:44.867 /testbed/scripts/phased_training_resume.py:138 scripts.phased_training_resume.assert_phase2_resumed_and_eval_started event=line locals={}
2026-08-23 05:06:44.867 /testbed/scripts/phased_training_resume.py:126 scripts.phased_training_resume.assert_phase1_in_journal event=call locals={'result': "namespace(output='wave-tag: corpus=blend shard=31 lane=7 parity=1 checksum=2903 residue=8\\nepoch-trace: phase=2 status=resume bucket=2 modulus=23\\nepoch-trace: eval=mtbench status=fail bucket=11 modulus=29\\nstderr-tail: exit=1 signal=mtbench wave=2 token=67\\nTraining Phase 2/2...\\nMT-Bench evaluation for Phase 2...\\nSKIPPING: Training Phase 1/2; already in Journal\\nINTENTIONAL MT_BENCH FAILURE', exception=RuntimeError('generated failure wave-2-token-99'), exit_code=1)"}
2026-08-23 05:06:44.867 /testbed/scripts/phased_training_resume.py:127 scripts.phased_training_resume.assert_phase1_in_journal event=line locals={}
2026-08-23 05:06:44.867 /testbed/scripts/phased_training_resume.py:127 scripts.phased_training_resume.assert_phase1_in_journal event=return retval=None locals={'result': "namespace(output='wave-tag: corpus=blend shard=31 lane=7 parity=1 checksum=2903 residue=8\\nepoch-trace: phase=2 status=resume bucket=2 modulus=23\\nepoch-trace: eval=mtbench status=fail bucket=11 modulus=29\\nstderr-tail: exit=1 signal=mtbench wave=2 token=67\\nTraining Phase 2/2...\\nMT-Bench evaluation for Phase 2...\\nSKIPPING: Training Phase 1/2; already in Journal\\nINTENTIONAL MT_BENCH FAILURE', exception=RuntimeError('generated failure wave-2-token-99'), exit_code=1)"}
2026-08-23 05:06:44.867 /testbed/scripts/phased_training_resume.py:138 scripts.phased_training_resume.assert_phase2_resumed_and_eval_started event=return retval=None locals={'result': "namespace(output='wave-tag: corpus=blend shard=31 lane=7 parity=1 checksum=2903 residue=8\\nepoch-trace: phase=2 status=resume bucket=2 modulus=23\\nepoch-trace: eval=mtbench status=fail bucket=11 modulus=29\\nstderr-tail: exit=1 signal=mtbench wave=2 token=67\\nTraining Phase 2/2...\\nMT-Bench evaluation for Phase 2...\\nSKIPPING: Training Phase 1/2; already in Journal\\nINTENTIONAL MT_BENCH FAILURE', exception=RuntimeError('generated failure wave-2-token-99'), exit_code=1)"}
2026-08-23 05:06:44.867 /testbed/scripts/phased_training_resume.py:109 scripts.phased_training_resume.run_training_phase event=line locals={}
2026-08-23 05:06:44.867 /testbed/scripts/phased_training_resume.py:110 scripts.phased_training_resume.run_training_phase event=line locals={}
2026-08-23 05:06:44.867 /testbed/scripts/phased_training_resume.py:111 scripts.phased_training_resume.run_training_phase event=line locals={}
2026-08-23 05:06:44.867 /testbed/scripts/phased_training_resume.py:111 scripts.phased_training_resume.run_training_phase event=return retval=None locals={'cli_runner': '<testcase.TestPhasedTrainingResumeCalls.test_resume_sequence_with_generated_paths.<locals>.DeterministicCliRunner object at 0x7bac09c9c750>', 'config': "'/tmp/tmpsgoh697s/generated-config-shard-41-epoch-7.yaml'", 'expected_exit_code': '1', 'fail_on_mt_bench': 'True', 'fail_on_phase1': 'False', 'fail_on_phase2': 'False', 'knowledge_data_path': "'/tmp/tmpsgoh697s/skills-corpus-beta-sq231044-cb53361-ln45.jsonl'", 'phased_base_dir': "'/tmp/tmpsgoh697s/instructlab/phased-resume'", 'result': "namespace(output='wave-tag: corpus=blend shard=31 lane=7 parity=1 checksum=2903 residue=8\\nepoch-trace: phase=2 status=resume bucket=2 modulus=23\\nepoch-trace: eval=mtbench status=fail bucket=11 modulus=29\\nstderr-tail: exit=1 signal=mtbench wave=2 token=67\\nTraining Phase 2/2...\\nMT-Bench evaluation for Phase 2...\\nSKIPPING: Training Phase 1/2; already in Journal\\nINTENTIONAL MT_BENCH FAILURE', exception=RuntimeError('generated failure wave-2-token-99'), exit_code=1)", 'skills_data_path': "'/tmp/tmpsgoh697s/knowledge-corpus-alpha-sq127020-cb29241-ln28.jsonl'"}
2026-08-23 05:06:44.867 /testbed/scripts/phased_training_resume.py:43 scripts.phased_training_resume.run_training_phase event=call locals={'config': "'/tmp/tmpsgoh697s/generated-config-shard-41-epoch-7.yaml'", 'expected_exit_code': '0', 'fail_on_mt_bench': 'False', 'fail_on_phase1': 'False', 'fail_on_phase2': 'False', 'knowledge_data_path': "'/tmp/tmpsgoh697s/skills-corpus-beta-sq231044-cb53361-ln45.jsonl'", 'phased_base_dir': "'/tmp/tmpsgoh697s/instructlab/phased-resume'", 'skills_data_path': "'/tmp/tmpsgoh697s/knowledge-corpus-alpha-sq127020-cb29241-ln28.jsonl'"}
2026-08-23 05:06:44.867 /testbed/scripts/phased_training_resume.py:53 scripts.phased_training_resume.run_training_phase event=line locals={}
2026-08-23 05:06:44.867 /testbed/scripts/phased_training_resume.py:55 scripts.phased_training_resume.run_training_phase event=line locals={}
2026-08-23 05:06:44.867 /testbed/scripts/phased_training_resume.py:54 scripts.phased_training_resume.run_training_phase event=line locals={}
2026-08-23 05:06:44.867 /testbed/scripts/phased_training_resume.py:58 scripts.phased_training_resume.run_training_phase event=line locals={}
2026-08-23 05:06:44.867 /testbed/scripts/phased_training_resume.py:60 scripts.phased_training_resume.run_training_phase event=line locals={}
2026-08-23 05:06:44.867 /testbed/scripts/phased_training_resume.py:62 scripts.phased_training_resume.run_training_phase event=line locals={}
2026-08-23 05:06:44.867 /testbed/scripts/phased_training_resume.py:65 scripts.phased_training_resume.run_training_phase event=line locals={}
2026-08-23 05:06:44.867 /testbed/scripts/phased_training_resume.py:67 scripts.phased_training_resume.run_training_phase event=line locals={}
2026-08-23 05:06:44.867 /testbed/scripts/phased_training_resume.py:68 scripts.phased_training_resume.run_training_phase event=line locals={'cli_runner': '<testcase.TestPhasedTrainingResumeCalls.test_resume_sequence_with_generated_paths.<locals>.DeterministicCliRunner object at 0x7bac0ad7ed50>'}
2026-08-23 05:06:44.867 /testbed/scripts/phased_training_resume.py:69 scripts.phased_training_resume.run_training_phase event=line locals={}
2026-08-23 05:06:44.867 /testbed/scripts/phased_training_resume.py:70 scripts.phased_training_resume.run_training_phase event=line locals={}
2026-08-23 05:06:44.867 /testbed/scripts/phased_training_resume.py:72 scripts.phased_training_resume.run_training_phase event=line locals={}
2026-08-23 05:06:44.867 /testbed/scripts/phased_training_resume.py:73 scripts.phased_training_resume.run_training_phase event=line locals={}
2026-08-23 05:06:44.867 /testbed/scripts/phased_training_resume.py:74 scripts.phased_training_resume.run_training_phase event=line locals={}
2026-08-23 05:06:44.867 /testbed/scripts/phased_training_resume.py:75 scripts.phased_training_resume.run_training_phase event=line locals={}
2026-08-23 05:06:44.867 /testbed/scripts/phased_training_resume.py:76 scripts.phased_training_resume.run_training_phase event=line locals={}
2026-08-23 05:06:44.867 /testbed/scripts/phased_training_resume.py:77 scripts.phased_training_resume.run_training_phase event=line locals={}
2026-08-23 05:06:44.867 /testbed/scripts/phased_training_resume.py:78 scripts.phased_training_resume.run_training_phase event=line locals={}
2026-08-23 05:06:44.867 /testbed/scripts/phased_training_resume.py:79 scripts.phased_training_resume.run_training_phase event=line locals={}
2026-08-23 05:06:44.867 /testbed/scripts/phased_training_resume.py:80 scripts.phased_training_resume.run_training_phase event=line locals={}
2026-08-23 05:06:44.868 /testbed/scripts/phased_training_resume.py:81 scripts.phased_training_resume.run_training_phase event=line locals={}
2026-08-23 05:06:44.868 /testbed/scripts/phased_training_resume.py:82 scripts.phased_training_resume.run_training_phase event=line locals={}
2026-08-23 05:06:44.868 /testbed/scripts/phased_training_resume.py:83 scripts.phased_training_resume.run_training_phase event=line locals={}
2026-08-23 05:06:44.868 /testbed/scripts/phased_training_resume.py:84 scripts.phased_training_resume.run_training_phase event=line locals={}
2026-08-23 05:06:44.868 /testbed/scripts/phased_training_resume.py:85 scripts.phased_training_resume.run_training_phase event=line locals={}
2026-08-23 05:06:44.868 /testbed/scripts/phased_training_resume.py:86 scripts.phased_training_resume.run_training_phase event=line locals={}
2026-08-23 05:06:44.868 /testbed/scripts/phased_training_resume.py:87 scripts.phased_training_resume.run_training_phase event=line locals={}
2026-08-23 05:06:44.868 /testbed/scripts/phased_training_resume.py:88 scripts.phased_training_resume.run_training_phase event=line locals={}
2026-08-23 05:06:44.868 /testbed/scripts/phased_training_resume.py:89 scripts.phased_training_resume.run_training_phase event=line locals={}
2026-08-23 05:06:44.868 /testbed/scripts/phased_training_resume.py:90 scripts.phased_training_resume.run_training_phase event=line locals={}
2026-08-23 05:06:44.868 /testbed/scripts/phased_training_resume.py:71 scripts.phased_training_resume.run_training_phase event=line locals={}
2026-08-23 05:06:44.868 /testbed/scripts/phased_training_resume.py:69 scripts.phased_training_resume.run_training_phase event=line locals={}
2026-08-23 05:06:44.868 /testbed/scripts/phased_training_resume.py:68 scripts.phased_training_resume.run_training_phase event=line locals={'result': "namespace(output='wave-tag: corpus=final shard=41 lane=11 parity=0 checksum=3797 residue=13\\nepoch-trace: eval=mtbench status=ok bucket=13 modulus=31\\nepoch-trace: phase=2 status=skip bucket=17 modulus=37\\nstderr-tail: exit=0 signal=complete wave=3 token=97\\nMT-Bench evaluation for Phase 2...\\nSKIPPING: Training Phase 1/2; already in Journal\\nSKIPPING: Training Phase 2/2; already in Journal\\nᕦ(òᴗóˇ)ᕤ Accelerated model training completed successfully! ᕦ(òᴗóˇ)ᕤ\\nBest final checkpoint: generated-ch..."}
2026-08-23 05:06:44.868 /testbed/scripts/phased_training_resume.py:94 scripts.phased_training_resume.run_training_phase event=line locals={}
2026-08-23 05:06:44.868 /testbed/scripts/phased_training_resume.py:95 scripts.phased_training_resume.run_training_phase event=line locals={}
2026-08-23 05:06:44.868 /testbed/scripts/phased_training_resume.py:94 scripts.phased_training_resume.run_training_phase event=line locals={}
2026-08-23 05:06:44.868 /testbed/scripts/phased_training_resume.py:97 scripts.phased_training_resume.run_training_phase event=line locals={}
2026-08-23 05:06:44.868 /testbed/scripts/phased_training_resume.py:98 scripts.phased_training_resume.run_training_phase event=line locals={}
2026-08-23 05:06:44.868 /testbed/scripts/phased_training_resume.py:104 scripts.phased_training_resume.run_training_phase event=line locals={}
2026-08-23 05:06:44.868 /testbed/scripts/phased_training_resume.py:108 scripts.phased_training_resume.run_training_phase event=line locals={}
2026-08-23 05:06:44.868 /testbed/scripts/phased_training_resume.py:141 scripts.phased_training_resume.assert_completion_resumed event=call locals={'result': "namespace(output='wave-tag: corpus=final shard=41 lane=11 parity=0 checksum=3797 residue=13\\nepoch-trace: eval=mtbench status=ok bucket=13 modulus=31\\nepoch-trace: phase=2 status=skip bucket=17 modulus=37\\nstderr-tail: exit=0 signal=complete wave=3 token=97\\nMT-Bench evaluation for Phase 2...\\nSKIPPING: Training Phase 1/2; already in Journal\\nSKIPPING: Training Phase 2/2; already in Journal\\nᕦ(òᴗóˇ)ᕤ Accelerated model training completed successfully! ᕦ(òᴗóˇ)ᕤ\\nBest final checkpoint: generated-ch..."}
2026-08-23 05:06:44.868 /testbed/scripts/phased_training_resume.py:142 scripts.phased_training_resume.assert_completion_resumed event=line locals={}
2026-08-23 05:06:44.868 /testbed/scripts/phased_training_resume.py:122 scripts.phased_training_resume.assert_phase2_eval_started event=call locals={'result': "namespace(output='wave-tag: corpus=final shard=41 lane=11 parity=0 checksum=3797 residue=13\\nepoch-trace: eval=mtbench status=ok bucket=13 modulus=31\\nepoch-trace: phase=2 status=skip bucket=17 modulus=37\\nstderr-tail: exit=0 signal=complete wave=3 token=97\\nMT-Bench evaluation for Phase 2...\\nSKIPPING: Training Phase 1/2; already in Journal\\nSKIPPING: Training Phase 2/2; already in Journal\\nᕦ(òᴗóˇ)ᕤ Accelerated model training completed successfully! ᕦ(òᴗóˇ)ᕤ\\nBest final checkpoint: generated-ch..."}
2026-08-23 05:06:44.868 /testbed/scripts/phased_training_resume.py:123 scripts.phased_training_resume.assert_phase2_eval_started event=line locals={}
2026-08-23 05:06:44.868 /testbed/scripts/phased_training_resume.py:123 scripts.phased_training_resume.assert_phase2_eval_started event=return retval=None locals={'result': "namespace(output='wave-tag: corpus=final shard=41 lane=11 parity=0 checksum=3797 residue=13\\nepoch-trace: eval=mtbench status=ok bucket=13 modulus=31\\nepoch-trace: phase=2 status=skip bucket=17 modulus=37\\nstderr-tail: exit=0 signal=complete wave=3 token=97\\nMT-Bench evaluation for Phase 2...\\nSKIPPING: Training Phase 1/2; already in Journal\\nSKIPPING: Training Phase 2/2; already in Journal\\nᕦ(òᴗóˇ)ᕤ Accelerated model training completed successfully! ᕦ(òᴗóˇ)ᕤ\\nBest final checkpoint: generated-ch..."}
2026-08-23 05:06:44.868 /testbed/scripts/phased_training_resume.py:143 scripts.phased_training_resume.assert_completion_resumed event=line locals={}
2026-08-23 05:06:44.868 /testbed/scripts/phased_training_resume.py:126 scripts.phased_training_resume.assert_phase1_in_journal event=call locals={'result': "namespace(output='wave-tag: corpus=final shard=41 lane=11 parity=0 checksum=3797 residue=13\\nepoch-trace: eval=mtbench status=ok bucket=13 modulus=31\\nepoch-trace: phase=2 status=skip bucket=17 modulus=37\\nstderr-tail: exit=0 signal=complete wave=3 token=97\\nMT-Bench evaluation for Phase 2...\\nSKIPPING: Training Phase 1/2; already in Journal\\nSKIPPING: Training Phase 2/2; already in Journal\\nᕦ(òᴗóˇ)ᕤ Accelerated model training completed successfully! ᕦ(òᴗóˇ)ᕤ\\nBest final checkpoint: generated-ch..."}
2026-08-23 05:06:44.868 /testbed/scripts/phased_training_resume.py:127 scripts.phased_training_resume.assert_phase1_in_journal event=line locals={}
2026-08-23 05:06:44.868 /testbed/scripts/phased_training_resume.py:127 scripts.phased_training_resume.assert_phase1_in_journal event=return retval=None locals={'result': "namespace(output='wave-tag: corpus=final shard=41 lane=11 parity=0 checksum=3797 residue=13\\nepoch-trace: eval=mtbench status=ok bucket=13 modulus=31\\nepoch-trace: phase=2 status=skip bucket=17 modulus=37\\nstderr-tail: exit=0 signal=complete wave=3 token=97\\nMT-Bench evaluation for Phase 2...\\nSKIPPING: Training Phase 1/2; already in Journal\\nSKIPPING: Training Phase 2/2; already in Journal\\nᕦ(òᴗóˇ)ᕤ Accelerated model training completed successfully! ᕦ(òᴗóˇ)ᕤ\\nBest final checkpoint: generated-ch..."}
2026-08-23 05:06:44.868 /testbed/scripts/phased_training_resume.py:144 scripts.phased_training_resume.assert_completion_resumed event=line locals={}
2026-08-23 05:06:44.868 /testbed/scripts/phased_training_resume.py:146 scripts.phased_training_resume.assert_completion_resumed event=line locals={}
2026-08-23 05:06:44.868 /testbed/scripts/phased_training_resume.py:147 scripts.phased_training_resume.assert_completion_resumed event=line locals={}
2026-08-23 05:06:44.868 /testbed/scripts/phased_training_resume.py:146 scripts.phased_training_resume.assert_completion_resumed event=line locals={}
2026-08-23 05:06:44.868 /testbed/scripts/phased_training_resume.py:149 scripts.phased_training_resume.assert_completion_resumed event=line locals={}
2026-08-23 05:06:44.868 /testbed/scripts/phased_training_resume.py:149 scripts.phased_training_resume.assert_completion_resumed event=return retval=None locals={'result': "namespace(output='wave-tag: corpus=final shard=41 lane=11 parity=0 checksum=3797 residue=13\\nepoch-trace: eval=mtbench status=ok bucket=13 modulus=31\\nepoch-trace: phase=2 status=skip bucket=17 modulus=37\\nstderr-tail: exit=0 signal=complete wave=3 token=97\\nMT-Bench evaluation for Phase 2...\\nSKIPPING: Training Phase 1/2; already in Journal\\nSKIPPING: Training Phase 2/2; already in Journal\\nᕦ(òᴗóˇ)ᕤ Accelerated model training completed successfully! ᕦ(òᴗóˇ)ᕤ\\nBest final checkpoint: generated-ch..."}
2026-08-23 05:06:44.868 /testbed/scripts/phased_training_resume.py:109 scripts.phased_training_resume.run_training_phase event=line locals={}
2026-08-23 05:06:44.868 /testbed/scripts/phased_training_resume.py:111 scripts.phased_training_resume.run_training_phase event=line locals={}
2026-08-23 05:06:44.868 /testbed/scripts/phased_training_resume.py:111 scripts.phased_training_resume.run_training_phase event=return retval=None locals={'cli_runner': '<testcase.TestPhasedTrainingResumeCalls.test_resume_sequence_with_generated_paths.<locals>.DeterministicCliRunner object at 0x7bac0ad7ed50>', 'config': "'/tmp/tmpsgoh697s/generated-config-shard-41-epoch-7.yaml'", 'expected_exit_code': '0', 'fail_on_mt_bench': 'False', 'fail_on_phase1': 'False', 'fail_on_phase2': 'False', 'knowledge_data_path': "'/tmp/tmpsgoh697s/skills-corpus-beta-sq231044-cb53361-ln45.jsonl'", 'phased_base_dir': "'/tmp/tmpsgoh697s/instructlab/phased-resume'", 'result': "namespace(output='wave-tag: corpus=final shard=41 lane=11 parity=0 checksum=3797 residue=13\\nepoch-trace: eval=mtbench status=ok bucket=13 modulus=31\\nepoch-trace: phase=2 status=skip bucket=17 modulus=37\\nstderr-tail: exit=0 signal=complete wave=3 token=97\\nMT-Bench evaluation for Phase 2...\\nSKIPPING: Training Phase 1/2; already in Journal\\nSKIPPING: Training Phase 2/2; already in Journal\\nᕦ(òᴗóˇ)ᕤ Accelerated model training completed successfully! ᕦ(òᴗóˇ)ᕤ\\nBest final checkpoint: generated-ch...", 'skills_data_path': "'/tmp/tmpsgoh697s/knowledge-corpus-alpha-sq127020-cb29241-ln28.jsonl'"}
