{
  "value_history": [
    {
      "step": 1,
      "value": "355"
    },
    {
      "step": 2,
      "value": "722"
    },
    {
      "step": 3,
      "value": "1098"
    },
    {
      "step": 4,
      "value": "1490"
    },
    {
      "step": 5,
      "value": "1890"
    },
    {
      "step": 6,
      "value": "2298"
    },
    {
      "step": 7,
      "value": "2720"
    },
    {
      "step": 8,
      "value": "3074"
    },
    {
      "step": 9,
      "value": "3444"
    },
    {
      "step": 10,
      "value": "3822"
    },
    {
      "step": 11,
      "value": "4211"
    },
    {
      "step": 12,
      "value": "4614"
    },
    {
      "step": 13,
      "value": "5026"
    },
    {
      "step": 14,
      "value": "5450"
    },
    {
      "step": 15,
      "value": "5808"
    },
    {
      "step": 16,
      "value": "6174"
    },
    {
      "step": 17,
      "value": "6553"
    },
    {
      "step": 18,
      "value": "6941"
    },
    {
      "step": 19,
      "value": "7343"
    },
    {
      "step": 20,
      "value": "7754"
    },
    {
      "step": 21,
      "value": "8174"
    },
    {
      "step": 22,
      "value": "359"
    },
    {
      "step": 23,
      "value": "727"
    },
    {
      "step": 24,
      "value": "1107"
    },
    {
      "step": 25,
      "value": "1498"
    },
    {
      "step": 26,
      "value": "1896"
    },
    {
      "step": 27,
      "value": "2310"
    },
    {
      "step": 28,
      "value": "2733"
    },
    {
      "step": 29,
      "value": "3093"
    },
    {
      "step": 30,
      "value": "3462"
    }
  ]
}
