2026-08-22 22:36:12.308 [TRACE][START] pid=47 TRACE_OUT='/testbed/logs/kedro_qa/ipython_resolve_project_path_m1_cfg__pert_llm_s0/trace.log' TRACE_FILE='kedro/ipython/__init__.py' TRACE_FUNCS=['kedro.ipython._resolve_project_path'] TRACE_EVENTS=['call', 'exception', 'line', 'return']
2026-08-22 22:36:12.343 /testbed/kedro/ipython/__init__.py:156 kedro.ipython._resolve_project_path event=call locals={'local_namespace': 'None', 'path': "'/tmp/kedro_qa_m1_hard_variant_0x_97oj35k8/warehouse/tier-1/deploy/link_alpha/../link_alpha'"}
2026-08-22 22:36:12.343 /testbed/kedro/ipython/__init__.py:168 kedro.ipython._resolve_project_path event=line locals={}
2026-08-22 22:36:12.343 /testbed/kedro/ipython/__init__.py:169 kedro.ipython._resolve_project_path event=line locals={}
2026-08-22 22:36:12.344 /testbed/kedro/ipython/__init__.py:187 kedro.ipython._resolve_project_path event=line locals={'project_path': "PosixPath('/tmp/kedro_qa_m1_hard_variant_0x_97oj35k8/warehouse/tier-1/deploy/actual_alpha')"}
2026-08-22 22:36:12.344 /testbed/kedro/ipython/__init__.py:186 kedro.ipython._resolve_project_path event=line locals={}
2026-08-22 22:36:12.344 /testbed/kedro/ipython/__init__.py:188 kedro.ipython._resolve_project_path event=line locals={}
2026-08-22 22:36:12.344 /testbed/kedro/ipython/__init__.py:186 kedro.ipython._resolve_project_path event=line locals={}
2026-08-22 22:36:12.344 /testbed/kedro/ipython/__init__.py:195 kedro.ipython._resolve_project_path event=line locals={}
2026-08-22 22:36:12.344 /testbed/kedro/ipython/__init__.py:195 kedro.ipython._resolve_project_path event=return retval=PosixPath('/tmp/kedro_qa_m1_hard_variant_0x_97oj35k8/warehouse/tier-1/deploy/actual_alpha') locals={'local_namespace': 'None', 'path': "'/tmp/kedro_qa_m1_hard_variant_0x_97oj35k8/warehouse/tier-1/deploy/link_alpha/../link_alpha'", 'project_path': "PosixPath('/tmp/kedro_qa_m1_hard_variant_0x_97oj35k8/warehouse/tier-1/deploy/actual_alpha')"}
2026-08-22 22:36:12.447 /testbed/kedro/ipython/__init__.py:156 kedro.ipython._resolve_project_path event=call locals={'local_namespace': "{'context': <testcase._FakeContext object at 0x751ce3e80ee0>, 'catalog': <object object at 0x751ce4007340>, '_ipython_kernel_initialization': False, 'pipelines': {'__default__': (), 'ingest': (1, 2, 3)}}", 'path': "'/tmp/kedro_qa_m1_hard_variant_0x_97oj35k8/warehouse/tier-1/deploy/beta_staging/proj_b/'"}
2026-08-22 22:36:12.447 /testbed/kedro/ipython/__init__.py:168 kedro.ipython._resolve_project_path event=line locals={}
2026-08-22 22:36:12.447 /testbed/kedro/ipython/__init__.py:169 kedro.ipython._resolve_project_path event=line locals={}
2026-08-22 22:36:12.449 /testbed/kedro/ipython/__init__.py:187 kedro.ipython._resolve_project_path event=line locals={'project_path': "PosixPath('/tmp/kedro_qa_m1_hard_variant_0x_97oj35k8/warehouse/tier-1/deploy/beta_staging/proj_b')"}
2026-08-22 22:36:12.449 /testbed/kedro/ipython/__init__.py:186 kedro.ipython._resolve_project_path event=line locals={}
2026-08-22 22:36:12.449 /testbed/kedro/ipython/__init__.py:188 kedro.ipython._resolve_project_path event=line locals={}
2026-08-22 22:36:12.449 /testbed/kedro/ipython/__init__.py:186 kedro.ipython._resolve_project_path event=line locals={}
2026-08-22 22:36:12.449 /testbed/kedro/ipython/__init__.py:189 kedro.ipython._resolve_project_path event=line locals={}
2026-08-22 22:36:12.449 /testbed/kedro/ipython/__init__.py:186 kedro.ipython._resolve_project_path event=line locals={}
2026-08-22 22:36:12.449 /testbed/kedro/ipython/__init__.py:190 kedro.ipython._resolve_project_path event=line locals={}
2026-08-22 22:36:12.449 /testbed/kedro/ipython/__init__.py:186 kedro.ipython._resolve_project_path event=line locals={}
2026-08-22 22:36:12.449 /testbed/kedro/ipython/__init__.py:191 kedro.ipython._resolve_project_path event=line locals={}
2026-08-22 22:36:12.449 /testbed/kedro/ipython/__init__.py:186 kedro.ipython._resolve_project_path event=line locals={}
2026-08-22 22:36:12.449 /testbed/kedro/ipython/__init__.py:193 kedro.ipython._resolve_project_path event=line locals={}
2026-08-22 22:36:12.478 /testbed/kedro/ipython/__init__.py:195 kedro.ipython._resolve_project_path event=line locals={}
2026-08-22 22:36:12.478 /testbed/kedro/ipython/__init__.py:195 kedro.ipython._resolve_project_path event=return retval=PosixPath('/tmp/kedro_qa_m1_hard_variant_0x_97oj35k8/warehouse/tier-1/deploy/beta_staging/proj_b') locals={'local_namespace': "{'context': <testcase._FakeContext object at 0x751ce3e80ee0>, 'catalog': <object object at 0x751ce4007340>, '_ipython_kernel_initialization': False, 'pipelines': {'__default__': (), 'ingest': (1, 2, 3)}}", 'path': "'/tmp/kedro_qa_m1_hard_variant_0x_97oj35k8/warehouse/tier-1/deploy/beta_staging/proj_b/'", 'project_path': "PosixPath('/tmp/kedro_qa_m1_hard_variant_0x_97oj35k8/warehouse/tier-1/deploy/beta_staging/proj_b')"}
2026-08-22 22:36:12.545 /testbed/kedro/ipython/__init__.py:156 kedro.ipython._resolve_project_path event=call locals={'local_namespace': "{'context': <testcase._FakeContext object at 0x751ce3e06250>, 'session': <testcase._FakeContext object at 0x751ce3e06880>, 'extra_paths': [PosixPath('/tmp/kedro_qa_m1_hard_variant_0x_97oj35k8/discovered/discovered/kedro_link'), PosixPath('/tmp/kedro_qa_m1_hard_variant_0x_97oj35k8/warehouse/tier-1/deploy/beta_staging/proj_b'), PosixPath('/tmp/kedro_qa_m1_hard_variant_0x_97oj35k8/warehouse/tier-1/deploy/actual_alpha'), PosixPath('/tmp/kedro_qa_m1_hard_variant_0x_97oj35k8')]}", 'path': "'/tmp/kedro_qa_m1_hard_variant_0x_97oj35k8/warehouse/tier-1/deploy/link_alpha/../link_alpha'"}
2026-08-22 22:36:12.545 /testbed/kedro/ipython/__init__.py:168 kedro.ipython._resolve_project_path event=line locals={}
2026-08-22 22:36:12.545 /testbed/kedro/ipython/__init__.py:169 kedro.ipython._resolve_project_path event=line locals={}
2026-08-22 22:36:12.546 /testbed/kedro/ipython/__init__.py:187 kedro.ipython._resolve_project_path event=line locals={'project_path': "PosixPath('/tmp/kedro_qa_m1_hard_variant_0x_97oj35k8/warehouse/tier-1/deploy/actual_alpha')"}
2026-08-22 22:36:12.546 /testbed/kedro/ipython/__init__.py:186 kedro.ipython._resolve_project_path event=line locals={}
2026-08-22 22:36:12.546 /testbed/kedro/ipython/__init__.py:188 kedro.ipython._resolve_project_path event=line locals={}
2026-08-22 22:36:12.546 /testbed/kedro/ipython/__init__.py:186 kedro.ipython._resolve_project_path event=line locals={}
2026-08-22 22:36:12.547 /testbed/kedro/ipython/__init__.py:189 kedro.ipython._resolve_project_path event=line locals={}
2026-08-22 22:36:12.547 /testbed/kedro/ipython/__init__.py:186 kedro.ipython._resolve_project_path event=line locals={}
2026-08-22 22:36:12.547 /testbed/kedro/ipython/__init__.py:190 kedro.ipython._resolve_project_path event=line locals={}
2026-08-22 22:36:12.547 /testbed/kedro/ipython/__init__.py:186 kedro.ipython._resolve_project_path event=line locals={}
2026-08-22 22:36:12.547 /testbed/kedro/ipython/__init__.py:191 kedro.ipython._resolve_project_path event=line locals={}
2026-08-22 22:36:12.547 /testbed/kedro/ipython/__init__.py:186 kedro.ipython._resolve_project_path event=line locals={}
2026-08-22 22:36:12.547 /testbed/kedro/ipython/__init__.py:193 kedro.ipython._resolve_project_path event=line locals={}
2026-08-22 22:36:12.574 /testbed/kedro/ipython/__init__.py:195 kedro.ipython._resolve_project_path event=line locals={}
2026-08-22 22:36:12.574 /testbed/kedro/ipython/__init__.py:195 kedro.ipython._resolve_project_path event=return retval=PosixPath('/tmp/kedro_qa_m1_hard_variant_0x_97oj35k8/warehouse/tier-1/deploy/actual_alpha') locals={'local_namespace': "{'context': <testcase._FakeContext object at 0x751ce3e06250>, 'session': <testcase._FakeContext object at 0x751ce3e06880>, 'extra_paths': [PosixPath('/tmp/kedro_qa_m1_hard_variant_0x_97oj35k8/discovered/discovered/kedro_link'), PosixPath('/tmp/kedro_qa_m1_hard_variant_0x_97oj35k8/warehouse/tier-1/deploy/beta_staging/proj_b'), PosixPath('/tmp/kedro_qa_m1_hard_variant_0x_97oj35k8/warehouse/tier-1/deploy/actual_alpha'), PosixPath('/tmp/kedro_qa_m1_hard_variant_0x_97oj35k8')]}", 'path': "'/tmp/kedro_qa_m1_hard_variant_0x_97oj35k8/warehouse/tier-1/deploy/link_alpha/../link_alpha'", 'project_path': "PosixPath('/tmp/kedro_qa_m1_hard_variant_0x_97oj35k8/warehouse/tier-1/deploy/actual_alpha')"}
2026-08-22 22:36:12.633 /testbed/kedro/ipython/__init__.py:156 kedro.ipython._resolve_project_path event=call locals={'local_namespace': "{'context': <testcase._FakeContext object at 0x751ce3e80ee0>, 'catalog': <object object at 0x751ce4007340>, '_ipython_kernel_initialization': False, 'pipelines': {'__default__': (), 'ingest': (1, 2, 3)}}", 'path': 'None'}
2026-08-22 22:36:12.633 /testbed/kedro/ipython/__init__.py:168 kedro.ipython._resolve_project_path event=line locals={}
2026-08-22 22:36:12.633 /testbed/kedro/ipython/__init__.py:172 kedro.ipython._resolve_project_path event=line locals={}
2026-08-22 22:36:12.633 /testbed/kedro/ipython/__init__.py:171 kedro.ipython._resolve_project_path event=line locals={}
2026-08-22 22:36:12.633 /testbed/kedro/ipython/__init__.py:173 kedro.ipython._resolve_project_path event=line locals={}
2026-08-22 22:36:12.633 /testbed/kedro/ipython/__init__.py:171 kedro.ipython._resolve_project_path event=line locals={}
2026-08-22 22:36:12.633 /testbed/kedro/ipython/__init__.py:174 kedro.ipython._resolve_project_path event=line locals={}
2026-08-22 22:36:12.633 /testbed/kedro/ipython/__init__.py:171 kedro.ipython._resolve_project_path event=line locals={}
2026-08-22 22:36:12.633 /testbed/kedro/ipython/__init__.py:176 kedro.ipython._resolve_project_path event=line locals={}
2026-08-22 22:36:12.633 /testbed/kedro/ipython/__init__.py:179 kedro.ipython._resolve_project_path event=line locals={'project_path': "PosixPath('/tmp/kedro_qa_m1_hard_variant_0x_97oj35k8/warehouse/tier-1/deploy/actual_alpha')"}
2026-08-22 22:36:12.633 /testbed/kedro/ipython/__init__.py:180 kedro.ipython._resolve_project_path event=line locals={}
2026-08-22 22:36:12.633 /testbed/kedro/ipython/__init__.py:181 kedro.ipython._resolve_project_path event=line locals={}
2026-08-22 22:36:12.633 /testbed/kedro/ipython/__init__.py:183 kedro.ipython._resolve_project_path event=line locals={}
2026-08-22 22:36:12.633 /testbed/kedro/ipython/__init__.py:180 kedro.ipython._resolve_project_path event=line locals={}
2026-08-22 22:36:12.668 /testbed/kedro/ipython/__init__.py:187 kedro.ipython._resolve_project_path event=line locals={}
2026-08-22 22:36:12.668 /testbed/kedro/ipython/__init__.py:186 kedro.ipython._resolve_project_path event=line locals={}
2026-08-22 22:36:12.668 /testbed/kedro/ipython/__init__.py:188 kedro.ipython._resolve_project_path event=line locals={}
2026-08-22 22:36:12.668 /testbed/kedro/ipython/__init__.py:186 kedro.ipython._resolve_project_path event=line locals={}
2026-08-22 22:36:12.668 /testbed/kedro/ipython/__init__.py:189 kedro.ipython._resolve_project_path event=line locals={}
2026-08-22 22:36:12.668 /testbed/kedro/ipython/__init__.py:186 kedro.ipython._resolve_project_path event=line locals={}
2026-08-22 22:36:12.668 /testbed/kedro/ipython/__init__.py:190 kedro.ipython._resolve_project_path event=line locals={}
2026-08-22 22:36:12.668 /testbed/kedro/ipython/__init__.py:186 kedro.ipython._resolve_project_path event=line locals={}
2026-08-22 22:36:12.668 /testbed/kedro/ipython/__init__.py:191 kedro.ipython._resolve_project_path event=line locals={}
2026-08-22 22:36:12.668 /testbed/kedro/ipython/__init__.py:186 kedro.ipython._resolve_project_path event=line locals={}
2026-08-22 22:36:12.668 /testbed/kedro/ipython/__init__.py:195 kedro.ipython._resolve_project_path event=line locals={}
2026-08-22 22:36:12.668 /testbed/kedro/ipython/__init__.py:195 kedro.ipython._resolve_project_path event=return retval=PosixPath('/tmp/kedro_qa_m1_hard_variant_0x_97oj35k8/warehouse/tier-1/deploy/actual_alpha') locals={'local_namespace': "{'context': <testcase._FakeContext object at 0x751ce3e80ee0>, 'catalog': <object object at 0x751ce4007340>, '_ipython_kernel_initialization': False, 'pipelines': {'__default__': (), 'ingest': (1, 2, 3)}}", 'path': 'None', 'project_path': "PosixPath('/tmp/kedro_qa_m1_hard_variant_0x_97oj35k8/warehouse/tier-1/deploy/actual_alpha')"}
2026-08-22 22:36:12.730 /testbed/kedro/ipython/__init__.py:156 kedro.ipython._resolve_project_path event=call locals={'local_namespace': "{'context': <testcase.BareContext object at 0x751ce3e25130>, 'init_kedro': 0, 'spark': None}", 'path': 'None'}
2026-08-22 22:36:12.730 /testbed/kedro/ipython/__init__.py:168 kedro.ipython._resolve_project_path event=line locals={}
2026-08-22 22:36:12.730 /testbed/kedro/ipython/__init__.py:172 kedro.ipython._resolve_project_path event=line locals={}
2026-08-22 22:36:12.730 /testbed/kedro/ipython/__init__.py:171 kedro.ipython._resolve_project_path event=line locals={}
2026-08-22 22:36:12.730 /testbed/kedro/ipython/__init__.py:173 kedro.ipython._resolve_project_path event=line locals={}
2026-08-22 22:36:12.730 /testbed/kedro/ipython/__init__.py:171 kedro.ipython._resolve_project_path event=line locals={}
2026-08-22 22:36:12.730 /testbed/kedro/ipython/__init__.py:174 kedro.ipython._resolve_project_path event=line locals={}
2026-08-22 22:36:12.730 /testbed/kedro/ipython/__init__.py:171 kedro.ipython._resolve_project_path event=line locals={}
2026-08-22 22:36:12.730 /testbed/kedro/ipython/__init__.py:178 kedro.ipython._resolve_project_path event=line locals={}
2026-08-22 22:36:12.731 /testbed/kedro/ipython/__init__.py:179 kedro.ipython._resolve_project_path event=line locals={'project_path': "PosixPath('/tmp/kedro_qa_m1_hard_variant_0x_97oj35k8/discovered/kedro_link/../discovered/kedro_link')"}
2026-08-22 22:36:12.731 /testbed/kedro/ipython/__init__.py:180 kedro.ipython._resolve_project_path event=line locals={}
2026-08-22 22:36:12.731 /testbed/kedro/ipython/__init__.py:181 kedro.ipython._resolve_project_path event=line locals={}
2026-08-22 22:36:12.731 /testbed/kedro/ipython/__init__.py:183 kedro.ipython._resolve_project_path event=line locals={}
2026-08-22 22:36:12.731 /testbed/kedro/ipython/__init__.py:180 kedro.ipython._resolve_project_path event=line locals={}
2026-08-22 22:36:12.764 /testbed/kedro/ipython/__init__.py:187 kedro.ipython._resolve_project_path event=line locals={}
2026-08-22 22:36:12.764 /testbed/kedro/ipython/__init__.py:186 kedro.ipython._resolve_project_path event=line locals={}
2026-08-22 22:36:12.764 /testbed/kedro/ipython/__init__.py:188 kedro.ipython._resolve_project_path event=line locals={}
2026-08-22 22:36:12.764 /testbed/kedro/ipython/__init__.py:186 kedro.ipython._resolve_project_path event=line locals={}
2026-08-22 22:36:12.764 /testbed/kedro/ipython/__init__.py:189 kedro.ipython._resolve_project_path event=line locals={}
2026-08-22 22:36:12.764 /testbed/kedro/ipython/__init__.py:186 kedro.ipython._resolve_project_path event=line locals={}
2026-08-22 22:36:12.764 /testbed/kedro/ipython/__init__.py:190 kedro.ipython._resolve_project_path event=line locals={}
2026-08-22 22:36:12.764 /testbed/kedro/ipython/__init__.py:186 kedro.ipython._resolve_project_path event=line locals={}
2026-08-22 22:36:12.764 /testbed/kedro/ipython/__init__.py:195 kedro.ipython._resolve_project_path event=line locals={}
2026-08-22 22:36:12.764 /testbed/kedro/ipython/__init__.py:195 kedro.ipython._resolve_project_path event=return retval=PosixPath('/tmp/kedro_qa_m1_hard_variant_0x_97oj35k8/discovered/kedro_link/../discovered/kedro_link') locals={'local_namespace': "{'context': <testcase.BareContext object at 0x751ce3e25130>, 'init_kedro': 0, 'spark': None}", 'path': 'None', 'project_path': "PosixPath('/tmp/kedro_qa_m1_hard_variant_0x_97oj35k8/discovered/kedro_link/../discovered/kedro_link')"}
2026-08-22 22:36:12.826 /testbed/kedro/ipython/__init__.py:156 kedro.ipython._resolve_project_path event=call locals={'local_namespace': 'None', 'path': 'None'}
2026-08-22 22:36:12.826 /testbed/kedro/ipython/__init__.py:168 kedro.ipython._resolve_project_path event=line locals={}
2026-08-22 22:36:12.826 /testbed/kedro/ipython/__init__.py:172 kedro.ipython._resolve_project_path event=line locals={}
2026-08-22 22:36:12.826 /testbed/kedro/ipython/__init__.py:171 kedro.ipython._resolve_project_path event=line locals={}
2026-08-22 22:36:12.826 /testbed/kedro/ipython/__init__.py:178 kedro.ipython._resolve_project_path event=line locals={}
2026-08-22 22:36:12.827 /testbed/kedro/ipython/__init__.py:179 kedro.ipython._resolve_project_path event=line locals={'project_path': "PosixPath('/tmp/kedro_qa_m1_hard_variant_0x_97oj35k8/orphan_discovery/deep/leaf')"}
2026-08-22 22:36:12.827 /testbed/kedro/ipython/__init__.py:180 kedro.ipython._resolve_project_path event=line locals={}
2026-08-22 22:36:12.827 /testbed/kedro/ipython/__init__.py:181 kedro.ipython._resolve_project_path event=line locals={}
2026-08-22 22:36:12.827 /testbed/kedro/ipython/__init__.py:183 kedro.ipython._resolve_project_path event=line locals={}
2026-08-22 22:36:12.827 /testbed/kedro/ipython/__init__.py:180 kedro.ipython._resolve_project_path event=line locals={}
2026-08-22 22:36:12.858 /testbed/kedro/ipython/__init__.py:187 kedro.ipython._resolve_project_path event=line locals={}
2026-08-22 22:36:12.858 /testbed/kedro/ipython/__init__.py:186 kedro.ipython._resolve_project_path event=line locals={}
2026-08-22 22:36:12.858 /testbed/kedro/ipython/__init__.py:188 kedro.ipython._resolve_project_path event=line locals={}
2026-08-22 22:36:12.858 /testbed/kedro/ipython/__init__.py:186 kedro.ipython._resolve_project_path event=line locals={}
2026-08-22 22:36:12.858 /testbed/kedro/ipython/__init__.py:195 kedro.ipython._resolve_project_path event=line locals={}
2026-08-22 22:36:12.858 /testbed/kedro/ipython/__init__.py:195 kedro.ipython._resolve_project_path event=return retval=PosixPath('/tmp/kedro_qa_m1_hard_variant_0x_97oj35k8/orphan_discovery/deep/leaf') locals={'local_namespace': 'None', 'path': 'None', 'project_path': "PosixPath('/tmp/kedro_qa_m1_hard_variant_0x_97oj35k8/orphan_discovery/deep/leaf')"}
