2026-07-15 04:13:16.430 [TRACE][START] pid=47 TRACE_OUT='/testbed/logs/llama_factory_qa/loader_load_single_dataset_s1_cfg/trace.log' TRACE_FILE='src/llamafactory/data/loader.py' TRACE_FUNCS=['_load_single_dataset'] TRACE_EVENTS=['call', 'exception', 'line', 'return']
2026-07-15 04:13:16.445 /testbed/src/llamafactory/data/loader.py:51 src.llamafactory.data.loader._load_single_dataset event=call locals={'data_args': "namespace(dataset_dir='/tmp/loader_s1_cfg_fxe4zz1e/datasets', streaming=False, preprocessing_num_workers=1, max_samples=None)", 'dataset_attr': 'single.json', 'model_args': 'namespace(cache_dir=None, hf_hub_token=None, trust_remote_code=False, ms_hub_token=None, om_hub_token=None)', 'training_args': 'namespace(dataloader_num_workers=2)'}
2026-07-15 04:13:16.445 /testbed/src/llamafactory/data/loader.py:58 src.llamafactory.data.loader._load_single_dataset event=line locals={}
2026-07-15 04:13:16.446 /testbed/src/llamafactory/data/loader.py:59 src.llamafactory.data.loader._load_single_dataset event=line locals={}
2026-07-15 04:13:16.446 /testbed/src/llamafactory/data/loader.py:60 src.llamafactory.data.loader._load_single_dataset event=line locals={'data_dir': 'None', 'data_files': 'None', 'data_name': 'None', 'data_path': 'None'}
2026-07-15 04:13:16.446 /testbed/src/llamafactory/data/loader.py:65 src.llamafactory.data.loader._load_single_dataset event=line locals={}
2026-07-15 04:13:16.446 /testbed/src/llamafactory/data/loader.py:70 src.llamafactory.data.loader._load_single_dataset event=line locals={}
2026-07-15 04:13:16.446 /testbed/src/llamafactory/data/loader.py:71 src.llamafactory.data.loader._load_single_dataset event=line locals={}
2026-07-15 04:13:16.446 /testbed/src/llamafactory/data/loader.py:72 src.llamafactory.data.loader._load_single_dataset event=line locals={'data_files': '[]'}
2026-07-15 04:13:16.446 /testbed/src/llamafactory/data/loader.py:73 src.llamafactory.data.loader._load_single_dataset event=line locals={'local_path': "'/tmp/loader_s1_cfg_fxe4zz1e/datasets/single.json'"}
2026-07-15 04:13:16.446 /testbed/src/llamafactory/data/loader.py:76 src.llamafactory.data.loader._load_single_dataset event=line locals={}
2026-07-15 04:13:16.446 /testbed/src/llamafactory/data/loader.py:77 src.llamafactory.data.loader._load_single_dataset event=line locals={}
2026-07-15 04:13:16.446 /testbed/src/llamafactory/data/loader.py:81 src.llamafactory.data.loader._load_single_dataset event=line locals={'data_files': "['/tmp/loader_s1_cfg_fxe4zz1e/datasets/single.json']"}
2026-07-15 04:13:16.446 /testbed/src/llamafactory/data/loader.py:82 src.llamafactory.data.loader._load_single_dataset event=line locals={'data_path': "'json'"}
2026-07-15 04:13:16.446 /testbed/src/llamafactory/data/loader.py:85 src.llamafactory.data.loader._load_single_dataset event=line locals={}
2026-07-15 04:13:16.446 /testbed/src/llamafactory/data/loader.py:90 src.llamafactory.data.loader._load_single_dataset event=line locals={}
2026-07-15 04:13:16.446 /testbed/src/llamafactory/data/loader.py:109 src.llamafactory.data.loader._load_single_dataset event=line locals={}
2026-07-15 04:13:16.446 /testbed/src/llamafactory/data/loader.py:126 src.llamafactory.data.loader._load_single_dataset event=line locals={}
2026-07-15 04:13:16.446 /testbed/src/llamafactory/data/loader.py:127 src.llamafactory.data.loader._load_single_dataset event=line locals={}
2026-07-15 04:13:16.446 /testbed/src/llamafactory/data/loader.py:128 src.llamafactory.data.loader._load_single_dataset event=line locals={}
2026-07-15 04:13:16.446 /testbed/src/llamafactory/data/loader.py:129 src.llamafactory.data.loader._load_single_dataset event=line locals={}
2026-07-15 04:13:16.446 /testbed/src/llamafactory/data/loader.py:130 src.llamafactory.data.loader._load_single_dataset event=line locals={}
2026-07-15 04:13:16.446 /testbed/src/llamafactory/data/loader.py:131 src.llamafactory.data.loader._load_single_dataset event=line locals={}
2026-07-15 04:13:16.446 /testbed/src/llamafactory/data/loader.py:132 src.llamafactory.data.loader._load_single_dataset event=line locals={}
2026-07-15 04:13:16.446 /testbed/src/llamafactory/data/loader.py:133 src.llamafactory.data.loader._load_single_dataset event=line locals={}
2026-07-15 04:13:16.446 /testbed/src/llamafactory/data/loader.py:134 src.llamafactory.data.loader._load_single_dataset event=line locals={}
2026-07-15 04:13:16.446 /testbed/src/llamafactory/data/loader.py:135 src.llamafactory.data.loader._load_single_dataset event=line locals={}
2026-07-15 04:13:16.446 /testbed/src/llamafactory/data/loader.py:136 src.llamafactory.data.loader._load_single_dataset event=line locals={}
2026-07-15 04:13:16.446 /testbed/src/llamafactory/data/loader.py:126 src.llamafactory.data.loader._load_single_dataset event=line locals={}
2026-07-15 04:13:16.446 /testbed/src/llamafactory/data/loader.py:138 src.llamafactory.data.loader._load_single_dataset event=line locals={'dataset': '<testcase.FakeDataset object at 0x75d78aba7190>'}
2026-07-15 04:13:16.446 /testbed/src/llamafactory/data/loader.py:141 src.llamafactory.data.loader._load_single_dataset event=line locals={}
2026-07-15 04:13:16.447 /testbed/src/llamafactory/data/loader.py:153 src.llamafactory.data.loader._load_single_dataset event=line locals={}
2026-07-15 04:13:16.447 /testbed/src/llamafactory/data/loader.py:157 src.llamafactory.data.loader._load_single_dataset event=line locals={}
2026-07-15 04:13:16.447 /testbed/src/llamafactory/data/loader.py:157 src.llamafactory.data.loader._load_single_dataset event=return retval=<testcase.FakeDataset object at 0x75d78aba7190> locals={'data_args': "namespace(dataset_dir='/tmp/loader_s1_cfg_fxe4zz1e/datasets', streaming=False, preprocessing_num_workers=1, max_samples=None)", 'data_dir': 'None', 'data_files': "['/tmp/loader_s1_cfg_fxe4zz1e/datasets/single.json']", 'data_name': 'None', 'data_path': "'json'", 'dataset': '<testcase.FakeDataset object at 0x75d78aba7190>', 'dataset_attr': 'single.json', 'local_path': "'/tmp/loader_s1_cfg_fxe4zz1e/datasets/single.json'", 'model_args': 'namespace(cache_dir=None, hf_hub_token=None, trust_remote_code=False, ms_hub_token=None, om_hub_token=None)', 'training_args': 'namespace(dataloader_num_workers=2)'}
2026-07-15 04:13:16.447 /testbed/src/llamafactory/data/loader.py:51 src.llamafactory.data.loader._load_single_dataset event=call locals={'data_args': "namespace(dataset_dir='/tmp/loader_s1_cfg_fxe4zz1e/datasets', streaming=False, preprocessing_num_workers=1, max_samples=4)", 'dataset_attr': 'sample_dir', 'model_args': 'namespace(cache_dir=None, hf_hub_token=None, trust_remote_code=False, ms_hub_token=None, om_hub_token=None)', 'training_args': 'namespace(dataloader_num_workers=2)'}
2026-07-15 04:13:16.447 /testbed/src/llamafactory/data/loader.py:58 src.llamafactory.data.loader._load_single_dataset event=line locals={}
2026-07-15 04:13:16.447 /testbed/src/llamafactory/data/loader.py:59 src.llamafactory.data.loader._load_single_dataset event=line locals={}
2026-07-15 04:13:16.447 /testbed/src/llamafactory/data/loader.py:60 src.llamafactory.data.loader._load_single_dataset event=line locals={'data_dir': 'None', 'data_files': 'None', 'data_name': 'None', 'data_path': 'None'}
2026-07-15 04:13:16.448 /testbed/src/llamafactory/data/loader.py:65 src.llamafactory.data.loader._load_single_dataset event=line locals={}
2026-07-15 04:13:16.448 /testbed/src/llamafactory/data/loader.py:70 src.llamafactory.data.loader._load_single_dataset event=line locals={}
2026-07-15 04:13:16.448 /testbed/src/llamafactory/data/loader.py:71 src.llamafactory.data.loader._load_single_dataset event=line locals={}
2026-07-15 04:13:16.448 /testbed/src/llamafactory/data/loader.py:72 src.llamafactory.data.loader._load_single_dataset event=line locals={'data_files': '[]'}
2026-07-15 04:13:16.448 /testbed/src/llamafactory/data/loader.py:73 src.llamafactory.data.loader._load_single_dataset event=line locals={'local_path': "'/tmp/loader_s1_cfg_fxe4zz1e/datasets/sample_dir'"}
2026-07-15 04:13:16.448 /testbed/src/llamafactory/data/loader.py:74 src.llamafactory.data.loader._load_single_dataset event=line locals={}
2026-07-15 04:13:16.448 /testbed/src/llamafactory/data/loader.py:75 src.llamafactory.data.loader._load_single_dataset event=line locals={'file_name': "'a.json'"}
2026-07-15 04:13:16.448 /testbed/src/llamafactory/data/loader.py:74 src.llamafactory.data.loader._load_single_dataset event=line locals={'data_files': "['/tmp/loader_s1_cfg_fxe4zz1e/datasets/sample_dir/a.json']"}
2026-07-15 04:13:16.448 /testbed/src/llamafactory/data/loader.py:75 src.llamafactory.data.loader._load_single_dataset event=line locals={'file_name': "'b.json'"}
2026-07-15 04:13:16.448 /testbed/src/llamafactory/data/loader.py:74 src.llamafactory.data.loader._load_single_dataset event=line locals={'data_files': "['/tmp/loader_s1_cfg_fxe4zz1e/datasets/sample_dir/a.json', '/tmp/loader_s1_cfg_fxe4zz1e/datasets/sample_dir/b.json']"}
2026-07-15 04:13:16.448 /testbed/src/llamafactory/data/loader.py:81 src.llamafactory.data.loader._load_single_dataset event=line locals={}
2026-07-15 04:13:16.448 /testbed/src/llamafactory/data/loader.py:82 src.llamafactory.data.loader._load_single_dataset event=line locals={'data_path': "'json'"}
2026-07-15 04:13:16.448 /testbed/src/llamafactory/data/loader.py:85 src.llamafactory.data.loader._load_single_dataset event=line locals={}
2026-07-15 04:13:16.448 /testbed/src/llamafactory/data/loader.py:90 src.llamafactory.data.loader._load_single_dataset event=line locals={}
2026-07-15 04:13:16.448 /testbed/src/llamafactory/data/loader.py:109 src.llamafactory.data.loader._load_single_dataset event=line locals={}
2026-07-15 04:13:16.448 /testbed/src/llamafactory/data/loader.py:126 src.llamafactory.data.loader._load_single_dataset event=line locals={}
2026-07-15 04:13:16.448 /testbed/src/llamafactory/data/loader.py:127 src.llamafactory.data.loader._load_single_dataset event=line locals={}
2026-07-15 04:13:16.448 /testbed/src/llamafactory/data/loader.py:128 src.llamafactory.data.loader._load_single_dataset event=line locals={}
2026-07-15 04:13:16.448 /testbed/src/llamafactory/data/loader.py:129 src.llamafactory.data.loader._load_single_dataset event=line locals={}
2026-07-15 04:13:16.448 /testbed/src/llamafactory/data/loader.py:130 src.llamafactory.data.loader._load_single_dataset event=line locals={}
2026-07-15 04:13:16.448 /testbed/src/llamafactory/data/loader.py:131 src.llamafactory.data.loader._load_single_dataset event=line locals={}
2026-07-15 04:13:16.448 /testbed/src/llamafactory/data/loader.py:132 src.llamafactory.data.loader._load_single_dataset event=line locals={}
2026-07-15 04:13:16.448 /testbed/src/llamafactory/data/loader.py:133 src.llamafactory.data.loader._load_single_dataset event=line locals={}
2026-07-15 04:13:16.448 /testbed/src/llamafactory/data/loader.py:134 src.llamafactory.data.loader._load_single_dataset event=line locals={}
2026-07-15 04:13:16.448 /testbed/src/llamafactory/data/loader.py:135 src.llamafactory.data.loader._load_single_dataset event=line locals={}
2026-07-15 04:13:16.448 /testbed/src/llamafactory/data/loader.py:136 src.llamafactory.data.loader._load_single_dataset event=line locals={}
2026-07-15 04:13:16.448 /testbed/src/llamafactory/data/loader.py:126 src.llamafactory.data.loader._load_single_dataset event=line locals={}
2026-07-15 04:13:16.448 /testbed/src/llamafactory/data/loader.py:138 src.llamafactory.data.loader._load_single_dataset event=line locals={'dataset': '<testcase.FakeDataset object at 0x75d78aba7370>'}
2026-07-15 04:13:16.448 /testbed/src/llamafactory/data/loader.py:141 src.llamafactory.data.loader._load_single_dataset event=line locals={}
2026-07-15 04:13:16.448 /testbed/src/llamafactory/data/loader.py:142 src.llamafactory.data.loader._load_single_dataset event=line locals={}
2026-07-15 04:13:16.448 /testbed/src/llamafactory/data/loader.py:143 src.llamafactory.data.loader._load_single_dataset event=line locals={'target_num': '5'}
2026-07-15 04:13:16.449 /testbed/src/llamafactory/data/loader.py:144 src.llamafactory.data.loader._load_single_dataset event=line locals={'indexes': 'array([2, 1, 0])'}
2026-07-15 04:13:16.449 /testbed/src/llamafactory/data/loader.py:145 src.llamafactory.data.loader._load_single_dataset event=line locals={'target_num': '2'}
2026-07-15 04:13:16.449 /testbed/src/llamafactory/data/loader.py:146 src.llamafactory.data.loader._load_single_dataset event=line locals={}
2026-07-15 04:13:16.449 /testbed/src/llamafactory/data/loader.py:147 src.llamafactory.data.loader._load_single_dataset event=line locals={'expand_indexes': 'array([2, 0])'}
2026-07-15 04:13:16.449 /testbed/src/llamafactory/data/loader.py:149 src.llamafactory.data.loader._load_single_dataset event=line locals={'indexes': 'array([2, 1, 0, 2, 0])'}
2026-07-15 04:13:16.449 /testbed/src/llamafactory/data/loader.py:150 src.llamafactory.data.loader._load_single_dataset event=line locals={}
2026-07-15 04:13:16.449 /testbed/src/llamafactory/data/loader.py:151 src.llamafactory.data.loader._load_single_dataset event=line locals={'dataset': '<testcase.FakeDataset object at 0x75d78aba73d0>'}
2026-07-15 04:13:16.450 /testbed/src/llamafactory/data/loader.py:153 src.llamafactory.data.loader._load_single_dataset event=line locals={}
2026-07-15 04:13:16.450 /testbed/src/llamafactory/data/loader.py:154 src.llamafactory.data.loader._load_single_dataset event=line locals={}
2026-07-15 04:13:16.450 /testbed/src/llamafactory/data/loader.py:155 src.llamafactory.data.loader._load_single_dataset event=line locals={'max_samples': '4'}
2026-07-15 04:13:16.450 /testbed/src/llamafactory/data/loader.py:157 src.llamafactory.data.loader._load_single_dataset event=line locals={'dataset': '<testcase.FakeDataset object at 0x75d78aba7550>'}
2026-07-15 04:13:16.450 /testbed/src/llamafactory/data/loader.py:157 src.llamafactory.data.loader._load_single_dataset event=return retval=<testcase.FakeDataset object at 0x75d78aba7550> locals={'data_args': "namespace(dataset_dir='/tmp/loader_s1_cfg_fxe4zz1e/datasets', streaming=False, preprocessing_num_workers=1, max_samples=4)", 'data_dir': 'None', 'data_files': "['/tmp/loader_s1_cfg_fxe4zz1e/datasets/sample_dir/a.json', '/tmp/loader_s1_cfg_fxe4zz1e/datasets/sample_dir/b.json']", 'data_name': 'None', 'data_path': "'json'", 'dataset': '<testcase.FakeDataset object at 0x75d78aba7550>', 'dataset_attr': 'sample_dir', 'expand_indexes': 'array([2, 0])', 'file_name': "'b.json'", 'indexes': 'array([2, 1, 0, 2, 0])', 'local_path': "'/tmp/loader_s1_cfg_fxe4zz1e/datasets/sample_dir'", 'max_samples': '4', 'model_args': 'namespace(cache_dir=None, hf_hub_token=None, trust_remote_code=False, ms_hub_token=None, om_hub_token=None)', 'target_num': '2', 'training_args': 'namespace(dataloader_num_workers=2)'}
2026-07-15 04:13:16.450 /testbed/src/llamafactory/data/loader.py:51 src.llamafactory.data.loader._load_single_dataset event=call locals={'data_args': "namespace(dataset_dir='/tmp/loader_s1_cfg_fxe4zz1e/datasets', streaming=True, preprocessing_num_workers=1, max_samples=None)", 'dataset_attr': 'single.json', 'model_args': 'namespace(cache_dir=None, hf_hub_token=None, trust_remote_code=False, ms_hub_token=None, om_hub_token=None)', 'training_args': 'namespace(dataloader_num_workers=2)'}
2026-07-15 04:13:16.450 /testbed/src/llamafactory/data/loader.py:58 src.llamafactory.data.loader._load_single_dataset event=line locals={}
2026-07-15 04:13:16.451 /testbed/src/llamafactory/data/loader.py:59 src.llamafactory.data.loader._load_single_dataset event=line locals={}
2026-07-15 04:13:16.451 /testbed/src/llamafactory/data/loader.py:60 src.llamafactory.data.loader._load_single_dataset event=line locals={'data_dir': 'None', 'data_files': 'None', 'data_name': 'None', 'data_path': 'None'}
2026-07-15 04:13:16.451 /testbed/src/llamafactory/data/loader.py:65 src.llamafactory.data.loader._load_single_dataset event=line locals={}
2026-07-15 04:13:16.451 /testbed/src/llamafactory/data/loader.py:70 src.llamafactory.data.loader._load_single_dataset event=line locals={}
2026-07-15 04:13:16.451 /testbed/src/llamafactory/data/loader.py:71 src.llamafactory.data.loader._load_single_dataset event=line locals={}
2026-07-15 04:13:16.451 /testbed/src/llamafactory/data/loader.py:72 src.llamafactory.data.loader._load_single_dataset event=line locals={'data_files': '[]'}
2026-07-15 04:13:16.451 /testbed/src/llamafactory/data/loader.py:73 src.llamafactory.data.loader._load_single_dataset event=line locals={'local_path': "'/tmp/loader_s1_cfg_fxe4zz1e/datasets/single.json'"}
2026-07-15 04:13:16.451 /testbed/src/llamafactory/data/loader.py:76 src.llamafactory.data.loader._load_single_dataset event=line locals={}
2026-07-15 04:13:16.451 /testbed/src/llamafactory/data/loader.py:77 src.llamafactory.data.loader._load_single_dataset event=line locals={}
2026-07-15 04:13:16.451 /testbed/src/llamafactory/data/loader.py:81 src.llamafactory.data.loader._load_single_dataset event=line locals={'data_files': "['/tmp/loader_s1_cfg_fxe4zz1e/datasets/single.json']"}
2026-07-15 04:13:16.451 /testbed/src/llamafactory/data/loader.py:82 src.llamafactory.data.loader._load_single_dataset event=line locals={'data_path': "'json'"}
2026-07-15 04:13:16.451 /testbed/src/llamafactory/data/loader.py:85 src.llamafactory.data.loader._load_single_dataset event=line locals={}
2026-07-15 04:13:16.451 /testbed/src/llamafactory/data/loader.py:90 src.llamafactory.data.loader._load_single_dataset event=line locals={}
2026-07-15 04:13:16.451 /testbed/src/llamafactory/data/loader.py:109 src.llamafactory.data.loader._load_single_dataset event=line locals={}
2026-07-15 04:13:16.451 /testbed/src/llamafactory/data/loader.py:126 src.llamafactory.data.loader._load_single_dataset event=line locals={}
2026-07-15 04:13:16.451 /testbed/src/llamafactory/data/loader.py:127 src.llamafactory.data.loader._load_single_dataset event=line locals={}
2026-07-15 04:13:16.451 /testbed/src/llamafactory/data/loader.py:128 src.llamafactory.data.loader._load_single_dataset event=line locals={}
2026-07-15 04:13:16.451 /testbed/src/llamafactory/data/loader.py:129 src.llamafactory.data.loader._load_single_dataset event=line locals={}
2026-07-15 04:13:16.451 /testbed/src/llamafactory/data/loader.py:130 src.llamafactory.data.loader._load_single_dataset event=line locals={}
2026-07-15 04:13:16.451 /testbed/src/llamafactory/data/loader.py:131 src.llamafactory.data.loader._load_single_dataset event=line locals={}
2026-07-15 04:13:16.451 /testbed/src/llamafactory/data/loader.py:132 src.llamafactory.data.loader._load_single_dataset event=line locals={}
2026-07-15 04:13:16.451 /testbed/src/llamafactory/data/loader.py:133 src.llamafactory.data.loader._load_single_dataset event=line locals={}
2026-07-15 04:13:16.451 /testbed/src/llamafactory/data/loader.py:134 src.llamafactory.data.loader._load_single_dataset event=line locals={}
2026-07-15 04:13:16.451 /testbed/src/llamafactory/data/loader.py:135 src.llamafactory.data.loader._load_single_dataset event=line locals={}
2026-07-15 04:13:16.451 /testbed/src/llamafactory/data/loader.py:136 src.llamafactory.data.loader._load_single_dataset event=line locals={}
2026-07-15 04:13:16.451 /testbed/src/llamafactory/data/loader.py:126 src.llamafactory.data.loader._load_single_dataset event=line locals={}
2026-07-15 04:13:16.452 /testbed/src/llamafactory/data/loader.py:138 src.llamafactory.data.loader._load_single_dataset event=line locals={'dataset': '<testcase.FakeDataset object at 0x75d78aba75e0>'}
2026-07-15 04:13:16.452 /testbed/src/llamafactory/data/loader.py:139 src.llamafactory.data.loader._load_single_dataset event=line locals={}
2026-07-15 04:13:16.452 /testbed/src/llamafactory/data/loader.py:141 src.llamafactory.data.loader._load_single_dataset event=line locals={'dataset': '<testcase.FakeDataset object at 0x75d78aba7580>'}
2026-07-15 04:13:16.452 /testbed/src/llamafactory/data/loader.py:153 src.llamafactory.data.loader._load_single_dataset event=line locals={}
2026-07-15 04:13:16.452 /testbed/src/llamafactory/data/loader.py:157 src.llamafactory.data.loader._load_single_dataset event=line locals={}
2026-07-15 04:13:16.452 /testbed/src/llamafactory/data/loader.py:157 src.llamafactory.data.loader._load_single_dataset event=return retval=<testcase.FakeDataset object at 0x75d78aba7580> locals={'data_args': "namespace(dataset_dir='/tmp/loader_s1_cfg_fxe4zz1e/datasets', streaming=True, preprocessing_num_workers=1, max_samples=None)", 'data_dir': 'None', 'data_files': "['/tmp/loader_s1_cfg_fxe4zz1e/datasets/single.json']", 'data_name': 'None', 'data_path': "'json'", 'dataset': '<testcase.FakeDataset object at 0x75d78aba7580>', 'dataset_attr': 'single.json', 'local_path': "'/tmp/loader_s1_cfg_fxe4zz1e/datasets/single.json'", 'model_args': 'namespace(cache_dir=None, hf_hub_token=None, trust_remote_code=False, ms_hub_token=None, om_hub_token=None)', 'training_args': 'namespace(dataloader_num_workers=2)'}
