2026-07-15 04:12:48.349 [TRACE][START] pid=47 TRACE_OUT='/testbed/logs/llama_factory_qa/adapter_setup_lora_tuning_m1_cfg__r20260714/trace.log' TRACE_FILE='src/llamafactory/model/adapter.py' TRACE_FUNCS=['_setup_lora_tuning'] TRACE_EVENTS=['call', 'exception', 'line', 'return']
2026-07-15 04:12:48.357 /testbed/src/llamafactory/model/adapter.py:137 llamafactory.model.adapter._setup_lora_tuning event=call locals={'cast_trainable_params_to_fp32': 'True', 'config': 'namespace()', 'finetuning_args': "FinetuningArguments(freeze_trainable_layers=2, freeze_trainable_modules=['all'], freeze_extra_modules=None, additional_target=None, lora_alpha=16, lora_dropout=0.0, lora_rank=8, lora_target=['q_proj'], loraplus_lr_ratio=None, loraplus_lr_embedding=1e-06, use_rslora=False, use_dora=False, pissa_init=False, pissa_iter=16, pissa_convert=False, create_new_adapter=False, pref_beta=0.1, pref_ftx=0.0, pref_loss='sigmoid', dpo_label_smoothing=0.0, kto_chosen_weight=1.0, kto_rejected_weight=1.0, simpo_ga...", 'is_trainable': 'True', 'model': '<testcase.DummyModel object at 0x787366d13be0>', 'model_args': "ModelArguments(model_name_or_path='dummy-model', adapter_name_or_path=['mergeA', 'resumeB'], adapter_folder=None, cache_dir=None, use_fast_tokenizer=True, resize_vocab=False, split_special_tokens=False, new_special_tokens=None, model_revision='main', low_cpu_mem_usage=True, rope_scaling=None, flash_attn=<AttentionFunction.AUTO: 'auto'>, shift_attn=False, mixture_of_depths=None, use_unsloth=False, use_unsloth_gc=False, enable_liger_kernel=False, moe_aux_loss_coef=None, disable_gradient_checkpoint..."}
2026-07-15 04:12:48.357 /testbed/src/llamafactory/model/adapter.py:145 llamafactory.model.adapter._setup_lora_tuning event=line locals={}
2026-07-15 04:12:48.357 /testbed/src/llamafactory/model/adapter.py:146 llamafactory.model.adapter._setup_lora_tuning event=line locals={}
2026-07-15 04:12:48.358 /testbed/src/llamafactory/model/adapter.py:148 llamafactory.model.adapter._setup_lora_tuning event=line locals={}
2026-07-15 04:12:48.358 /testbed/src/llamafactory/model/adapter.py:150 llamafactory.model.adapter._setup_lora_tuning event=line locals={'adapter_to_resume': 'None'}
2026-07-15 04:12:48.358 /testbed/src/llamafactory/model/adapter.py:151 llamafactory.model.adapter._setup_lora_tuning event=line locals={}
2026-07-15 04:12:48.358 /testbed/src/llamafactory/model/adapter.py:152 llamafactory.model.adapter._setup_lora_tuning event=line locals={'is_mergeable': 'True'}
2026-07-15 04:12:48.358 /testbed/src/llamafactory/model/adapter.py:156 llamafactory.model.adapter._setup_lora_tuning event=line locals={}
2026-07-15 04:12:48.358 /testbed/src/llamafactory/model/adapter.py:160 llamafactory.model.adapter._setup_lora_tuning event=line locals={}
2026-07-15 04:12:48.358 /testbed/src/llamafactory/model/adapter.py:164 llamafactory.model.adapter._setup_lora_tuning event=line locals={}
2026-07-15 04:12:48.358 /testbed/src/llamafactory/model/adapter.py:165 llamafactory.model.adapter._setup_lora_tuning event=line locals={}
2026-07-15 04:12:48.358 /testbed/src/llamafactory/model/adapter.py:166 llamafactory.model.adapter._setup_lora_tuning event=line locals={'adapter_to_merge': "['mergeA']"}
2026-07-15 04:12:48.358 /testbed/src/llamafactory/model/adapter.py:171 llamafactory.model.adapter._setup_lora_tuning event=line locals={'adapter_to_resume': "'resumeB'"}
2026-07-15 04:12:48.358 /testbed/src/llamafactory/model/adapter.py:172 llamafactory.model.adapter._setup_lora_tuning event=line locals={}
2026-07-15 04:12:48.358 /testbed/src/llamafactory/model/adapter.py:173 llamafactory.model.adapter._setup_lora_tuning event=line locals={}
2026-07-15 04:12:48.358 /testbed/src/llamafactory/model/adapter.py:174 llamafactory.model.adapter._setup_lora_tuning event=line locals={}
2026-07-15 04:12:48.358 /testbed/src/llamafactory/model/adapter.py:175 llamafactory.model.adapter._setup_lora_tuning event=line locals={}
2026-07-15 04:12:48.358 /testbed/src/llamafactory/model/adapter.py:170 llamafactory.model.adapter._setup_lora_tuning event=line locals={}
2026-07-15 04:12:48.358 /testbed/src/llamafactory/model/adapter.py:178 llamafactory.model.adapter._setup_lora_tuning event=line locals={'init_kwargs': "{'subfolder': None, 'offload_folder': 'offload', 'cache_dir': None, 'revision': 'main', 'token': None}"}
2026-07-15 04:12:48.358 /testbed/src/llamafactory/model/adapter.py:179 llamafactory.model.adapter._setup_lora_tuning event=line locals={'adapter': "'mergeA'"}
2026-07-15 04:12:48.358 /testbed/src/llamafactory/model/adapter.py:180 llamafactory.model.adapter._setup_lora_tuning event=line locals={'model': '<testcase.FakeMergeWrapper object at 0x787366d13e20>'}
2026-07-15 04:12:48.358 /testbed/src/llamafactory/model/adapter.py:178 llamafactory.model.adapter._setup_lora_tuning event=line locals={'model': '<testcase.DummyModel object at 0x787366d13be0>'}
2026-07-15 04:12:48.358 /testbed/src/llamafactory/model/adapter.py:182 llamafactory.model.adapter._setup_lora_tuning event=line locals={}
2026-07-15 04:12:48.359 /testbed/src/llamafactory/model/adapter.py:183 llamafactory.model.adapter._setup_lora_tuning event=line locals={}
2026-07-15 04:12:48.359 /testbed/src/llamafactory/model/adapter.py:185 llamafactory.model.adapter._setup_lora_tuning event=line locals={}
2026-07-15 04:12:48.359 /testbed/src/llamafactory/model/adapter.py:186 llamafactory.model.adapter._setup_lora_tuning event=line locals={}
2026-07-15 04:12:48.359 /testbed/src/llamafactory/model/adapter.py:189 llamafactory.model.adapter._setup_lora_tuning event=line locals={}
2026-07-15 04:12:48.359 /testbed/src/llamafactory/model/adapter.py:191 llamafactory.model.adapter._setup_lora_tuning event=line locals={}
2026-07-15 04:12:48.360 /testbed/src/llamafactory/model/adapter.py:193 llamafactory.model.adapter._setup_lora_tuning event=line locals={}
2026-07-15 04:12:48.360 /testbed/src/llamafactory/model/adapter.py:250 llamafactory.model.adapter._setup_lora_tuning event=line locals={}
2026-07-15 04:12:48.360 /testbed/src/llamafactory/model/adapter.py:251 llamafactory.model.adapter._setup_lora_tuning event=line locals={}
2026-07-15 04:12:48.360 /testbed/src/llamafactory/model/adapter.py:252 llamafactory.model.adapter._setup_lora_tuning event=line locals={'param': '<testcase.DummyParam object at 0x787366d13a90>'}
2026-07-15 04:12:48.360 /testbed/src/llamafactory/model/adapter.py:251 llamafactory.model.adapter._setup_lora_tuning event=line locals={}
2026-07-15 04:12:48.360 /testbed/src/llamafactory/model/adapter.py:252 llamafactory.model.adapter._setup_lora_tuning event=line locals={'param': '<testcase.DummyParam object at 0x787366d13cd0>'}
2026-07-15 04:12:48.360 /testbed/src/llamafactory/model/adapter.py:251 llamafactory.model.adapter._setup_lora_tuning event=line locals={}
2026-07-15 04:12:48.360 /testbed/src/llamafactory/model/adapter.py:254 llamafactory.model.adapter._setup_lora_tuning event=line locals={}
2026-07-15 04:12:48.360 /testbed/src/llamafactory/model/adapter.py:254 llamafactory.model.adapter._setup_lora_tuning event=return retval=<testcase.DummyModel object at 0x787366d13be0> locals={'adapter': "'mergeA'", 'adapter_to_merge': "['mergeA']", 'adapter_to_resume': "'resumeB'", 'cast_trainable_params_to_fp32': 'True', 'config': 'namespace()', 'finetuning_args': "FinetuningArguments(freeze_trainable_layers=2, freeze_trainable_modules=['all'], freeze_extra_modules=None, additional_target=None, lora_alpha=16, lora_dropout=0.0, lora_rank=8, lora_target=['q_proj'], loraplus_lr_ratio=None, loraplus_lr_embedding=1e-06, use_rslora=False, use_dora=False, pissa_init=False, pissa_iter=16, pissa_convert=False, create_new_adapter=False, pref_beta=0.1, pref_ftx=0.0, pref_loss='sigmoid', dpo_label_smoothing=0.0, kto_chosen_weight=1.0, kto_rejected_weight=1.0, simpo_ga...", 'init_kwargs': "{'subfolder': None, 'offload_folder': 'offload', 'cache_dir': None, 'revision': 'main', 'token': None}", 'is_mergeable': 'True', 'is_trainable': 'True', 'model': '<testcase.DummyModel object at 0x787366d13be0>', 'model_args': "ModelArguments(model_name_or_path='dummy-model', adapter_name_or_path=['mergeA', 'resumeB'], adapter_folder=None, cache_dir=None, use_fast_tokenizer=True, resize_vocab=False, split_special_tokens=False, new_special_tokens=None, model_revision='main', low_cpu_mem_usage=True, rope_scaling=None, flash_attn=<AttentionFunction.AUTO: 'auto'>, shift_attn=False, mixture_of_depths=None, use_unsloth=False, use_unsloth_gc=False, enable_liger_kernel=False, moe_aux_loss_coef=None, disable_gradient_checkpoint...", 'param': '<testcase.DummyParam object at 0x787366d13cd0>'}
2026-07-15 04:12:48.361 /testbed/src/llamafactory/model/adapter.py:137 llamafactory.model.adapter._setup_lora_tuning event=call locals={'cast_trainable_params_to_fp32': 'True', 'config': 'namespace()', 'finetuning_args': "FinetuningArguments(freeze_trainable_layers=2, freeze_trainable_modules=['all'], freeze_extra_modules=None, additional_target=None, lora_alpha=16, lora_dropout=0.0, lora_rank=8, lora_target=['all'], loraplus_lr_ratio=None, loraplus_lr_embedding=1e-06, use_rslora=False, use_dora=False, pissa_init=True, pissa_iter=-1, pissa_convert=False, create_new_adapter=False, pref_beta=0.1, pref_ftx=0.0, pref_loss='sigmoid', dpo_label_smoothing=0.0, kto_chosen_weight=1.0, kto_rejected_weight=1.0, simpo_gamma=...", 'is_trainable': 'True', 'model': '<testcase.DummyModel object at 0x787366d13e20>', 'model_args': "ModelArguments(model_name_or_path='dummy-model', adapter_name_or_path=None, adapter_folder=None, cache_dir=None, use_fast_tokenizer=True, resize_vocab=True, split_special_tokens=False, new_special_tokens=None, model_revision='main', low_cpu_mem_usage=True, rope_scaling=None, flash_attn=<AttentionFunction.AUTO: 'auto'>, shift_attn=False, mixture_of_depths=None, use_unsloth=False, use_unsloth_gc=False, enable_liger_kernel=False, moe_aux_loss_coef=None, disable_gradient_checkpointing=False, use_ree..."}
2026-07-15 04:12:48.361 /testbed/src/llamafactory/model/adapter.py:145 llamafactory.model.adapter._setup_lora_tuning event=line locals={}
2026-07-15 04:12:48.361 /testbed/src/llamafactory/model/adapter.py:146 llamafactory.model.adapter._setup_lora_tuning event=line locals={}
2026-07-15 04:12:48.361 /testbed/src/llamafactory/model/adapter.py:148 llamafactory.model.adapter._setup_lora_tuning event=line locals={}
2026-07-15 04:12:48.361 /testbed/src/llamafactory/model/adapter.py:150 llamafactory.model.adapter._setup_lora_tuning event=line locals={'adapter_to_resume': 'None'}
2026-07-15 04:12:48.361 /testbed/src/llamafactory/model/adapter.py:193 llamafactory.model.adapter._setup_lora_tuning event=line locals={}
2026-07-15 04:12:48.361 /testbed/src/llamafactory/model/adapter.py:194 llamafactory.model.adapter._setup_lora_tuning event=line locals={}
2026-07-15 04:12:48.361 /testbed/src/llamafactory/model/adapter.py:195 llamafactory.model.adapter._setup_lora_tuning event=line locals={}
2026-07-15 04:12:48.362 /testbed/src/llamafactory/model/adapter.py:199 llamafactory.model.adapter._setup_lora_tuning event=line locals={'target_modules': "['q_proj', 'k_proj']"}
2026-07-15 04:12:48.362 /testbed/src/llamafactory/model/adapter.py:202 llamafactory.model.adapter._setup_lora_tuning event=line locals={}
2026-07-15 04:12:48.362 /testbed/src/llamafactory/model/adapter.py:205 llamafactory.model.adapter._setup_lora_tuning event=line locals={'target_modules': "['q_proj', 'k_proj', 'patched_projection']"}
2026-07-15 04:12:48.362 /testbed/src/llamafactory/model/adapter.py:204 llamafactory.model.adapter._setup_lora_tuning event=line locals={}
2026-07-15 04:12:48.362 /testbed/src/llamafactory/model/adapter.py:211 llamafactory.model.adapter._setup_lora_tuning event=line locals={}
2026-07-15 04:12:48.362 /testbed/src/llamafactory/model/adapter.py:212 llamafactory.model.adapter._setup_lora_tuning event=line locals={}
2026-07-15 04:12:48.362 /testbed/src/llamafactory/model/adapter.py:213 llamafactory.model.adapter._setup_lora_tuning event=line locals={'input_embeddings': '<object object at 0x78736711a500>'}
2026-07-15 04:12:48.362 /testbed/src/llamafactory/model/adapter.py:214 llamafactory.model.adapter._setup_lora_tuning event=line locals={'output_embeddings': '<object object at 0x78736711a4a0>'}
2026-07-15 04:12:48.362 /testbed/src/llamafactory/model/adapter.py:215 llamafactory.model.adapter._setup_lora_tuning event=line locals={'module_names': 'set()'}
2026-07-15 04:12:48.362 /testbed/src/llamafactory/model/adapter.py:216 llamafactory.model.adapter._setup_lora_tuning event=line locals={'module': '<object object at 0x78736711a500>', 'name': "'model.embed_tokens'"}
2026-07-15 04:12:48.362 /testbed/src/llamafactory/model/adapter.py:217 llamafactory.model.adapter._setup_lora_tuning event=line locals={}
2026-07-15 04:12:48.362 /testbed/src/llamafactory/model/adapter.py:215 llamafactory.model.adapter._setup_lora_tuning event=line locals={'module_names': "{'embed_tokens'}"}
2026-07-15 04:12:48.362 /testbed/src/llamafactory/model/adapter.py:216 llamafactory.model.adapter._setup_lora_tuning event=line locals={'module': '<object object at 0x78736711a4a0>', 'name': "'lm_head'"}
2026-07-15 04:12:48.362 /testbed/src/llamafactory/model/adapter.py:217 llamafactory.model.adapter._setup_lora_tuning event=line locals={}
2026-07-15 04:12:48.362 /testbed/src/llamafactory/model/adapter.py:215 llamafactory.model.adapter._setup_lora_tuning event=line locals={'module_names': "{'lm_head', 'embed_tokens'}"}
2026-07-15 04:12:48.362 /testbed/src/llamafactory/model/adapter.py:216 llamafactory.model.adapter._setup_lora_tuning event=line locals={'module': '<object object at 0x78736711a480>', 'name': "'model.layers.0.self_attn.q_proj'"}
2026-07-15 04:12:48.362 /testbed/src/llamafactory/model/adapter.py:215 llamafactory.model.adapter._setup_lora_tuning event=line locals={}
2026-07-15 04:12:48.362 /testbed/src/llamafactory/model/adapter.py:219 llamafactory.model.adapter._setup_lora_tuning event=line locals={}
2026-07-15 04:12:48.362 /testbed/src/llamafactory/model/adapter.py:220 llamafactory.model.adapter._setup_lora_tuning event=line locals={'finetuning_args': "FinetuningArguments(freeze_trainable_layers=2, freeze_trainable_modules=['all'], freeze_extra_modules=None, additional_target={'lm_head', 'embed_tokens'}, lora_alpha=16, lora_dropout=0.0, lora_rank=8, lora_target=['all'], loraplus_lr_ratio=None, loraplus_lr_embedding=1e-06, use_rslora=False, use_dora=False, pissa_init=True, pissa_iter=-1, pissa_convert=False, create_new_adapter=False, pref_beta=0.1, pref_ftx=0.0, pref_loss='sigmoid', dpo_label_smoothing=0.0, kto_chosen_weight=1.0, kto_rejected_w..."}
2026-07-15 04:12:48.363 /testbed/src/llamafactory/model/adapter.py:223 llamafactory.model.adapter._setup_lora_tuning event=line locals={}
2026-07-15 04:12:48.363 /testbed/src/llamafactory/model/adapter.py:224 llamafactory.model.adapter._setup_lora_tuning event=line locals={}
2026-07-15 04:12:48.363 /testbed/src/llamafactory/model/adapter.py:225 llamafactory.model.adapter._setup_lora_tuning event=line locals={}
2026-07-15 04:12:48.363 /testbed/src/llamafactory/model/adapter.py:226 llamafactory.model.adapter._setup_lora_tuning event=line locals={}
2026-07-15 04:12:48.363 /testbed/src/llamafactory/model/adapter.py:227 llamafactory.model.adapter._setup_lora_tuning event=line locals={}
2026-07-15 04:12:48.363 /testbed/src/llamafactory/model/adapter.py:228 llamafactory.model.adapter._setup_lora_tuning event=line locals={}
2026-07-15 04:12:48.363 /testbed/src/llamafactory/model/adapter.py:229 llamafactory.model.adapter._setup_lora_tuning event=line locals={}
2026-07-15 04:12:48.363 /testbed/src/llamafactory/model/adapter.py:222 llamafactory.model.adapter._setup_lora_tuning event=line locals={}
2026-07-15 04:12:48.363 /testbed/src/llamafactory/model/adapter.py:232 llamafactory.model.adapter._setup_lora_tuning event=line locals={'peft_kwargs': "{'r': 8, 'target_modules': ['q_proj', 'k_proj', 'patched_projection'], 'lora_alpha': 16, 'lora_dropout': 0.0, 'use_rslora': False, 'use_dora': False, 'modules_to_save': {'lm_head', 'embed_tokens'}}"}
2026-07-15 04:12:48.363 /testbed/src/llamafactory/model/adapter.py:235 llamafactory.model.adapter._setup_lora_tuning event=line locals={}
2026-07-15 04:12:48.363 /testbed/src/llamafactory/model/adapter.py:236 llamafactory.model.adapter._setup_lora_tuning event=line locals={}
2026-07-15 04:12:48.363 /testbed/src/llamafactory/model/adapter.py:237 llamafactory.model.adapter._setup_lora_tuning event=line locals={}
2026-07-15 04:12:48.364 /testbed/src/llamafactory/model/adapter.py:238 llamafactory.model.adapter._setup_lora_tuning event=line locals={}
2026-07-15 04:12:48.364 /testbed/src/llamafactory/model/adapter.py:243 llamafactory.model.adapter._setup_lora_tuning event=line locals={'peft_kwargs': "{'r': 8, 'target_modules': ['q_proj', 'k_proj', 'patched_projection'], 'lora_alpha': 16, 'lora_dropout': 0.0, 'use_rslora': False, 'use_dora': False, 'modules_to_save': {'lm_head', 'embed_tokens'}, 'init_lora_weights': 'pissa'}"}
2026-07-15 04:12:48.364 /testbed/src/llamafactory/model/adapter.py:244 llamafactory.model.adapter._setup_lora_tuning event=line locals={}
2026-07-15 04:12:48.364 /testbed/src/llamafactory/model/adapter.py:245 llamafactory.model.adapter._setup_lora_tuning event=line locals={}
2026-07-15 04:12:48.364 /testbed/src/llamafactory/model/adapter.py:243 llamafactory.model.adapter._setup_lora_tuning event=line locals={}
2026-07-15 04:12:48.364 /testbed/src/llamafactory/model/adapter.py:246 llamafactory.model.adapter._setup_lora_tuning event=line locals={}
2026-07-15 04:12:48.364 /testbed/src/llamafactory/model/adapter.py:243 llamafactory.model.adapter._setup_lora_tuning event=line locals={}
2026-07-15 04:12:48.364 /testbed/src/llamafactory/model/adapter.py:248 llamafactory.model.adapter._setup_lora_tuning event=line locals={'lora_config': '<testcase.FakeLoraConfig object at 0x787366d10d90>'}
2026-07-15 04:12:48.364 /testbed/src/llamafactory/model/adapter.py:250 llamafactory.model.adapter._setup_lora_tuning event=line locals={}
2026-07-15 04:12:48.364 /testbed/src/llamafactory/model/adapter.py:251 llamafactory.model.adapter._setup_lora_tuning event=line locals={}
2026-07-15 04:12:48.364 /testbed/src/llamafactory/model/adapter.py:252 llamafactory.model.adapter._setup_lora_tuning event=line locals={'param': '<testcase.DummyParam object at 0x787366d13e50>'}
2026-07-15 04:12:48.364 /testbed/src/llamafactory/model/adapter.py:251 llamafactory.model.adapter._setup_lora_tuning event=line locals={}
2026-07-15 04:12:48.364 /testbed/src/llamafactory/model/adapter.py:252 llamafactory.model.adapter._setup_lora_tuning event=line locals={'param': '<testcase.DummyParam object at 0x787366d11090>'}
2026-07-15 04:12:48.364 /testbed/src/llamafactory/model/adapter.py:251 llamafactory.model.adapter._setup_lora_tuning event=line locals={}
2026-07-15 04:12:48.364 /testbed/src/llamafactory/model/adapter.py:254 llamafactory.model.adapter._setup_lora_tuning event=line locals={}
2026-07-15 04:12:48.364 /testbed/src/llamafactory/model/adapter.py:254 llamafactory.model.adapter._setup_lora_tuning event=return retval=<testcase.DummyModel object at 0x787366d13e20> locals={'adapter_to_resume': 'None', 'cast_trainable_params_to_fp32': 'True', 'config': 'namespace()', 'finetuning_args': "FinetuningArguments(freeze_trainable_layers=2, freeze_trainable_modules=['all'], freeze_extra_modules=None, additional_target={'lm_head', 'embed_tokens'}, lora_alpha=16, lora_dropout=0.0, lora_rank=8, lora_target=['all'], loraplus_lr_ratio=None, loraplus_lr_embedding=1e-06, use_rslora=False, use_dora=False, pissa_init=True, pissa_iter=-1, pissa_convert=False, create_new_adapter=False, pref_beta=0.1, pref_ftx=0.0, pref_loss='sigmoid', dpo_label_smoothing=0.0, kto_chosen_weight=1.0, kto_rejected_w...", 'input_embeddings': '<object object at 0x78736711a500>', 'is_trainable': 'True', 'lora_config': '<testcase.FakeLoraConfig object at 0x787366d10d90>', 'model': '<testcase.DummyModel object at 0x787366d13e20>', 'model_args': "ModelArguments(model_name_or_path='dummy-model', adapter_name_or_path=None, adapter_folder=None, cache_dir=None, use_fast_tokenizer=True, resize_vocab=True, split_special_tokens=False, new_special_tokens=None, model_revision='main', low_cpu_mem_usage=True, rope_scaling=None, flash_attn=<AttentionFunction.AUTO: 'auto'>, shift_attn=False, mixture_of_depths=None, use_unsloth=False, use_unsloth_gc=False, enable_liger_kernel=False, moe_aux_loss_coef=None, disable_gradient_checkpointing=False, use_ree...", 'module': '<object object at 0x78736711a480>', 'module_names': "{'lm_head', 'embed_tokens'}", 'name': "'model.layers.0.self_attn.q_proj'", 'output_embeddings': '<object object at 0x78736711a4a0>', 'param': '<testcase.DummyParam object at 0x787366d11090>', 'peft_kwargs': "{'r': 8, 'target_modules': ['q_proj', 'k_proj', 'patched_projection'], 'lora_alpha': 16, 'lora_dropout': 0.0, 'use_rslora': False, 'use_dora': False, 'modules_to_save': {'lm_head', 'embed_tokens'}, 'init_lora_weights': 'pissa'}", 'target_modules': "['q_proj', 'k_proj', 'patched_projection']"}
2026-07-15 04:12:48.365 /testbed/src/llamafactory/model/adapter.py:137 llamafactory.model.adapter._setup_lora_tuning event=call locals={'cast_trainable_params_to_fp32': 'True', 'config': 'namespace()', 'finetuning_args': "FinetuningArguments(freeze_trainable_layers=2, freeze_trainable_modules=['all'], freeze_extra_modules=None, additional_target=None, lora_alpha=16, lora_dropout=0.0, lora_rank=8, lora_target=['q_proj'], loraplus_lr_ratio=None, loraplus_lr_embedding=1e-06, use_rslora=False, use_dora=False, pissa_init=False, pissa_iter=16, pissa_convert=False, create_new_adapter=False, pref_beta=0.1, pref_ftx=0.0, pref_loss='sigmoid', dpo_label_smoothing=0.0, kto_chosen_weight=1.0, kto_rejected_weight=1.0, simpo_ga...", 'is_trainable': 'False', 'model': '<testcase.DummyModel object at 0x787366d10d30>', 'model_args': "ModelArguments(model_name_or_path='dummy-model', adapter_name_or_path=['soloAdapter'], adapter_folder=None, cache_dir=None, use_fast_tokenizer=True, resize_vocab=False, split_special_tokens=False, new_special_tokens=None, model_revision='main', low_cpu_mem_usage=True, rope_scaling=None, flash_attn=<AttentionFunction.AUTO: 'auto'>, shift_attn=False, mixture_of_depths=None, use_unsloth=False, use_unsloth_gc=False, enable_liger_kernel=False, moe_aux_loss_coef=None, disable_gradient_checkpointing=Fa..."}
2026-07-15 04:12:48.365 /testbed/src/llamafactory/model/adapter.py:145 llamafactory.model.adapter._setup_lora_tuning event=line locals={}
2026-07-15 04:12:48.365 /testbed/src/llamafactory/model/adapter.py:148 llamafactory.model.adapter._setup_lora_tuning event=line locals={}
2026-07-15 04:12:48.365 /testbed/src/llamafactory/model/adapter.py:150 llamafactory.model.adapter._setup_lora_tuning event=line locals={'adapter_to_resume': 'None'}
2026-07-15 04:12:48.365 /testbed/src/llamafactory/model/adapter.py:151 llamafactory.model.adapter._setup_lora_tuning event=line locals={}
2026-07-15 04:12:48.365 /testbed/src/llamafactory/model/adapter.py:152 llamafactory.model.adapter._setup_lora_tuning event=line locals={'is_mergeable': 'True'}
2026-07-15 04:12:48.365 /testbed/src/llamafactory/model/adapter.py:156 llamafactory.model.adapter._setup_lora_tuning event=line locals={}
2026-07-15 04:12:48.365 /testbed/src/llamafactory/model/adapter.py:160 llamafactory.model.adapter._setup_lora_tuning event=line locals={}
2026-07-15 04:12:48.365 /testbed/src/llamafactory/model/adapter.py:164 llamafactory.model.adapter._setup_lora_tuning event=line locals={}
2026-07-15 04:12:48.365 /testbed/src/llamafactory/model/adapter.py:168 llamafactory.model.adapter._setup_lora_tuning event=line locals={}
2026-07-15 04:12:48.365 /testbed/src/llamafactory/model/adapter.py:171 llamafactory.model.adapter._setup_lora_tuning event=line locals={'adapter_to_merge': "['soloAdapter']"}
2026-07-15 04:12:48.365 /testbed/src/llamafactory/model/adapter.py:172 llamafactory.model.adapter._setup_lora_tuning event=line locals={}
2026-07-15 04:12:48.365 /testbed/src/llamafactory/model/adapter.py:173 llamafactory.model.adapter._setup_lora_tuning event=line locals={}
2026-07-15 04:12:48.365 /testbed/src/llamafactory/model/adapter.py:174 llamafactory.model.adapter._setup_lora_tuning event=line locals={}
2026-07-15 04:12:48.365 /testbed/src/llamafactory/model/adapter.py:175 llamafactory.model.adapter._setup_lora_tuning event=line locals={}
2026-07-15 04:12:48.365 /testbed/src/llamafactory/model/adapter.py:170 llamafactory.model.adapter._setup_lora_tuning event=line locals={}
2026-07-15 04:12:48.365 /testbed/src/llamafactory/model/adapter.py:178 llamafactory.model.adapter._setup_lora_tuning event=line locals={'init_kwargs': "{'subfolder': None, 'offload_folder': 'offload', 'cache_dir': None, 'revision': 'main', 'token': None}"}
2026-07-15 04:12:48.365 /testbed/src/llamafactory/model/adapter.py:179 llamafactory.model.adapter._setup_lora_tuning event=line locals={'adapter': "'soloAdapter'"}
2026-07-15 04:12:48.366 /testbed/src/llamafactory/model/adapter.py:180 llamafactory.model.adapter._setup_lora_tuning event=line locals={'model': '<testcase.FakeMergeWrapper object at 0x787366d10880>'}
2026-07-15 04:12:48.366 /testbed/src/llamafactory/model/adapter.py:178 llamafactory.model.adapter._setup_lora_tuning event=line locals={'model': '<testcase.DummyModel object at 0x787366d10d30>'}
2026-07-15 04:12:48.366 /testbed/src/llamafactory/model/adapter.py:182 llamafactory.model.adapter._setup_lora_tuning event=line locals={}
2026-07-15 04:12:48.366 /testbed/src/llamafactory/model/adapter.py:183 llamafactory.model.adapter._setup_lora_tuning event=line locals={}
2026-07-15 04:12:48.366 /testbed/src/llamafactory/model/adapter.py:185 llamafactory.model.adapter._setup_lora_tuning event=line locals={}
2026-07-15 04:12:48.366 /testbed/src/llamafactory/model/adapter.py:191 llamafactory.model.adapter._setup_lora_tuning event=line locals={}
2026-07-15 04:12:48.367 /testbed/src/llamafactory/model/adapter.py:193 llamafactory.model.adapter._setup_lora_tuning event=line locals={}
2026-07-15 04:12:48.367 /testbed/src/llamafactory/model/adapter.py:250 llamafactory.model.adapter._setup_lora_tuning event=line locals={}
2026-07-15 04:12:48.367 /testbed/src/llamafactory/model/adapter.py:254 llamafactory.model.adapter._setup_lora_tuning event=line locals={}
2026-07-15 04:12:48.367 /testbed/src/llamafactory/model/adapter.py:254 llamafactory.model.adapter._setup_lora_tuning event=return retval=<testcase.DummyModel object at 0x787366d10d30> locals={'adapter': "'soloAdapter'", 'adapter_to_merge': "['soloAdapter']", 'adapter_to_resume': 'None', 'cast_trainable_params_to_fp32': 'True', 'config': 'namespace()', 'finetuning_args': "FinetuningArguments(freeze_trainable_layers=2, freeze_trainable_modules=['all'], freeze_extra_modules=None, additional_target=None, lora_alpha=16, lora_dropout=0.0, lora_rank=8, lora_target=['q_proj'], loraplus_lr_ratio=None, loraplus_lr_embedding=1e-06, use_rslora=False, use_dora=False, pissa_init=False, pissa_iter=16, pissa_convert=False, create_new_adapter=False, pref_beta=0.1, pref_ftx=0.0, pref_loss='sigmoid', dpo_label_smoothing=0.0, kto_chosen_weight=1.0, kto_rejected_weight=1.0, simpo_ga...", 'init_kwargs': "{'subfolder': None, 'offload_folder': 'offload', 'cache_dir': None, 'revision': 'main', 'token': None}", 'is_mergeable': 'True', 'is_trainable': 'False', 'model': '<testcase.DummyModel object at 0x787366d10d30>', 'model_args': "ModelArguments(model_name_or_path='dummy-model', adapter_name_or_path=['soloAdapter'], adapter_folder=None, cache_dir=None, use_fast_tokenizer=True, resize_vocab=False, split_special_tokens=False, new_special_tokens=None, model_revision='main', low_cpu_mem_usage=True, rope_scaling=None, flash_attn=<AttentionFunction.AUTO: 'auto'>, shift_attn=False, mixture_of_depths=None, use_unsloth=False, use_unsloth_gc=False, enable_liger_kernel=False, moe_aux_loss_coef=None, disable_gradient_checkpointing=Fa..."}
