2026-08-23 03:39:44.740 [TRACE][START] pid=47 TRACE_OUT='/testbed/logs/llama_factory_qa/loader_load_single_dataset_s1_cfg__pert_llm_s0/trace.log' TRACE_FILE='src/llamafactory/data/loader.py' TRACE_FUNCS=['_load_single_dataset'] TRACE_EVENTS=['call', 'exception', 'line', 'return']
2026-08-23 03:39:44.755 /testbed/src/llamafactory/data/loader.py:51 src.llamafactory.data.loader._load_single_dataset event=call locals={'data_args': "namespace(dataset_dir='/tmp/loader_s1_cfg_3g74y2rl/datasets', streaming=False, preprocessing_num_workers=3, max_samples=None)", 'dataset_attr': 'sample_dir', 'model_args': 'namespace(cache_dir=None, hf_hub_token=None, trust_remote_code=True, ms_hub_token=None, om_hub_token=None)', 'training_args': 'namespace(dataloader_num_workers=4)'}
2026-08-23 03:39:44.755 /testbed/src/llamafactory/data/loader.py:58 src.llamafactory.data.loader._load_single_dataset event=line locals={}
2026-08-23 03:39:44.756 /testbed/src/llamafactory/data/loader.py:59 src.llamafactory.data.loader._load_single_dataset event=line locals={}
2026-08-23 03:39:44.756 /testbed/src/llamafactory/data/loader.py:60 src.llamafactory.data.loader._load_single_dataset event=line locals={'data_dir': 'None', 'data_files': 'None', 'data_name': 'None', 'data_path': 'None'}
2026-08-23 03:39:44.756 /testbed/src/llamafactory/data/loader.py:65 src.llamafactory.data.loader._load_single_dataset event=line locals={}
2026-08-23 03:39:44.756 /testbed/src/llamafactory/data/loader.py:70 src.llamafactory.data.loader._load_single_dataset event=line locals={}
2026-08-23 03:39:44.756 /testbed/src/llamafactory/data/loader.py:71 src.llamafactory.data.loader._load_single_dataset event=line locals={}
2026-08-23 03:39:44.756 /testbed/src/llamafactory/data/loader.py:72 src.llamafactory.data.loader._load_single_dataset event=line locals={'data_files': '[]'}
2026-08-23 03:39:44.756 /testbed/src/llamafactory/data/loader.py:73 src.llamafactory.data.loader._load_single_dataset event=line locals={'local_path': "'/tmp/loader_s1_cfg_3g74y2rl/datasets/sample_dir'"}
2026-08-23 03:39:44.756 /testbed/src/llamafactory/data/loader.py:74 src.llamafactory.data.loader._load_single_dataset event=line locals={}
2026-08-23 03:39:44.756 /testbed/src/llamafactory/data/loader.py:75 src.llamafactory.data.loader._load_single_dataset event=line locals={'file_name': "'kappa.json'"}
2026-08-23 03:39:44.756 /testbed/src/llamafactory/data/loader.py:74 src.llamafactory.data.loader._load_single_dataset event=line locals={'data_files': "['/tmp/loader_s1_cfg_3g74y2rl/datasets/sample_dir/kappa.json']"}
2026-08-23 03:39:44.756 /testbed/src/llamafactory/data/loader.py:75 src.llamafactory.data.loader._load_single_dataset event=line locals={'file_name': "'alpha.json'"}
2026-08-23 03:39:44.756 /testbed/src/llamafactory/data/loader.py:74 src.llamafactory.data.loader._load_single_dataset event=line locals={'data_files': "['/tmp/loader_s1_cfg_3g74y2rl/datasets/sample_dir/kappa.json', '/tmp/loader_s1_cfg_3g74y2rl/datasets/sample_dir/alpha.json']"}
2026-08-23 03:39:44.756 /testbed/src/llamafactory/data/loader.py:75 src.llamafactory.data.loader._load_single_dataset event=line locals={'file_name': "'epsilon.json'"}
2026-08-23 03:39:44.756 /testbed/src/llamafactory/data/loader.py:74 src.llamafactory.data.loader._load_single_dataset event=line locals={'data_files': "['/tmp/loader_s1_cfg_3g74y2rl/datasets/sample_dir/kappa.json', '/tmp/loader_s1_cfg_3g74y2rl/datasets/sample_dir/alpha.json', '/tmp/loader_s1_cfg_3g74y2rl/datasets/sample_dir/epsilon.json']"}
2026-08-23 03:39:44.756 /testbed/src/llamafactory/data/loader.py:75 src.llamafactory.data.loader._load_single_dataset event=line locals={'file_name': "'mu.json'"}
2026-08-23 03:39:44.756 /testbed/src/llamafactory/data/loader.py:74 src.llamafactory.data.loader._load_single_dataset event=line locals={'data_files': "['/tmp/loader_s1_cfg_3g74y2rl/datasets/sample_dir/kappa.json', '/tmp/loader_s1_cfg_3g74y2rl/datasets/sample_dir/alpha.json', '/tmp/loader_s1_cfg_3g74y2rl/datasets/sample_dir/epsilon.json', '/tmp/loader_s1_cfg_3g74y2rl/datasets/sample_dir/mu.json']"}
2026-08-23 03:39:44.756 /testbed/src/llamafactory/data/loader.py:75 src.llamafactory.data.loader._load_single_dataset event=line locals={'file_name': "'lambda.json'"}
2026-08-23 03:39:44.756 /testbed/src/llamafactory/data/loader.py:74 src.llamafactory.data.loader._load_single_dataset event=line locals={'data_files': "['/tmp/loader_s1_cfg_3g74y2rl/datasets/sample_dir/kappa.json', '/tmp/loader_s1_cfg_3g74y2rl/datasets/sample_dir/alpha.json', '/tmp/loader_s1_cfg_3g74y2rl/datasets/sample_dir/epsilon.json', '/tmp/loader_s1_cfg_3g74y2rl/datasets/sample_dir/mu.json', '/tmp/loader_s1_cfg_3g74y2rl/datasets/sample_dir/lambda.json']"}
2026-08-23 03:39:44.756 /testbed/src/llamafactory/data/loader.py:75 src.llamafactory.data.loader._load_single_dataset event=line locals={'file_name': "'beta.json'"}
2026-08-23 03:39:44.756 /testbed/src/llamafactory/data/loader.py:74 src.llamafactory.data.loader._load_single_dataset event=line locals={'data_files': "['/tmp/loader_s1_cfg_3g74y2rl/datasets/sample_dir/kappa.json', '/tmp/loader_s1_cfg_3g74y2rl/datasets/sample_dir/alpha.json', '/tmp/loader_s1_cfg_3g74y2rl/datasets/sample_dir/epsilon.json', '/tmp/loader_s1_cfg_3g74y2rl/datasets/sample_dir/mu.json', '/tmp/loader_s1_cfg_3g74y2rl/datasets/sample_dir/lambda.json', '/tmp/loader_s1_cfg_3g74y2rl/datasets/sample_dir/beta.json']"}
2026-08-23 03:39:44.757 /testbed/src/llamafactory/data/loader.py:75 src.llamafactory.data.loader._load_single_dataset event=line locals={'file_name': "'iota.json'"}
2026-08-23 03:39:44.757 /testbed/src/llamafactory/data/loader.py:74 src.llamafactory.data.loader._load_single_dataset event=line locals={'data_files': "['/tmp/loader_s1_cfg_3g74y2rl/datasets/sample_dir/kappa.json', '/tmp/loader_s1_cfg_3g74y2rl/datasets/sample_dir/alpha.json', '/tmp/loader_s1_cfg_3g74y2rl/datasets/sample_dir/epsilon.json', '/tmp/loader_s1_cfg_3g74y2rl/datasets/sample_dir/mu.json', '/tmp/loader_s1_cfg_3g74y2rl/datasets/sample_dir/lambda.json', '/tmp/loader_s1_cfg_3g74y2rl/datasets/sample_dir/beta.json', '/tmp/loader_s1_cfg_3g74y2rl/datasets/sample_dir/iota.json']"}
2026-08-23 03:39:44.757 /testbed/src/llamafactory/data/loader.py:75 src.llamafactory.data.loader._load_single_dataset event=line locals={'file_name': "'zeta.json'"}
2026-08-23 03:39:44.757 /testbed/src/llamafactory/data/loader.py:74 src.llamafactory.data.loader._load_single_dataset event=line locals={'data_files': "['/tmp/loader_s1_cfg_3g74y2rl/datasets/sample_dir/kappa.json', '/tmp/loader_s1_cfg_3g74y2rl/datasets/sample_dir/alpha.json', '/tmp/loader_s1_cfg_3g74y2rl/datasets/sample_dir/epsilon.json', '/tmp/loader_s1_cfg_3g74y2rl/datasets/sample_dir/mu.json', '/tmp/loader_s1_cfg_3g74y2rl/datasets/sample_dir/lambda.json', '/tmp/loader_s1_cfg_3g74y2rl/datasets/sample_dir/beta.json', '/tmp/loader_s1_cfg_3g74y2rl/datasets/sample_dir/iota.json', '/tmp/loader_s1_cfg_3g74y2rl/datasets/sample_dir/zeta.json']"}
2026-08-23 03:39:44.757 /testbed/src/llamafactory/data/loader.py:75 src.llamafactory.data.loader._load_single_dataset event=line locals={'file_name': "'theta.json'"}
2026-08-23 03:39:44.757 /testbed/src/llamafactory/data/loader.py:74 src.llamafactory.data.loader._load_single_dataset event=line locals={'data_files': "['/tmp/loader_s1_cfg_3g74y2rl/datasets/sample_dir/kappa.json', '/tmp/loader_s1_cfg_3g74y2rl/datasets/sample_dir/alpha.json', '/tmp/loader_s1_cfg_3g74y2rl/datasets/sample_dir/epsilon.json', '/tmp/loader_s1_cfg_3g74y2rl/datasets/sample_dir/mu.json', '/tmp/loader_s1_cfg_3g74y2rl/datasets/sample_dir/lambda.json', '/tmp/loader_s1_cfg_3g74y2rl/datasets/sample_dir/beta.json', '/tmp/loader_s1_cfg_3g74y2rl/datasets/sample_dir/iota.json', '/tmp/loader_s1_cfg_3g74y2rl/datasets/sample_dir/zeta.json', '/tmp/..."}
2026-08-23 03:39:44.757 /testbed/src/llamafactory/data/loader.py:75 src.llamafactory.data.loader._load_single_dataset event=line locals={'file_name': "'gamma.json'"}
2026-08-23 03:39:44.757 /testbed/src/llamafactory/data/loader.py:74 src.llamafactory.data.loader._load_single_dataset event=line locals={}
2026-08-23 03:39:44.757 /testbed/src/llamafactory/data/loader.py:75 src.llamafactory.data.loader._load_single_dataset event=line locals={'file_name': "'delta.json'"}
2026-08-23 03:39:44.757 /testbed/src/llamafactory/data/loader.py:74 src.llamafactory.data.loader._load_single_dataset event=line locals={}
2026-08-23 03:39:44.757 /testbed/src/llamafactory/data/loader.py:75 src.llamafactory.data.loader._load_single_dataset event=line locals={'file_name': "'eta.json'"}
2026-08-23 03:39:44.757 /testbed/src/llamafactory/data/loader.py:74 src.llamafactory.data.loader._load_single_dataset event=line locals={}
2026-08-23 03:39:44.757 /testbed/src/llamafactory/data/loader.py:81 src.llamafactory.data.loader._load_single_dataset event=line locals={}
2026-08-23 03:39:44.757 /testbed/src/llamafactory/data/loader.py:82 src.llamafactory.data.loader._load_single_dataset event=line locals={'data_path': "'json'"}
2026-08-23 03:39:44.757 /testbed/src/llamafactory/data/loader.py:85 src.llamafactory.data.loader._load_single_dataset event=line locals={}
2026-08-23 03:39:44.757 /testbed/src/llamafactory/data/loader.py:90 src.llamafactory.data.loader._load_single_dataset event=line locals={}
2026-08-23 03:39:44.757 /testbed/src/llamafactory/data/loader.py:109 src.llamafactory.data.loader._load_single_dataset event=line locals={}
2026-08-23 03:39:44.757 /testbed/src/llamafactory/data/loader.py:126 src.llamafactory.data.loader._load_single_dataset event=line locals={}
2026-08-23 03:39:44.757 /testbed/src/llamafactory/data/loader.py:127 src.llamafactory.data.loader._load_single_dataset event=line locals={}
2026-08-23 03:39:44.757 /testbed/src/llamafactory/data/loader.py:128 src.llamafactory.data.loader._load_single_dataset event=line locals={}
2026-08-23 03:39:44.757 /testbed/src/llamafactory/data/loader.py:129 src.llamafactory.data.loader._load_single_dataset event=line locals={}
2026-08-23 03:39:44.757 /testbed/src/llamafactory/data/loader.py:130 src.llamafactory.data.loader._load_single_dataset event=line locals={}
2026-08-23 03:39:44.757 /testbed/src/llamafactory/data/loader.py:131 src.llamafactory.data.loader._load_single_dataset event=line locals={}
2026-08-23 03:39:44.758 /testbed/src/llamafactory/data/loader.py:132 src.llamafactory.data.loader._load_single_dataset event=line locals={}
2026-08-23 03:39:44.758 /testbed/src/llamafactory/data/loader.py:133 src.llamafactory.data.loader._load_single_dataset event=line locals={}
2026-08-23 03:39:44.758 /testbed/src/llamafactory/data/loader.py:134 src.llamafactory.data.loader._load_single_dataset event=line locals={}
2026-08-23 03:39:44.758 /testbed/src/llamafactory/data/loader.py:135 src.llamafactory.data.loader._load_single_dataset event=line locals={}
2026-08-23 03:39:44.758 /testbed/src/llamafactory/data/loader.py:136 src.llamafactory.data.loader._load_single_dataset event=line locals={}
2026-08-23 03:39:44.758 /testbed/src/llamafactory/data/loader.py:126 src.llamafactory.data.loader._load_single_dataset event=line locals={}
2026-08-23 03:39:44.758 /testbed/src/llamafactory/data/loader.py:138 src.llamafactory.data.loader._load_single_dataset event=line locals={'dataset': '<testcase.FakeDataset object at 0x734982fcbee0>'}
2026-08-23 03:39:44.758 /testbed/src/llamafactory/data/loader.py:141 src.llamafactory.data.loader._load_single_dataset event=line locals={}
2026-08-23 03:39:44.758 /testbed/src/llamafactory/data/loader.py:142 src.llamafactory.data.loader._load_single_dataset event=line locals={}
2026-08-23 03:39:44.758 /testbed/src/llamafactory/data/loader.py:143 src.llamafactory.data.loader._load_single_dataset event=line locals={'target_num': '16'}
2026-08-23 03:39:44.758 /testbed/src/llamafactory/data/loader.py:144 src.llamafactory.data.loader._load_single_dataset event=line locals={'indexes': 'array([10,  9,  0,  8,  5,  2,  1, 11,  4,  7,  3,  6])'}
2026-08-23 03:39:44.758 /testbed/src/llamafactory/data/loader.py:145 src.llamafactory.data.loader._load_single_dataset event=line locals={'target_num': '4'}
2026-08-23 03:39:44.758 /testbed/src/llamafactory/data/loader.py:146 src.llamafactory.data.loader._load_single_dataset event=line locals={}
2026-08-23 03:39:44.758 /testbed/src/llamafactory/data/loader.py:147 src.llamafactory.data.loader._load_single_dataset event=line locals={'expand_indexes': 'array([7, 7, 2, 5])'}
2026-08-23 03:39:44.759 /testbed/src/llamafactory/data/loader.py:149 src.llamafactory.data.loader._load_single_dataset event=line locals={'indexes': 'array([10,  9,  0,  8,  5,  2,  1, 11,  4,  7,  3,  6,  7,  7,  2,  5])'}
2026-08-23 03:39:44.759 /testbed/src/llamafactory/data/loader.py:150 src.llamafactory.data.loader._load_single_dataset event=line locals={}
2026-08-23 03:39:44.759 /testbed/src/llamafactory/data/loader.py:151 src.llamafactory.data.loader._load_single_dataset event=line locals={'dataset': '<testcase.FakeDataset object at 0x734982fcbf40>'}
2026-08-23 03:39:44.759 /testbed/src/llamafactory/data/loader.py:153 src.llamafactory.data.loader._load_single_dataset event=line locals={}
2026-08-23 03:39:44.759 /testbed/src/llamafactory/data/loader.py:157 src.llamafactory.data.loader._load_single_dataset event=line locals={}
2026-08-23 03:39:44.760 /testbed/src/llamafactory/data/loader.py:157 src.llamafactory.data.loader._load_single_dataset event=return retval=<testcase.FakeDataset object at 0x734982fcbf40> locals={'data_args': "namespace(dataset_dir='/tmp/loader_s1_cfg_3g74y2rl/datasets', streaming=False, preprocessing_num_workers=3, max_samples=None)", 'data_dir': 'None', 'data_files': "['/tmp/loader_s1_cfg_3g74y2rl/datasets/sample_dir/kappa.json', '/tmp/loader_s1_cfg_3g74y2rl/datasets/sample_dir/alpha.json', '/tmp/loader_s1_cfg_3g74y2rl/datasets/sample_dir/epsilon.json', '/tmp/loader_s1_cfg_3g74y2rl/datasets/sample_dir/mu.json', '/tmp/loader_s1_cfg_3g74y2rl/datasets/sample_dir/lambda.json', '/tmp/loader_s1_cfg_3g74y2rl/datasets/sample_dir/beta.json', '/tmp/loader_s1_cfg_3g74y2rl/datasets/sample_dir/iota.json', '/tmp/loader_s1_cfg_3g74y2rl/datasets/sample_dir/zeta.json', '/tmp/...", 'data_name': 'None', 'data_path': "'json'", 'dataset': '<testcase.FakeDataset object at 0x734982fcbf40>', 'dataset_attr': 'sample_dir', 'expand_indexes': 'array([7, 7, 2, 5])', 'file_name': "'eta.json'", 'indexes': 'array([10,  9,  0,  8,  5,  2,  1, 11,  4,  7,  3,  6,  7,  7,  2,  5])', 'local_path': "'/tmp/loader_s1_cfg_3g74y2rl/datasets/sample_dir'", 'model_args': 'namespace(cache_dir=None, hf_hub_token=None, trust_remote_code=True, ms_hub_token=None, om_hub_token=None)', 'target_num': '4', 'training_args': 'namespace(dataloader_num_workers=4)'}
2026-08-23 03:39:44.760 /testbed/src/llamafactory/data/loader.py:51 src.llamafactory.data.loader._load_single_dataset event=call locals={'data_args': "namespace(dataset_dir='/tmp/loader_s1_cfg_3g74y2rl/datasets', streaming=False, preprocessing_num_workers=3, max_samples=14)", 'dataset_attr': 'sample_dir', 'model_args': 'namespace(cache_dir=None, hf_hub_token=None, trust_remote_code=True, ms_hub_token=None, om_hub_token=None)', 'training_args': 'namespace(dataloader_num_workers=4)'}
2026-08-23 03:39:44.760 /testbed/src/llamafactory/data/loader.py:58 src.llamafactory.data.loader._load_single_dataset event=line locals={}
2026-08-23 03:39:44.760 /testbed/src/llamafactory/data/loader.py:59 src.llamafactory.data.loader._load_single_dataset event=line locals={}
2026-08-23 03:39:44.761 /testbed/src/llamafactory/data/loader.py:60 src.llamafactory.data.loader._load_single_dataset event=line locals={'data_dir': 'None', 'data_files': 'None', 'data_name': 'None', 'data_path': 'None'}
2026-08-23 03:39:44.761 /testbed/src/llamafactory/data/loader.py:65 src.llamafactory.data.loader._load_single_dataset event=line locals={}
2026-08-23 03:39:44.761 /testbed/src/llamafactory/data/loader.py:70 src.llamafactory.data.loader._load_single_dataset event=line locals={}
2026-08-23 03:39:44.761 /testbed/src/llamafactory/data/loader.py:71 src.llamafactory.data.loader._load_single_dataset event=line locals={}
2026-08-23 03:39:44.761 /testbed/src/llamafactory/data/loader.py:72 src.llamafactory.data.loader._load_single_dataset event=line locals={'data_files': '[]'}
2026-08-23 03:39:44.761 /testbed/src/llamafactory/data/loader.py:73 src.llamafactory.data.loader._load_single_dataset event=line locals={'local_path': "'/tmp/loader_s1_cfg_3g74y2rl/datasets/sample_dir'"}
2026-08-23 03:39:44.761 /testbed/src/llamafactory/data/loader.py:74 src.llamafactory.data.loader._load_single_dataset event=line locals={}
2026-08-23 03:39:44.761 /testbed/src/llamafactory/data/loader.py:75 src.llamafactory.data.loader._load_single_dataset event=line locals={'file_name': "'kappa.json'"}
2026-08-23 03:39:44.761 /testbed/src/llamafactory/data/loader.py:74 src.llamafactory.data.loader._load_single_dataset event=line locals={'data_files': "['/tmp/loader_s1_cfg_3g74y2rl/datasets/sample_dir/kappa.json']"}
2026-08-23 03:39:44.761 /testbed/src/llamafactory/data/loader.py:75 src.llamafactory.data.loader._load_single_dataset event=line locals={'file_name': "'alpha.json'"}
2026-08-23 03:39:44.761 /testbed/src/llamafactory/data/loader.py:74 src.llamafactory.data.loader._load_single_dataset event=line locals={'data_files': "['/tmp/loader_s1_cfg_3g74y2rl/datasets/sample_dir/kappa.json', '/tmp/loader_s1_cfg_3g74y2rl/datasets/sample_dir/alpha.json']"}
2026-08-23 03:39:44.761 /testbed/src/llamafactory/data/loader.py:75 src.llamafactory.data.loader._load_single_dataset event=line locals={'file_name': "'epsilon.json'"}
2026-08-23 03:39:44.761 /testbed/src/llamafactory/data/loader.py:74 src.llamafactory.data.loader._load_single_dataset event=line locals={'data_files': "['/tmp/loader_s1_cfg_3g74y2rl/datasets/sample_dir/kappa.json', '/tmp/loader_s1_cfg_3g74y2rl/datasets/sample_dir/alpha.json', '/tmp/loader_s1_cfg_3g74y2rl/datasets/sample_dir/epsilon.json']"}
2026-08-23 03:39:44.761 /testbed/src/llamafactory/data/loader.py:75 src.llamafactory.data.loader._load_single_dataset event=line locals={'file_name': "'mu.json'"}
2026-08-23 03:39:44.761 /testbed/src/llamafactory/data/loader.py:74 src.llamafactory.data.loader._load_single_dataset event=line locals={'data_files': "['/tmp/loader_s1_cfg_3g74y2rl/datasets/sample_dir/kappa.json', '/tmp/loader_s1_cfg_3g74y2rl/datasets/sample_dir/alpha.json', '/tmp/loader_s1_cfg_3g74y2rl/datasets/sample_dir/epsilon.json', '/tmp/loader_s1_cfg_3g74y2rl/datasets/sample_dir/mu.json']"}
2026-08-23 03:39:44.761 /testbed/src/llamafactory/data/loader.py:75 src.llamafactory.data.loader._load_single_dataset event=line locals={'file_name': "'lambda.json'"}
2026-08-23 03:39:44.761 /testbed/src/llamafactory/data/loader.py:74 src.llamafactory.data.loader._load_single_dataset event=line locals={'data_files': "['/tmp/loader_s1_cfg_3g74y2rl/datasets/sample_dir/kappa.json', '/tmp/loader_s1_cfg_3g74y2rl/datasets/sample_dir/alpha.json', '/tmp/loader_s1_cfg_3g74y2rl/datasets/sample_dir/epsilon.json', '/tmp/loader_s1_cfg_3g74y2rl/datasets/sample_dir/mu.json', '/tmp/loader_s1_cfg_3g74y2rl/datasets/sample_dir/lambda.json']"}
2026-08-23 03:39:44.761 /testbed/src/llamafactory/data/loader.py:75 src.llamafactory.data.loader._load_single_dataset event=line locals={'file_name': "'beta.json'"}
2026-08-23 03:39:44.761 /testbed/src/llamafactory/data/loader.py:74 src.llamafactory.data.loader._load_single_dataset event=line locals={'data_files': "['/tmp/loader_s1_cfg_3g74y2rl/datasets/sample_dir/kappa.json', '/tmp/loader_s1_cfg_3g74y2rl/datasets/sample_dir/alpha.json', '/tmp/loader_s1_cfg_3g74y2rl/datasets/sample_dir/epsilon.json', '/tmp/loader_s1_cfg_3g74y2rl/datasets/sample_dir/mu.json', '/tmp/loader_s1_cfg_3g74y2rl/datasets/sample_dir/lambda.json', '/tmp/loader_s1_cfg_3g74y2rl/datasets/sample_dir/beta.json']"}
2026-08-23 03:39:44.761 /testbed/src/llamafactory/data/loader.py:75 src.llamafactory.data.loader._load_single_dataset event=line locals={'file_name': "'iota.json'"}
2026-08-23 03:39:44.761 /testbed/src/llamafactory/data/loader.py:74 src.llamafactory.data.loader._load_single_dataset event=line locals={'data_files': "['/tmp/loader_s1_cfg_3g74y2rl/datasets/sample_dir/kappa.json', '/tmp/loader_s1_cfg_3g74y2rl/datasets/sample_dir/alpha.json', '/tmp/loader_s1_cfg_3g74y2rl/datasets/sample_dir/epsilon.json', '/tmp/loader_s1_cfg_3g74y2rl/datasets/sample_dir/mu.json', '/tmp/loader_s1_cfg_3g74y2rl/datasets/sample_dir/lambda.json', '/tmp/loader_s1_cfg_3g74y2rl/datasets/sample_dir/beta.json', '/tmp/loader_s1_cfg_3g74y2rl/datasets/sample_dir/iota.json']"}
2026-08-23 03:39:44.761 /testbed/src/llamafactory/data/loader.py:75 src.llamafactory.data.loader._load_single_dataset event=line locals={'file_name': "'zeta.json'"}
2026-08-23 03:39:44.761 /testbed/src/llamafactory/data/loader.py:74 src.llamafactory.data.loader._load_single_dataset event=line locals={'data_files': "['/tmp/loader_s1_cfg_3g74y2rl/datasets/sample_dir/kappa.json', '/tmp/loader_s1_cfg_3g74y2rl/datasets/sample_dir/alpha.json', '/tmp/loader_s1_cfg_3g74y2rl/datasets/sample_dir/epsilon.json', '/tmp/loader_s1_cfg_3g74y2rl/datasets/sample_dir/mu.json', '/tmp/loader_s1_cfg_3g74y2rl/datasets/sample_dir/lambda.json', '/tmp/loader_s1_cfg_3g74y2rl/datasets/sample_dir/beta.json', '/tmp/loader_s1_cfg_3g74y2rl/datasets/sample_dir/iota.json', '/tmp/loader_s1_cfg_3g74y2rl/datasets/sample_dir/zeta.json']"}
2026-08-23 03:39:44.761 /testbed/src/llamafactory/data/loader.py:75 src.llamafactory.data.loader._load_single_dataset event=line locals={'file_name': "'theta.json'"}
2026-08-23 03:39:44.761 /testbed/src/llamafactory/data/loader.py:74 src.llamafactory.data.loader._load_single_dataset event=line locals={'data_files': "['/tmp/loader_s1_cfg_3g74y2rl/datasets/sample_dir/kappa.json', '/tmp/loader_s1_cfg_3g74y2rl/datasets/sample_dir/alpha.json', '/tmp/loader_s1_cfg_3g74y2rl/datasets/sample_dir/epsilon.json', '/tmp/loader_s1_cfg_3g74y2rl/datasets/sample_dir/mu.json', '/tmp/loader_s1_cfg_3g74y2rl/datasets/sample_dir/lambda.json', '/tmp/loader_s1_cfg_3g74y2rl/datasets/sample_dir/beta.json', '/tmp/loader_s1_cfg_3g74y2rl/datasets/sample_dir/iota.json', '/tmp/loader_s1_cfg_3g74y2rl/datasets/sample_dir/zeta.json', '/tmp/..."}
2026-08-23 03:39:44.761 /testbed/src/llamafactory/data/loader.py:75 src.llamafactory.data.loader._load_single_dataset event=line locals={'file_name': "'gamma.json'"}
2026-08-23 03:39:44.761 /testbed/src/llamafactory/data/loader.py:74 src.llamafactory.data.loader._load_single_dataset event=line locals={}
2026-08-23 03:39:44.761 /testbed/src/llamafactory/data/loader.py:75 src.llamafactory.data.loader._load_single_dataset event=line locals={'file_name': "'delta.json'"}
2026-08-23 03:39:44.761 /testbed/src/llamafactory/data/loader.py:74 src.llamafactory.data.loader._load_single_dataset event=line locals={}
2026-08-23 03:39:44.761 /testbed/src/llamafactory/data/loader.py:75 src.llamafactory.data.loader._load_single_dataset event=line locals={'file_name': "'eta.json'"}
2026-08-23 03:39:44.761 /testbed/src/llamafactory/data/loader.py:74 src.llamafactory.data.loader._load_single_dataset event=line locals={}
2026-08-23 03:39:44.761 /testbed/src/llamafactory/data/loader.py:81 src.llamafactory.data.loader._load_single_dataset event=line locals={}
2026-08-23 03:39:44.761 /testbed/src/llamafactory/data/loader.py:82 src.llamafactory.data.loader._load_single_dataset event=line locals={'data_path': "'json'"}
2026-08-23 03:39:44.762 /testbed/src/llamafactory/data/loader.py:85 src.llamafactory.data.loader._load_single_dataset event=line locals={}
2026-08-23 03:39:44.762 /testbed/src/llamafactory/data/loader.py:90 src.llamafactory.data.loader._load_single_dataset event=line locals={}
2026-08-23 03:39:44.762 /testbed/src/llamafactory/data/loader.py:109 src.llamafactory.data.loader._load_single_dataset event=line locals={}
2026-08-23 03:39:44.762 /testbed/src/llamafactory/data/loader.py:126 src.llamafactory.data.loader._load_single_dataset event=line locals={}
2026-08-23 03:39:44.762 /testbed/src/llamafactory/data/loader.py:127 src.llamafactory.data.loader._load_single_dataset event=line locals={}
2026-08-23 03:39:44.762 /testbed/src/llamafactory/data/loader.py:128 src.llamafactory.data.loader._load_single_dataset event=line locals={}
2026-08-23 03:39:44.762 /testbed/src/llamafactory/data/loader.py:129 src.llamafactory.data.loader._load_single_dataset event=line locals={}
2026-08-23 03:39:44.762 /testbed/src/llamafactory/data/loader.py:130 src.llamafactory.data.loader._load_single_dataset event=line locals={}
2026-08-23 03:39:44.762 /testbed/src/llamafactory/data/loader.py:131 src.llamafactory.data.loader._load_single_dataset event=line locals={}
2026-08-23 03:39:44.762 /testbed/src/llamafactory/data/loader.py:132 src.llamafactory.data.loader._load_single_dataset event=line locals={}
2026-08-23 03:39:44.762 /testbed/src/llamafactory/data/loader.py:133 src.llamafactory.data.loader._load_single_dataset event=line locals={}
2026-08-23 03:39:44.762 /testbed/src/llamafactory/data/loader.py:134 src.llamafactory.data.loader._load_single_dataset event=line locals={}
2026-08-23 03:39:44.762 /testbed/src/llamafactory/data/loader.py:135 src.llamafactory.data.loader._load_single_dataset event=line locals={}
2026-08-23 03:39:44.762 /testbed/src/llamafactory/data/loader.py:136 src.llamafactory.data.loader._load_single_dataset event=line locals={}
2026-08-23 03:39:44.762 /testbed/src/llamafactory/data/loader.py:126 src.llamafactory.data.loader._load_single_dataset event=line locals={}
2026-08-23 03:39:44.762 /testbed/src/llamafactory/data/loader.py:138 src.llamafactory.data.loader._load_single_dataset event=line locals={'dataset': '<testcase.FakeDataset object at 0x734982fec070>'}
2026-08-23 03:39:44.762 /testbed/src/llamafactory/data/loader.py:141 src.llamafactory.data.loader._load_single_dataset event=line locals={}
2026-08-23 03:39:44.763 /testbed/src/llamafactory/data/loader.py:142 src.llamafactory.data.loader._load_single_dataset event=line locals={}
2026-08-23 03:39:44.763 /testbed/src/llamafactory/data/loader.py:143 src.llamafactory.data.loader._load_single_dataset event=line locals={'target_num': '20'}
2026-08-23 03:39:44.763 /testbed/src/llamafactory/data/loader.py:144 src.llamafactory.data.loader._load_single_dataset event=line locals={'indexes': 'array([ 8,  2,  9,  6,  0, 11,  3, 10,  5,  7,  1,  4])'}
2026-08-23 03:39:44.763 /testbed/src/llamafactory/data/loader.py:145 src.llamafactory.data.loader._load_single_dataset event=line locals={'target_num': '8'}
2026-08-23 03:39:44.763 /testbed/src/llamafactory/data/loader.py:146 src.llamafactory.data.loader._load_single_dataset event=line locals={}
2026-08-23 03:39:44.763 /testbed/src/llamafactory/data/loader.py:147 src.llamafactory.data.loader._load_single_dataset event=line locals={'expand_indexes': 'array([11,  8,  0, 10, 10,  9, 11, 11])'}
2026-08-23 03:39:44.763 /testbed/src/llamafactory/data/loader.py:149 src.llamafactory.data.loader._load_single_dataset event=line locals={'indexes': 'array([ 8,  2,  9,  6,  0, 11,  3, 10,  5,  7,  1,  4, 11,  8,  0, 10, 10,\n        9, 11, 11])'}
2026-08-23 03:39:44.763 /testbed/src/llamafactory/data/loader.py:150 src.llamafactory.data.loader._load_single_dataset event=line locals={}
2026-08-23 03:39:44.763 /testbed/src/llamafactory/data/loader.py:151 src.llamafactory.data.loader._load_single_dataset event=line locals={'dataset': '<testcase.FakeDataset object at 0x734982fec130>'}
2026-08-23 03:39:44.764 /testbed/src/llamafactory/data/loader.py:153 src.llamafactory.data.loader._load_single_dataset event=line locals={}
2026-08-23 03:39:44.764 /testbed/src/llamafactory/data/loader.py:154 src.llamafactory.data.loader._load_single_dataset event=line locals={}
2026-08-23 03:39:44.764 /testbed/src/llamafactory/data/loader.py:155 src.llamafactory.data.loader._load_single_dataset event=line locals={'max_samples': '14'}
2026-08-23 03:39:44.764 /testbed/src/llamafactory/data/loader.py:157 src.llamafactory.data.loader._load_single_dataset event=line locals={'dataset': '<testcase.FakeDataset object at 0x734982fec100>'}
2026-08-23 03:39:44.765 /testbed/src/llamafactory/data/loader.py:157 src.llamafactory.data.loader._load_single_dataset event=return retval=<testcase.FakeDataset object at 0x734982fec100> locals={'data_args': "namespace(dataset_dir='/tmp/loader_s1_cfg_3g74y2rl/datasets', streaming=False, preprocessing_num_workers=3, max_samples=14)", 'data_dir': 'None', 'data_files': "['/tmp/loader_s1_cfg_3g74y2rl/datasets/sample_dir/kappa.json', '/tmp/loader_s1_cfg_3g74y2rl/datasets/sample_dir/alpha.json', '/tmp/loader_s1_cfg_3g74y2rl/datasets/sample_dir/epsilon.json', '/tmp/loader_s1_cfg_3g74y2rl/datasets/sample_dir/mu.json', '/tmp/loader_s1_cfg_3g74y2rl/datasets/sample_dir/lambda.json', '/tmp/loader_s1_cfg_3g74y2rl/datasets/sample_dir/beta.json', '/tmp/loader_s1_cfg_3g74y2rl/datasets/sample_dir/iota.json', '/tmp/loader_s1_cfg_3g74y2rl/datasets/sample_dir/zeta.json', '/tmp/...", 'data_name': 'None', 'data_path': "'json'", 'dataset': '<testcase.FakeDataset object at 0x734982fec100>', 'dataset_attr': 'sample_dir', 'expand_indexes': 'array([11,  8,  0, 10, 10,  9, 11, 11])', 'file_name': "'eta.json'", 'indexes': 'array([ 8,  2,  9,  6,  0, 11,  3, 10,  5,  7,  1,  4, 11,  8,  0, 10, 10,\n        9, 11, 11])', 'local_path': "'/tmp/loader_s1_cfg_3g74y2rl/datasets/sample_dir'", 'max_samples': '14', 'model_args': 'namespace(cache_dir=None, hf_hub_token=None, trust_remote_code=True, ms_hub_token=None, om_hub_token=None)', 'target_num': '8', 'training_args': 'namespace(dataloader_num_workers=4)'}
2026-08-23 03:39:44.765 /testbed/src/llamafactory/data/loader.py:51 src.llamafactory.data.loader._load_single_dataset event=call locals={'data_args': "namespace(dataset_dir='/tmp/loader_s1_cfg_3g74y2rl/datasets', streaming=True, preprocessing_num_workers=3, max_samples=6)", 'dataset_attr': 'single.json', 'model_args': 'namespace(cache_dir=None, hf_hub_token=None, trust_remote_code=True, ms_hub_token=None, om_hub_token=None)', 'training_args': 'namespace(dataloader_num_workers=4)'}
2026-08-23 03:39:44.765 /testbed/src/llamafactory/data/loader.py:58 src.llamafactory.data.loader._load_single_dataset event=line locals={}
2026-08-23 03:39:44.765 /testbed/src/llamafactory/data/loader.py:59 src.llamafactory.data.loader._load_single_dataset event=line locals={}
2026-08-23 03:39:44.765 /testbed/src/llamafactory/data/loader.py:60 src.llamafactory.data.loader._load_single_dataset event=line locals={'data_dir': 'None', 'data_files': 'None', 'data_name': 'None', 'data_path': 'None'}
2026-08-23 03:39:44.765 /testbed/src/llamafactory/data/loader.py:65 src.llamafactory.data.loader._load_single_dataset event=line locals={}
2026-08-23 03:39:44.765 /testbed/src/llamafactory/data/loader.py:70 src.llamafactory.data.loader._load_single_dataset event=line locals={}
2026-08-23 03:39:44.765 /testbed/src/llamafactory/data/loader.py:71 src.llamafactory.data.loader._load_single_dataset event=line locals={}
2026-08-23 03:39:44.765 /testbed/src/llamafactory/data/loader.py:72 src.llamafactory.data.loader._load_single_dataset event=line locals={'data_files': '[]'}
2026-08-23 03:39:44.765 /testbed/src/llamafactory/data/loader.py:73 src.llamafactory.data.loader._load_single_dataset event=line locals={'local_path': "'/tmp/loader_s1_cfg_3g74y2rl/datasets/single.json'"}
2026-08-23 03:39:44.765 /testbed/src/llamafactory/data/loader.py:76 src.llamafactory.data.loader._load_single_dataset event=line locals={}
2026-08-23 03:39:44.765 /testbed/src/llamafactory/data/loader.py:77 src.llamafactory.data.loader._load_single_dataset event=line locals={}
2026-08-23 03:39:44.765 /testbed/src/llamafactory/data/loader.py:81 src.llamafactory.data.loader._load_single_dataset event=line locals={'data_files': "['/tmp/loader_s1_cfg_3g74y2rl/datasets/single.json']"}
2026-08-23 03:39:44.765 /testbed/src/llamafactory/data/loader.py:82 src.llamafactory.data.loader._load_single_dataset event=line locals={'data_path': "'json'"}
2026-08-23 03:39:44.766 /testbed/src/llamafactory/data/loader.py:85 src.llamafactory.data.loader._load_single_dataset event=line locals={}
2026-08-23 03:39:44.766 /testbed/src/llamafactory/data/loader.py:90 src.llamafactory.data.loader._load_single_dataset event=line locals={}
2026-08-23 03:39:44.766 /testbed/src/llamafactory/data/loader.py:109 src.llamafactory.data.loader._load_single_dataset event=line locals={}
2026-08-23 03:39:44.766 /testbed/src/llamafactory/data/loader.py:126 src.llamafactory.data.loader._load_single_dataset event=line locals={}
2026-08-23 03:39:44.766 /testbed/src/llamafactory/data/loader.py:127 src.llamafactory.data.loader._load_single_dataset event=line locals={}
2026-08-23 03:39:44.766 /testbed/src/llamafactory/data/loader.py:128 src.llamafactory.data.loader._load_single_dataset event=line locals={}
2026-08-23 03:39:44.766 /testbed/src/llamafactory/data/loader.py:129 src.llamafactory.data.loader._load_single_dataset event=line locals={}
2026-08-23 03:39:44.766 /testbed/src/llamafactory/data/loader.py:130 src.llamafactory.data.loader._load_single_dataset event=line locals={}
2026-08-23 03:39:44.766 /testbed/src/llamafactory/data/loader.py:131 src.llamafactory.data.loader._load_single_dataset event=line locals={}
2026-08-23 03:39:44.766 /testbed/src/llamafactory/data/loader.py:132 src.llamafactory.data.loader._load_single_dataset event=line locals={}
2026-08-23 03:39:44.766 /testbed/src/llamafactory/data/loader.py:133 src.llamafactory.data.loader._load_single_dataset event=line locals={}
2026-08-23 03:39:44.766 /testbed/src/llamafactory/data/loader.py:134 src.llamafactory.data.loader._load_single_dataset event=line locals={}
2026-08-23 03:39:44.766 /testbed/src/llamafactory/data/loader.py:135 src.llamafactory.data.loader._load_single_dataset event=line locals={}
2026-08-23 03:39:44.766 /testbed/src/llamafactory/data/loader.py:136 src.llamafactory.data.loader._load_single_dataset event=line locals={}
2026-08-23 03:39:44.766 /testbed/src/llamafactory/data/loader.py:126 src.llamafactory.data.loader._load_single_dataset event=line locals={}
2026-08-23 03:39:44.766 /testbed/src/llamafactory/data/loader.py:138 src.llamafactory.data.loader._load_single_dataset event=line locals={'dataset': '<testcase.FakeDataset object at 0x734982fec310>'}
2026-08-23 03:39:44.766 /testbed/src/llamafactory/data/loader.py:139 src.llamafactory.data.loader._load_single_dataset event=line locals={}
2026-08-23 03:39:44.766 /testbed/src/llamafactory/data/loader.py:141 src.llamafactory.data.loader._load_single_dataset event=line locals={'dataset': '<testcase.FakeDataset object at 0x734982fec2b0>'}
2026-08-23 03:39:44.766 /testbed/src/llamafactory/data/loader.py:153 src.llamafactory.data.loader._load_single_dataset event=line locals={}
2026-08-23 03:39:44.766 /testbed/src/llamafactory/data/loader.py:154 src.llamafactory.data.loader._load_single_dataset event=line locals={}
2026-08-23 03:39:44.766 /testbed/src/llamafactory/data/loader.py:155 src.llamafactory.data.loader._load_single_dataset event=line locals={'max_samples': '6'}
2026-08-23 03:39:44.766 /testbed/src/llamafactory/data/loader.py:157 src.llamafactory.data.loader._load_single_dataset event=line locals={'dataset': '<testcase.FakeDataset object at 0x734982fec2e0>'}
2026-08-23 03:39:44.766 /testbed/src/llamafactory/data/loader.py:157 src.llamafactory.data.loader._load_single_dataset event=return retval=<testcase.FakeDataset object at 0x734982fec2e0> locals={'data_args': "namespace(dataset_dir='/tmp/loader_s1_cfg_3g74y2rl/datasets', streaming=True, preprocessing_num_workers=3, max_samples=6)", 'data_dir': 'None', 'data_files': "['/tmp/loader_s1_cfg_3g74y2rl/datasets/single.json']", 'data_name': 'None', 'data_path': "'json'", 'dataset': '<testcase.FakeDataset object at 0x734982fec2e0>', 'dataset_attr': 'single.json', 'local_path': "'/tmp/loader_s1_cfg_3g74y2rl/datasets/single.json'", 'max_samples': '6', 'model_args': 'namespace(cache_dir=None, hf_hub_token=None, trust_remote_code=True, ms_hub_token=None, om_hub_token=None)', 'training_args': 'namespace(dataloader_num_workers=4)'}
