2026-07-15 04:13:56.371 [TRACE][START] pid=47 TRACE_OUT='/testbed/logs/llama_factory_qa/runner_parse_train_args_s3_state__r20260714/trace.log' TRACE_FILE='src/llamafactory/webui/runner.py' TRACE_FUNCS=['_parse_train_args'] TRACE_EVENTS=['call', 'exception', 'line', 'return']
2026-07-15 04:13:56.385 /testbed/src/llamafactory/webui/runner.py:127 src.llamafactory.webui.runner._parse_train_args event=call locals={'data': "{'top.model_name': 'TinyModel', 'top.finetuning_type': 'lora', 'top.model_path': '/models/tiny', 'top.template': 'default', 'top.rope_scaling': 'none', 'top.booster': 'flashattn2', 'top.checkpoint_path': ['ckpt_one'], 'top.quantization_bit': '8', 'top.quantization_method': 'bnb', 'train.training_stage': 'PPO', 'train.dataset_dir': 'data', 'train.dataset': ['alpaca', 'sharegpt'], 'train.cutoff_len': 1024, 'train.learning_rate': '0.0002', 'train.num_train_epochs': '3.0', 'train.max_samples': '200'...", 'self': '<src.llamafactory.webui.runner.Runner object at 0x6ffd0e18c4c0>'}
2026-07-15 04:13:56.385 /testbed/src/llamafactory/webui/runner.py:129 src.llamafactory.webui.runner._parse_train_args event=line locals={}
2026-07-15 04:13:56.385 /testbed/src/llamafactory/webui/runner.py:130 src.llamafactory.webui.runner._parse_train_args event=line locals={'get': '<function Runner._parse_train_args.<locals>.<lambda> at 0x6ffd0e17f7f0>'}
2026-07-15 04:13:56.385 /testbed/src/llamafactory/webui/runner.py:131 src.llamafactory.webui.runner._parse_train_args event=line locals={'finetuning_type': "'lora'", 'model_name': "'TinyModel'"}
2026-07-15 04:13:56.385 /testbed/src/llamafactory/webui/runner.py:133 src.llamafactory.webui.runner._parse_train_args event=line locals={'user_config': "{'cache_dir': 'custom-cache'}"}
2026-07-15 04:13:56.385 /testbed/src/llamafactory/webui/runner.py:134 src.llamafactory.webui.runner._parse_train_args event=line locals={}
2026-07-15 04:13:56.385 /testbed/src/llamafactory/webui/runner.py:133 src.llamafactory.webui.runner._parse_train_args event=line locals={}
2026-07-15 04:13:56.385 /testbed/src/llamafactory/webui/runner.py:135 src.llamafactory.webui.runner._parse_train_args event=line locals={}
2026-07-15 04:13:56.385 /testbed/src/llamafactory/webui/runner.py:133 src.llamafactory.webui.runner._parse_train_args event=line locals={}
2026-07-15 04:13:56.385 /testbed/src/llamafactory/webui/runner.py:136 src.llamafactory.webui.runner._parse_train_args event=line locals={}
2026-07-15 04:13:56.385 /testbed/src/llamafactory/webui/runner.py:133 src.llamafactory.webui.runner._parse_train_args event=line locals={}
2026-07-15 04:13:56.385 /testbed/src/llamafactory/webui/runner.py:137 src.llamafactory.webui.runner._parse_train_args event=line locals={}
2026-07-15 04:13:56.385 /testbed/src/llamafactory/webui/runner.py:133 src.llamafactory.webui.runner._parse_train_args event=line locals={}
2026-07-15 04:13:56.385 /testbed/src/llamafactory/webui/runner.py:138 src.llamafactory.webui.runner._parse_train_args event=line locals={}
2026-07-15 04:13:56.385 /testbed/src/llamafactory/webui/runner.py:133 src.llamafactory.webui.runner._parse_train_args event=line locals={}
2026-07-15 04:13:56.385 /testbed/src/llamafactory/webui/runner.py:139 src.llamafactory.webui.runner._parse_train_args event=line locals={}
2026-07-15 04:13:56.385 /testbed/src/llamafactory/webui/runner.py:133 src.llamafactory.webui.runner._parse_train_args event=line locals={}
2026-07-15 04:13:56.385 /testbed/src/llamafactory/webui/runner.py:140 src.llamafactory.webui.runner._parse_train_args event=line locals={}
2026-07-15 04:13:56.385 /testbed/src/llamafactory/webui/runner.py:133 src.llamafactory.webui.runner._parse_train_args event=line locals={}
2026-07-15 04:13:56.385 /testbed/src/llamafactory/webui/runner.py:141 src.llamafactory.webui.runner._parse_train_args event=line locals={}
2026-07-15 04:13:56.385 /testbed/src/llamafactory/webui/runner.py:133 src.llamafactory.webui.runner._parse_train_args event=line locals={}
2026-07-15 04:13:56.385 /testbed/src/llamafactory/webui/runner.py:142 src.llamafactory.webui.runner._parse_train_args event=line locals={}
2026-07-15 04:13:56.385 /testbed/src/llamafactory/webui/runner.py:133 src.llamafactory.webui.runner._parse_train_args event=line locals={}
2026-07-15 04:13:56.385 /testbed/src/llamafactory/webui/runner.py:143 src.llamafactory.webui.runner._parse_train_args event=line locals={}
2026-07-15 04:13:56.385 /testbed/src/llamafactory/webui/runner.py:133 src.llamafactory.webui.runner._parse_train_args event=line locals={}
2026-07-15 04:13:56.385 /testbed/src/llamafactory/webui/runner.py:144 src.llamafactory.webui.runner._parse_train_args event=line locals={}
2026-07-15 04:13:56.386 /testbed/src/llamafactory/webui/runner.py:133 src.llamafactory.webui.runner._parse_train_args event=line locals={}
2026-07-15 04:13:56.386 /testbed/src/llamafactory/webui/runner.py:145 src.llamafactory.webui.runner._parse_train_args event=line locals={}
2026-07-15 04:13:56.386 /testbed/src/llamafactory/webui/runner.py:133 src.llamafactory.webui.runner._parse_train_args event=line locals={}
2026-07-15 04:13:56.386 /testbed/src/llamafactory/webui/runner.py:146 src.llamafactory.webui.runner._parse_train_args event=line locals={}
2026-07-15 04:13:56.386 /testbed/src/llamafactory/webui/runner.py:133 src.llamafactory.webui.runner._parse_train_args event=line locals={}
2026-07-15 04:13:56.386 /testbed/src/llamafactory/webui/runner.py:147 src.llamafactory.webui.runner._parse_train_args event=line locals={}
2026-07-15 04:13:56.386 /testbed/src/llamafactory/webui/runner.py:133 src.llamafactory.webui.runner._parse_train_args event=line locals={}
2026-07-15 04:13:56.386 /testbed/src/llamafactory/webui/runner.py:148 src.llamafactory.webui.runner._parse_train_args event=line locals={}
2026-07-15 04:13:56.386 /testbed/src/llamafactory/webui/runner.py:133 src.llamafactory.webui.runner._parse_train_args event=line locals={}
2026-07-15 04:13:56.386 /testbed/src/llamafactory/webui/runner.py:149 src.llamafactory.webui.runner._parse_train_args event=line locals={}
2026-07-15 04:13:56.386 /testbed/src/llamafactory/webui/runner.py:133 src.llamafactory.webui.runner._parse_train_args event=line locals={}
2026-07-15 04:13:56.386 /testbed/src/llamafactory/webui/runner.py:150 src.llamafactory.webui.runner._parse_train_args event=line locals={}
2026-07-15 04:13:56.386 /testbed/src/llamafactory/webui/runner.py:133 src.llamafactory.webui.runner._parse_train_args event=line locals={}
2026-07-15 04:13:56.386 /testbed/src/llamafactory/webui/runner.py:151 src.llamafactory.webui.runner._parse_train_args event=line locals={}
2026-07-15 04:13:56.386 /testbed/src/llamafactory/webui/runner.py:133 src.llamafactory.webui.runner._parse_train_args event=line locals={}
2026-07-15 04:13:56.386 /testbed/src/llamafactory/webui/runner.py:152 src.llamafactory.webui.runner._parse_train_args event=line locals={}
2026-07-15 04:13:56.386 /testbed/src/llamafactory/webui/runner.py:133 src.llamafactory.webui.runner._parse_train_args event=line locals={}
2026-07-15 04:13:56.386 /testbed/src/llamafactory/webui/runner.py:153 src.llamafactory.webui.runner._parse_train_args event=line locals={}
2026-07-15 04:13:56.386 /testbed/src/llamafactory/webui/runner.py:133 src.llamafactory.webui.runner._parse_train_args event=line locals={}
2026-07-15 04:13:56.386 /testbed/src/llamafactory/webui/runner.py:154 src.llamafactory.webui.runner._parse_train_args event=line locals={}
2026-07-15 04:13:56.386 /testbed/src/llamafactory/webui/runner.py:133 src.llamafactory.webui.runner._parse_train_args event=line locals={}
2026-07-15 04:13:56.386 /testbed/src/llamafactory/webui/runner.py:155 src.llamafactory.webui.runner._parse_train_args event=line locals={}
2026-07-15 04:13:56.386 /testbed/src/llamafactory/webui/runner.py:133 src.llamafactory.webui.runner._parse_train_args event=line locals={}
2026-07-15 04:13:56.386 /testbed/src/llamafactory/webui/runner.py:156 src.llamafactory.webui.runner._parse_train_args event=line locals={}
2026-07-15 04:13:56.386 /testbed/src/llamafactory/webui/runner.py:133 src.llamafactory.webui.runner._parse_train_args event=line locals={}
2026-07-15 04:13:56.386 /testbed/src/llamafactory/webui/runner.py:157 src.llamafactory.webui.runner._parse_train_args event=line locals={}
2026-07-15 04:13:56.386 /testbed/src/llamafactory/webui/runner.py:133 src.llamafactory.webui.runner._parse_train_args event=line locals={}
2026-07-15 04:13:56.386 /testbed/src/llamafactory/webui/runner.py:158 src.llamafactory.webui.runner._parse_train_args event=line locals={}
2026-07-15 04:13:56.386 /testbed/src/llamafactory/webui/runner.py:133 src.llamafactory.webui.runner._parse_train_args event=line locals={}
2026-07-15 04:13:56.386 /testbed/src/llamafactory/webui/runner.py:159 src.llamafactory.webui.runner._parse_train_args event=line locals={}
2026-07-15 04:13:56.386 /testbed/src/llamafactory/webui/runner.py:133 src.llamafactory.webui.runner._parse_train_args event=line locals={}
2026-07-15 04:13:56.386 /testbed/src/llamafactory/webui/runner.py:160 src.llamafactory.webui.runner._parse_train_args event=line locals={}
2026-07-15 04:13:56.386 /testbed/src/llamafactory/webui/runner.py:133 src.llamafactory.webui.runner._parse_train_args event=line locals={}
2026-07-15 04:13:56.386 /testbed/src/llamafactory/webui/runner.py:161 src.llamafactory.webui.runner._parse_train_args event=line locals={}
2026-07-15 04:13:56.386 /testbed/src/llamafactory/webui/runner.py:133 src.llamafactory.webui.runner._parse_train_args event=line locals={}
2026-07-15 04:13:56.386 /testbed/src/llamafactory/webui/runner.py:162 src.llamafactory.webui.runner._parse_train_args event=line locals={}
2026-07-15 04:13:56.386 /testbed/src/llamafactory/webui/runner.py:133 src.llamafactory.webui.runner._parse_train_args event=line locals={}
2026-07-15 04:13:56.386 /testbed/src/llamafactory/webui/runner.py:163 src.llamafactory.webui.runner._parse_train_args event=line locals={}
2026-07-15 04:13:56.386 /testbed/src/llamafactory/webui/runner.py:133 src.llamafactory.webui.runner._parse_train_args event=line locals={}
2026-07-15 04:13:56.386 /testbed/src/llamafactory/webui/runner.py:164 src.llamafactory.webui.runner._parse_train_args event=line locals={}
2026-07-15 04:13:56.386 /testbed/src/llamafactory/webui/runner.py:133 src.llamafactory.webui.runner._parse_train_args event=line locals={}
2026-07-15 04:13:56.386 /testbed/src/llamafactory/webui/runner.py:165 src.llamafactory.webui.runner._parse_train_args event=line locals={}
2026-07-15 04:13:56.386 /testbed/src/llamafactory/webui/runner.py:133 src.llamafactory.webui.runner._parse_train_args event=line locals={}
2026-07-15 04:13:56.387 /testbed/src/llamafactory/webui/runner.py:166 src.llamafactory.webui.runner._parse_train_args event=line locals={}
2026-07-15 04:13:56.387 /testbed/src/llamafactory/webui/runner.py:133 src.llamafactory.webui.runner._parse_train_args event=line locals={}
2026-07-15 04:13:56.387 /testbed/src/llamafactory/webui/runner.py:167 src.llamafactory.webui.runner._parse_train_args event=line locals={}
2026-07-15 04:13:56.387 /testbed/src/llamafactory/webui/runner.py:133 src.llamafactory.webui.runner._parse_train_args event=line locals={}
2026-07-15 04:13:56.387 /testbed/src/llamafactory/webui/runner.py:168 src.llamafactory.webui.runner._parse_train_args event=line locals={}
2026-07-15 04:13:56.387 /testbed/src/llamafactory/webui/runner.py:133 src.llamafactory.webui.runner._parse_train_args event=line locals={}
2026-07-15 04:13:56.387 /testbed/src/llamafactory/webui/runner.py:169 src.llamafactory.webui.runner._parse_train_args event=line locals={}
2026-07-15 04:13:56.387 /testbed/src/llamafactory/webui/runner.py:133 src.llamafactory.webui.runner._parse_train_args event=line locals={}
2026-07-15 04:13:56.387 /testbed/src/llamafactory/webui/runner.py:170 src.llamafactory.webui.runner._parse_train_args event=line locals={}
2026-07-15 04:13:56.387 /testbed/src/llamafactory/webui/runner.py:133 src.llamafactory.webui.runner._parse_train_args event=line locals={}
2026-07-15 04:13:56.387 /testbed/src/llamafactory/webui/runner.py:171 src.llamafactory.webui.runner._parse_train_args event=line locals={}
2026-07-15 04:13:56.387 /testbed/src/llamafactory/webui/runner.py:133 src.llamafactory.webui.runner._parse_train_args event=line locals={}
2026-07-15 04:13:56.387 /testbed/src/llamafactory/webui/runner.py:172 src.llamafactory.webui.runner._parse_train_args event=line locals={}
2026-07-15 04:13:56.387 /testbed/src/llamafactory/webui/runner.py:133 src.llamafactory.webui.runner._parse_train_args event=line locals={}
2026-07-15 04:13:56.387 /testbed/src/llamafactory/webui/runner.py:173 src.llamafactory.webui.runner._parse_train_args event=line locals={}
2026-07-15 04:13:56.387 /testbed/src/llamafactory/webui/runner.py:133 src.llamafactory.webui.runner._parse_train_args event=line locals={}
2026-07-15 04:13:56.387 /testbed/src/llamafactory/webui/runner.py:174 src.llamafactory.webui.runner._parse_train_args event=line locals={}
2026-07-15 04:13:56.387 /testbed/src/llamafactory/webui/runner.py:133 src.llamafactory.webui.runner._parse_train_args event=line locals={}
2026-07-15 04:13:56.387 /testbed/src/llamafactory/webui/runner.py:175 src.llamafactory.webui.runner._parse_train_args event=line locals={}
2026-07-15 04:13:56.387 /testbed/src/llamafactory/webui/runner.py:133 src.llamafactory.webui.runner._parse_train_args event=line locals={}
2026-07-15 04:13:56.387 /testbed/src/llamafactory/webui/runner.py:176 src.llamafactory.webui.runner._parse_train_args event=line locals={}
2026-07-15 04:13:56.387 /testbed/src/llamafactory/webui/runner.py:133 src.llamafactory.webui.runner._parse_train_args event=line locals={}
2026-07-15 04:13:56.387 /testbed/src/llamafactory/webui/runner.py:177 src.llamafactory.webui.runner._parse_train_args event=line locals={}
2026-07-15 04:13:56.387 /testbed/src/llamafactory/webui/runner.py:133 src.llamafactory.webui.runner._parse_train_args event=line locals={}
2026-07-15 04:13:56.387 /testbed/src/llamafactory/webui/runner.py:179 src.llamafactory.webui.runner._parse_train_args event=line locals={'args': "{'stage': 'ppo', 'do_train': True, 'model_name_or_path': '/models/tiny', 'cache_dir': 'custom-cache', 'preprocessing_num_workers': 16, 'finetuning_type': 'lora', 'template': 'default', 'rope_scaling': None, 'flash_attn': 'fa2', 'use_unsloth': False, 'enable_liger_kernel': False, 'dataset_dir': 'data', 'dataset': 'alpaca,sharegpt', 'cutoff_len': 1024, 'learning_rate': 0.0002, 'num_train_epochs': 3.0, 'max_samples': 200, 'per_device_train_batch_size': 4, 'gradient_accumulation_steps': 8, 'lr_sched..."}
2026-07-15 04:13:56.387 /testbed/src/llamafactory/webui/runner.py:182 src.llamafactory.webui.runner._parse_train_args event=line locals={}
2026-07-15 04:13:56.387 /testbed/src/llamafactory/webui/runner.py:183 src.llamafactory.webui.runner._parse_train_args event=line locals={}
2026-07-15 04:13:56.387 /testbed/src/llamafactory/webui/runner.py:184 src.llamafactory.webui.runner._parse_train_args event=line locals={}
2026-07-15 04:13:56.387 /testbed/src/llamafactory/webui/runner.py:185 src.llamafactory.webui.runner._parse_train_args event=line locals={}
2026-07-15 04:13:56.387 /testbed/src/llamafactory/webui/runner.py:184 src.llamafactory.webui.runner._parse_train_args event=line locals={}
2026-07-15 04:13:56.387 /testbed/src/llamafactory/webui/runner.py:191 src.llamafactory.webui.runner._parse_train_args event=line locals={}
2026-07-15 04:13:56.387 /testbed/src/llamafactory/webui/runner.py:192 src.llamafactory.webui.runner._parse_train_args event=line locals={}
2026-07-15 04:13:56.388 /testbed/src/llamafactory/webui/runner.py:193 src.llamafactory.webui.runner._parse_train_args event=line locals={}
2026-07-15 04:13:56.388 /testbed/src/llamafactory/webui/runner.py:194 src.llamafactory.webui.runner._parse_train_args event=line locals={}
2026-07-15 04:13:56.388 /testbed/src/llamafactory/webui/runner.py:197 src.llamafactory.webui.runner._parse_train_args event=line locals={}
2026-07-15 04:13:56.388 /testbed/src/llamafactory/webui/runner.py:203 src.llamafactory.webui.runner._parse_train_args event=line locals={}
2026-07-15 04:13:56.388 /testbed/src/llamafactory/webui/runner.py:204 src.llamafactory.webui.runner._parse_train_args event=line locals={}
2026-07-15 04:13:56.388 /testbed/src/llamafactory/webui/runner.py:205 src.llamafactory.webui.runner._parse_train_args event=line locals={}
2026-07-15 04:13:56.388 /testbed/src/llamafactory/webui/runner.py:206 src.llamafactory.webui.runner._parse_train_args event=line locals={}
2026-07-15 04:13:56.388 /testbed/src/llamafactory/webui/runner.py:207 src.llamafactory.webui.runner._parse_train_args event=line locals={}
2026-07-15 04:13:56.388 /testbed/src/llamafactory/webui/runner.py:208 src.llamafactory.webui.runner._parse_train_args event=line locals={}
2026-07-15 04:13:56.388 /testbed/src/llamafactory/webui/runner.py:209 src.llamafactory.webui.runner._parse_train_args event=line locals={}
2026-07-15 04:13:56.388 /testbed/src/llamafactory/webui/runner.py:210 src.llamafactory.webui.runner._parse_train_args event=line locals={}
2026-07-15 04:13:56.388 /testbed/src/llamafactory/webui/runner.py:211 src.llamafactory.webui.runner._parse_train_args event=line locals={}
2026-07-15 04:13:56.388 /testbed/src/llamafactory/webui/runner.py:212 src.llamafactory.webui.runner._parse_train_args event=line locals={}
2026-07-15 04:13:56.388 /testbed/src/llamafactory/webui/runner.py:213 src.llamafactory.webui.runner._parse_train_args event=line locals={}
2026-07-15 04:13:56.388 /testbed/src/llamafactory/webui/runner.py:214 src.llamafactory.webui.runner._parse_train_args event=line locals={}
2026-07-15 04:13:56.388 /testbed/src/llamafactory/webui/runner.py:216 src.llamafactory.webui.runner._parse_train_args event=line locals={}
2026-07-15 04:13:56.388 /testbed/src/llamafactory/webui/runner.py:220 src.llamafactory.webui.runner._parse_train_args event=line locals={}
2026-07-15 04:13:56.388 /testbed/src/llamafactory/webui/runner.py:221 src.llamafactory.webui.runner._parse_train_args event=line locals={}
2026-07-15 04:13:56.388 /testbed/src/llamafactory/webui/runner.py:222 src.llamafactory.webui.runner._parse_train_args event=line locals={}
2026-07-15 04:13:56.388 /testbed/src/llamafactory/webui/runner.py:223 src.llamafactory.webui.runner._parse_train_args event=line locals={}
2026-07-15 04:13:56.389 /testbed/src/llamafactory/webui/runner.py:222 src.llamafactory.webui.runner._parse_train_args event=line locals={}
2026-07-15 04:13:56.389 /testbed/src/llamafactory/webui/runner.py:228 src.llamafactory.webui.runner._parse_train_args event=line locals={}
2026-07-15 04:13:56.389 /testbed/src/llamafactory/webui/runner.py:229 src.llamafactory.webui.runner._parse_train_args event=line locals={}
2026-07-15 04:13:56.389 /testbed/src/llamafactory/webui/runner.py:230 src.llamafactory.webui.runner._parse_train_args event=line locals={}
2026-07-15 04:13:56.389 /testbed/src/llamafactory/webui/runner.py:231 src.llamafactory.webui.runner._parse_train_args event=line locals={}
2026-07-15 04:13:56.389 /testbed/src/llamafactory/webui/runner.py:232 src.llamafactory.webui.runner._parse_train_args event=line locals={}
2026-07-15 04:13:56.389 /testbed/src/llamafactory/webui/runner.py:239 src.llamafactory.webui.runner._parse_train_args event=line locals={}
2026-07-15 04:13:56.389 /testbed/src/llamafactory/webui/runner.py:246 src.llamafactory.webui.runner._parse_train_args event=line locals={}
2026-07-15 04:13:56.389 /testbed/src/llamafactory/webui/runner.py:253 src.llamafactory.webui.runner._parse_train_args event=line locals={}
2026-07-15 04:13:56.389 /testbed/src/llamafactory/webui/runner.py:260 src.llamafactory.webui.runner._parse_train_args event=line locals={}
2026-07-15 04:13:56.389 /testbed/src/llamafactory/webui/runner.py:262 src.llamafactory.webui.runner._parse_train_args event=line locals={}
2026-07-15 04:13:56.389 /testbed/src/llamafactory/webui/runner.py:263 src.llamafactory.webui.runner._parse_train_args event=line locals={}
2026-07-15 04:13:56.389 /testbed/src/llamafactory/webui/runner.py:266 src.llamafactory.webui.runner._parse_train_args event=line locals={}
2026-07-15 04:13:56.389 /testbed/src/llamafactory/webui/runner.py:274 src.llamafactory.webui.runner._parse_train_args event=line locals={}
2026-07-15 04:13:56.389 /testbed/src/llamafactory/webui/runner.py:281 src.llamafactory.webui.runner._parse_train_args event=line locals={}
2026-07-15 04:13:56.389 /testbed/src/llamafactory/webui/runner.py:286 src.llamafactory.webui.runner._parse_train_args event=line locals={}
2026-07-15 04:13:56.389 /testbed/src/llamafactory/webui/runner.py:286 src.llamafactory.webui.runner._parse_train_args event=return retval={'stage': 'ppo', 'do_train': True, 'model_name_or_path': '/models/tiny', 'cache_dir': 'custom-cache', 'preprocessing_num_workers': 16, 'finetuning_type': 'lora', 'template': 'default', 'rope_scaling': None, 'flash_attn': 'fa2', 'use_unsloth': False, 'enable_liger_kernel': False, 'dataset_dir': 'data', 'dataset': 'alpaca,sharegpt', 'cutoff_len': 1024, 'learning_rate': 0.0002, 'num_train_epochs': 3.0, 'max_samples': 200, 'per_device_train_batch_size': 4, 'gradient_accumulation_steps': 8, 'lr_sched... locals={'args': "{'stage': 'ppo', 'do_train': True, 'model_name_or_path': '/models/tiny', 'cache_dir': 'custom-cache', 'preprocessing_num_workers': 16, 'finetuning_type': 'lora', 'template': 'default', 'rope_scaling': None, 'flash_attn': 'fa2', 'use_unsloth': False, 'enable_liger_kernel': False, 'dataset_dir': 'data', 'dataset': 'alpaca,sharegpt', 'cutoff_len': 1024, 'learning_rate': 0.0002, 'num_train_epochs': 3.0, 'max_samples': 200, 'per_device_train_batch_size': 4, 'gradient_accumulation_steps': 8, 'lr_sched...", 'data': "{'top.model_name': 'TinyModel', 'top.finetuning_type': 'lora', 'top.model_path': '/models/tiny', 'top.template': 'default', 'top.rope_scaling': 'none', 'top.booster': 'flashattn2', 'top.checkpoint_path': ['ckpt_one'], 'top.quantization_bit': '8', 'top.quantization_method': 'bnb', 'train.training_stage': 'PPO', 'train.dataset_dir': 'data', 'train.dataset': ['alpaca', 'sharegpt'], 'train.cutoff_len': 1024, 'train.learning_rate': '0.0002', 'train.num_train_epochs': '3.0', 'train.max_samples': '200'...", 'finetuning_type': "'lora'", 'get': '<function Runner._parse_train_args.<locals>.<lambda> at 0x6ffd0e17f7f0>', 'model_name': "'TinyModel'", 'self': '<src.llamafactory.webui.runner.Runner object at 0x6ffd0e18c4c0>', 'user_config': "{'cache_dir': 'custom-cache'}"}
2026-07-15 04:13:56.389 /testbed/src/llamafactory/webui/runner.py:127 src.llamafactory.webui.runner._parse_train_args event=call locals={'data': "{'top.model_name': 'TinyModel', 'top.finetuning_type': 'lora', 'top.model_path': '/models/tiny', 'top.template': 'default', 'top.rope_scaling': 'none', 'top.booster': 'flashattn2', 'top.checkpoint_path': ['alpha_adapter', 'beta_adapter'], 'top.quantization_bit': '4', 'top.quantization_method': 'bnb', 'train.training_stage': 'DPO', 'train.dataset_dir': 'data', 'train.dataset': ['alpaca', 'sharegpt'], 'train.cutoff_len': 1024, 'train.learning_rate': '0.0002', 'train.num_train_epochs': '3.0', 'trai...", 'self': '<src.llamafactory.webui.runner.Runner object at 0x6ffd0e18c4c0>'}
2026-07-15 04:13:56.389 /testbed/src/llamafactory/webui/runner.py:129 src.llamafactory.webui.runner._parse_train_args event=line locals={}
2026-07-15 04:13:56.389 /testbed/src/llamafactory/webui/runner.py:130 src.llamafactory.webui.runner._parse_train_args event=line locals={'get': '<function Runner._parse_train_args.<locals>.<lambda> at 0x6ffd0e17f7f0>'}
2026-07-15 04:13:56.389 /testbed/src/llamafactory/webui/runner.py:131 src.llamafactory.webui.runner._parse_train_args event=line locals={'finetuning_type': "'lora'", 'model_name': "'TinyModel'"}
2026-07-15 04:13:56.389 /testbed/src/llamafactory/webui/runner.py:133 src.llamafactory.webui.runner._parse_train_args event=line locals={'user_config': "{'cache_dir': 'custom-cache'}"}
2026-07-15 04:13:56.389 /testbed/src/llamafactory/webui/runner.py:134 src.llamafactory.webui.runner._parse_train_args event=line locals={}
2026-07-15 04:13:56.389 /testbed/src/llamafactory/webui/runner.py:133 src.llamafactory.webui.runner._parse_train_args event=line locals={}
2026-07-15 04:13:56.389 /testbed/src/llamafactory/webui/runner.py:135 src.llamafactory.webui.runner._parse_train_args event=line locals={}
2026-07-15 04:13:56.389 /testbed/src/llamafactory/webui/runner.py:133 src.llamafactory.webui.runner._parse_train_args event=line locals={}
2026-07-15 04:13:56.389 /testbed/src/llamafactory/webui/runner.py:136 src.llamafactory.webui.runner._parse_train_args event=line locals={}
2026-07-15 04:13:56.389 /testbed/src/llamafactory/webui/runner.py:133 src.llamafactory.webui.runner._parse_train_args event=line locals={}
2026-07-15 04:13:56.389 /testbed/src/llamafactory/webui/runner.py:137 src.llamafactory.webui.runner._parse_train_args event=line locals={}
2026-07-15 04:13:56.389 /testbed/src/llamafactory/webui/runner.py:133 src.llamafactory.webui.runner._parse_train_args event=line locals={}
2026-07-15 04:13:56.390 /testbed/src/llamafactory/webui/runner.py:138 src.llamafactory.webui.runner._parse_train_args event=line locals={}
2026-07-15 04:13:56.390 /testbed/src/llamafactory/webui/runner.py:133 src.llamafactory.webui.runner._parse_train_args event=line locals={}
2026-07-15 04:13:56.390 /testbed/src/llamafactory/webui/runner.py:139 src.llamafactory.webui.runner._parse_train_args event=line locals={}
2026-07-15 04:13:56.390 /testbed/src/llamafactory/webui/runner.py:133 src.llamafactory.webui.runner._parse_train_args event=line locals={}
2026-07-15 04:13:56.390 /testbed/src/llamafactory/webui/runner.py:140 src.llamafactory.webui.runner._parse_train_args event=line locals={}
2026-07-15 04:13:56.390 /testbed/src/llamafactory/webui/runner.py:133 src.llamafactory.webui.runner._parse_train_args event=line locals={}
2026-07-15 04:13:56.390 /testbed/src/llamafactory/webui/runner.py:141 src.llamafactory.webui.runner._parse_train_args event=line locals={}
2026-07-15 04:13:56.390 /testbed/src/llamafactory/webui/runner.py:133 src.llamafactory.webui.runner._parse_train_args event=line locals={}
2026-07-15 04:13:56.390 /testbed/src/llamafactory/webui/runner.py:142 src.llamafactory.webui.runner._parse_train_args event=line locals={}
2026-07-15 04:13:56.390 /testbed/src/llamafactory/webui/runner.py:133 src.llamafactory.webui.runner._parse_train_args event=line locals={}
2026-07-15 04:13:56.390 /testbed/src/llamafactory/webui/runner.py:143 src.llamafactory.webui.runner._parse_train_args event=line locals={}
2026-07-15 04:13:56.390 /testbed/src/llamafactory/webui/runner.py:133 src.llamafactory.webui.runner._parse_train_args event=line locals={}
2026-07-15 04:13:56.390 /testbed/src/llamafactory/webui/runner.py:144 src.llamafactory.webui.runner._parse_train_args event=line locals={}
2026-07-15 04:13:56.390 /testbed/src/llamafactory/webui/runner.py:133 src.llamafactory.webui.runner._parse_train_args event=line locals={}
2026-07-15 04:13:56.390 /testbed/src/llamafactory/webui/runner.py:145 src.llamafactory.webui.runner._parse_train_args event=line locals={}
2026-07-15 04:13:56.390 /testbed/src/llamafactory/webui/runner.py:133 src.llamafactory.webui.runner._parse_train_args event=line locals={}
2026-07-15 04:13:56.390 /testbed/src/llamafactory/webui/runner.py:146 src.llamafactory.webui.runner._parse_train_args event=line locals={}
2026-07-15 04:13:56.390 /testbed/src/llamafactory/webui/runner.py:133 src.llamafactory.webui.runner._parse_train_args event=line locals={}
2026-07-15 04:13:56.390 /testbed/src/llamafactory/webui/runner.py:147 src.llamafactory.webui.runner._parse_train_args event=line locals={}
2026-07-15 04:13:56.390 /testbed/src/llamafactory/webui/runner.py:133 src.llamafactory.webui.runner._parse_train_args event=line locals={}
2026-07-15 04:13:56.390 /testbed/src/llamafactory/webui/runner.py:148 src.llamafactory.webui.runner._parse_train_args event=line locals={}
2026-07-15 04:13:56.390 /testbed/src/llamafactory/webui/runner.py:133 src.llamafactory.webui.runner._parse_train_args event=line locals={}
2026-07-15 04:13:56.390 /testbed/src/llamafactory/webui/runner.py:149 src.llamafactory.webui.runner._parse_train_args event=line locals={}
2026-07-15 04:13:56.390 /testbed/src/llamafactory/webui/runner.py:133 src.llamafactory.webui.runner._parse_train_args event=line locals={}
2026-07-15 04:13:56.390 /testbed/src/llamafactory/webui/runner.py:150 src.llamafactory.webui.runner._parse_train_args event=line locals={}
2026-07-15 04:13:56.390 /testbed/src/llamafactory/webui/runner.py:133 src.llamafactory.webui.runner._parse_train_args event=line locals={}
2026-07-15 04:13:56.390 /testbed/src/llamafactory/webui/runner.py:151 src.llamafactory.webui.runner._parse_train_args event=line locals={}
2026-07-15 04:13:56.390 /testbed/src/llamafactory/webui/runner.py:133 src.llamafactory.webui.runner._parse_train_args event=line locals={}
2026-07-15 04:13:56.390 /testbed/src/llamafactory/webui/runner.py:152 src.llamafactory.webui.runner._parse_train_args event=line locals={}
2026-07-15 04:13:56.390 /testbed/src/llamafactory/webui/runner.py:133 src.llamafactory.webui.runner._parse_train_args event=line locals={}
2026-07-15 04:13:56.390 /testbed/src/llamafactory/webui/runner.py:153 src.llamafactory.webui.runner._parse_train_args event=line locals={}
2026-07-15 04:13:56.390 /testbed/src/llamafactory/webui/runner.py:133 src.llamafactory.webui.runner._parse_train_args event=line locals={}
2026-07-15 04:13:56.390 /testbed/src/llamafactory/webui/runner.py:154 src.llamafactory.webui.runner._parse_train_args event=line locals={}
2026-07-15 04:13:56.390 /testbed/src/llamafactory/webui/runner.py:133 src.llamafactory.webui.runner._parse_train_args event=line locals={}
2026-07-15 04:13:56.390 /testbed/src/llamafactory/webui/runner.py:155 src.llamafactory.webui.runner._parse_train_args event=line locals={}
2026-07-15 04:13:56.390 /testbed/src/llamafactory/webui/runner.py:133 src.llamafactory.webui.runner._parse_train_args event=line locals={}
2026-07-15 04:13:56.390 /testbed/src/llamafactory/webui/runner.py:156 src.llamafactory.webui.runner._parse_train_args event=line locals={}
2026-07-15 04:13:56.390 /testbed/src/llamafactory/webui/runner.py:133 src.llamafactory.webui.runner._parse_train_args event=line locals={}
2026-07-15 04:13:56.390 /testbed/src/llamafactory/webui/runner.py:157 src.llamafactory.webui.runner._parse_train_args event=line locals={}
2026-07-15 04:13:56.390 /testbed/src/llamafactory/webui/runner.py:133 src.llamafactory.webui.runner._parse_train_args event=line locals={}
2026-07-15 04:13:56.390 /testbed/src/llamafactory/webui/runner.py:158 src.llamafactory.webui.runner._parse_train_args event=line locals={}
2026-07-15 04:13:56.390 /testbed/src/llamafactory/webui/runner.py:133 src.llamafactory.webui.runner._parse_train_args event=line locals={}
2026-07-15 04:13:56.390 /testbed/src/llamafactory/webui/runner.py:159 src.llamafactory.webui.runner._parse_train_args event=line locals={}
2026-07-15 04:13:56.390 /testbed/src/llamafactory/webui/runner.py:133 src.llamafactory.webui.runner._parse_train_args event=line locals={}
2026-07-15 04:13:56.391 /testbed/src/llamafactory/webui/runner.py:160 src.llamafactory.webui.runner._parse_train_args event=line locals={}
2026-07-15 04:13:56.391 /testbed/src/llamafactory/webui/runner.py:133 src.llamafactory.webui.runner._parse_train_args event=line locals={}
2026-07-15 04:13:56.391 /testbed/src/llamafactory/webui/runner.py:161 src.llamafactory.webui.runner._parse_train_args event=line locals={}
2026-07-15 04:13:56.391 /testbed/src/llamafactory/webui/runner.py:133 src.llamafactory.webui.runner._parse_train_args event=line locals={}
2026-07-15 04:13:56.391 /testbed/src/llamafactory/webui/runner.py:162 src.llamafactory.webui.runner._parse_train_args event=line locals={}
2026-07-15 04:13:56.391 /testbed/src/llamafactory/webui/runner.py:133 src.llamafactory.webui.runner._parse_train_args event=line locals={}
2026-07-15 04:13:56.391 /testbed/src/llamafactory/webui/runner.py:163 src.llamafactory.webui.runner._parse_train_args event=line locals={}
2026-07-15 04:13:56.391 /testbed/src/llamafactory/webui/runner.py:133 src.llamafactory.webui.runner._parse_train_args event=line locals={}
2026-07-15 04:13:56.391 /testbed/src/llamafactory/webui/runner.py:164 src.llamafactory.webui.runner._parse_train_args event=line locals={}
2026-07-15 04:13:56.391 /testbed/src/llamafactory/webui/runner.py:133 src.llamafactory.webui.runner._parse_train_args event=line locals={}
2026-07-15 04:13:56.391 /testbed/src/llamafactory/webui/runner.py:165 src.llamafactory.webui.runner._parse_train_args event=line locals={}
2026-07-15 04:13:56.391 /testbed/src/llamafactory/webui/runner.py:133 src.llamafactory.webui.runner._parse_train_args event=line locals={}
2026-07-15 04:13:56.391 /testbed/src/llamafactory/webui/runner.py:166 src.llamafactory.webui.runner._parse_train_args event=line locals={}
2026-07-15 04:13:56.391 /testbed/src/llamafactory/webui/runner.py:133 src.llamafactory.webui.runner._parse_train_args event=line locals={}
2026-07-15 04:13:56.391 /testbed/src/llamafactory/webui/runner.py:167 src.llamafactory.webui.runner._parse_train_args event=line locals={}
2026-07-15 04:13:56.391 /testbed/src/llamafactory/webui/runner.py:133 src.llamafactory.webui.runner._parse_train_args event=line locals={}
2026-07-15 04:13:56.391 /testbed/src/llamafactory/webui/runner.py:168 src.llamafactory.webui.runner._parse_train_args event=line locals={}
2026-07-15 04:13:56.391 /testbed/src/llamafactory/webui/runner.py:133 src.llamafactory.webui.runner._parse_train_args event=line locals={}
2026-07-15 04:13:56.391 /testbed/src/llamafactory/webui/runner.py:169 src.llamafactory.webui.runner._parse_train_args event=line locals={}
2026-07-15 04:13:56.391 /testbed/src/llamafactory/webui/runner.py:133 src.llamafactory.webui.runner._parse_train_args event=line locals={}
2026-07-15 04:13:56.391 /testbed/src/llamafactory/webui/runner.py:170 src.llamafactory.webui.runner._parse_train_args event=line locals={}
2026-07-15 04:13:56.391 /testbed/src/llamafactory/webui/runner.py:133 src.llamafactory.webui.runner._parse_train_args event=line locals={}
2026-07-15 04:13:56.391 /testbed/src/llamafactory/webui/runner.py:171 src.llamafactory.webui.runner._parse_train_args event=line locals={}
2026-07-15 04:13:56.391 /testbed/src/llamafactory/webui/runner.py:133 src.llamafactory.webui.runner._parse_train_args event=line locals={}
2026-07-15 04:13:56.391 /testbed/src/llamafactory/webui/runner.py:172 src.llamafactory.webui.runner._parse_train_args event=line locals={}
2026-07-15 04:13:56.391 /testbed/src/llamafactory/webui/runner.py:133 src.llamafactory.webui.runner._parse_train_args event=line locals={}
2026-07-15 04:13:56.391 /testbed/src/llamafactory/webui/runner.py:173 src.llamafactory.webui.runner._parse_train_args event=line locals={}
2026-07-15 04:13:56.391 /testbed/src/llamafactory/webui/runner.py:133 src.llamafactory.webui.runner._parse_train_args event=line locals={}
2026-07-15 04:13:56.391 /testbed/src/llamafactory/webui/runner.py:174 src.llamafactory.webui.runner._parse_train_args event=line locals={}
2026-07-15 04:13:56.391 /testbed/src/llamafactory/webui/runner.py:133 src.llamafactory.webui.runner._parse_train_args event=line locals={}
2026-07-15 04:13:56.391 /testbed/src/llamafactory/webui/runner.py:175 src.llamafactory.webui.runner._parse_train_args event=line locals={}
2026-07-15 04:13:56.391 /testbed/src/llamafactory/webui/runner.py:133 src.llamafactory.webui.runner._parse_train_args event=line locals={}
2026-07-15 04:13:56.391 /testbed/src/llamafactory/webui/runner.py:176 src.llamafactory.webui.runner._parse_train_args event=line locals={}
2026-07-15 04:13:56.391 /testbed/src/llamafactory/webui/runner.py:133 src.llamafactory.webui.runner._parse_train_args event=line locals={}
2026-07-15 04:13:56.391 /testbed/src/llamafactory/webui/runner.py:177 src.llamafactory.webui.runner._parse_train_args event=line locals={}
2026-07-15 04:13:56.391 /testbed/src/llamafactory/webui/runner.py:133 src.llamafactory.webui.runner._parse_train_args event=line locals={}
2026-07-15 04:13:56.391 /testbed/src/llamafactory/webui/runner.py:179 src.llamafactory.webui.runner._parse_train_args event=line locals={'args': "{'stage': 'dpo', 'do_train': True, 'model_name_or_path': '/models/tiny', 'cache_dir': 'custom-cache', 'preprocessing_num_workers': 16, 'finetuning_type': 'lora', 'template': 'default', 'rope_scaling': None, 'flash_attn': 'fa2', 'use_unsloth': False, 'enable_liger_kernel': False, 'dataset_dir': 'data', 'dataset': 'alpaca,sharegpt', 'cutoff_len': 1024, 'learning_rate': 0.0002, 'num_train_epochs': 3.0, 'max_samples': 200, 'per_device_train_batch_size': 4, 'gradient_accumulation_steps': 8, 'lr_sched..."}
2026-07-15 04:13:56.391 /testbed/src/llamafactory/webui/runner.py:182 src.llamafactory.webui.runner._parse_train_args event=line locals={}
2026-07-15 04:13:56.392 /testbed/src/llamafactory/webui/runner.py:183 src.llamafactory.webui.runner._parse_train_args event=line locals={}
2026-07-15 04:13:56.392 /testbed/src/llamafactory/webui/runner.py:184 src.llamafactory.webui.runner._parse_train_args event=line locals={}
2026-07-15 04:13:56.392 /testbed/src/llamafactory/webui/runner.py:185 src.llamafactory.webui.runner._parse_train_args event=line locals={}
2026-07-15 04:13:56.392 /testbed/src/llamafactory/webui/runner.py:184 src.llamafactory.webui.runner._parse_train_args event=line locals={}
2026-07-15 04:13:56.392 /testbed/src/llamafactory/webui/runner.py:191 src.llamafactory.webui.runner._parse_train_args event=line locals={}
2026-07-15 04:13:56.392 /testbed/src/llamafactory/webui/runner.py:192 src.llamafactory.webui.runner._parse_train_args event=line locals={}
2026-07-15 04:13:56.392 /testbed/src/llamafactory/webui/runner.py:193 src.llamafactory.webui.runner._parse_train_args event=line locals={}
2026-07-15 04:13:56.392 /testbed/src/llamafactory/webui/runner.py:194 src.llamafactory.webui.runner._parse_train_args event=line locals={}
2026-07-15 04:13:56.392 /testbed/src/llamafactory/webui/runner.py:197 src.llamafactory.webui.runner._parse_train_args event=line locals={}
2026-07-15 04:13:56.392 /testbed/src/llamafactory/webui/runner.py:203 src.llamafactory.webui.runner._parse_train_args event=line locals={}
2026-07-15 04:13:56.392 /testbed/src/llamafactory/webui/runner.py:204 src.llamafactory.webui.runner._parse_train_args event=line locals={}
2026-07-15 04:13:56.392 /testbed/src/llamafactory/webui/runner.py:205 src.llamafactory.webui.runner._parse_train_args event=line locals={}
2026-07-15 04:13:56.392 /testbed/src/llamafactory/webui/runner.py:206 src.llamafactory.webui.runner._parse_train_args event=line locals={}
2026-07-15 04:13:56.392 /testbed/src/llamafactory/webui/runner.py:207 src.llamafactory.webui.runner._parse_train_args event=line locals={}
2026-07-15 04:13:56.392 /testbed/src/llamafactory/webui/runner.py:208 src.llamafactory.webui.runner._parse_train_args event=line locals={}
2026-07-15 04:13:56.392 /testbed/src/llamafactory/webui/runner.py:209 src.llamafactory.webui.runner._parse_train_args event=line locals={}
2026-07-15 04:13:56.392 /testbed/src/llamafactory/webui/runner.py:210 src.llamafactory.webui.runner._parse_train_args event=line locals={}
2026-07-15 04:13:56.392 /testbed/src/llamafactory/webui/runner.py:211 src.llamafactory.webui.runner._parse_train_args event=line locals={}
2026-07-15 04:13:56.392 /testbed/src/llamafactory/webui/runner.py:212 src.llamafactory.webui.runner._parse_train_args event=line locals={}
2026-07-15 04:13:56.392 /testbed/src/llamafactory/webui/runner.py:213 src.llamafactory.webui.runner._parse_train_args event=line locals={}
2026-07-15 04:13:56.393 /testbed/src/llamafactory/webui/runner.py:214 src.llamafactory.webui.runner._parse_train_args event=line locals={}
2026-07-15 04:13:56.393 /testbed/src/llamafactory/webui/runner.py:216 src.llamafactory.webui.runner._parse_train_args event=line locals={}
2026-07-15 04:13:56.393 /testbed/src/llamafactory/webui/runner.py:217 src.llamafactory.webui.runner._parse_train_args event=line locals={}
2026-07-15 04:13:56.393 /testbed/src/llamafactory/webui/runner.py:220 src.llamafactory.webui.runner._parse_train_args event=line locals={}
2026-07-15 04:13:56.393 /testbed/src/llamafactory/webui/runner.py:233 src.llamafactory.webui.runner._parse_train_args event=line locals={}
2026-07-15 04:13:56.393 /testbed/src/llamafactory/webui/runner.py:234 src.llamafactory.webui.runner._parse_train_args event=line locals={}
2026-07-15 04:13:56.393 /testbed/src/llamafactory/webui/runner.py:235 src.llamafactory.webui.runner._parse_train_args event=line locals={}
2026-07-15 04:13:56.393 /testbed/src/llamafactory/webui/runner.py:236 src.llamafactory.webui.runner._parse_train_args event=line locals={}
2026-07-15 04:13:56.393 /testbed/src/llamafactory/webui/runner.py:239 src.llamafactory.webui.runner._parse_train_args event=line locals={}
2026-07-15 04:13:56.393 /testbed/src/llamafactory/webui/runner.py:240 src.llamafactory.webui.runner._parse_train_args event=line locals={}
2026-07-15 04:13:56.393 /testbed/src/llamafactory/webui/runner.py:241 src.llamafactory.webui.runner._parse_train_args event=line locals={}
2026-07-15 04:13:56.393 /testbed/src/llamafactory/webui/runner.py:242 src.llamafactory.webui.runner._parse_train_args event=line locals={}
2026-07-15 04:13:56.393 /testbed/src/llamafactory/webui/runner.py:243 src.llamafactory.webui.runner._parse_train_args event=line locals={}
2026-07-15 04:13:56.393 /testbed/src/llamafactory/webui/runner.py:246 src.llamafactory.webui.runner._parse_train_args event=line locals={}
2026-07-15 04:13:56.393 /testbed/src/llamafactory/webui/runner.py:247 src.llamafactory.webui.runner._parse_train_args event=line locals={}
2026-07-15 04:13:56.393 /testbed/src/llamafactory/webui/runner.py:248 src.llamafactory.webui.runner._parse_train_args event=line locals={}
2026-07-15 04:13:56.393 /testbed/src/llamafactory/webui/runner.py:249 src.llamafactory.webui.runner._parse_train_args event=line locals={}
2026-07-15 04:13:56.393 /testbed/src/llamafactory/webui/runner.py:250 src.llamafactory.webui.runner._parse_train_args event=line locals={}
2026-07-15 04:13:56.393 /testbed/src/llamafactory/webui/runner.py:253 src.llamafactory.webui.runner._parse_train_args event=line locals={}
2026-07-15 04:13:56.393 /testbed/src/llamafactory/webui/runner.py:254 src.llamafactory.webui.runner._parse_train_args event=line locals={}
2026-07-15 04:13:56.393 /testbed/src/llamafactory/webui/runner.py:255 src.llamafactory.webui.runner._parse_train_args event=line locals={}
2026-07-15 04:13:56.393 /testbed/src/llamafactory/webui/runner.py:256 src.llamafactory.webui.runner._parse_train_args event=line locals={}
2026-07-15 04:13:56.393 /testbed/src/llamafactory/webui/runner.py:257 src.llamafactory.webui.runner._parse_train_args event=line locals={}
2026-07-15 04:13:56.393 /testbed/src/llamafactory/webui/runner.py:260 src.llamafactory.webui.runner._parse_train_args event=line locals={}
2026-07-15 04:13:56.393 /testbed/src/llamafactory/webui/runner.py:261 src.llamafactory.webui.runner._parse_train_args event=line locals={}
2026-07-15 04:13:56.393 /testbed/src/llamafactory/webui/runner.py:266 src.llamafactory.webui.runner._parse_train_args event=line locals={}
2026-07-15 04:13:56.393 /testbed/src/llamafactory/webui/runner.py:267 src.llamafactory.webui.runner._parse_train_args event=line locals={}
2026-07-15 04:13:56.393 /testbed/src/llamafactory/webui/runner.py:268 src.llamafactory.webui.runner._parse_train_args event=line locals={}
2026-07-15 04:13:56.393 /testbed/src/llamafactory/webui/runner.py:269 src.llamafactory.webui.runner._parse_train_args event=line locals={}
2026-07-15 04:13:56.393 /testbed/src/llamafactory/webui/runner.py:270 src.llamafactory.webui.runner._parse_train_args event=line locals={}
2026-07-15 04:13:56.394 /testbed/src/llamafactory/webui/runner.py:271 src.llamafactory.webui.runner._parse_train_args event=line locals={}
2026-07-15 04:13:56.394 /testbed/src/llamafactory/webui/runner.py:274 src.llamafactory.webui.runner._parse_train_args event=line locals={}
2026-07-15 04:13:56.394 /testbed/src/llamafactory/webui/runner.py:275 src.llamafactory.webui.runner._parse_train_args event=line locals={}
2026-07-15 04:13:56.394 /testbed/src/llamafactory/webui/runner.py:276 src.llamafactory.webui.runner._parse_train_args event=line locals={}
2026-07-15 04:13:56.394 /testbed/src/llamafactory/webui/runner.py:277 src.llamafactory.webui.runner._parse_train_args event=line locals={}
2026-07-15 04:13:56.394 /testbed/src/llamafactory/webui/runner.py:278 src.llamafactory.webui.runner._parse_train_args event=line locals={}
2026-07-15 04:13:56.394 /testbed/src/llamafactory/webui/runner.py:281 src.llamafactory.webui.runner._parse_train_args event=line locals={}
2026-07-15 04:13:56.394 /testbed/src/llamafactory/webui/runner.py:282 src.llamafactory.webui.runner._parse_train_args event=line locals={}
2026-07-15 04:13:56.394 /testbed/src/llamafactory/webui/runner.py:283 src.llamafactory.webui.runner._parse_train_args event=line locals={'ds_stage': "'3'"}
2026-07-15 04:13:56.394 /testbed/src/llamafactory/webui/runner.py:284 src.llamafactory.webui.runner._parse_train_args event=line locals={'ds_offload': "'offload_'"}
2026-07-15 04:13:56.394 /testbed/src/llamafactory/webui/runner.py:286 src.llamafactory.webui.runner._parse_train_args event=line locals={}
2026-07-15 04:13:56.394 /testbed/src/llamafactory/webui/runner.py:286 src.llamafactory.webui.runner._parse_train_args event=return retval={'stage': 'dpo', 'do_train': True, 'model_name_or_path': '/models/tiny', 'cache_dir': 'custom-cache', 'preprocessing_num_workers': 16, 'finetuning_type': 'lora', 'template': 'default', 'rope_scaling': None, 'flash_attn': 'fa2', 'use_unsloth': False, 'enable_liger_kernel': False, 'dataset_dir': 'data', 'dataset': 'alpaca,sharegpt', 'cutoff_len': 1024, 'learning_rate': 0.0002, 'num_train_epochs': 3.0, 'max_samples': 200, 'per_device_train_batch_size': 4, 'gradient_accumulation_steps': 8, 'lr_sched... locals={'args': "{'stage': 'dpo', 'do_train': True, 'model_name_or_path': '/models/tiny', 'cache_dir': 'custom-cache', 'preprocessing_num_workers': 16, 'finetuning_type': 'lora', 'template': 'default', 'rope_scaling': None, 'flash_attn': 'fa2', 'use_unsloth': False, 'enable_liger_kernel': False, 'dataset_dir': 'data', 'dataset': 'alpaca,sharegpt', 'cutoff_len': 1024, 'learning_rate': 0.0002, 'num_train_epochs': 3.0, 'max_samples': 200, 'per_device_train_batch_size': 4, 'gradient_accumulation_steps': 8, 'lr_sched...", 'data': "{'top.model_name': 'TinyModel', 'top.finetuning_type': 'lora', 'top.model_path': '/models/tiny', 'top.template': 'default', 'top.rope_scaling': 'none', 'top.booster': 'flashattn2', 'top.checkpoint_path': ['alpha_adapter', 'beta_adapter'], 'top.quantization_bit': '4', 'top.quantization_method': 'bnb', 'train.training_stage': 'DPO', 'train.dataset_dir': 'data', 'train.dataset': ['alpaca', 'sharegpt'], 'train.cutoff_len': 1024, 'train.learning_rate': '0.0002', 'train.num_train_epochs': '3.0', 'trai...", 'ds_offload': "'offload_'", 'ds_stage': "'3'", 'finetuning_type': "'lora'", 'get': '<function Runner._parse_train_args.<locals>.<lambda> at 0x6ffd0e17f7f0>', 'model_name': "'TinyModel'", 'self': '<src.llamafactory.webui.runner.Runner object at 0x6ffd0e18c4c0>', 'user_config': "{'cache_dir': 'custom-cache'}"}
