{
  "executed_path": [
    {
      "file": "rich/color.py",
      "func": "rich.color.Color.downgrade",
      "line": 516
    },
    {
      "file": "rich/color.py",
      "func": "rich.color.Color.downgrade",
      "line": 519
    },
    {
      "file": "rich/color.py",
      "func": "rich.color.Color.downgrade",
      "line": 520
    },
    {
      "file": "rich/color.py",
      "func": "rich.color.Color.downgrade",
      "line": 521
    },
    {
      "file": "rich/color.py",
      "func": "rich.color.Color.downgrade",
      "line": 523
    },
    {
      "file": "rich/color.py",
      "func": "rich.color.Color.downgrade",
      "line": 533
    },
    {
      "file": "rich/color.py",
      "func": "rich.color.Color.downgrade",
      "line": 534
    },
    {
      "file": "rich/color.py",
      "func": "rich.color.Color.downgrade",
      "line": 535
    },
    {
      "file": "rich/color.py",
      "func": "rich.color.Color.downgrade",
      "line": 536
    },
    {
      "file": "rich/color.py",
      "func": "rich.color.Color.downgrade",
      "line": 539
    },
    {
      "file": "rich/color.py",
      "func": "rich.color.Color.downgrade",
      "line": 538
    },
    {
      "file": "rich/color.py",
      "func": "rich.color.Color.downgrade",
      "line": 541
    }
  ]
}
