{
  "line_execution_counts": [
    {
      "line": 127,
      "count": 472
    },
    {
      "line": 128,
      "count": 48
    },
    {
      "line": 129,
      "count": 0
    },
    {
      "line": 130,
      "count": 424
    },
    {
      "line": 131,
      "count": 48
    },
    {
      "line": 132,
      "count": 0
    },
    {
      "line": 133,
      "count": 376
    },
    {
      "line": 134,
      "count": 100
    },
    {
      "line": 135,
      "count": 77
    },
    {
      "line": 136,
      "count": 276
    },
    {
      "line": 137,
      "count": 89
    },
    {
      "line": 138,
      "count": 187
    },
    {
      "line": 139,
      "count": 32
    },
    {
      "line": 140,
      "count": 13
    },
    {
      "line": 141,
      "count": 155
    },
    {
      "line": 142,
      "count": 24
    },
    {
      "line": 143,
      "count": 10
    },
    {
      "line": 144,
      "count": 262
    },
    {
      "line": 145,
      "count": 131
    },
    {
      "line": 146,
      "count": 0
    },
    {
      "line": 147,
      "count": 24
    },
    {
      "line": 148,
      "count": 10
    },
    {
      "line": 149,
      "count": 273
    }
  ]
}
