2026-07-15 04:14:11.585 [TRACE][START] pid=44 TRACE_OUT='/testbed/logs/llama_factory_qa/trainer_utils_create_apollo_optimizer_s4_dataflow__r20260714/trace.log' TRACE_FILE='src/llamafactory/train/trainer_utils.py' TRACE_FUNCS=['_create_apollo_optimizer'] TRACE_EVENTS=['call', 'exception', 'line', 'return']
2026-07-15 04:14:11.612 /testbed/src/llamafactory/train/trainer_utils.py:282 src.llamafactory.train.trainer_utils._create_apollo_optimizer event=call locals={'finetuning_args': "namespace(apollo_target=['all'], freeze_vision_tower=False, apollo_rank=8, apollo_proj='random', apollo_proj_type='std', apollo_update_interval=16, apollo_scale=1.0, apollo_scale_type='channel', apollo_scale_front=False, apollo_layerwise=True)", 'model': 'TinyModel(\n  (proj_a): Linear(in_features=4, out_features=3, bias=True)\n  (block): Sequential(\n    (0): Linear(in_features=3, out_features=2, bias=True)\n    (1): ReLU()\n  )\n  (proj_b): Linear(in_features=2, out_features=2, bias=False)\n  (norm): LayerNorm((2,), eps=1e-05, elementwise_affine=True)\n)', 'training_args': "namespace(optim='adamw_torch', gradient_accumulation_steps=1, weight_decay=0.1, learning_rate=0.01)"}
2026-07-15 04:14:11.612 /testbed/src/llamafactory/train/trainer_utils.py:287 src.llamafactory.train.trainer_utils._create_apollo_optimizer event=line locals={}
2026-07-15 04:14:11.612 /testbed/src/llamafactory/train/trainer_utils.py:288 src.llamafactory.train.trainer_utils._create_apollo_optimizer event=line locals={}
2026-07-15 04:14:11.613 /testbed/src/llamafactory/train/trainer_utils.py:292 src.llamafactory.train.trainer_utils._create_apollo_optimizer event=line locals={'apollo_targets': "['0', 'proj_a', 'proj_b']"}
2026-07-15 04:14:11.613 /testbed/src/llamafactory/train/trainer_utils.py:293 src.llamafactory.train.trainer_utils._create_apollo_optimizer event=line locals={'apollo_params': '[]'}
2026-07-15 04:14:11.613 /testbed/src/llamafactory/train/trainer_utils.py:294 src.llamafactory.train.trainer_utils._create_apollo_optimizer event=line locals={'module': 'TinyModel(\n  (proj_a): Linear(in_features=4, out_features=3, bias=True)\n  (block): Sequential(\n    (0): Linear(in_features=3, out_features=2, bias=True)\n    (1): ReLU()\n  )\n  (proj_b): Linear(in_features=2, out_features=2, bias=False)\n  (norm): LayerNorm((2,), eps=1e-05, elementwise_affine=True)\n)', 'name': "''"}
2026-07-15 04:14:11.613 /testbed/src/llamafactory/train/trainer_utils.py:293 src.llamafactory.train.trainer_utils._create_apollo_optimizer event=line locals={}
2026-07-15 04:14:11.613 /testbed/src/llamafactory/train/trainer_utils.py:294 src.llamafactory.train.trainer_utils._create_apollo_optimizer event=line locals={'module': 'Linear(in_features=4, out_features=3, bias=True)', 'name': "'proj_a'"}
2026-07-15 04:14:11.613 /testbed/src/llamafactory/train/trainer_utils.py:295 src.llamafactory.train.trainer_utils._create_apollo_optimizer event=line locals={}
2026-07-15 04:14:11.614 /testbed/src/llamafactory/train/trainer_utils.py:296 src.llamafactory.train.trainer_utils._create_apollo_optimizer event=line locals={'param': 'Parameter containing:\ntensor([[-0.0037,  0.2682, -0.4115, -0.3680],\n        [-0.1926,  0.1341, -0.0099,  0.3964],\n        [-0.0444,  0.1323, -0.1511, -0.0983]], requires_grad=True)'}
2026-07-15 04:14:11.615 /testbed/src/llamafactory/train/trainer_utils.py:297 src.llamafactory.train.trainer_utils._create_apollo_optimizer event=line locals={}
2026-07-15 04:14:11.615 /testbed/src/llamafactory/train/trainer_utils.py:295 src.llamafactory.train.trainer_utils._create_apollo_optimizer event=line locals={'apollo_params': '[Parameter containing:\ntensor([[-0.0037,  0.2682, -0.4115, -0.3680],\n        [-0.1926,  0.1341, -0.0099,  0.3964],\n        [-0.0444,  0.1323, -0.1511, -0.0983]], requires_grad=True)]'}
2026-07-15 04:14:11.615 /testbed/src/llamafactory/train/trainer_utils.py:296 src.llamafactory.train.trainer_utils._create_apollo_optimizer event=line locals={'param': 'Parameter containing:\ntensor([-0.4777, -0.3311, -0.2061], requires_grad=True)'}
2026-07-15 04:14:11.616 /testbed/src/llamafactory/train/trainer_utils.py:295 src.llamafactory.train.trainer_utils._create_apollo_optimizer event=line locals={}
2026-07-15 04:14:11.616 /testbed/src/llamafactory/train/trainer_utils.py:293 src.llamafactory.train.trainer_utils._create_apollo_optimizer event=line locals={}
2026-07-15 04:14:11.616 /testbed/src/llamafactory/train/trainer_utils.py:294 src.llamafactory.train.trainer_utils._create_apollo_optimizer event=line locals={'module': 'Sequential(\n  (0): Linear(in_features=3, out_features=2, bias=True)\n  (1): ReLU()\n)', 'name': "'block'"}
2026-07-15 04:14:11.617 /testbed/src/llamafactory/train/trainer_utils.py:293 src.llamafactory.train.trainer_utils._create_apollo_optimizer event=line locals={}
2026-07-15 04:14:11.617 /testbed/src/llamafactory/train/trainer_utils.py:294 src.llamafactory.train.trainer_utils._create_apollo_optimizer event=line locals={'module': 'Linear(in_features=3, out_features=2, bias=True)', 'name': "'block.0'"}
2026-07-15 04:14:11.617 /testbed/src/llamafactory/train/trainer_utils.py:295 src.llamafactory.train.trainer_utils._create_apollo_optimizer event=line locals={}
2026-07-15 04:14:11.618 /testbed/src/llamafactory/train/trainer_utils.py:296 src.llamafactory.train.trainer_utils._create_apollo_optimizer event=line locals={'param': 'Parameter containing:\ntensor([[ 0.0214,  0.2282,  0.3464],\n        [-0.3914, -0.2514,  0.2097]], requires_grad=True)'}
2026-07-15 04:14:11.618 /testbed/src/llamafactory/train/trainer_utils.py:297 src.llamafactory.train.trainer_utils._create_apollo_optimizer event=line locals={}
2026-07-15 04:14:11.618 /testbed/src/llamafactory/train/trainer_utils.py:295 src.llamafactory.train.trainer_utils._create_apollo_optimizer event=line locals={'apollo_params': '[Parameter containing:\ntensor([[-0.0037,  0.2682, -0.4115, -0.3680],\n        [-0.1926,  0.1341, -0.0099,  0.3964],\n        [-0.0444,  0.1323, -0.1511, -0.0983]], requires_grad=True), Parameter containing:\ntensor([[ 0.0214,  0.2282,  0.3464],\n        [-0.3914, -0.2514,  0.2097]], requires_grad=True)]'}
2026-07-15 04:14:11.619 /testbed/src/llamafactory/train/trainer_utils.py:296 src.llamafactory.train.trainer_utils._create_apollo_optimizer event=line locals={'param': 'Parameter containing:\ntensor([ 0.4794, -0.1188], requires_grad=True)'}
2026-07-15 04:14:11.619 /testbed/src/llamafactory/train/trainer_utils.py:295 src.llamafactory.train.trainer_utils._create_apollo_optimizer event=line locals={}
2026-07-15 04:14:11.620 /testbed/src/llamafactory/train/trainer_utils.py:293 src.llamafactory.train.trainer_utils._create_apollo_optimizer event=line locals={}
2026-07-15 04:14:11.620 /testbed/src/llamafactory/train/trainer_utils.py:294 src.llamafactory.train.trainer_utils._create_apollo_optimizer event=line locals={'module': 'ReLU()', 'name': "'block.1'"}
2026-07-15 04:14:11.620 /testbed/src/llamafactory/train/trainer_utils.py:293 src.llamafactory.train.trainer_utils._create_apollo_optimizer event=line locals={}
2026-07-15 04:14:11.621 /testbed/src/llamafactory/train/trainer_utils.py:294 src.llamafactory.train.trainer_utils._create_apollo_optimizer event=line locals={'module': 'Linear(in_features=2, out_features=2, bias=False)', 'name': "'proj_b'"}
2026-07-15 04:14:11.621 /testbed/src/llamafactory/train/trainer_utils.py:295 src.llamafactory.train.trainer_utils._create_apollo_optimizer event=line locals={}
2026-07-15 04:14:11.622 /testbed/src/llamafactory/train/trainer_utils.py:296 src.llamafactory.train.trainer_utils._create_apollo_optimizer event=line locals={'param': 'Parameter containing:\ntensor([[ 0.5291, -0.1140],\n        [ 0.0748,  0.6403]])'}
2026-07-15 04:14:11.622 /testbed/src/llamafactory/train/trainer_utils.py:295 src.llamafactory.train.trainer_utils._create_apollo_optimizer event=line locals={}
2026-07-15 04:14:11.623 /testbed/src/llamafactory/train/trainer_utils.py:293 src.llamafactory.train.trainer_utils._create_apollo_optimizer event=line locals={}
2026-07-15 04:14:11.623 /testbed/src/llamafactory/train/trainer_utils.py:294 src.llamafactory.train.trainer_utils._create_apollo_optimizer event=line locals={'module': 'LayerNorm((2,), eps=1e-05, elementwise_affine=True)', 'name': "'norm'"}
2026-07-15 04:14:11.624 /testbed/src/llamafactory/train/trainer_utils.py:293 src.llamafactory.train.trainer_utils._create_apollo_optimizer event=line locals={}
2026-07-15 04:14:11.624 /testbed/src/llamafactory/train/trainer_utils.py:300 src.llamafactory.train.trainer_utils._create_apollo_optimizer event=line locals={}
2026-07-15 04:14:11.624 /testbed/src/llamafactory/train/trainer_utils.py:301 src.llamafactory.train.trainer_utils._create_apollo_optimizer event=line locals={}
2026-07-15 04:14:11.625 /testbed/src/llamafactory/train/trainer_utils.py:302 src.llamafactory.train.trainer_utils._create_apollo_optimizer event=line locals={}
2026-07-15 04:14:11.625 /testbed/src/llamafactory/train/trainer_utils.py:303 src.llamafactory.train.trainer_utils._create_apollo_optimizer event=line locals={}
2026-07-15 04:14:11.626 /testbed/src/llamafactory/train/trainer_utils.py:304 src.llamafactory.train.trainer_utils._create_apollo_optimizer event=line locals={}
2026-07-15 04:14:11.626 /testbed/src/llamafactory/train/trainer_utils.py:305 src.llamafactory.train.trainer_utils._create_apollo_optimizer event=line locals={}
2026-07-15 04:14:11.626 /testbed/src/llamafactory/train/trainer_utils.py:306 src.llamafactory.train.trainer_utils._create_apollo_optimizer event=line locals={}
2026-07-15 04:14:11.627 /testbed/src/llamafactory/train/trainer_utils.py:299 src.llamafactory.train.trainer_utils._create_apollo_optimizer event=line locals={}
2026-07-15 04:14:11.627 /testbed/src/llamafactory/train/trainer_utils.py:309 src.llamafactory.train.trainer_utils._create_apollo_optimizer event=line locals={'apollo_kwargs': "{'rank': 8, 'proj': 'random', 'proj_type': 'std', 'update_proj_gap': 16, 'scale': 1.0, 'scale_type': 'channel', 'scale_front': False}"}
2026-07-15 04:14:11.628 /testbed/src/llamafactory/train/trainer_utils.py:310 src.llamafactory.train.trainer_utils._create_apollo_optimizer event=line locals={'id_apollo_params': '{140461131332672, 140456357877520}'}
2026-07-15 04:14:11.628 /testbed/src/llamafactory/train/trainer_utils.py:311 src.llamafactory.train.trainer_utils._create_apollo_optimizer event=line locals={'decay_params': '[]', 'nodecay_params': '[]'}
2026-07-15 04:14:11.628 /testbed/src/llamafactory/train/trainer_utils.py:312 src.llamafactory.train.trainer_utils._create_apollo_optimizer event=line locals={'trainable_params': '[]'}
2026-07-15 04:14:11.630 /testbed/src/llamafactory/train/trainer_utils.py:313 src.llamafactory.train.trainer_utils._create_apollo_optimizer event=line locals={'decay_param_names': "['proj_a.weight', 'block.0.weight', 'proj_b.weight']"}
2026-07-15 04:14:11.630 /testbed/src/llamafactory/train/trainer_utils.py:314 src.llamafactory.train.trainer_utils._create_apollo_optimizer event=line locals={'name': "'proj_a.weight'", 'param': 'Parameter containing:\ntensor([[-0.0037,  0.2682, -0.4115, -0.3680],\n        [-0.1926,  0.1341, -0.0099,  0.3964],\n        [-0.0444,  0.1323, -0.1511, -0.0983]], requires_grad=True)'}
2026-07-15 04:14:11.631 /testbed/src/llamafactory/train/trainer_utils.py:315 src.llamafactory.train.trainer_utils._create_apollo_optimizer event=line locals={}
2026-07-15 04:14:11.631 /testbed/src/llamafactory/train/trainer_utils.py:316 src.llamafactory.train.trainer_utils._create_apollo_optimizer event=line locals={'trainable_params': '[Parameter containing:\ntensor([[-0.0037,  0.2682, -0.4115, -0.3680],\n        [-0.1926,  0.1341, -0.0099,  0.3964],\n        [-0.0444,  0.1323, -0.1511, -0.0983]], requires_grad=True)]'}
2026-07-15 04:14:11.632 /testbed/src/llamafactory/train/trainer_utils.py:313 src.llamafactory.train.trainer_utils._create_apollo_optimizer event=line locals={}
2026-07-15 04:14:11.632 /testbed/src/llamafactory/train/trainer_utils.py:314 src.llamafactory.train.trainer_utils._create_apollo_optimizer event=line locals={'name': "'proj_a.bias'", 'param': 'Parameter containing:\ntensor([-0.4777, -0.3311, -0.2061], requires_grad=True)'}
2026-07-15 04:14:11.633 /testbed/src/llamafactory/train/trainer_utils.py:315 src.llamafactory.train.trainer_utils._create_apollo_optimizer event=line locals={}
2026-07-15 04:14:11.634 /testbed/src/llamafactory/train/trainer_utils.py:316 src.llamafactory.train.trainer_utils._create_apollo_optimizer event=line locals={'trainable_params': '[Parameter containing:\ntensor([[-0.0037,  0.2682, -0.4115, -0.3680],\n        [-0.1926,  0.1341, -0.0099,  0.3964],\n        [-0.0444,  0.1323, -0.1511, -0.0983]], requires_grad=True), Parameter containing:\ntensor([-0.4777, -0.3311, -0.2061], requires_grad=True)]'}
2026-07-15 04:14:11.634 /testbed/src/llamafactory/train/trainer_utils.py:317 src.llamafactory.train.trainer_utils._create_apollo_optimizer event=line locals={}
2026-07-15 04:14:11.635 /testbed/src/llamafactory/train/trainer_utils.py:320 src.llamafactory.train.trainer_utils._create_apollo_optimizer event=line locals={}
2026-07-15 04:14:11.635 /testbed/src/llamafactory/train/trainer_utils.py:313 src.llamafactory.train.trainer_utils._create_apollo_optimizer event=line locals={'nodecay_params': '[Parameter containing:\ntensor([-0.4777, -0.3311, -0.2061], requires_grad=True)]'}
2026-07-15 04:14:11.636 /testbed/src/llamafactory/train/trainer_utils.py:314 src.llamafactory.train.trainer_utils._create_apollo_optimizer event=line locals={'name': "'block.0.weight'", 'param': 'Parameter containing:\ntensor([[ 0.0214,  0.2282,  0.3464],\n        [-0.3914, -0.2514,  0.2097]], requires_grad=True)'}
2026-07-15 04:14:11.637 /testbed/src/llamafactory/train/trainer_utils.py:315 src.llamafactory.train.trainer_utils._create_apollo_optimizer event=line locals={}
2026-07-15 04:14:11.638 /testbed/src/llamafactory/train/trainer_utils.py:316 src.llamafactory.train.trainer_utils._create_apollo_optimizer event=line locals={'trainable_params': '[Parameter containing:\ntensor([[-0.0037,  0.2682, -0.4115, -0.3680],\n        [-0.1926,  0.1341, -0.0099,  0.3964],\n        [-0.0444,  0.1323, -0.1511, -0.0983]], requires_grad=True), Parameter containing:\ntensor([-0.4777, -0.3311, -0.2061], requires_grad=True), Parameter containing:\ntensor([[ 0.0214,  0.2282,  0.3464],\n        [-0.3914, -0.2514,  0.2097]], requires_grad=True)]'}
2026-07-15 04:14:11.638 /testbed/src/llamafactory/train/trainer_utils.py:313 src.llamafactory.train.trainer_utils._create_apollo_optimizer event=line locals={}
2026-07-15 04:14:11.639 /testbed/src/llamafactory/train/trainer_utils.py:314 src.llamafactory.train.trainer_utils._create_apollo_optimizer event=line locals={'name': "'block.0.bias'", 'param': 'Parameter containing:\ntensor([ 0.4794, -0.1188], requires_grad=True)'}
2026-07-15 04:14:11.640 /testbed/src/llamafactory/train/trainer_utils.py:315 src.llamafactory.train.trainer_utils._create_apollo_optimizer event=line locals={}
2026-07-15 04:14:11.641 /testbed/src/llamafactory/train/trainer_utils.py:316 src.llamafactory.train.trainer_utils._create_apollo_optimizer event=line locals={'trainable_params': '[Parameter containing:\ntensor([[-0.0037,  0.2682, -0.4115, -0.3680],\n        [-0.1926,  0.1341, -0.0099,  0.3964],\n        [-0.0444,  0.1323, -0.1511, -0.0983]], requires_grad=True), Parameter containing:\ntensor([-0.4777, -0.3311, -0.2061], requires_grad=True), Parameter containing:\ntensor([[ 0.0214,  0.2282,  0.3464],\n        [-0.3914, -0.2514,  0.2097]], requires_grad=True), Parameter containing:\ntensor([ 0.4794, -0.1188], requires_grad=True)]'}
2026-07-15 04:14:11.642 /testbed/src/llamafactory/train/trainer_utils.py:317 src.llamafactory.train.trainer_utils._create_apollo_optimizer event=line locals={}
2026-07-15 04:14:11.643 /testbed/src/llamafactory/train/trainer_utils.py:320 src.llamafactory.train.trainer_utils._create_apollo_optimizer event=line locals={}
2026-07-15 04:14:11.644 /testbed/src/llamafactory/train/trainer_utils.py:313 src.llamafactory.train.trainer_utils._create_apollo_optimizer event=line locals={'nodecay_params': '[Parameter containing:\ntensor([-0.4777, -0.3311, -0.2061], requires_grad=True), Parameter containing:\ntensor([ 0.4794, -0.1188], requires_grad=True)]'}
2026-07-15 04:14:11.645 /testbed/src/llamafactory/train/trainer_utils.py:314 src.llamafactory.train.trainer_utils._create_apollo_optimizer event=line locals={'name': "'proj_b.weight'", 'param': 'Parameter containing:\ntensor([[ 0.5291, -0.1140],\n        [ 0.0748,  0.6403]])'}
2026-07-15 04:14:11.646 /testbed/src/llamafactory/train/trainer_utils.py:313 src.llamafactory.train.trainer_utils._create_apollo_optimizer event=line locals={}
2026-07-15 04:14:11.647 /testbed/src/llamafactory/train/trainer_utils.py:314 src.llamafactory.train.trainer_utils._create_apollo_optimizer event=line locals={'name': "'norm.weight'", 'param': 'Parameter containing:\ntensor([1., 1.], requires_grad=True)'}
2026-07-15 04:14:11.648 /testbed/src/llamafactory/train/trainer_utils.py:315 src.llamafactory.train.trainer_utils._create_apollo_optimizer event=line locals={}
2026-07-15 04:14:11.649 /testbed/src/llamafactory/train/trainer_utils.py:316 src.llamafactory.train.trainer_utils._create_apollo_optimizer event=line locals={'trainable_params': '[Parameter containing:\ntensor([[-0.0037,  0.2682, -0.4115, -0.3680],\n        [-0.1926,  0.1341, -0.0099,  0.3964],\n        [-0.0444,  0.1323, -0.1511, -0.0983]], requires_grad=True), Parameter containing:\ntensor([-0.4777, -0.3311, -0.2061], requires_grad=True), Parameter containing:\ntensor([[ 0.0214,  0.2282,  0.3464],\n        [-0.3914, -0.2514,  0.2097]], requires_grad=True), Parameter containing:\ntensor([ 0.4794, -0.1188], requires_grad=True), Parameter containing:\ntensor([1., 1.], requires_gr...'}
2026-07-15 04:14:11.650 /testbed/src/llamafactory/train/trainer_utils.py:317 src.llamafactory.train.trainer_utils._create_apollo_optimizer event=line locals={}
2026-07-15 04:14:11.651 /testbed/src/llamafactory/train/trainer_utils.py:320 src.llamafactory.train.trainer_utils._create_apollo_optimizer event=line locals={}
2026-07-15 04:14:11.652 /testbed/src/llamafactory/train/trainer_utils.py:313 src.llamafactory.train.trainer_utils._create_apollo_optimizer event=line locals={'nodecay_params': '[Parameter containing:\ntensor([-0.4777, -0.3311, -0.2061], requires_grad=True), Parameter containing:\ntensor([ 0.4794, -0.1188], requires_grad=True), Parameter containing:\ntensor([1., 1.], requires_grad=True)]'}
2026-07-15 04:14:11.656 /testbed/src/llamafactory/train/trainer_utils.py:314 src.llamafactory.train.trainer_utils._create_apollo_optimizer event=line locals={'name': "'norm.bias'", 'param': 'Parameter containing:\ntensor([0., 0.], requires_grad=True)'}
2026-07-15 04:14:11.659 /testbed/src/llamafactory/train/trainer_utils.py:315 src.llamafactory.train.trainer_utils._create_apollo_optimizer event=line locals={}
2026-07-15 04:14:11.660 /testbed/src/llamafactory/train/trainer_utils.py:316 src.llamafactory.train.trainer_utils._create_apollo_optimizer event=line locals={}
2026-07-15 04:14:11.662 /testbed/src/llamafactory/train/trainer_utils.py:317 src.llamafactory.train.trainer_utils._create_apollo_optimizer event=line locals={}
2026-07-15 04:14:11.663 /testbed/src/llamafactory/train/trainer_utils.py:320 src.llamafactory.train.trainer_utils._create_apollo_optimizer event=line locals={}
2026-07-15 04:14:11.664 /testbed/src/llamafactory/train/trainer_utils.py:313 src.llamafactory.train.trainer_utils._create_apollo_optimizer event=line locals={'nodecay_params': '[Parameter containing:\ntensor([-0.4777, -0.3311, -0.2061], requires_grad=True), Parameter containing:\ntensor([ 0.4794, -0.1188], requires_grad=True), Parameter containing:\ntensor([1., 1.], requires_grad=True), Parameter containing:\ntensor([0., 0.], requires_grad=True)]'}
2026-07-15 04:14:11.665 /testbed/src/llamafactory/train/trainer_utils.py:322 src.llamafactory.train.trainer_utils._create_apollo_optimizer event=line locals={}
2026-07-15 04:14:11.667 /testbed/src/llamafactory/train/trainer_utils.py:324 src.llamafactory.train.trainer_utils._create_apollo_optimizer event=line locals={'optim_kwargs': "{'lr': 0.01}"}
2026-07-15 04:14:11.668 /testbed/src/llamafactory/train/trainer_utils.py:325 src.llamafactory.train.trainer_utils._create_apollo_optimizer event=line locals={}
2026-07-15 04:14:11.669 /testbed/src/llamafactory/train/trainer_utils.py:329 src.llamafactory.train.trainer_utils._create_apollo_optimizer event=line locals={'optim_class': "<class 'testcase.RecordingApolloOptimizer'>"}
2026-07-15 04:14:11.671 /testbed/src/llamafactory/train/trainer_utils.py:330 src.llamafactory.train.trainer_utils._create_apollo_optimizer event=line locals={}
2026-07-15 04:14:11.673 /testbed/src/llamafactory/train/trainer_utils.py:331 src.llamafactory.train.trainer_utils._create_apollo_optimizer event=line locals={}
2026-07-15 04:14:11.674 /testbed/src/llamafactory/train/trainer_utils.py:334 src.llamafactory.train.trainer_utils._create_apollo_optimizer event=line locals={}
2026-07-15 04:14:11.675 /testbed/src/llamafactory/train/trainer_utils.py:335 src.llamafactory.train.trainer_utils._create_apollo_optimizer event=line locals={'optimizer_dict': '{}'}
2026-07-15 04:14:11.676 /testbed/src/llamafactory/train/trainer_utils.py:336 src.llamafactory.train.trainer_utils._create_apollo_optimizer event=line locals={'param': 'Parameter containing:\ntensor([-0.4777, -0.3311, -0.2061], requires_grad=True)'}
2026-07-15 04:14:11.678 /testbed/src/llamafactory/train/trainer_utils.py:337 src.llamafactory.train.trainer_utils._create_apollo_optimizer event=line locals={'param_groups': "[{'params': [Parameter containing:\ntensor([-0.4777, -0.3311, -0.2061], requires_grad=True)], 'weight_decay': 0.0}]"}
2026-07-15 04:14:11.680 /testbed/src/llamafactory/train/trainer_utils.py:335 src.llamafactory.train.trainer_utils._create_apollo_optimizer event=line locals={'optimizer_dict': '{Parameter containing:\ntensor([-0.4777, -0.3311, -0.2061], requires_grad=True): RecordingApolloOptimizer (\nParameter Group 0\n    lr: 0.01\n    weight_decay: 0.0\n)}', 'param_groups': "[{'params': [Parameter containing:\ntensor([-0.4777, -0.3311, -0.2061], requires_grad=True)], 'weight_decay': 0.0, 'lr': 0.01}]"}
2026-07-15 04:14:11.682 /testbed/src/llamafactory/train/trainer_utils.py:336 src.llamafactory.train.trainer_utils._create_apollo_optimizer event=line locals={'param': 'Parameter containing:\ntensor([ 0.4794, -0.1188], requires_grad=True)'}
2026-07-15 04:14:11.683 /testbed/src/llamafactory/train/trainer_utils.py:337 src.llamafactory.train.trainer_utils._create_apollo_optimizer event=line locals={'param_groups': "[{'params': [Parameter containing:\ntensor([ 0.4794, -0.1188], requires_grad=True)], 'weight_decay': 0.0}]"}
2026-07-15 04:14:11.685 /testbed/src/llamafactory/train/trainer_utils.py:335 src.llamafactory.train.trainer_utils._create_apollo_optimizer event=line locals={'optimizer_dict': '{Parameter containing:\ntensor([-0.4777, -0.3311, -0.2061], requires_grad=True): RecordingApolloOptimizer (\nParameter Group 0\n    lr: 0.01\n    weight_decay: 0.0\n), Parameter containing:\ntensor([ 0.4794, -0.1188], requires_grad=True): RecordingApolloOptimizer (\nParameter Group 0\n    lr: 0.01\n    weight_decay: 0.0\n)}', 'param_groups': "[{'params': [Parameter containing:\ntensor([ 0.4794, -0.1188], requires_grad=True)], 'weight_decay': 0.0, 'lr': 0.01}]"}
2026-07-15 04:14:11.686 /testbed/src/llamafactory/train/trainer_utils.py:336 src.llamafactory.train.trainer_utils._create_apollo_optimizer event=line locals={'param': 'Parameter containing:\ntensor([1., 1.], requires_grad=True)'}
2026-07-15 04:14:11.688 /testbed/src/llamafactory/train/trainer_utils.py:337 src.llamafactory.train.trainer_utils._create_apollo_optimizer event=line locals={'param_groups': "[{'params': [Parameter containing:\ntensor([1., 1.], requires_grad=True)], 'weight_decay': 0.0}]"}
2026-07-15 04:14:11.690 /testbed/src/llamafactory/train/trainer_utils.py:335 src.llamafactory.train.trainer_utils._create_apollo_optimizer event=line locals={'optimizer_dict': '{Parameter containing:\ntensor([-0.4777, -0.3311, -0.2061], requires_grad=True): RecordingApolloOptimizer (\nParameter Group 0\n    lr: 0.01\n    weight_decay: 0.0\n), Parameter containing:\ntensor([ 0.4794, -0.1188], requires_grad=True): RecordingApolloOptimizer (\nParameter Group 0\n    lr: 0.01\n    weight_decay: 0.0\n), Parameter containing:\ntensor([1., 1.], requires_grad=True): RecordingApolloOptimizer (\nParameter Group 0\n    lr: 0.01\n    weight_decay: 0.0\n)}', 'param_groups': "[{'params': [Parameter containing:\ntensor([1., 1.], requires_grad=True)], 'weight_decay': 0.0, 'lr': 0.01}]"}
2026-07-15 04:14:11.692 /testbed/src/llamafactory/train/trainer_utils.py:336 src.llamafactory.train.trainer_utils._create_apollo_optimizer event=line locals={'param': 'Parameter containing:\ntensor([0., 0.], requires_grad=True)'}
2026-07-15 04:14:11.693 /testbed/src/llamafactory/train/trainer_utils.py:337 src.llamafactory.train.trainer_utils._create_apollo_optimizer event=line locals={'param_groups': "[{'params': [Parameter containing:\ntensor([0., 0.], requires_grad=True)], 'weight_decay': 0.0}]"}
2026-07-15 04:14:11.695 /testbed/src/llamafactory/train/trainer_utils.py:335 src.llamafactory.train.trainer_utils._create_apollo_optimizer event=line locals={'optimizer_dict': '{Parameter containing:\ntensor([-0.4777, -0.3311, -0.2061], requires_grad=True): RecordingApolloOptimizer (\nParameter Group 0\n    lr: 0.01\n    weight_decay: 0.0\n), Parameter containing:\ntensor([ 0.4794, -0.1188], requires_grad=True): RecordingApolloOptimizer (\nParameter Group 0\n    lr: 0.01\n    weight_decay: 0.0\n), Parameter containing:\ntensor([1., 1.], requires_grad=True): RecordingApolloOptimizer (\nParameter Group 0\n    lr: 0.01\n    weight_decay: 0.0\n), Parameter containing:\ntensor([0., 0.], re...', 'param_groups': "[{'params': [Parameter containing:\ntensor([0., 0.], requires_grad=True)], 'weight_decay': 0.0, 'lr': 0.01}]"}
2026-07-15 04:14:11.697 /testbed/src/llamafactory/train/trainer_utils.py:338 src.llamafactory.train.trainer_utils._create_apollo_optimizer event=line locals={}
2026-07-15 04:14:11.698 /testbed/src/llamafactory/train/trainer_utils.py:341 src.llamafactory.train.trainer_utils._create_apollo_optimizer event=line locals={}
2026-07-15 04:14:11.700 /testbed/src/llamafactory/train/trainer_utils.py:342 src.llamafactory.train.trainer_utils._create_apollo_optimizer event=line locals={'param': 'Parameter containing:\ntensor([[-0.0037,  0.2682, -0.4115, -0.3680],\n        [-0.1926,  0.1341, -0.0099,  0.3964],\n        [-0.0444,  0.1323, -0.1511, -0.0983]], requires_grad=True)'}
2026-07-15 04:14:11.702 /testbed/src/llamafactory/train/trainer_utils.py:343 src.llamafactory.train.trainer_utils._create_apollo_optimizer event=line locals={'param_groups': "[{'params': [Parameter containing:\ntensor([[-0.0037,  0.2682, -0.4115, -0.3680],\n        [-0.1926,  0.1341, -0.0099,  0.3964],\n        [-0.0444,  0.1323, -0.1511, -0.0983]], requires_grad=True)], 'weight_decay': 0.1, 'rank': 8, 'proj': 'random', 'proj_type': 'std', 'update_proj_gap': 16, 'scale': 1.0, 'scale_type': 'channel', 'scale_front': False}]"}
2026-07-15 04:14:11.704 /testbed/src/llamafactory/train/trainer_utils.py:341 src.llamafactory.train.trainer_utils._create_apollo_optimizer event=line locals={'param_groups': "[{'params': [Parameter containing:\ntensor([[-0.0037,  0.2682, -0.4115, -0.3680],\n        [-0.1926,  0.1341, -0.0099,  0.3964],\n        [-0.0444,  0.1323, -0.1511, -0.0983]], requires_grad=True)], 'weight_decay': 0.1, 'rank': 8, 'proj': 'random', 'proj_type': 'std', 'update_proj_gap': 16, 'scale': 1.0, 'scale_type': 'channel', 'scale_front': False, 'lr': 0.01}]"}
2026-07-15 04:14:11.706 /testbed/src/llamafactory/train/trainer_utils.py:342 src.llamafactory.train.trainer_utils._create_apollo_optimizer event=line locals={'param': 'Parameter containing:\ntensor([[ 0.0214,  0.2282,  0.3464],\n        [-0.3914, -0.2514,  0.2097]], requires_grad=True)'}
2026-07-15 04:14:11.707 /testbed/src/llamafactory/train/trainer_utils.py:343 src.llamafactory.train.trainer_utils._create_apollo_optimizer event=line locals={'param_groups': "[{'params': [Parameter containing:\ntensor([[ 0.0214,  0.2282,  0.3464],\n        [-0.3914, -0.2514,  0.2097]], requires_grad=True)], 'weight_decay': 0.1, 'rank': 8, 'proj': 'random', 'proj_type': 'std', 'update_proj_gap': 16, 'scale': 1.0, 'scale_type': 'channel', 'scale_front': False}]"}
2026-07-15 04:14:11.710 /testbed/src/llamafactory/train/trainer_utils.py:341 src.llamafactory.train.trainer_utils._create_apollo_optimizer event=line locals={'param_groups': "[{'params': [Parameter containing:\ntensor([[ 0.0214,  0.2282,  0.3464],\n        [-0.3914, -0.2514,  0.2097]], requires_grad=True)], 'weight_decay': 0.1, 'rank': 8, 'proj': 'random', 'proj_type': 'std', 'update_proj_gap': 16, 'scale': 1.0, 'scale_type': 'channel', 'scale_front': False, 'lr': 0.01}]"}
2026-07-15 04:14:11.712 /testbed/src/llamafactory/train/trainer_utils.py:345 src.llamafactory.train.trainer_utils._create_apollo_optimizer event=line locals={}
2026-07-15 04:14:11.714 /testbed/src/llamafactory/train/trainer_utils.py:350 src.llamafactory.train.trainer_utils._create_apollo_optimizer event=line locals={'optimizer_hook': '<function _create_apollo_optimizer.<locals>.optimizer_hook at 0x7fbe8b5a8dc0>'}
2026-07-15 04:14:11.716 /testbed/src/llamafactory/train/trainer_utils.py:351 src.llamafactory.train.trainer_utils._create_apollo_optimizer event=line locals={'param': 'Parameter containing:\ntensor([[-0.0037,  0.2682, -0.4115, -0.3680],\n        [-0.1926,  0.1341, -0.0099,  0.3964],\n        [-0.0444,  0.1323, -0.1511, -0.0983]], requires_grad=True)'}
2026-07-15 04:14:11.718 /testbed/src/llamafactory/train/trainer_utils.py:350 src.llamafactory.train.trainer_utils._create_apollo_optimizer event=line locals={}
2026-07-15 04:14:11.720 /testbed/src/llamafactory/train/trainer_utils.py:351 src.llamafactory.train.trainer_utils._create_apollo_optimizer event=line locals={'param': 'Parameter containing:\ntensor([-0.4777, -0.3311, -0.2061], requires_grad=True)'}
2026-07-15 04:14:11.722 /testbed/src/llamafactory/train/trainer_utils.py:350 src.llamafactory.train.trainer_utils._create_apollo_optimizer event=line locals={}
2026-07-15 04:14:11.724 /testbed/src/llamafactory/train/trainer_utils.py:351 src.llamafactory.train.trainer_utils._create_apollo_optimizer event=line locals={'param': 'Parameter containing:\ntensor([[ 0.0214,  0.2282,  0.3464],\n        [-0.3914, -0.2514,  0.2097]], requires_grad=True)'}
2026-07-15 04:14:11.726 /testbed/src/llamafactory/train/trainer_utils.py:350 src.llamafactory.train.trainer_utils._create_apollo_optimizer event=line locals={}
2026-07-15 04:14:11.728 /testbed/src/llamafactory/train/trainer_utils.py:351 src.llamafactory.train.trainer_utils._create_apollo_optimizer event=line locals={'param': 'Parameter containing:\ntensor([ 0.4794, -0.1188], requires_grad=True)'}
2026-07-15 04:14:11.730 /testbed/src/llamafactory/train/trainer_utils.py:350 src.llamafactory.train.trainer_utils._create_apollo_optimizer event=line locals={}
2026-07-15 04:14:11.732 /testbed/src/llamafactory/train/trainer_utils.py:351 src.llamafactory.train.trainer_utils._create_apollo_optimizer event=line locals={'param': 'Parameter containing:\ntensor([1., 1.], requires_grad=True)'}
2026-07-15 04:14:11.734 /testbed/src/llamafactory/train/trainer_utils.py:350 src.llamafactory.train.trainer_utils._create_apollo_optimizer event=line locals={}
2026-07-15 04:14:11.735 /testbed/src/llamafactory/train/trainer_utils.py:351 src.llamafactory.train.trainer_utils._create_apollo_optimizer event=line locals={'param': 'Parameter containing:\ntensor([0., 0.], requires_grad=True)'}
2026-07-15 04:14:11.737 /testbed/src/llamafactory/train/trainer_utils.py:350 src.llamafactory.train.trainer_utils._create_apollo_optimizer event=line locals={}
2026-07-15 04:14:11.739 /testbed/src/llamafactory/train/trainer_utils.py:353 src.llamafactory.train.trainer_utils._create_apollo_optimizer event=line locals={}
2026-07-15 04:14:11.742 /testbed/src/llamafactory/train/trainer_utils.py:362 src.llamafactory.train.trainer_utils._create_apollo_optimizer event=line locals={'optimizer': 'DummyOptimizer (\nParameter Group 0\n    lr: 0.01\n)'}
2026-07-15 04:14:11.744 /testbed/src/llamafactory/train/trainer_utils.py:363 src.llamafactory.train.trainer_utils._create_apollo_optimizer event=line locals={}
2026-07-15 04:14:11.746 /testbed/src/llamafactory/train/trainer_utils.py:363 src.llamafactory.train.trainer_utils._create_apollo_optimizer event=return retval=DummyOptimizer (
Parameter Group 0
    lr: 0.01
) locals={'apollo_kwargs': "{'rank': 8, 'proj': 'random', 'proj_type': 'std', 'update_proj_gap': 16, 'scale': 1.0, 'scale_type': 'channel', 'scale_front': False}", 'apollo_params': '[Parameter containing:\ntensor([[-0.0037,  0.2682, -0.4115, -0.3680],\n        [-0.1926,  0.1341, -0.0099,  0.3964],\n        [-0.0444,  0.1323, -0.1511, -0.0983]], requires_grad=True), Parameter containing:\ntensor([[ 0.0214,  0.2282,  0.3464],\n        [-0.3914, -0.2514,  0.2097]], requires_grad=True)]', 'apollo_targets': "['0', 'proj_a', 'proj_b']", 'decay_param_names': "['proj_a.weight', 'block.0.weight', 'proj_b.weight']", 'decay_params': '[]', 'finetuning_args': "namespace(apollo_target=['all'], freeze_vision_tower=False, apollo_rank=8, apollo_proj='random', apollo_proj_type='std', apollo_update_interval=16, apollo_scale=1.0, apollo_scale_type='channel', apollo_scale_front=False, apollo_layerwise=True)", 'id_apollo_params': '{140461131332672, 140456357877520}', 'model': 'TinyModel(\n  (proj_a): Linear(in_features=4, out_features=3, bias=True)\n  (block): Sequential(\n    (0): Linear(in_features=3, out_features=2, bias=True)\n    (1): ReLU()\n  )\n  (proj_b): Linear(in_features=2, out_features=2, bias=False)\n  (norm): LayerNorm((2,), eps=1e-05, elementwise_affine=True)\n)', 'module': 'LayerNorm((2,), eps=1e-05, elementwise_affine=True)', 'name': "'norm.bias'", 'nodecay_params': '[Parameter containing:\ntensor([-0.4777, -0.3311, -0.2061], requires_grad=True), Parameter containing:\ntensor([ 0.4794, -0.1188], requires_grad=True), Parameter containing:\ntensor([1., 1.], requires_grad=True), Parameter containing:\ntensor([0., 0.], requires_grad=True)]', 'optim_class': "<class 'testcase.RecordingApolloOptimizer'>", 'optim_kwargs': "{'lr': 0.01}", 'optimizer': 'DummyOptimizer (\nParameter Group 0\n    lr: 0.01\n)', 'optimizer_dict': '{Parameter containing:\ntensor([-0.4777, -0.3311, -0.2061], requires_grad=True): RecordingApolloOptimizer (\nParameter Group 0\n    lr: 0.01\n    weight_decay: 0.0\n), Parameter containing:\ntensor([ 0.4794, -0.1188], requires_grad=True): RecordingApolloOptimizer (\nParameter Group 0\n    lr: 0.01\n    weight_decay: 0.0\n), Parameter containing:\ntensor([1., 1.], requires_grad=True): RecordingApolloOptimizer (\nParameter Group 0\n    lr: 0.01\n    weight_decay: 0.0\n), Parameter containing:\ntensor([0., 0.], re...', 'optimizer_hook': '<function _create_apollo_optimizer.<locals>.optimizer_hook at 0x7fbe8b5a8dc0>', 'param': 'Parameter containing:\ntensor([0., 0.], requires_grad=True)', 'param_groups': "[{'params': [Parameter containing:\ntensor([[ 0.0214,  0.2282,  0.3464],\n        [-0.3914, -0.2514,  0.2097]], requires_grad=True)], 'weight_decay': 0.1, 'rank': 8, 'proj': 'random', 'proj_type': 'std', 'update_proj_gap': 16, 'scale': 1.0, 'scale_type': 'channel', 'scale_front': False, 'lr': 0.01}]", 'trainable_params': '[Parameter containing:\ntensor([[-0.0037,  0.2682, -0.4115, -0.3680],\n        [-0.1926,  0.1341, -0.0099,  0.3964],\n        [-0.0444,  0.1323, -0.1511, -0.0983]], requires_grad=True), Parameter containing:\ntensor([-0.4777, -0.3311, -0.2061], requires_grad=True), Parameter containing:\ntensor([[ 0.0214,  0.2282,  0.3464],\n        [-0.3914, -0.2514,  0.2097]], requires_grad=True), Parameter containing:\ntensor([ 0.4794, -0.1188], requires_grad=True), Parameter containing:\ntensor([1., 1.], requires_gr...', 'training_args': "namespace(optim='adamw_torch', gradient_accumulation_steps=1, weight_decay=0.1, learning_rate=0.01)"}
2026-07-15 04:14:11.750 /testbed/src/llamafactory/train/trainer_utils.py:282 src.llamafactory.train.trainer_utils._create_apollo_optimizer event=call locals={'finetuning_args': "namespace(apollo_target=['proj'], freeze_vision_tower=False, apollo_rank=4, apollo_proj='random', apollo_proj_type='left', apollo_update_interval=8, apollo_scale=2.0, apollo_scale_type='tensor', apollo_scale_front=True, apollo_layerwise=False)", 'model': 'TinyModel(\n  (proj_a): Linear(in_features=4, out_features=3, bias=True)\n  (block): Sequential(\n    (0): Linear(in_features=3, out_features=2, bias=True)\n    (1): ReLU()\n  )\n  (proj_b): Linear(in_features=2, out_features=2, bias=False)\n  (norm): LayerNorm((2,), eps=1e-05, elementwise_affine=True)\n)', 'training_args': "namespace(optim='adamw_torch', gradient_accumulation_steps=1, weight_decay=0.1, learning_rate=0.01)"}
2026-07-15 04:14:11.750 /testbed/src/llamafactory/train/trainer_utils.py:287 src.llamafactory.train.trainer_utils._create_apollo_optimizer event=line locals={}
2026-07-15 04:14:11.750 /testbed/src/llamafactory/train/trainer_utils.py:290 src.llamafactory.train.trainer_utils._create_apollo_optimizer event=line locals={}
2026-07-15 04:14:11.750 /testbed/src/llamafactory/train/trainer_utils.py:292 src.llamafactory.train.trainer_utils._create_apollo_optimizer event=line locals={'apollo_targets': "['proj']"}
2026-07-15 04:14:11.750 /testbed/src/llamafactory/train/trainer_utils.py:293 src.llamafactory.train.trainer_utils._create_apollo_optimizer event=line locals={'apollo_params': '[]'}
2026-07-15 04:14:11.750 /testbed/src/llamafactory/train/trainer_utils.py:294 src.llamafactory.train.trainer_utils._create_apollo_optimizer event=line locals={'module': 'TinyModel(\n  (proj_a): Linear(in_features=4, out_features=3, bias=True)\n  (block): Sequential(\n    (0): Linear(in_features=3, out_features=2, bias=True)\n    (1): ReLU()\n  )\n  (proj_b): Linear(in_features=2, out_features=2, bias=False)\n  (norm): LayerNorm((2,), eps=1e-05, elementwise_affine=True)\n)', 'name': "''"}
2026-07-15 04:14:11.750 /testbed/src/llamafactory/train/trainer_utils.py:293 src.llamafactory.train.trainer_utils._create_apollo_optimizer event=line locals={}
2026-07-15 04:14:11.750 /testbed/src/llamafactory/train/trainer_utils.py:294 src.llamafactory.train.trainer_utils._create_apollo_optimizer event=line locals={'module': 'Linear(in_features=4, out_features=3, bias=True)', 'name': "'proj_a'"}
2026-07-15 04:14:11.750 /testbed/src/llamafactory/train/trainer_utils.py:295 src.llamafactory.train.trainer_utils._create_apollo_optimizer event=line locals={}
2026-07-15 04:14:11.751 /testbed/src/llamafactory/train/trainer_utils.py:296 src.llamafactory.train.trainer_utils._create_apollo_optimizer event=line locals={'param': 'Parameter containing:\ntensor([[ 0.4320, -0.3241, -0.2302, -0.3493],\n        [-0.4683, -0.2919,  0.4298,  0.2231],\n        [ 0.2423,  0.0263, -0.2563,  0.0846]], requires_grad=True)'}
2026-07-15 04:14:11.751 /testbed/src/llamafactory/train/trainer_utils.py:297 src.llamafactory.train.trainer_utils._create_apollo_optimizer event=line locals={}
2026-07-15 04:14:11.751 /testbed/src/llamafactory/train/trainer_utils.py:295 src.llamafactory.train.trainer_utils._create_apollo_optimizer event=line locals={'apollo_params': '[Parameter containing:\ntensor([[ 0.4320, -0.3241, -0.2302, -0.3493],\n        [-0.4683, -0.2919,  0.4298,  0.2231],\n        [ 0.2423,  0.0263, -0.2563,  0.0846]], requires_grad=True)]'}
2026-07-15 04:14:11.751 /testbed/src/llamafactory/train/trainer_utils.py:296 src.llamafactory.train.trainer_utils._create_apollo_optimizer event=line locals={'param': 'Parameter containing:\ntensor([-0.4668, -0.3613, -0.2578], requires_grad=True)'}
2026-07-15 04:14:11.752 /testbed/src/llamafactory/train/trainer_utils.py:295 src.llamafactory.train.trainer_utils._create_apollo_optimizer event=line locals={}
2026-07-15 04:14:11.752 /testbed/src/llamafactory/train/trainer_utils.py:293 src.llamafactory.train.trainer_utils._create_apollo_optimizer event=line locals={}
2026-07-15 04:14:11.752 /testbed/src/llamafactory/train/trainer_utils.py:294 src.llamafactory.train.trainer_utils._create_apollo_optimizer event=line locals={'module': 'Sequential(\n  (0): Linear(in_features=3, out_features=2, bias=True)\n  (1): ReLU()\n)', 'name': "'block'"}
2026-07-15 04:14:11.753 /testbed/src/llamafactory/train/trainer_utils.py:293 src.llamafactory.train.trainer_utils._create_apollo_optimizer event=line locals={}
2026-07-15 04:14:11.753 /testbed/src/llamafactory/train/trainer_utils.py:294 src.llamafactory.train.trainer_utils._create_apollo_optimizer event=line locals={'module': 'Linear(in_features=3, out_features=2, bias=True)', 'name': "'block.0'"}
2026-07-15 04:14:11.753 /testbed/src/llamafactory/train/trainer_utils.py:293 src.llamafactory.train.trainer_utils._create_apollo_optimizer event=line locals={}
2026-07-15 04:14:11.754 /testbed/src/llamafactory/train/trainer_utils.py:294 src.llamafactory.train.trainer_utils._create_apollo_optimizer event=line locals={'module': 'ReLU()', 'name': "'block.1'"}
2026-07-15 04:14:11.754 /testbed/src/llamafactory/train/trainer_utils.py:293 src.llamafactory.train.trainer_utils._create_apollo_optimizer event=line locals={}
2026-07-15 04:14:11.754 /testbed/src/llamafactory/train/trainer_utils.py:294 src.llamafactory.train.trainer_utils._create_apollo_optimizer event=line locals={'module': 'Linear(in_features=2, out_features=2, bias=False)', 'name': "'proj_b'"}
2026-07-15 04:14:11.755 /testbed/src/llamafactory/train/trainer_utils.py:295 src.llamafactory.train.trainer_utils._create_apollo_optimizer event=line locals={}
2026-07-15 04:14:11.755 /testbed/src/llamafactory/train/trainer_utils.py:296 src.llamafactory.train.trainer_utils._create_apollo_optimizer event=line locals={'param': 'Parameter containing:\ntensor([[ 0.4741, -0.4163],\n        [ 0.1318, -0.5482]])'}
2026-07-15 04:14:11.755 /testbed/src/llamafactory/train/trainer_utils.py:295 src.llamafactory.train.trainer_utils._create_apollo_optimizer event=line locals={}
2026-07-15 04:14:11.756 /testbed/src/llamafactory/train/trainer_utils.py:293 src.llamafactory.train.trainer_utils._create_apollo_optimizer event=line locals={}
2026-07-15 04:14:11.756 /testbed/src/llamafactory/train/trainer_utils.py:294 src.llamafactory.train.trainer_utils._create_apollo_optimizer event=line locals={'module': 'LayerNorm((2,), eps=1e-05, elementwise_affine=True)', 'name': "'norm'"}
2026-07-15 04:14:11.756 /testbed/src/llamafactory/train/trainer_utils.py:293 src.llamafactory.train.trainer_utils._create_apollo_optimizer event=line locals={}
2026-07-15 04:14:11.757 /testbed/src/llamafactory/train/trainer_utils.py:300 src.llamafactory.train.trainer_utils._create_apollo_optimizer event=line locals={}
2026-07-15 04:14:11.757 /testbed/src/llamafactory/train/trainer_utils.py:301 src.llamafactory.train.trainer_utils._create_apollo_optimizer event=line locals={}
2026-07-15 04:14:11.757 /testbed/src/llamafactory/train/trainer_utils.py:302 src.llamafactory.train.trainer_utils._create_apollo_optimizer event=line locals={}
2026-07-15 04:14:11.757 /testbed/src/llamafactory/train/trainer_utils.py:303 src.llamafactory.train.trainer_utils._create_apollo_optimizer event=line locals={}
2026-07-15 04:14:11.758 /testbed/src/llamafactory/train/trainer_utils.py:304 src.llamafactory.train.trainer_utils._create_apollo_optimizer event=line locals={}
2026-07-15 04:14:11.758 /testbed/src/llamafactory/train/trainer_utils.py:305 src.llamafactory.train.trainer_utils._create_apollo_optimizer event=line locals={}
2026-07-15 04:14:11.758 /testbed/src/llamafactory/train/trainer_utils.py:306 src.llamafactory.train.trainer_utils._create_apollo_optimizer event=line locals={}
2026-07-15 04:14:11.759 /testbed/src/llamafactory/train/trainer_utils.py:299 src.llamafactory.train.trainer_utils._create_apollo_optimizer event=line locals={}
2026-07-15 04:14:11.759 /testbed/src/llamafactory/train/trainer_utils.py:309 src.llamafactory.train.trainer_utils._create_apollo_optimizer event=line locals={'apollo_kwargs': "{'rank': 4, 'proj': 'random', 'proj_type': 'left', 'update_proj_gap': 8, 'scale': 2.0, 'scale_type': 'tensor', 'scale_front': True}"}
2026-07-15 04:14:11.759 /testbed/src/llamafactory/train/trainer_utils.py:310 src.llamafactory.train.trainer_utils._create_apollo_optimizer event=line locals={'id_apollo_params': '{140456358428592}'}
2026-07-15 04:14:11.759 /testbed/src/llamafactory/train/trainer_utils.py:311 src.llamafactory.train.trainer_utils._create_apollo_optimizer event=line locals={'decay_params': '[]', 'nodecay_params': '[]'}
2026-07-15 04:14:11.760 /testbed/src/llamafactory/train/trainer_utils.py:312 src.llamafactory.train.trainer_utils._create_apollo_optimizer event=line locals={'trainable_params': '[]'}
2026-07-15 04:14:11.761 /testbed/src/llamafactory/train/trainer_utils.py:313 src.llamafactory.train.trainer_utils._create_apollo_optimizer event=line locals={'decay_param_names': "['proj_a.weight', 'block.0.weight', 'proj_b.weight']"}
2026-07-15 04:14:11.761 /testbed/src/llamafactory/train/trainer_utils.py:314 src.llamafactory.train.trainer_utils._create_apollo_optimizer event=line locals={'name': "'proj_a.weight'", 'param': 'Parameter containing:\ntensor([[ 0.4320, -0.3241, -0.2302, -0.3493],\n        [-0.4683, -0.2919,  0.4298,  0.2231],\n        [ 0.2423,  0.0263, -0.2563,  0.0846]], requires_grad=True)'}
2026-07-15 04:14:11.762 /testbed/src/llamafactory/train/trainer_utils.py:315 src.llamafactory.train.trainer_utils._create_apollo_optimizer event=line locals={}
2026-07-15 04:14:11.762 /testbed/src/llamafactory/train/trainer_utils.py:316 src.llamafactory.train.trainer_utils._create_apollo_optimizer event=line locals={'trainable_params': '[Parameter containing:\ntensor([[ 0.4320, -0.3241, -0.2302, -0.3493],\n        [-0.4683, -0.2919,  0.4298,  0.2231],\n        [ 0.2423,  0.0263, -0.2563,  0.0846]], requires_grad=True)]'}
2026-07-15 04:14:11.763 /testbed/src/llamafactory/train/trainer_utils.py:313 src.llamafactory.train.trainer_utils._create_apollo_optimizer event=line locals={}
2026-07-15 04:14:11.763 /testbed/src/llamafactory/train/trainer_utils.py:314 src.llamafactory.train.trainer_utils._create_apollo_optimizer event=line locals={'name': "'proj_a.bias'", 'param': 'Parameter containing:\ntensor([-0.4668, -0.3613, -0.2578], requires_grad=True)'}
2026-07-15 04:14:11.763 /testbed/src/llamafactory/train/trainer_utils.py:315 src.llamafactory.train.trainer_utils._create_apollo_optimizer event=line locals={}
2026-07-15 04:14:11.764 /testbed/src/llamafactory/train/trainer_utils.py:316 src.llamafactory.train.trainer_utils._create_apollo_optimizer event=line locals={'trainable_params': '[Parameter containing:\ntensor([[ 0.4320, -0.3241, -0.2302, -0.3493],\n        [-0.4683, -0.2919,  0.4298,  0.2231],\n        [ 0.2423,  0.0263, -0.2563,  0.0846]], requires_grad=True), Parameter containing:\ntensor([-0.4668, -0.3613, -0.2578], requires_grad=True)]'}
2026-07-15 04:14:11.764 /testbed/src/llamafactory/train/trainer_utils.py:317 src.llamafactory.train.trainer_utils._create_apollo_optimizer event=line locals={}
2026-07-15 04:14:11.765 /testbed/src/llamafactory/train/trainer_utils.py:320 src.llamafactory.train.trainer_utils._create_apollo_optimizer event=line locals={}
2026-07-15 04:14:11.765 /testbed/src/llamafactory/train/trainer_utils.py:313 src.llamafactory.train.trainer_utils._create_apollo_optimizer event=line locals={'nodecay_params': '[Parameter containing:\ntensor([-0.4668, -0.3613, -0.2578], requires_grad=True)]'}
2026-07-15 04:14:11.766 /testbed/src/llamafactory/train/trainer_utils.py:314 src.llamafactory.train.trainer_utils._create_apollo_optimizer event=line locals={'name': "'block.0.weight'", 'param': 'Parameter containing:\ntensor([[ 0.3643,  0.3385, -0.2561],\n        [-0.0208,  0.3693,  0.5740]], requires_grad=True)'}
2026-07-15 04:14:11.767 /testbed/src/llamafactory/train/trainer_utils.py:315 src.llamafactory.train.trainer_utils._create_apollo_optimizer event=line locals={}
2026-07-15 04:14:11.767 /testbed/src/llamafactory/train/trainer_utils.py:316 src.llamafactory.train.trainer_utils._create_apollo_optimizer event=line locals={'trainable_params': '[Parameter containing:\ntensor([[ 0.4320, -0.3241, -0.2302, -0.3493],\n        [-0.4683, -0.2919,  0.4298,  0.2231],\n        [ 0.2423,  0.0263, -0.2563,  0.0846]], requires_grad=True), Parameter containing:\ntensor([-0.4668, -0.3613, -0.2578], requires_grad=True), Parameter containing:\ntensor([[ 0.3643,  0.3385, -0.2561],\n        [-0.0208,  0.3693,  0.5740]], requires_grad=True)]'}
2026-07-15 04:14:11.768 /testbed/src/llamafactory/train/trainer_utils.py:317 src.llamafactory.train.trainer_utils._create_apollo_optimizer event=line locals={}
2026-07-15 04:14:11.769 /testbed/src/llamafactory/train/trainer_utils.py:318 src.llamafactory.train.trainer_utils._create_apollo_optimizer event=line locals={}
2026-07-15 04:14:11.770 /testbed/src/llamafactory/train/trainer_utils.py:313 src.llamafactory.train.trainer_utils._create_apollo_optimizer event=line locals={'decay_params': '[Parameter containing:\ntensor([[ 0.3643,  0.3385, -0.2561],\n        [-0.0208,  0.3693,  0.5740]], requires_grad=True)]'}
2026-07-15 04:14:11.770 /testbed/src/llamafactory/train/trainer_utils.py:314 src.llamafactory.train.trainer_utils._create_apollo_optimizer event=line locals={'name': "'block.0.bias'", 'param': 'Parameter containing:\ntensor([0.2291, 0.0780], requires_grad=True)'}
2026-07-15 04:14:11.771 /testbed/src/llamafactory/train/trainer_utils.py:315 src.llamafactory.train.trainer_utils._create_apollo_optimizer event=line locals={}
2026-07-15 04:14:11.772 /testbed/src/llamafactory/train/trainer_utils.py:316 src.llamafactory.train.trainer_utils._create_apollo_optimizer event=line locals={'trainable_params': '[Parameter containing:\ntensor([[ 0.4320, -0.3241, -0.2302, -0.3493],\n        [-0.4683, -0.2919,  0.4298,  0.2231],\n        [ 0.2423,  0.0263, -0.2563,  0.0846]], requires_grad=True), Parameter containing:\ntensor([-0.4668, -0.3613, -0.2578], requires_grad=True), Parameter containing:\ntensor([[ 0.3643,  0.3385, -0.2561],\n        [-0.0208,  0.3693,  0.5740]], requires_grad=True), Parameter containing:\ntensor([0.2291, 0.0780], requires_grad=True)]'}
2026-07-15 04:14:11.773 /testbed/src/llamafactory/train/trainer_utils.py:317 src.llamafactory.train.trainer_utils._create_apollo_optimizer event=line locals={}
2026-07-15 04:14:11.774 /testbed/src/llamafactory/train/trainer_utils.py:320 src.llamafactory.train.trainer_utils._create_apollo_optimizer event=line locals={}
2026-07-15 04:14:11.775 /testbed/src/llamafactory/train/trainer_utils.py:313 src.llamafactory.train.trainer_utils._create_apollo_optimizer event=line locals={'nodecay_params': '[Parameter containing:\ntensor([-0.4668, -0.3613, -0.2578], requires_grad=True), Parameter containing:\ntensor([0.2291, 0.0780], requires_grad=True)]'}
2026-07-15 04:14:11.776 /testbed/src/llamafactory/train/trainer_utils.py:314 src.llamafactory.train.trainer_utils._create_apollo_optimizer event=line locals={'name': "'proj_b.weight'", 'param': 'Parameter containing:\ntensor([[ 0.4741, -0.4163],\n        [ 0.1318, -0.5482]])'}
2026-07-15 04:14:11.777 /testbed/src/llamafactory/train/trainer_utils.py:313 src.llamafactory.train.trainer_utils._create_apollo_optimizer event=line locals={}
2026-07-15 04:14:11.778 /testbed/src/llamafactory/train/trainer_utils.py:314 src.llamafactory.train.trainer_utils._create_apollo_optimizer event=line locals={'name': "'norm.weight'", 'param': 'Parameter containing:\ntensor([1., 1.], requires_grad=True)'}
2026-07-15 04:14:11.779 /testbed/src/llamafactory/train/trainer_utils.py:315 src.llamafactory.train.trainer_utils._create_apollo_optimizer event=line locals={}
2026-07-15 04:14:11.780 /testbed/src/llamafactory/train/trainer_utils.py:316 src.llamafactory.train.trainer_utils._create_apollo_optimizer event=line locals={'trainable_params': '[Parameter containing:\ntensor([[ 0.4320, -0.3241, -0.2302, -0.3493],\n        [-0.4683, -0.2919,  0.4298,  0.2231],\n        [ 0.2423,  0.0263, -0.2563,  0.0846]], requires_grad=True), Parameter containing:\ntensor([-0.4668, -0.3613, -0.2578], requires_grad=True), Parameter containing:\ntensor([[ 0.3643,  0.3385, -0.2561],\n        [-0.0208,  0.3693,  0.5740]], requires_grad=True), Parameter containing:\ntensor([0.2291, 0.0780], requires_grad=True), Parameter containing:\ntensor([1., 1.], requires_grad...'}
2026-07-15 04:14:11.781 /testbed/src/llamafactory/train/trainer_utils.py:317 src.llamafactory.train.trainer_utils._create_apollo_optimizer event=line locals={}
2026-07-15 04:14:11.782 /testbed/src/llamafactory/train/trainer_utils.py:320 src.llamafactory.train.trainer_utils._create_apollo_optimizer event=line locals={}
2026-07-15 04:14:11.783 /testbed/src/llamafactory/train/trainer_utils.py:313 src.llamafactory.train.trainer_utils._create_apollo_optimizer event=line locals={'nodecay_params': '[Parameter containing:\ntensor([-0.4668, -0.3613, -0.2578], requires_grad=True), Parameter containing:\ntensor([0.2291, 0.0780], requires_grad=True), Parameter containing:\ntensor([1., 1.], requires_grad=True)]'}
2026-07-15 04:14:11.784 /testbed/src/llamafactory/train/trainer_utils.py:314 src.llamafactory.train.trainer_utils._create_apollo_optimizer event=line locals={'name': "'norm.bias'", 'param': 'Parameter containing:\ntensor([0., 0.], requires_grad=True)'}
2026-07-15 04:14:11.785 /testbed/src/llamafactory/train/trainer_utils.py:315 src.llamafactory.train.trainer_utils._create_apollo_optimizer event=line locals={}
2026-07-15 04:14:11.786 /testbed/src/llamafactory/train/trainer_utils.py:316 src.llamafactory.train.trainer_utils._create_apollo_optimizer event=line locals={}
2026-07-15 04:14:11.787 /testbed/src/llamafactory/train/trainer_utils.py:317 src.llamafactory.train.trainer_utils._create_apollo_optimizer event=line locals={}
2026-07-15 04:14:11.789 /testbed/src/llamafactory/train/trainer_utils.py:320 src.llamafactory.train.trainer_utils._create_apollo_optimizer event=line locals={}
2026-07-15 04:14:11.790 /testbed/src/llamafactory/train/trainer_utils.py:313 src.llamafactory.train.trainer_utils._create_apollo_optimizer event=line locals={'nodecay_params': '[Parameter containing:\ntensor([-0.4668, -0.3613, -0.2578], requires_grad=True), Parameter containing:\ntensor([0.2291, 0.0780], requires_grad=True), Parameter containing:\ntensor([1., 1.], requires_grad=True), Parameter containing:\ntensor([0., 0.], requires_grad=True)]'}
2026-07-15 04:14:11.791 /testbed/src/llamafactory/train/trainer_utils.py:322 src.llamafactory.train.trainer_utils._create_apollo_optimizer event=line locals={}
2026-07-15 04:14:11.792 /testbed/src/llamafactory/train/trainer_utils.py:324 src.llamafactory.train.trainer_utils._create_apollo_optimizer event=line locals={'optim_kwargs': "{'lr': 0.01}"}
2026-07-15 04:14:11.794 /testbed/src/llamafactory/train/trainer_utils.py:325 src.llamafactory.train.trainer_utils._create_apollo_optimizer event=line locals={}
2026-07-15 04:14:11.795 /testbed/src/llamafactory/train/trainer_utils.py:329 src.llamafactory.train.trainer_utils._create_apollo_optimizer event=line locals={'optim_class': "<class 'testcase.RecordingApolloOptimizer'>"}
2026-07-15 04:14:11.796 /testbed/src/llamafactory/train/trainer_utils.py:356 src.llamafactory.train.trainer_utils._create_apollo_optimizer event=line locals={}
2026-07-15 04:14:11.797 /testbed/src/llamafactory/train/trainer_utils.py:357 src.llamafactory.train.trainer_utils._create_apollo_optimizer event=line locals={}
2026-07-15 04:14:11.798 /testbed/src/llamafactory/train/trainer_utils.py:358 src.llamafactory.train.trainer_utils._create_apollo_optimizer event=line locals={}
2026-07-15 04:14:11.799 /testbed/src/llamafactory/train/trainer_utils.py:355 src.llamafactory.train.trainer_utils._create_apollo_optimizer event=line locals={}
2026-07-15 04:14:11.801 /testbed/src/llamafactory/train/trainer_utils.py:360 src.llamafactory.train.trainer_utils._create_apollo_optimizer event=line locals={'param_groups': "[{'params': [Parameter containing:\ntensor([-0.4668, -0.3613, -0.2578], requires_grad=True), Parameter containing:\ntensor([0.2291, 0.0780], requires_grad=True), Parameter containing:\ntensor([1., 1.], requires_grad=True), Parameter containing:\ntensor([0., 0.], requires_grad=True)], 'weight_decay': 0.0}, {'params': [Parameter containing:\ntensor([[ 0.3643,  0.3385, -0.2561],\n        [-0.0208,  0.3693,  0.5740]], requires_grad=True)], 'weight_decay': 0.1}, {'params': [Parameter containing:\ntensor([[ ..."}
2026-07-15 04:14:11.804 /testbed/src/llamafactory/train/trainer_utils.py:362 src.llamafactory.train.trainer_utils._create_apollo_optimizer event=line locals={'optimizer': 'RecordingApolloOptimizer (\nParameter Group 0\n    lr: 0.01\n    weight_decay: 0.0\n\nParameter Group 1\n    lr: 0.01\n    weight_decay: 0.1\n\nParameter Group 2\n    lr: 0.01\n    proj: random\n    proj_type: left\n    rank: 4\n    scale: 2.0\n    scale_front: True\n    scale_type: tensor\n    update_proj_gap: 8\n    weight_decay: 0.1\n)', 'param_groups': "[{'params': [Parameter containing:\ntensor([-0.4668, -0.3613, -0.2578], requires_grad=True), Parameter containing:\ntensor([0.2291, 0.0780], requires_grad=True), Parameter containing:\ntensor([1., 1.], requires_grad=True), Parameter containing:\ntensor([0., 0.], requires_grad=True)], 'weight_decay': 0.0, 'lr': 0.01}, {'params': [Parameter containing:\ntensor([[ 0.3643,  0.3385, -0.2561],\n        [-0.0208,  0.3693,  0.5740]], requires_grad=True)], 'weight_decay': 0.1, 'lr': 0.01}, {'params': [Paramete..."}
2026-07-15 04:14:11.806 /testbed/src/llamafactory/train/trainer_utils.py:363 src.llamafactory.train.trainer_utils._create_apollo_optimizer event=line locals={}
2026-07-15 04:14:11.808 /testbed/src/llamafactory/train/trainer_utils.py:363 src.llamafactory.train.trainer_utils._create_apollo_optimizer event=return retval=RecordingApolloOptimizer (
Parameter Group 0
    lr: 0.01
    weight_decay: 0.0

Parameter Group 1
    lr: 0.01
    weight_decay: 0.1

Parameter Group 2
    lr: 0.01
    proj: random
    proj_type: left
    rank: 4
    scale: 2.0
    scale_front: True
    scale_type: tensor
    update_proj_gap: 8
    weight_decay: 0.1
) locals={'apollo_kwargs': "{'rank': 4, 'proj': 'random', 'proj_type': 'left', 'update_proj_gap': 8, 'scale': 2.0, 'scale_type': 'tensor', 'scale_front': True}", 'apollo_params': '[Parameter containing:\ntensor([[ 0.4320, -0.3241, -0.2302, -0.3493],\n        [-0.4683, -0.2919,  0.4298,  0.2231],\n        [ 0.2423,  0.0263, -0.2563,  0.0846]], requires_grad=True)]', 'apollo_targets': "['proj']", 'decay_param_names': "['proj_a.weight', 'block.0.weight', 'proj_b.weight']", 'decay_params': '[Parameter containing:\ntensor([[ 0.3643,  0.3385, -0.2561],\n        [-0.0208,  0.3693,  0.5740]], requires_grad=True)]', 'finetuning_args': "namespace(apollo_target=['proj'], freeze_vision_tower=False, apollo_rank=4, apollo_proj='random', apollo_proj_type='left', apollo_update_interval=8, apollo_scale=2.0, apollo_scale_type='tensor', apollo_scale_front=True, apollo_layerwise=False)", 'id_apollo_params': '{140456358428592}', 'model': 'TinyModel(\n  (proj_a): Linear(in_features=4, out_features=3, bias=True)\n  (block): Sequential(\n    (0): Linear(in_features=3, out_features=2, bias=True)\n    (1): ReLU()\n  )\n  (proj_b): Linear(in_features=2, out_features=2, bias=False)\n  (norm): LayerNorm((2,), eps=1e-05, elementwise_affine=True)\n)', 'module': 'LayerNorm((2,), eps=1e-05, elementwise_affine=True)', 'name': "'norm.bias'", 'nodecay_params': '[Parameter containing:\ntensor([-0.4668, -0.3613, -0.2578], requires_grad=True), Parameter containing:\ntensor([0.2291, 0.0780], requires_grad=True), Parameter containing:\ntensor([1., 1.], requires_grad=True), Parameter containing:\ntensor([0., 0.], requires_grad=True)]', 'optim_class': "<class 'testcase.RecordingApolloOptimizer'>", 'optim_kwargs': "{'lr': 0.01}", 'optimizer': 'RecordingApolloOptimizer (\nParameter Group 0\n    lr: 0.01\n    weight_decay: 0.0\n\nParameter Group 1\n    lr: 0.01\n    weight_decay: 0.1\n\nParameter Group 2\n    lr: 0.01\n    proj: random\n    proj_type: left\n    rank: 4\n    scale: 2.0\n    scale_front: True\n    scale_type: tensor\n    update_proj_gap: 8\n    weight_decay: 0.1\n)', 'param': 'Parameter containing:\ntensor([0., 0.], requires_grad=True)', 'param_groups': "[{'params': [Parameter containing:\ntensor([-0.4668, -0.3613, -0.2578], requires_grad=True), Parameter containing:\ntensor([0.2291, 0.0780], requires_grad=True), Parameter containing:\ntensor([1., 1.], requires_grad=True), Parameter containing:\ntensor([0., 0.], requires_grad=True)], 'weight_decay': 0.0, 'lr': 0.01}, {'params': [Parameter containing:\ntensor([[ 0.3643,  0.3385, -0.2561],\n        [-0.0208,  0.3693,  0.5740]], requires_grad=True)], 'weight_decay': 0.1, 'lr': 0.01}, {'params': [Paramete...", 'trainable_params': '[Parameter containing:\ntensor([[ 0.4320, -0.3241, -0.2302, -0.3493],\n        [-0.4683, -0.2919,  0.4298,  0.2231],\n        [ 0.2423,  0.0263, -0.2563,  0.0846]], requires_grad=True), Parameter containing:\ntensor([-0.4668, -0.3613, -0.2578], requires_grad=True), Parameter containing:\ntensor([[ 0.3643,  0.3385, -0.2561],\n        [-0.0208,  0.3693,  0.5740]], requires_grad=True), Parameter containing:\ntensor([0.2291, 0.0780], requires_grad=True), Parameter containing:\ntensor([1., 1.], requires_grad...', 'training_args': "namespace(optim='adamw_torch', gradient_accumulation_steps=1, weight_decay=0.1, learning_rate=0.01)"}
