2026-08-23 03:38:45.668 [TRACE][START] pid=47 TRACE_OUT='/testbed/logs/llama_factory_qa/cal_mfu_compute_model_flops_s3_state__pert_llm_s0/trace.log' TRACE_FILE='scripts/stat_utils/cal_mfu.py' TRACE_FUNCS=['compute_model_flops'] TRACE_EVENTS=['call', 'exception', 'line', 'return']
2026-08-23 03:39:34.444 /testbed/scripts/stat_utils/cal_mfu.py:29 scripts.stat_utils.cal_mfu.compute_model_flops event=call locals={'include_backward': 'True', 'include_flashattn': 'False', 'include_recompute': 'False', 'model_name_or_path': "'generated/aaaaaaaaaaaaaaaaaaaaaaaaaaaaaaaaaaaaaaaa/853'", 'seq_length': '119', 'total_batch_size': '4'}
2026-08-23 03:39:34.444 /testbed/scripts/stat_utils/cal_mfu.py:38 scripts.stat_utils.cal_mfu.compute_model_flops event=line locals={}
2026-08-23 03:39:34.447 /testbed/scripts/stat_utils/cal_mfu.py:39 scripts.stat_utils.cal_mfu.compute_model_flops event=line locals={'config': 'namespace(hidden_size=152, vocab_size=1303, intermediate_size=416, num_attention_heads=17, num_key_value_heads=3, num_hidden_layers=16, tie_word_embeddings=True)'}
2026-08-23 03:39:34.447 /testbed/scripts/stat_utils/cal_mfu.py:40 scripts.stat_utils.cal_mfu.compute_model_flops event=line locals={'hidden_size': '152'}
2026-08-23 03:39:34.447 /testbed/scripts/stat_utils/cal_mfu.py:41 scripts.stat_utils.cal_mfu.compute_model_flops event=line locals={'vocab_size': '1303'}
2026-08-23 03:39:34.447 /testbed/scripts/stat_utils/cal_mfu.py:42 scripts.stat_utils.cal_mfu.compute_model_flops event=line locals={'intermediate_size': '416'}
2026-08-23 03:39:34.447 /testbed/scripts/stat_utils/cal_mfu.py:43 scripts.stat_utils.cal_mfu.compute_model_flops event=line locals={'num_attention_heads': '17'}
2026-08-23 03:39:34.447 /testbed/scripts/stat_utils/cal_mfu.py:44 scripts.stat_utils.cal_mfu.compute_model_flops event=line locals={'num_key_value_heads': '3'}
2026-08-23 03:39:34.447 /testbed/scripts/stat_utils/cal_mfu.py:45 scripts.stat_utils.cal_mfu.compute_model_flops event=line locals={'num_hidden_layers': '16'}
2026-08-23 03:39:34.447 /testbed/scripts/stat_utils/cal_mfu.py:48 scripts.stat_utils.cal_mfu.compute_model_flops event=line locals={'tie_word_embeddings': 'True'}
2026-08-23 03:39:34.447 /testbed/scripts/stat_utils/cal_mfu.py:49 scripts.stat_utils.cal_mfu.compute_model_flops event=line locals={'mlp_flops_per_token': '379392'}
2026-08-23 03:39:34.447 /testbed/scripts/stat_utils/cal_mfu.py:52 scripts.stat_utils.cal_mfu.compute_model_flops event=line locals={'mlp_flops': '2889449472'}
2026-08-23 03:39:34.447 /testbed/scripts/stat_utils/cal_mfu.py:53 scripts.stat_utils.cal_mfu.compute_model_flops event=line locals={'q_flops_per_token': '46208'}
2026-08-23 03:39:34.447 /testbed/scripts/stat_utils/cal_mfu.py:54 scripts.stat_utils.cal_mfu.compute_model_flops event=line locals={'o_flops_per_token': '46208'}
2026-08-23 03:39:34.447 /testbed/scripts/stat_utils/cal_mfu.py:55 scripts.stat_utils.cal_mfu.compute_model_flops event=line locals={'k_flops_per_token': '8154'}
2026-08-23 03:39:34.447 /testbed/scripts/stat_utils/cal_mfu.py:56 scripts.stat_utils.cal_mfu.compute_model_flops event=line locals={'v_flops_per_token': '8154'}
2026-08-23 03:39:34.447 /testbed/scripts/stat_utils/cal_mfu.py:57 scripts.stat_utils.cal_mfu.compute_model_flops event=line locals={'attn_proj_flops_per_token': '108724'}
2026-08-23 03:39:34.447 /testbed/scripts/stat_utils/cal_mfu.py:60 scripts.stat_utils.cal_mfu.compute_model_flops event=line locals={'attn_proj_flops': '828041984'}
2026-08-23 03:39:34.447 /testbed/scripts/stat_utils/cal_mfu.py:61 scripts.stat_utils.cal_mfu.compute_model_flops event=line locals={'sdpa_flops_per_layer': '8609888'}
2026-08-23 03:39:34.448 /testbed/scripts/stat_utils/cal_mfu.py:64 scripts.stat_utils.cal_mfu.compute_model_flops event=line locals={'sdpa_flops': '551032832'}
2026-08-23 03:39:34.448 /testbed/scripts/stat_utils/cal_mfu.py:65 scripts.stat_utils.cal_mfu.compute_model_flops event=line locals={'embedding_flops_per_token': '198056'}
2026-08-23 03:39:34.448 /testbed/scripts/stat_utils/cal_mfu.py:66 scripts.stat_utils.cal_mfu.compute_model_flops event=line locals={'embedding_flops': '94274656'}
2026-08-23 03:39:34.448 /testbed/scripts/stat_utils/cal_mfu.py:69 scripts.stat_utils.cal_mfu.compute_model_flops event=line locals={}
2026-08-23 03:39:34.448 /testbed/scripts/stat_utils/cal_mfu.py:70 scripts.stat_utils.cal_mfu.compute_model_flops event=line locals={'non_embedding_flops': '4268524288'}
2026-08-23 03:39:34.448 /testbed/scripts/stat_utils/cal_mfu.py:71 scripts.stat_utils.cal_mfu.compute_model_flops event=line locals={'embedding_coeff': '1', 'non_embedding_coeff': '1'}
2026-08-23 03:39:34.448 /testbed/scripts/stat_utils/cal_mfu.py:72 scripts.stat_utils.cal_mfu.compute_model_flops event=line locals={}
2026-08-23 03:39:34.448 /testbed/scripts/stat_utils/cal_mfu.py:73 scripts.stat_utils.cal_mfu.compute_model_flops event=line locals={'non_embedding_coeff': '3'}
2026-08-23 03:39:34.448 /testbed/scripts/stat_utils/cal_mfu.py:75 scripts.stat_utils.cal_mfu.compute_model_flops event=line locals={'embedding_coeff': '3'}
2026-08-23 03:39:34.448 /testbed/scripts/stat_utils/cal_mfu.py:78 scripts.stat_utils.cal_mfu.compute_model_flops event=line locals={}
2026-08-23 03:39:34.448 /testbed/scripts/stat_utils/cal_mfu.py:80 scripts.stat_utils.cal_mfu.compute_model_flops event=line locals={'total_flops': '13088396832'}
2026-08-23 03:39:34.448 /testbed/scripts/stat_utils/cal_mfu.py:83 scripts.stat_utils.cal_mfu.compute_model_flops event=line locals={}
2026-08-23 03:39:34.448 /testbed/scripts/stat_utils/cal_mfu.py:83 scripts.stat_utils.cal_mfu.compute_model_flops event=return retval=13088396832 locals={'attn_proj_flops': '828041984', 'attn_proj_flops_per_token': '108724', 'config': 'namespace(hidden_size=152, vocab_size=1303, intermediate_size=416, num_attention_heads=17, num_key_value_heads=3, num_hidden_layers=16, tie_word_embeddings=True)', 'embedding_coeff': '3', 'embedding_flops': '94274656', 'embedding_flops_per_token': '198056', 'hidden_size': '152', 'include_backward': 'True', 'include_flashattn': 'False', 'include_recompute': 'False', 'intermediate_size': '416', 'k_flops_per_token': '8154', 'mlp_flops': '2889449472', 'mlp_flops_per_token': '379392', 'model_name_or_path': "'generated/aaaaaaaaaaaaaaaaaaaaaaaaaaaaaaaaaaaaaaaa/853'", 'non_embedding_coeff': '3', 'non_embedding_flops': '4268524288', 'num_attention_heads': '17', 'num_hidden_layers': '16', 'num_key_value_heads': '3', 'o_flops_per_token': '46208', 'q_flops_per_token': '46208', 'sdpa_flops': '551032832', 'sdpa_flops_per_layer': '8609888', 'seq_length': '119', 'tie_word_embeddings': 'True', 'total_batch_size': '4', 'total_flops': '13088396832', 'v_flops_per_token': '8154', 'vocab_size': '1303'}
2026-08-23 03:39:34.450 /testbed/scripts/stat_utils/cal_mfu.py:29 scripts.stat_utils.cal_mfu.compute_model_flops event=call locals={'include_backward': 'True', 'include_flashattn': 'False', 'include_recompute': 'False', 'model_name_or_path': "'generated/hijklmnopqrstuvwxyzabcdefghijklmnopqrstu/358'", 'seq_length': '117', 'total_batch_size': '4'}
2026-08-23 03:39:34.450 /testbed/scripts/stat_utils/cal_mfu.py:38 scripts.stat_utils.cal_mfu.compute_model_flops event=line locals={}
2026-08-23 03:39:34.453 /testbed/scripts/stat_utils/cal_mfu.py:39 scripts.stat_utils.cal_mfu.compute_model_flops event=line locals={'config': 'namespace(hidden_size=224, vocab_size=1297, intermediate_size=496, num_attention_heads=10, num_key_value_heads=1, num_hidden_layers=20, tie_word_embeddings=False)'}
2026-08-23 03:39:34.453 /testbed/scripts/stat_utils/cal_mfu.py:40 scripts.stat_utils.cal_mfu.compute_model_flops event=line locals={'hidden_size': '224'}
2026-08-23 03:39:34.453 /testbed/scripts/stat_utils/cal_mfu.py:41 scripts.stat_utils.cal_mfu.compute_model_flops event=line locals={'vocab_size': '1297'}
2026-08-23 03:39:34.453 /testbed/scripts/stat_utils/cal_mfu.py:42 scripts.stat_utils.cal_mfu.compute_model_flops event=line locals={'intermediate_size': '496'}
2026-08-23 03:39:34.453 /testbed/scripts/stat_utils/cal_mfu.py:43 scripts.stat_utils.cal_mfu.compute_model_flops event=line locals={'num_attention_heads': '10'}
2026-08-23 03:39:34.453 /testbed/scripts/stat_utils/cal_mfu.py:44 scripts.stat_utils.cal_mfu.compute_model_flops event=line locals={'num_key_value_heads': '1'}
2026-08-23 03:39:34.453 /testbed/scripts/stat_utils/cal_mfu.py:45 scripts.stat_utils.cal_mfu.compute_model_flops event=line locals={'num_hidden_layers': '20'}
2026-08-23 03:39:34.454 /testbed/scripts/stat_utils/cal_mfu.py:48 scripts.stat_utils.cal_mfu.compute_model_flops event=line locals={'tie_word_embeddings': 'False'}
2026-08-23 03:39:34.454 /testbed/scripts/stat_utils/cal_mfu.py:49 scripts.stat_utils.cal_mfu.compute_model_flops event=line locals={'mlp_flops_per_token': '666624'}
2026-08-23 03:39:34.454 /testbed/scripts/stat_utils/cal_mfu.py:52 scripts.stat_utils.cal_mfu.compute_model_flops event=line locals={'mlp_flops': '6239600640'}
2026-08-23 03:39:34.454 /testbed/scripts/stat_utils/cal_mfu.py:53 scripts.stat_utils.cal_mfu.compute_model_flops event=line locals={'q_flops_per_token': '100352'}
2026-08-23 03:39:34.454 /testbed/scripts/stat_utils/cal_mfu.py:54 scripts.stat_utils.cal_mfu.compute_model_flops event=line locals={'o_flops_per_token': '100352'}
2026-08-23 03:39:34.454 /testbed/scripts/stat_utils/cal_mfu.py:55 scripts.stat_utils.cal_mfu.compute_model_flops event=line locals={'k_flops_per_token': '10035'}
2026-08-23 03:39:34.454 /testbed/scripts/stat_utils/cal_mfu.py:56 scripts.stat_utils.cal_mfu.compute_model_flops event=line locals={'v_flops_per_token': '10035'}
2026-08-23 03:39:34.454 /testbed/scripts/stat_utils/cal_mfu.py:57 scripts.stat_utils.cal_mfu.compute_model_flops event=line locals={'attn_proj_flops_per_token': '220774'}
2026-08-23 03:39:34.454 /testbed/scripts/stat_utils/cal_mfu.py:60 scripts.stat_utils.cal_mfu.compute_model_flops event=line locals={'attn_proj_flops': '2066444640'}
2026-08-23 03:39:34.454 /testbed/scripts/stat_utils/cal_mfu.py:61 scripts.stat_utils.cal_mfu.compute_model_flops event=line locals={'sdpa_flops_per_layer': '12265344'}
2026-08-23 03:39:34.454 /testbed/scripts/stat_utils/cal_mfu.py:64 scripts.stat_utils.cal_mfu.compute_model_flops event=line locals={'sdpa_flops': '981227520'}
2026-08-23 03:39:34.454 /testbed/scripts/stat_utils/cal_mfu.py:65 scripts.stat_utils.cal_mfu.compute_model_flops event=line locals={'embedding_flops_per_token': '290528'}
2026-08-23 03:39:34.454 /testbed/scripts/stat_utils/cal_mfu.py:66 scripts.stat_utils.cal_mfu.compute_model_flops event=line locals={'embedding_flops': '135967104'}
2026-08-23 03:39:34.454 /testbed/scripts/stat_utils/cal_mfu.py:67 scripts.stat_utils.cal_mfu.compute_model_flops event=line locals={}
2026-08-23 03:39:34.454 /testbed/scripts/stat_utils/cal_mfu.py:69 scripts.stat_utils.cal_mfu.compute_model_flops event=line locals={'embedding_flops': '271934208'}
2026-08-23 03:39:34.454 /testbed/scripts/stat_utils/cal_mfu.py:70 scripts.stat_utils.cal_mfu.compute_model_flops event=line locals={'non_embedding_flops': '9287272800'}
2026-08-23 03:39:34.454 /testbed/scripts/stat_utils/cal_mfu.py:71 scripts.stat_utils.cal_mfu.compute_model_flops event=line locals={'embedding_coeff': '1', 'non_embedding_coeff': '1'}
2026-08-23 03:39:34.454 /testbed/scripts/stat_utils/cal_mfu.py:72 scripts.stat_utils.cal_mfu.compute_model_flops event=line locals={}
2026-08-23 03:39:34.454 /testbed/scripts/stat_utils/cal_mfu.py:73 scripts.stat_utils.cal_mfu.compute_model_flops event=line locals={'non_embedding_coeff': '3'}
2026-08-23 03:39:34.454 /testbed/scripts/stat_utils/cal_mfu.py:75 scripts.stat_utils.cal_mfu.compute_model_flops event=line locals={'embedding_coeff': '3'}
2026-08-23 03:39:34.454 /testbed/scripts/stat_utils/cal_mfu.py:78 scripts.stat_utils.cal_mfu.compute_model_flops event=line locals={}
2026-08-23 03:39:34.454 /testbed/scripts/stat_utils/cal_mfu.py:80 scripts.stat_utils.cal_mfu.compute_model_flops event=line locals={'total_flops': '28677621024'}
2026-08-23 03:39:34.454 /testbed/scripts/stat_utils/cal_mfu.py:83 scripts.stat_utils.cal_mfu.compute_model_flops event=line locals={}
2026-08-23 03:39:34.454 /testbed/scripts/stat_utils/cal_mfu.py:83 scripts.stat_utils.cal_mfu.compute_model_flops event=return retval=28677621024 locals={'attn_proj_flops': '2066444640', 'attn_proj_flops_per_token': '220774', 'config': 'namespace(hidden_size=224, vocab_size=1297, intermediate_size=496, num_attention_heads=10, num_key_value_heads=1, num_hidden_layers=20, tie_word_embeddings=False)', 'embedding_coeff': '3', 'embedding_flops': '271934208', 'embedding_flops_per_token': '290528', 'hidden_size': '224', 'include_backward': 'True', 'include_flashattn': 'False', 'include_recompute': 'False', 'intermediate_size': '496', 'k_flops_per_token': '10035', 'mlp_flops': '6239600640', 'mlp_flops_per_token': '666624', 'model_name_or_path': "'generated/hijklmnopqrstuvwxyzabcdefghijklmnopqrstu/358'", 'non_embedding_coeff': '3', 'non_embedding_flops': '9287272800', 'num_attention_heads': '10', 'num_hidden_layers': '20', 'num_key_value_heads': '1', 'o_flops_per_token': '100352', 'q_flops_per_token': '100352', 'sdpa_flops': '981227520', 'sdpa_flops_per_layer': '12265344', 'seq_length': '117', 'tie_word_embeddings': 'False', 'total_batch_size': '4', 'total_flops': '28677621024', 'v_flops_per_token': '10035', 'vocab_size': '1297'}
2026-08-23 03:39:34.456 /testbed/scripts/stat_utils/cal_mfu.py:29 scripts.stat_utils.cal_mfu.compute_model_flops event=call locals={'include_backward': 'True', 'include_flashattn': 'False', 'include_recompute': 'False', 'model_name_or_path': "'generated/oqsuwyacegikmoqsuwyacegikmoqsuwyacegikmo/326'", 'seq_length': '132', 'total_batch_size': '5'}
2026-08-23 03:39:34.456 /testbed/scripts/stat_utils/cal_mfu.py:38 scripts.stat_utils.cal_mfu.compute_model_flops event=line locals={}
2026-08-23 03:39:34.459 /testbed/scripts/stat_utils/cal_mfu.py:39 scripts.stat_utils.cal_mfu.compute_model_flops event=line locals={'config': 'namespace(hidden_size=208, vocab_size=1143, intermediate_size=1264, num_attention_heads=20, num_key_value_heads=11, num_hidden_layers=17, tie_word_embeddings=False)'}
2026-08-23 03:39:34.459 /testbed/scripts/stat_utils/cal_mfu.py:40 scripts.stat_utils.cal_mfu.compute_model_flops event=line locals={'hidden_size': '208'}
2026-08-23 03:39:34.459 /testbed/scripts/stat_utils/cal_mfu.py:41 scripts.stat_utils.cal_mfu.compute_model_flops event=line locals={'vocab_size': '1143'}
2026-08-23 03:39:34.459 /testbed/scripts/stat_utils/cal_mfu.py:42 scripts.stat_utils.cal_mfu.compute_model_flops event=line locals={'intermediate_size': '1264'}
2026-08-23 03:39:34.460 /testbed/scripts/stat_utils/cal_mfu.py:43 scripts.stat_utils.cal_mfu.compute_model_flops event=line locals={'num_attention_heads': '20'}
2026-08-23 03:39:34.460 /testbed/scripts/stat_utils/cal_mfu.py:44 scripts.stat_utils.cal_mfu.compute_model_flops event=line locals={'num_key_value_heads': '11'}
2026-08-23 03:39:34.460 /testbed/scripts/stat_utils/cal_mfu.py:45 scripts.stat_utils.cal_mfu.compute_model_flops event=line locals={'num_hidden_layers': '17'}
2026-08-23 03:39:34.460 /testbed/scripts/stat_utils/cal_mfu.py:48 scripts.stat_utils.cal_mfu.compute_model_flops event=line locals={'tie_word_embeddings': 'False'}
2026-08-23 03:39:34.460 /testbed/scripts/stat_utils/cal_mfu.py:49 scripts.stat_utils.cal_mfu.compute_model_flops event=line locals={'mlp_flops_per_token': '1577472'}
2026-08-23 03:39:34.460 /testbed/scripts/stat_utils/cal_mfu.py:52 scripts.stat_utils.cal_mfu.compute_model_flops event=line locals={'mlp_flops': '17699235840'}
2026-08-23 03:39:34.460 /testbed/scripts/stat_utils/cal_mfu.py:53 scripts.stat_utils.cal_mfu.compute_model_flops event=line locals={'q_flops_per_token': '86528'}
2026-08-23 03:39:34.460 /testbed/scripts/stat_utils/cal_mfu.py:54 scripts.stat_utils.cal_mfu.compute_model_flops event=line locals={'o_flops_per_token': '86528'}
2026-08-23 03:39:34.460 /testbed/scripts/stat_utils/cal_mfu.py:55 scripts.stat_utils.cal_mfu.compute_model_flops event=line locals={'k_flops_per_token': '47590'}
2026-08-23 03:39:34.460 /testbed/scripts/stat_utils/cal_mfu.py:56 scripts.stat_utils.cal_mfu.compute_model_flops event=line locals={'v_flops_per_token': '47590'}
2026-08-23 03:39:34.460 /testbed/scripts/stat_utils/cal_mfu.py:57 scripts.stat_utils.cal_mfu.compute_model_flops event=line locals={'attn_proj_flops_per_token': '268236'}
2026-08-23 03:39:34.460 /testbed/scripts/stat_utils/cal_mfu.py:60 scripts.stat_utils.cal_mfu.compute_model_flops event=line locals={'attn_proj_flops': '3009607920'}
2026-08-23 03:39:34.460 /testbed/scripts/stat_utils/cal_mfu.py:61 scripts.stat_utils.cal_mfu.compute_model_flops event=line locals={'sdpa_flops_per_layer': '14496768'}
2026-08-23 03:39:34.460 /testbed/scripts/stat_utils/cal_mfu.py:64 scripts.stat_utils.cal_mfu.compute_model_flops event=line locals={'sdpa_flops': '1232225280'}
2026-08-23 03:39:34.460 /testbed/scripts/stat_utils/cal_mfu.py:65 scripts.stat_utils.cal_mfu.compute_model_flops event=line locals={'embedding_flops_per_token': '237744'}
2026-08-23 03:39:34.460 /testbed/scripts/stat_utils/cal_mfu.py:66 scripts.stat_utils.cal_mfu.compute_model_flops event=line locals={'embedding_flops': '156911040'}
2026-08-23 03:39:34.460 /testbed/scripts/stat_utils/cal_mfu.py:67 scripts.stat_utils.cal_mfu.compute_model_flops event=line locals={}
2026-08-23 03:39:34.460 /testbed/scripts/stat_utils/cal_mfu.py:69 scripts.stat_utils.cal_mfu.compute_model_flops event=line locals={'embedding_flops': '313822080'}
2026-08-23 03:39:34.460 /testbed/scripts/stat_utils/cal_mfu.py:70 scripts.stat_utils.cal_mfu.compute_model_flops event=line locals={'non_embedding_flops': '21941069040'}
2026-08-23 03:39:34.460 /testbed/scripts/stat_utils/cal_mfu.py:71 scripts.stat_utils.cal_mfu.compute_model_flops event=line locals={'embedding_coeff': '1', 'non_embedding_coeff': '1'}
2026-08-23 03:39:34.460 /testbed/scripts/stat_utils/cal_mfu.py:72 scripts.stat_utils.cal_mfu.compute_model_flops event=line locals={}
2026-08-23 03:39:34.460 /testbed/scripts/stat_utils/cal_mfu.py:73 scripts.stat_utils.cal_mfu.compute_model_flops event=line locals={'non_embedding_coeff': '3'}
2026-08-23 03:39:34.460 /testbed/scripts/stat_utils/cal_mfu.py:75 scripts.stat_utils.cal_mfu.compute_model_flops event=line locals={'embedding_coeff': '3'}
2026-08-23 03:39:34.460 /testbed/scripts/stat_utils/cal_mfu.py:78 scripts.stat_utils.cal_mfu.compute_model_flops event=line locals={}
2026-08-23 03:39:34.460 /testbed/scripts/stat_utils/cal_mfu.py:80 scripts.stat_utils.cal_mfu.compute_model_flops event=line locals={'total_flops': '66764673360'}
2026-08-23 03:39:34.460 /testbed/scripts/stat_utils/cal_mfu.py:83 scripts.stat_utils.cal_mfu.compute_model_flops event=line locals={}
2026-08-23 03:39:34.460 /testbed/scripts/stat_utils/cal_mfu.py:83 scripts.stat_utils.cal_mfu.compute_model_flops event=return retval=66764673360 locals={'attn_proj_flops': '3009607920', 'attn_proj_flops_per_token': '268236', 'config': 'namespace(hidden_size=208, vocab_size=1143, intermediate_size=1264, num_attention_heads=20, num_key_value_heads=11, num_hidden_layers=17, tie_word_embeddings=False)', 'embedding_coeff': '3', 'embedding_flops': '313822080', 'embedding_flops_per_token': '237744', 'hidden_size': '208', 'include_backward': 'True', 'include_flashattn': 'False', 'include_recompute': 'False', 'intermediate_size': '1264', 'k_flops_per_token': '47590', 'mlp_flops': '17699235840', 'mlp_flops_per_token': '1577472', 'model_name_or_path': "'generated/oqsuwyacegikmoqsuwyacegikmoqsuwyacegikmo/326'", 'non_embedding_coeff': '3', 'non_embedding_flops': '21941069040', 'num_attention_heads': '20', 'num_hidden_layers': '17', 'num_key_value_heads': '11', 'o_flops_per_token': '86528', 'q_flops_per_token': '86528', 'sdpa_flops': '1232225280', 'sdpa_flops_per_layer': '14496768', 'seq_length': '132', 'tie_word_embeddings': 'False', 'total_batch_size': '5', 'total_flops': '66764673360', 'v_flops_per_token': '47590', 'vocab_size': '1143'}
2026-08-23 03:39:34.462 /testbed/scripts/stat_utils/cal_mfu.py:29 scripts.stat_utils.cal_mfu.compute_model_flops event=call locals={'include_backward': 'True', 'include_flashattn': 'False', 'include_recompute': 'False', 'model_name_or_path': "'generated/vvvvvvvvvvvvvvvvvvvvvvvvvvvvvvvvvvvvvvvv/684'", 'seq_length': '167', 'total_batch_size': '6'}
2026-08-23 03:39:34.462 /testbed/scripts/stat_utils/cal_mfu.py:38 scripts.stat_utils.cal_mfu.compute_model_flops event=line locals={}
2026-08-23 03:39:34.465 /testbed/scripts/stat_utils/cal_mfu.py:39 scripts.stat_utils.cal_mfu.compute_model_flops event=line locals={'config': 'namespace(hidden_size=256, vocab_size=1335, intermediate_size=960, num_attention_heads=9, num_key_value_heads=11, num_hidden_layers=8, tie_word_embeddings=True)'}
2026-08-23 03:39:34.465 /testbed/scripts/stat_utils/cal_mfu.py:40 scripts.stat_utils.cal_mfu.compute_model_flops event=line locals={'hidden_size': '256'}
2026-08-23 03:39:34.465 /testbed/scripts/stat_utils/cal_mfu.py:41 scripts.stat_utils.cal_mfu.compute_model_flops event=line locals={'vocab_size': '1335'}
2026-08-23 03:39:34.465 /testbed/scripts/stat_utils/cal_mfu.py:42 scripts.stat_utils.cal_mfu.compute_model_flops event=line locals={'intermediate_size': '960'}
2026-08-23 03:39:34.466 /testbed/scripts/stat_utils/cal_mfu.py:43 scripts.stat_utils.cal_mfu.compute_model_flops event=line locals={'num_attention_heads': '9'}
2026-08-23 03:39:34.466 /testbed/scripts/stat_utils/cal_mfu.py:44 scripts.stat_utils.cal_mfu.compute_model_flops event=line locals={'num_key_value_heads': '11'}
2026-08-23 03:39:34.466 /testbed/scripts/stat_utils/cal_mfu.py:45 scripts.stat_utils.cal_mfu.compute_model_flops event=line locals={'num_hidden_layers': '8'}
2026-08-23 03:39:34.466 /testbed/scripts/stat_utils/cal_mfu.py:48 scripts.stat_utils.cal_mfu.compute_model_flops event=line locals={'tie_word_embeddings': 'True'}
2026-08-23 03:39:34.466 /testbed/scripts/stat_utils/cal_mfu.py:49 scripts.stat_utils.cal_mfu.compute_model_flops event=line locals={'mlp_flops_per_token': '1474560'}
2026-08-23 03:39:34.466 /testbed/scripts/stat_utils/cal_mfu.py:52 scripts.stat_utils.cal_mfu.compute_model_flops event=line locals={'mlp_flops': '11820072960'}
2026-08-23 03:39:34.466 /testbed/scripts/stat_utils/cal_mfu.py:53 scripts.stat_utils.cal_mfu.compute_model_flops event=line locals={'q_flops_per_token': '131072'}
2026-08-23 03:39:34.466 /testbed/scripts/stat_utils/cal_mfu.py:54 scripts.stat_utils.cal_mfu.compute_model_flops event=line locals={'o_flops_per_token': '131072'}
2026-08-23 03:39:34.466 /testbed/scripts/stat_utils/cal_mfu.py:55 scripts.stat_utils.cal_mfu.compute_model_flops event=line locals={'k_flops_per_token': '160199'}
2026-08-23 03:39:34.466 /testbed/scripts/stat_utils/cal_mfu.py:56 scripts.stat_utils.cal_mfu.compute_model_flops event=line locals={'v_flops_per_token': '160199'}
2026-08-23 03:39:34.466 /testbed/scripts/stat_utils/cal_mfu.py:57 scripts.stat_utils.cal_mfu.compute_model_flops event=line locals={'attn_proj_flops_per_token': '582542'}
2026-08-23 03:39:34.466 /testbed/scripts/stat_utils/cal_mfu.py:60 scripts.stat_utils.cal_mfu.compute_model_flops event=line locals={'attn_proj_flops': '4669656672'}
2026-08-23 03:39:34.466 /testbed/scripts/stat_utils/cal_mfu.py:61 scripts.stat_utils.cal_mfu.compute_model_flops event=line locals={'sdpa_flops_per_layer': '28558336'}
2026-08-23 03:39:34.466 /testbed/scripts/stat_utils/cal_mfu.py:64 scripts.stat_utils.cal_mfu.compute_model_flops event=line locals={'sdpa_flops': '1370800128'}
2026-08-23 03:39:34.466 /testbed/scripts/stat_utils/cal_mfu.py:65 scripts.stat_utils.cal_mfu.compute_model_flops event=line locals={'embedding_flops_per_token': '341760'}
2026-08-23 03:39:34.466 /testbed/scripts/stat_utils/cal_mfu.py:66 scripts.stat_utils.cal_mfu.compute_model_flops event=line locals={'embedding_flops': '342443520'}
2026-08-23 03:39:34.466 /testbed/scripts/stat_utils/cal_mfu.py:69 scripts.stat_utils.cal_mfu.compute_model_flops event=line locals={}
2026-08-23 03:39:34.466 /testbed/scripts/stat_utils/cal_mfu.py:70 scripts.stat_utils.cal_mfu.compute_model_flops event=line locals={'non_embedding_flops': '17860529760'}
2026-08-23 03:39:34.466 /testbed/scripts/stat_utils/cal_mfu.py:71 scripts.stat_utils.cal_mfu.compute_model_flops event=line locals={'embedding_coeff': '1', 'non_embedding_coeff': '1'}
2026-08-23 03:39:34.466 /testbed/scripts/stat_utils/cal_mfu.py:72 scripts.stat_utils.cal_mfu.compute_model_flops event=line locals={}
2026-08-23 03:39:34.466 /testbed/scripts/stat_utils/cal_mfu.py:73 scripts.stat_utils.cal_mfu.compute_model_flops event=line locals={'non_embedding_coeff': '3'}
2026-08-23 03:39:34.466 /testbed/scripts/stat_utils/cal_mfu.py:75 scripts.stat_utils.cal_mfu.compute_model_flops event=line locals={'embedding_coeff': '3'}
2026-08-23 03:39:34.466 /testbed/scripts/stat_utils/cal_mfu.py:78 scripts.stat_utils.cal_mfu.compute_model_flops event=line locals={}
2026-08-23 03:39:34.466 /testbed/scripts/stat_utils/cal_mfu.py:80 scripts.stat_utils.cal_mfu.compute_model_flops event=line locals={'total_flops': '54608919840'}
2026-08-23 03:39:34.466 /testbed/scripts/stat_utils/cal_mfu.py:83 scripts.stat_utils.cal_mfu.compute_model_flops event=line locals={}
2026-08-23 03:39:34.466 /testbed/scripts/stat_utils/cal_mfu.py:83 scripts.stat_utils.cal_mfu.compute_model_flops event=return retval=54608919840 locals={'attn_proj_flops': '4669656672', 'attn_proj_flops_per_token': '582542', 'config': 'namespace(hidden_size=256, vocab_size=1335, intermediate_size=960, num_attention_heads=9, num_key_value_heads=11, num_hidden_layers=8, tie_word_embeddings=True)', 'embedding_coeff': '3', 'embedding_flops': '342443520', 'embedding_flops_per_token': '341760', 'hidden_size': '256', 'include_backward': 'True', 'include_flashattn': 'False', 'include_recompute': 'False', 'intermediate_size': '960', 'k_flops_per_token': '160199', 'mlp_flops': '11820072960', 'mlp_flops_per_token': '1474560', 'model_name_or_path': "'generated/vvvvvvvvvvvvvvvvvvvvvvvvvvvvvvvvvvvvvvvv/684'", 'non_embedding_coeff': '3', 'non_embedding_flops': '17860529760', 'num_attention_heads': '9', 'num_hidden_layers': '8', 'num_key_value_heads': '11', 'o_flops_per_token': '131072', 'q_flops_per_token': '131072', 'sdpa_flops': '1370800128', 'sdpa_flops_per_layer': '28558336', 'seq_length': '167', 'tie_word_embeddings': 'True', 'total_batch_size': '6', 'total_flops': '54608919840', 'v_flops_per_token': '160199', 'vocab_size': '1335'}
2026-08-23 03:39:34.468 /testbed/scripts/stat_utils/cal_mfu.py:29 scripts.stat_utils.cal_mfu.compute_model_flops event=call locals={'include_backward': 'True', 'include_flashattn': 'False', 'include_recompute': 'False', 'model_name_or_path': "'generated/cdefghijklmnopqrstuvwxyzabcdefghijklmnop/288'", 'seq_length': '62', 'total_batch_size': '2'}
2026-08-23 03:39:34.468 /testbed/scripts/stat_utils/cal_mfu.py:38 scripts.stat_utils.cal_mfu.compute_model_flops event=line locals={}
2026-08-23 03:39:34.471 /testbed/scripts/stat_utils/cal_mfu.py:39 scripts.stat_utils.cal_mfu.compute_model_flops event=line locals={'config': 'namespace(hidden_size=152, vocab_size=1018, intermediate_size=672, num_attention_heads=9, num_key_value_heads=3, num_hidden_layers=17, tie_word_embeddings=False)'}
2026-08-23 03:39:34.471 /testbed/scripts/stat_utils/cal_mfu.py:40 scripts.stat_utils.cal_mfu.compute_model_flops event=line locals={'hidden_size': '152'}
2026-08-23 03:39:34.471 /testbed/scripts/stat_utils/cal_mfu.py:41 scripts.stat_utils.cal_mfu.compute_model_flops event=line locals={'vocab_size': '1018'}
2026-08-23 03:39:34.472 /testbed/scripts/stat_utils/cal_mfu.py:42 scripts.stat_utils.cal_mfu.compute_model_flops event=line locals={'intermediate_size': '672'}
2026-08-23 03:39:34.472 /testbed/scripts/stat_utils/cal_mfu.py:43 scripts.stat_utils.cal_mfu.compute_model_flops event=line locals={'num_attention_heads': '9'}
2026-08-23 03:39:34.472 /testbed/scripts/stat_utils/cal_mfu.py:44 scripts.stat_utils.cal_mfu.compute_model_flops event=line locals={'num_key_value_heads': '3'}
2026-08-23 03:39:34.472 /testbed/scripts/stat_utils/cal_mfu.py:45 scripts.stat_utils.cal_mfu.compute_model_flops event=line locals={'num_hidden_layers': '17'}
2026-08-23 03:39:34.472 /testbed/scripts/stat_utils/cal_mfu.py:48 scripts.stat_utils.cal_mfu.compute_model_flops event=line locals={'tie_word_embeddings': 'False'}
2026-08-23 03:39:34.472 /testbed/scripts/stat_utils/cal_mfu.py:49 scripts.stat_utils.cal_mfu.compute_model_flops event=line locals={'mlp_flops_per_token': '612864'}
2026-08-23 03:39:34.472 /testbed/scripts/stat_utils/cal_mfu.py:52 scripts.stat_utils.cal_mfu.compute_model_flops event=line locals={'mlp_flops': '1291917312'}
2026-08-23 03:39:34.472 /testbed/scripts/stat_utils/cal_mfu.py:53 scripts.stat_utils.cal_mfu.compute_model_flops event=line locals={'q_flops_per_token': '46208'}
2026-08-23 03:39:34.472 /testbed/scripts/stat_utils/cal_mfu.py:54 scripts.stat_utils.cal_mfu.compute_model_flops event=line locals={'o_flops_per_token': '46208'}
2026-08-23 03:39:34.472 /testbed/scripts/stat_utils/cal_mfu.py:55 scripts.stat_utils.cal_mfu.compute_model_flops event=line locals={'k_flops_per_token': '15402'}
2026-08-23 03:39:34.472 /testbed/scripts/stat_utils/cal_mfu.py:56 scripts.stat_utils.cal_mfu.compute_model_flops event=line locals={'v_flops_per_token': '15402'}
2026-08-23 03:39:34.472 /testbed/scripts/stat_utils/cal_mfu.py:57 scripts.stat_utils.cal_mfu.compute_model_flops event=line locals={'attn_proj_flops_per_token': '123220'}
2026-08-23 03:39:34.472 /testbed/scripts/stat_utils/cal_mfu.py:60 scripts.stat_utils.cal_mfu.compute_model_flops event=line locals={'attn_proj_flops': '259747760'}
2026-08-23 03:39:34.472 /testbed/scripts/stat_utils/cal_mfu.py:61 scripts.stat_utils.cal_mfu.compute_model_flops event=line locals={'sdpa_flops_per_layer': '2337152'}
2026-08-23 03:39:34.472 /testbed/scripts/stat_utils/cal_mfu.py:64 scripts.stat_utils.cal_mfu.compute_model_flops event=line locals={'sdpa_flops': '79463168'}
2026-08-23 03:39:34.472 /testbed/scripts/stat_utils/cal_mfu.py:65 scripts.stat_utils.cal_mfu.compute_model_flops event=line locals={'embedding_flops_per_token': '154736'}
2026-08-23 03:39:34.472 /testbed/scripts/stat_utils/cal_mfu.py:66 scripts.stat_utils.cal_mfu.compute_model_flops event=line locals={'embedding_flops': '19187264'}
2026-08-23 03:39:34.472 /testbed/scripts/stat_utils/cal_mfu.py:67 scripts.stat_utils.cal_mfu.compute_model_flops event=line locals={}
2026-08-23 03:39:34.472 /testbed/scripts/stat_utils/cal_mfu.py:69 scripts.stat_utils.cal_mfu.compute_model_flops event=line locals={'embedding_flops': '38374528'}
2026-08-23 03:39:34.472 /testbed/scripts/stat_utils/cal_mfu.py:70 scripts.stat_utils.cal_mfu.compute_model_flops event=line locals={'non_embedding_flops': '1631128240'}
2026-08-23 03:39:34.472 /testbed/scripts/stat_utils/cal_mfu.py:71 scripts.stat_utils.cal_mfu.compute_model_flops event=line locals={'embedding_coeff': '1', 'non_embedding_coeff': '1'}
2026-08-23 03:39:34.472 /testbed/scripts/stat_utils/cal_mfu.py:72 scripts.stat_utils.cal_mfu.compute_model_flops event=line locals={}
2026-08-23 03:39:34.472 /testbed/scripts/stat_utils/cal_mfu.py:73 scripts.stat_utils.cal_mfu.compute_model_flops event=line locals={'non_embedding_coeff': '3'}
2026-08-23 03:39:34.472 /testbed/scripts/stat_utils/cal_mfu.py:75 scripts.stat_utils.cal_mfu.compute_model_flops event=line locals={'embedding_coeff': '3'}
2026-08-23 03:39:34.472 /testbed/scripts/stat_utils/cal_mfu.py:78 scripts.stat_utils.cal_mfu.compute_model_flops event=line locals={}
2026-08-23 03:39:34.472 /testbed/scripts/stat_utils/cal_mfu.py:80 scripts.stat_utils.cal_mfu.compute_model_flops event=line locals={'total_flops': '5008508304'}
2026-08-23 03:39:34.472 /testbed/scripts/stat_utils/cal_mfu.py:83 scripts.stat_utils.cal_mfu.compute_model_flops event=line locals={}
2026-08-23 03:39:34.472 /testbed/scripts/stat_utils/cal_mfu.py:83 scripts.stat_utils.cal_mfu.compute_model_flops event=return retval=5008508304 locals={'attn_proj_flops': '259747760', 'attn_proj_flops_per_token': '123220', 'config': 'namespace(hidden_size=152, vocab_size=1018, intermediate_size=672, num_attention_heads=9, num_key_value_heads=3, num_hidden_layers=17, tie_word_embeddings=False)', 'embedding_coeff': '3', 'embedding_flops': '38374528', 'embedding_flops_per_token': '154736', 'hidden_size': '152', 'include_backward': 'True', 'include_flashattn': 'False', 'include_recompute': 'False', 'intermediate_size': '672', 'k_flops_per_token': '15402', 'mlp_flops': '1291917312', 'mlp_flops_per_token': '612864', 'model_name_or_path': "'generated/cdefghijklmnopqrstuvwxyzabcdefghijklmnop/288'", 'non_embedding_coeff': '3', 'non_embedding_flops': '1631128240', 'num_attention_heads': '9', 'num_hidden_layers': '17', 'num_key_value_heads': '3', 'o_flops_per_token': '46208', 'q_flops_per_token': '46208', 'sdpa_flops': '79463168', 'sdpa_flops_per_layer': '2337152', 'seq_length': '62', 'tie_word_embeddings': 'False', 'total_batch_size': '2', 'total_flops': '5008508304', 'v_flops_per_token': '15402', 'vocab_size': '1018'}
2026-08-23 03:39:34.474 /testbed/scripts/stat_utils/cal_mfu.py:29 scripts.stat_utils.cal_mfu.compute_model_flops event=call locals={'include_backward': 'True', 'include_flashattn': 'False', 'include_recompute': 'False', 'model_name_or_path': "'generated/jlnprtvxzbdfhjlnprtvxzbdfhjlnprtvxzbdfhj/360'", 'seq_length': '87', 'total_batch_size': '5'}
2026-08-23 03:39:34.474 /testbed/scripts/stat_utils/cal_mfu.py:38 scripts.stat_utils.cal_mfu.compute_model_flops event=line locals={}
2026-08-23 03:39:34.477 /testbed/scripts/stat_utils/cal_mfu.py:39 scripts.stat_utils.cal_mfu.compute_model_flops event=line locals={'config': 'namespace(hidden_size=288, vocab_size=1640, intermediate_size=1600, num_attention_heads=13, num_key_value_heads=10, num_hidden_layers=16, tie_word_embeddings=False)'}
2026-08-23 03:39:34.478 /testbed/scripts/stat_utils/cal_mfu.py:40 scripts.stat_utils.cal_mfu.compute_model_flops event=line locals={'hidden_size': '288'}
2026-08-23 03:39:34.478 /testbed/scripts/stat_utils/cal_mfu.py:41 scripts.stat_utils.cal_mfu.compute_model_flops event=line locals={'vocab_size': '1640'}
2026-08-23 03:39:34.478 /testbed/scripts/stat_utils/cal_mfu.py:42 scripts.stat_utils.cal_mfu.compute_model_flops event=line locals={'intermediate_size': '1600'}
2026-08-23 03:39:34.478 /testbed/scripts/stat_utils/cal_mfu.py:43 scripts.stat_utils.cal_mfu.compute_model_flops event=line locals={'num_attention_heads': '13'}
2026-08-23 03:39:34.478 /testbed/scripts/stat_utils/cal_mfu.py:44 scripts.stat_utils.cal_mfu.compute_model_flops event=line locals={'num_key_value_heads': '10'}
2026-08-23 03:39:34.478 /testbed/scripts/stat_utils/cal_mfu.py:45 scripts.stat_utils.cal_mfu.compute_model_flops event=line locals={'num_hidden_layers': '16'}
2026-08-23 03:39:34.478 /testbed/scripts/stat_utils/cal_mfu.py:48 scripts.stat_utils.cal_mfu.compute_model_flops event=line locals={'tie_word_embeddings': 'False'}
2026-08-23 03:39:34.478 /testbed/scripts/stat_utils/cal_mfu.py:49 scripts.stat_utils.cal_mfu.compute_model_flops event=line locals={'mlp_flops_per_token': '2764800'}
2026-08-23 03:39:34.478 /testbed/scripts/stat_utils/cal_mfu.py:52 scripts.stat_utils.cal_mfu.compute_model_flops event=line locals={'mlp_flops': '19243008000'}
2026-08-23 03:39:34.478 /testbed/scripts/stat_utils/cal_mfu.py:53 scripts.stat_utils.cal_mfu.compute_model_flops event=line locals={'q_flops_per_token': '165888'}
2026-08-23 03:39:34.478 /testbed/scripts/stat_utils/cal_mfu.py:54 scripts.stat_utils.cal_mfu.compute_model_flops event=line locals={'o_flops_per_token': '165888'}
2026-08-23 03:39:34.478 /testbed/scripts/stat_utils/cal_mfu.py:55 scripts.stat_utils.cal_mfu.compute_model_flops event=line locals={'k_flops_per_token': '127606'}
2026-08-23 03:39:34.478 /testbed/scripts/stat_utils/cal_mfu.py:56 scripts.stat_utils.cal_mfu.compute_model_flops event=line locals={'v_flops_per_token': '127606'}
2026-08-23 03:39:34.478 /testbed/scripts/stat_utils/cal_mfu.py:57 scripts.stat_utils.cal_mfu.compute_model_flops event=line locals={'attn_proj_flops_per_token': '586988'}
2026-08-23 03:39:34.478 /testbed/scripts/stat_utils/cal_mfu.py:60 scripts.stat_utils.cal_mfu.compute_model_flops event=line locals={'attn_proj_flops': '4085436480'}
2026-08-23 03:39:34.478 /testbed/scripts/stat_utils/cal_mfu.py:61 scripts.stat_utils.cal_mfu.compute_model_flops event=line locals={'sdpa_flops_per_layer': '8719488'}
2026-08-23 03:39:34.478 /testbed/scripts/stat_utils/cal_mfu.py:64 scripts.stat_utils.cal_mfu.compute_model_flops event=line locals={'sdpa_flops': '697559040'}
2026-08-23 03:39:34.478 /testbed/scripts/stat_utils/cal_mfu.py:65 scripts.stat_utils.cal_mfu.compute_model_flops event=line locals={'embedding_flops_per_token': '472320'}
2026-08-23 03:39:34.478 /testbed/scripts/stat_utils/cal_mfu.py:66 scripts.stat_utils.cal_mfu.compute_model_flops event=line locals={'embedding_flops': '205459200'}
2026-08-23 03:39:34.478 /testbed/scripts/stat_utils/cal_mfu.py:67 scripts.stat_utils.cal_mfu.compute_model_flops event=line locals={}
2026-08-23 03:39:34.478 /testbed/scripts/stat_utils/cal_mfu.py:69 scripts.stat_utils.cal_mfu.compute_model_flops event=line locals={'embedding_flops': '410918400'}
2026-08-23 03:39:34.478 /testbed/scripts/stat_utils/cal_mfu.py:70 scripts.stat_utils.cal_mfu.compute_model_flops event=line locals={'non_embedding_flops': '24026003520'}
2026-08-23 03:39:34.478 /testbed/scripts/stat_utils/cal_mfu.py:71 scripts.stat_utils.cal_mfu.compute_model_flops event=line locals={'embedding_coeff': '1', 'non_embedding_coeff': '1'}
2026-08-23 03:39:34.478 /testbed/scripts/stat_utils/cal_mfu.py:72 scripts.stat_utils.cal_mfu.compute_model_flops event=line locals={}
2026-08-23 03:39:34.478 /testbed/scripts/stat_utils/cal_mfu.py:73 scripts.stat_utils.cal_mfu.compute_model_flops event=line locals={'non_embedding_coeff': '3'}
2026-08-23 03:39:34.478 /testbed/scripts/stat_utils/cal_mfu.py:75 scripts.stat_utils.cal_mfu.compute_model_flops event=line locals={'embedding_coeff': '3'}
2026-08-23 03:39:34.478 /testbed/scripts/stat_utils/cal_mfu.py:78 scripts.stat_utils.cal_mfu.compute_model_flops event=line locals={}
2026-08-23 03:39:34.478 /testbed/scripts/stat_utils/cal_mfu.py:80 scripts.stat_utils.cal_mfu.compute_model_flops event=line locals={'total_flops': '73310765760'}
2026-08-23 03:39:34.478 /testbed/scripts/stat_utils/cal_mfu.py:83 scripts.stat_utils.cal_mfu.compute_model_flops event=line locals={}
2026-08-23 03:39:34.478 /testbed/scripts/stat_utils/cal_mfu.py:83 scripts.stat_utils.cal_mfu.compute_model_flops event=return retval=73310765760 locals={'attn_proj_flops': '4085436480', 'attn_proj_flops_per_token': '586988', 'config': 'namespace(hidden_size=288, vocab_size=1640, intermediate_size=1600, num_attention_heads=13, num_key_value_heads=10, num_hidden_layers=16, tie_word_embeddings=False)', 'embedding_coeff': '3', 'embedding_flops': '410918400', 'embedding_flops_per_token': '472320', 'hidden_size': '288', 'include_backward': 'True', 'include_flashattn': 'False', 'include_recompute': 'False', 'intermediate_size': '1600', 'k_flops_per_token': '127606', 'mlp_flops': '19243008000', 'mlp_flops_per_token': '2764800', 'model_name_or_path': "'generated/jlnprtvxzbdfhjlnprtvxzbdfhjlnprtvxzbdfhj/360'", 'non_embedding_coeff': '3', 'non_embedding_flops': '24026003520', 'num_attention_heads': '13', 'num_hidden_layers': '16', 'num_key_value_heads': '10', 'o_flops_per_token': '165888', 'q_flops_per_token': '165888', 'sdpa_flops': '697559040', 'sdpa_flops_per_layer': '8719488', 'seq_length': '87', 'tie_word_embeddings': 'False', 'total_batch_size': '5', 'total_flops': '73310765760', 'v_flops_per_token': '127606', 'vocab_size': '1640'}
2026-08-23 03:39:34.480 /testbed/scripts/stat_utils/cal_mfu.py:29 scripts.stat_utils.cal_mfu.compute_model_flops event=call locals={'include_backward': 'True', 'include_flashattn': 'False', 'include_recompute': 'False', 'model_name_or_path': "'generated/qqqqqqqqqqqqqqqqqqqqqqqqqqqqqqqqqqqqqqqq/484'", 'seq_length': '101', 'total_batch_size': '6'}
2026-08-23 03:39:34.480 /testbed/scripts/stat_utils/cal_mfu.py:38 scripts.stat_utils.cal_mfu.compute_model_flops event=line locals={}
2026-08-23 03:39:34.484 /testbed/scripts/stat_utils/cal_mfu.py:39 scripts.stat_utils.cal_mfu.compute_model_flops event=line locals={'config': 'namespace(hidden_size=240, vocab_size=844, intermediate_size=464, num_attention_heads=8, num_key_value_heads=11, num_hidden_layers=20, tie_word_embeddings=True)'}
2026-08-23 03:39:34.484 /testbed/scripts/stat_utils/cal_mfu.py:40 scripts.stat_utils.cal_mfu.compute_model_flops event=line locals={'hidden_size': '240'}
2026-08-23 03:39:34.484 /testbed/scripts/stat_utils/cal_mfu.py:41 scripts.stat_utils.cal_mfu.compute_model_flops event=line locals={'vocab_size': '844'}
2026-08-23 03:39:34.484 /testbed/scripts/stat_utils/cal_mfu.py:42 scripts.stat_utils.cal_mfu.compute_model_flops event=line locals={'intermediate_size': '464'}
2026-08-23 03:39:34.484 /testbed/scripts/stat_utils/cal_mfu.py:43 scripts.stat_utils.cal_mfu.compute_model_flops event=line locals={'num_attention_heads': '8'}
2026-08-23 03:39:34.484 /testbed/scripts/stat_utils/cal_mfu.py:44 scripts.stat_utils.cal_mfu.compute_model_flops event=line locals={'num_key_value_heads': '11'}
2026-08-23 03:39:34.484 /testbed/scripts/stat_utils/cal_mfu.py:45 scripts.stat_utils.cal_mfu.compute_model_flops event=line locals={'num_hidden_layers': '20'}
2026-08-23 03:39:34.484 /testbed/scripts/stat_utils/cal_mfu.py:48 scripts.stat_utils.cal_mfu.compute_model_flops event=line locals={'tie_word_embeddings': 'True'}
2026-08-23 03:39:34.484 /testbed/scripts/stat_utils/cal_mfu.py:49 scripts.stat_utils.cal_mfu.compute_model_flops event=line locals={'mlp_flops_per_token': '668160'}
2026-08-23 03:39:34.484 /testbed/scripts/stat_utils/cal_mfu.py:52 scripts.stat_utils.cal_mfu.compute_model_flops event=line locals={'mlp_flops': '8098099200'}
2026-08-23 03:39:34.484 /testbed/scripts/stat_utils/cal_mfu.py:53 scripts.stat_utils.cal_mfu.compute_model_flops event=line locals={'q_flops_per_token': '115200'}
2026-08-23 03:39:34.484 /testbed/scripts/stat_utils/cal_mfu.py:54 scripts.stat_utils.cal_mfu.compute_model_flops event=line locals={'o_flops_per_token': '115200'}
2026-08-23 03:39:34.484 /testbed/scripts/stat_utils/cal_mfu.py:55 scripts.stat_utils.cal_mfu.compute_model_flops event=line locals={'k_flops_per_token': '158400'}
2026-08-23 03:39:34.484 /testbed/scripts/stat_utils/cal_mfu.py:56 scripts.stat_utils.cal_mfu.compute_model_flops event=line locals={'v_flops_per_token': '158400'}
2026-08-23 03:39:34.484 /testbed/scripts/stat_utils/cal_mfu.py:57 scripts.stat_utils.cal_mfu.compute_model_flops event=line locals={'attn_proj_flops_per_token': '547200'}
2026-08-23 03:39:34.484 /testbed/scripts/stat_utils/cal_mfu.py:60 scripts.stat_utils.cal_mfu.compute_model_flops event=line locals={'attn_proj_flops': '6632064000'}
2026-08-23 03:39:34.484 /testbed/scripts/stat_utils/cal_mfu.py:61 scripts.stat_utils.cal_mfu.compute_model_flops event=line locals={'sdpa_flops_per_layer': '9792960'}
2026-08-23 03:39:34.484 /testbed/scripts/stat_utils/cal_mfu.py:64 scripts.stat_utils.cal_mfu.compute_model_flops event=line locals={'sdpa_flops': '1175155200'}
2026-08-23 03:39:34.484 /testbed/scripts/stat_utils/cal_mfu.py:65 scripts.stat_utils.cal_mfu.compute_model_flops event=line locals={'embedding_flops_per_token': '202560'}
2026-08-23 03:39:34.484 /testbed/scripts/stat_utils/cal_mfu.py:66 scripts.stat_utils.cal_mfu.compute_model_flops event=line locals={'embedding_flops': '122751360'}
2026-08-23 03:39:34.484 /testbed/scripts/stat_utils/cal_mfu.py:69 scripts.stat_utils.cal_mfu.compute_model_flops event=line locals={}
2026-08-23 03:39:34.484 /testbed/scripts/stat_utils/cal_mfu.py:70 scripts.stat_utils.cal_mfu.compute_model_flops event=line locals={'non_embedding_flops': '15905318400'}
2026-08-23 03:39:34.484 /testbed/scripts/stat_utils/cal_mfu.py:71 scripts.stat_utils.cal_mfu.compute_model_flops event=line locals={'embedding_coeff': '1', 'non_embedding_coeff': '1'}
2026-08-23 03:39:34.484 /testbed/scripts/stat_utils/cal_mfu.py:72 scripts.stat_utils.cal_mfu.compute_model_flops event=line locals={}
2026-08-23 03:39:34.484 /testbed/scripts/stat_utils/cal_mfu.py:73 scripts.stat_utils.cal_mfu.compute_model_flops event=line locals={'non_embedding_coeff': '3'}
2026-08-23 03:39:34.484 /testbed/scripts/stat_utils/cal_mfu.py:75 scripts.stat_utils.cal_mfu.compute_model_flops event=line locals={'embedding_coeff': '3'}
2026-08-23 03:39:34.484 /testbed/scripts/stat_utils/cal_mfu.py:78 scripts.stat_utils.cal_mfu.compute_model_flops event=line locals={}
2026-08-23 03:39:34.484 /testbed/scripts/stat_utils/cal_mfu.py:80 scripts.stat_utils.cal_mfu.compute_model_flops event=line locals={'total_flops': '48084209280'}
2026-08-23 03:39:34.484 /testbed/scripts/stat_utils/cal_mfu.py:83 scripts.stat_utils.cal_mfu.compute_model_flops event=line locals={}
2026-08-23 03:39:34.484 /testbed/scripts/stat_utils/cal_mfu.py:83 scripts.stat_utils.cal_mfu.compute_model_flops event=return retval=48084209280 locals={'attn_proj_flops': '6632064000', 'attn_proj_flops_per_token': '547200', 'config': 'namespace(hidden_size=240, vocab_size=844, intermediate_size=464, num_attention_heads=8, num_key_value_heads=11, num_hidden_layers=20, tie_word_embeddings=True)', 'embedding_coeff': '3', 'embedding_flops': '122751360', 'embedding_flops_per_token': '202560', 'hidden_size': '240', 'include_backward': 'True', 'include_flashattn': 'False', 'include_recompute': 'False', 'intermediate_size': '464', 'k_flops_per_token': '158400', 'mlp_flops': '8098099200', 'mlp_flops_per_token': '668160', 'model_name_or_path': "'generated/qqqqqqqqqqqqqqqqqqqqqqqqqqqqqqqqqqqqqqqq/484'", 'non_embedding_coeff': '3', 'non_embedding_flops': '15905318400', 'num_attention_heads': '8', 'num_hidden_layers': '20', 'num_key_value_heads': '11', 'o_flops_per_token': '115200', 'q_flops_per_token': '115200', 'sdpa_flops': '1175155200', 'sdpa_flops_per_layer': '9792960', 'seq_length': '101', 'tie_word_embeddings': 'True', 'total_batch_size': '6', 'total_flops': '48084209280', 'v_flops_per_token': '158400', 'vocab_size': '844'}
2026-08-23 03:39:34.486 /testbed/scripts/stat_utils/cal_mfu.py:29 scripts.stat_utils.cal_mfu.compute_model_flops event=call locals={'include_backward': 'True', 'include_flashattn': 'False', 'include_recompute': 'False', 'model_name_or_path': "'generated/xyzabcdefghijklmnopqrstuvwxyzabcdefghijk/296'", 'seq_length': '67', 'total_batch_size': '1'}
2026-08-23 03:39:34.486 /testbed/scripts/stat_utils/cal_mfu.py:38 scripts.stat_utils.cal_mfu.compute_model_flops event=line locals={}
2026-08-23 03:39:34.490 /testbed/scripts/stat_utils/cal_mfu.py:39 scripts.stat_utils.cal_mfu.compute_model_flops event=line locals={'config': 'namespace(hidden_size=232, vocab_size=1141, intermediate_size=592, num_attention_heads=4, num_key_value_heads=2, num_hidden_layers=5, tie_word_embeddings=False)'}
2026-08-23 03:39:34.490 /testbed/scripts/stat_utils/cal_mfu.py:40 scripts.stat_utils.cal_mfu.compute_model_flops event=line locals={'hidden_size': '232'}
2026-08-23 03:39:34.490 /testbed/scripts/stat_utils/cal_mfu.py:41 scripts.stat_utils.cal_mfu.compute_model_flops event=line locals={'vocab_size': '1141'}
2026-08-23 03:39:34.490 /testbed/scripts/stat_utils/cal_mfu.py:42 scripts.stat_utils.cal_mfu.compute_model_flops event=line locals={'intermediate_size': '592'}
2026-08-23 03:39:34.490 /testbed/scripts/stat_utils/cal_mfu.py:43 scripts.stat_utils.cal_mfu.compute_model_flops event=line locals={'num_attention_heads': '4'}
2026-08-23 03:39:34.490 /testbed/scripts/stat_utils/cal_mfu.py:44 scripts.stat_utils.cal_mfu.compute_model_flops event=line locals={'num_key_value_heads': '2'}
2026-08-23 03:39:34.490 /testbed/scripts/stat_utils/cal_mfu.py:45 scripts.stat_utils.cal_mfu.compute_model_flops event=line locals={'num_hidden_layers': '5'}
2026-08-23 03:39:34.490 /testbed/scripts/stat_utils/cal_mfu.py:48 scripts.stat_utils.cal_mfu.compute_model_flops event=line locals={'tie_word_embeddings': 'False'}
2026-08-23 03:39:34.490 /testbed/scripts/stat_utils/cal_mfu.py:49 scripts.stat_utils.cal_mfu.compute_model_flops event=line locals={'mlp_flops_per_token': '824064'}
2026-08-23 03:39:34.490 /testbed/scripts/stat_utils/cal_mfu.py:52 scripts.stat_utils.cal_mfu.compute_model_flops event=line locals={'mlp_flops': '276061440'}
2026-08-23 03:39:34.490 /testbed/scripts/stat_utils/cal_mfu.py:53 scripts.stat_utils.cal_mfu.compute_model_flops event=line locals={'q_flops_per_token': '107648'}
2026-08-23 03:39:34.490 /testbed/scripts/stat_utils/cal_mfu.py:54 scripts.stat_utils.cal_mfu.compute_model_flops event=line locals={'o_flops_per_token': '107648'}
2026-08-23 03:39:34.490 /testbed/scripts/stat_utils/cal_mfu.py:55 scripts.stat_utils.cal_mfu.compute_model_flops event=line locals={'k_flops_per_token': '53824'}
2026-08-23 03:39:34.490 /testbed/scripts/stat_utils/cal_mfu.py:56 scripts.stat_utils.cal_mfu.compute_model_flops event=line locals={'v_flops_per_token': '53824'}
2026-08-23 03:39:34.490 /testbed/scripts/stat_utils/cal_mfu.py:57 scripts.stat_utils.cal_mfu.compute_model_flops event=line locals={'attn_proj_flops_per_token': '322944'}
2026-08-23 03:39:34.490 /testbed/scripts/stat_utils/cal_mfu.py:60 scripts.stat_utils.cal_mfu.compute_model_flops event=line locals={'attn_proj_flops': '108186240'}
2026-08-23 03:39:34.490 /testbed/scripts/stat_utils/cal_mfu.py:61 scripts.stat_utils.cal_mfu.compute_model_flops event=line locals={'sdpa_flops_per_layer': '4165792'}
2026-08-23 03:39:34.490 /testbed/scripts/stat_utils/cal_mfu.py:64 scripts.stat_utils.cal_mfu.compute_model_flops event=line locals={'sdpa_flops': '20828960'}
2026-08-23 03:39:34.490 /testbed/scripts/stat_utils/cal_mfu.py:65 scripts.stat_utils.cal_mfu.compute_model_flops event=line locals={'embedding_flops_per_token': '264712'}
2026-08-23 03:39:34.490 /testbed/scripts/stat_utils/cal_mfu.py:66 scripts.stat_utils.cal_mfu.compute_model_flops event=line locals={'embedding_flops': '17735704'}
2026-08-23 03:39:34.490 /testbed/scripts/stat_utils/cal_mfu.py:67 scripts.stat_utils.cal_mfu.compute_model_flops event=line locals={}
2026-08-23 03:39:34.490 /testbed/scripts/stat_utils/cal_mfu.py:69 scripts.stat_utils.cal_mfu.compute_model_flops event=line locals={'embedding_flops': '35471408'}
2026-08-23 03:39:34.490 /testbed/scripts/stat_utils/cal_mfu.py:70 scripts.stat_utils.cal_mfu.compute_model_flops event=line locals={'non_embedding_flops': '405076640'}
2026-08-23 03:39:34.490 /testbed/scripts/stat_utils/cal_mfu.py:71 scripts.stat_utils.cal_mfu.compute_model_flops event=line locals={'embedding_coeff': '1', 'non_embedding_coeff': '1'}
2026-08-23 03:39:34.490 /testbed/scripts/stat_utils/cal_mfu.py:72 scripts.stat_utils.cal_mfu.compute_model_flops event=line locals={}
2026-08-23 03:39:34.490 /testbed/scripts/stat_utils/cal_mfu.py:73 scripts.stat_utils.cal_mfu.compute_model_flops event=line locals={'non_embedding_coeff': '3'}
2026-08-23 03:39:34.490 /testbed/scripts/stat_utils/cal_mfu.py:75 scripts.stat_utils.cal_mfu.compute_model_flops event=line locals={'embedding_coeff': '3'}
2026-08-23 03:39:34.490 /testbed/scripts/stat_utils/cal_mfu.py:78 scripts.stat_utils.cal_mfu.compute_model_flops event=line locals={}
2026-08-23 03:39:34.490 /testbed/scripts/stat_utils/cal_mfu.py:80 scripts.stat_utils.cal_mfu.compute_model_flops event=line locals={'total_flops': '1321644144'}
2026-08-23 03:39:34.490 /testbed/scripts/stat_utils/cal_mfu.py:83 scripts.stat_utils.cal_mfu.compute_model_flops event=line locals={}
2026-08-23 03:39:34.490 /testbed/scripts/stat_utils/cal_mfu.py:83 scripts.stat_utils.cal_mfu.compute_model_flops event=return retval=1321644144 locals={'attn_proj_flops': '108186240', 'attn_proj_flops_per_token': '322944', 'config': 'namespace(hidden_size=232, vocab_size=1141, intermediate_size=592, num_attention_heads=4, num_key_value_heads=2, num_hidden_layers=5, tie_word_embeddings=False)', 'embedding_coeff': '3', 'embedding_flops': '35471408', 'embedding_flops_per_token': '264712', 'hidden_size': '232', 'include_backward': 'True', 'include_flashattn': 'False', 'include_recompute': 'False', 'intermediate_size': '592', 'k_flops_per_token': '53824', 'mlp_flops': '276061440', 'mlp_flops_per_token': '824064', 'model_name_or_path': "'generated/xyzabcdefghijklmnopqrstuvwxyzabcdefghijk/296'", 'non_embedding_coeff': '3', 'non_embedding_flops': '405076640', 'num_attention_heads': '4', 'num_hidden_layers': '5', 'num_key_value_heads': '2', 'o_flops_per_token': '107648', 'q_flops_per_token': '107648', 'sdpa_flops': '20828960', 'sdpa_flops_per_layer': '4165792', 'seq_length': '67', 'tie_word_embeddings': 'False', 'total_batch_size': '1', 'total_flops': '1321644144', 'v_flops_per_token': '53824', 'vocab_size': '1141'}
2026-08-23 03:39:34.492 /testbed/scripts/stat_utils/cal_mfu.py:29 scripts.stat_utils.cal_mfu.compute_model_flops event=call locals={'include_backward': 'True', 'include_flashattn': 'False', 'include_recompute': 'False', 'model_name_or_path': "'generated/egikmoqsuwyacegikmoqsuwyacegikmoqsuwyace/316'", 'seq_length': '170', 'total_batch_size': '3'}
2026-08-23 03:39:34.492 /testbed/scripts/stat_utils/cal_mfu.py:38 scripts.stat_utils.cal_mfu.compute_model_flops event=line locals={}
2026-08-23 03:39:34.496 /testbed/scripts/stat_utils/cal_mfu.py:39 scripts.stat_utils.cal_mfu.compute_model_flops event=line locals={'config': 'namespace(hidden_size=96, vocab_size=1236, intermediate_size=1312, num_attention_heads=18, num_key_value_heads=11, num_hidden_layers=18, tie_word_embeddings=False)'}
2026-08-23 03:39:34.496 /testbed/scripts/stat_utils/cal_mfu.py:40 scripts.stat_utils.cal_mfu.compute_model_flops event=line locals={'hidden_size': '96'}
2026-08-23 03:39:34.496 /testbed/scripts/stat_utils/cal_mfu.py:41 scripts.stat_utils.cal_mfu.compute_model_flops event=line locals={'vocab_size': '1236'}
2026-08-23 03:39:34.496 /testbed/scripts/stat_utils/cal_mfu.py:42 scripts.stat_utils.cal_mfu.compute_model_flops event=line locals={'intermediate_size': '1312'}
2026-08-23 03:39:34.496 /testbed/scripts/stat_utils/cal_mfu.py:43 scripts.stat_utils.cal_mfu.compute_model_flops event=line locals={'num_attention_heads': '18'}
2026-08-23 03:39:34.496 /testbed/scripts/stat_utils/cal_mfu.py:44 scripts.stat_utils.cal_mfu.compute_model_flops event=line locals={'num_key_value_heads': '11'}
2026-08-23 03:39:34.496 /testbed/scripts/stat_utils/cal_mfu.py:45 scripts.stat_utils.cal_mfu.compute_model_flops event=line locals={'num_hidden_layers': '18'}
2026-08-23 03:39:34.496 /testbed/scripts/stat_utils/cal_mfu.py:48 scripts.stat_utils.cal_mfu.compute_model_flops event=line locals={'tie_word_embeddings': 'False'}
2026-08-23 03:39:34.496 /testbed/scripts/stat_utils/cal_mfu.py:49 scripts.stat_utils.cal_mfu.compute_model_flops event=line locals={'mlp_flops_per_token': '755712'}
2026-08-23 03:39:34.496 /testbed/scripts/stat_utils/cal_mfu.py:52 scripts.stat_utils.cal_mfu.compute_model_flops event=line locals={'mlp_flops': '6937436160'}
2026-08-23 03:39:34.496 /testbed/scripts/stat_utils/cal_mfu.py:53 scripts.stat_utils.cal_mfu.compute_model_flops event=line locals={'q_flops_per_token': '18432'}
2026-08-23 03:39:34.496 /testbed/scripts/stat_utils/cal_mfu.py:54 scripts.stat_utils.cal_mfu.compute_model_flops event=line locals={'o_flops_per_token': '18432'}
2026-08-23 03:39:34.496 /testbed/scripts/stat_utils/cal_mfu.py:55 scripts.stat_utils.cal_mfu.compute_model_flops event=line locals={'k_flops_per_token': '11264'}
2026-08-23 03:39:34.496 /testbed/scripts/stat_utils/cal_mfu.py:56 scripts.stat_utils.cal_mfu.compute_model_flops event=line locals={'v_flops_per_token': '11264'}
2026-08-23 03:39:34.496 /testbed/scripts/stat_utils/cal_mfu.py:57 scripts.stat_utils.cal_mfu.compute_model_flops event=line locals={'attn_proj_flops_per_token': '59392'}
2026-08-23 03:39:34.496 /testbed/scripts/stat_utils/cal_mfu.py:60 scripts.stat_utils.cal_mfu.compute_model_flops event=line locals={'attn_proj_flops': '545218560'}
2026-08-23 03:39:34.496 /testbed/scripts/stat_utils/cal_mfu.py:61 scripts.stat_utils.cal_mfu.compute_model_flops event=line locals={'sdpa_flops_per_layer': '11097600'}
2026-08-23 03:39:34.496 /testbed/scripts/stat_utils/cal_mfu.py:64 scripts.stat_utils.cal_mfu.compute_model_flops event=line locals={'sdpa_flops': '599270400'}
2026-08-23 03:39:34.496 /testbed/scripts/stat_utils/cal_mfu.py:65 scripts.stat_utils.cal_mfu.compute_model_flops event=line locals={'embedding_flops_per_token': '118656'}
2026-08-23 03:39:34.496 /testbed/scripts/stat_utils/cal_mfu.py:66 scripts.stat_utils.cal_mfu.compute_model_flops event=line locals={'embedding_flops': '60514560'}
2026-08-23 03:39:34.496 /testbed/scripts/stat_utils/cal_mfu.py:67 scripts.stat_utils.cal_mfu.compute_model_flops event=line locals={}
2026-08-23 03:39:34.496 /testbed/scripts/stat_utils/cal_mfu.py:69 scripts.stat_utils.cal_mfu.compute_model_flops event=line locals={'embedding_flops': '121029120'}
2026-08-23 03:39:34.496 /testbed/scripts/stat_utils/cal_mfu.py:70 scripts.stat_utils.cal_mfu.compute_model_flops event=line locals={'non_embedding_flops': '8081925120'}
2026-08-23 03:39:34.496 /testbed/scripts/stat_utils/cal_mfu.py:71 scripts.stat_utils.cal_mfu.compute_model_flops event=line locals={'embedding_coeff': '1', 'non_embedding_coeff': '1'}
2026-08-23 03:39:34.496 /testbed/scripts/stat_utils/cal_mfu.py:72 scripts.stat_utils.cal_mfu.compute_model_flops event=line locals={}
2026-08-23 03:39:34.496 /testbed/scripts/stat_utils/cal_mfu.py:73 scripts.stat_utils.cal_mfu.compute_model_flops event=line locals={'non_embedding_coeff': '3'}
2026-08-23 03:39:34.496 /testbed/scripts/stat_utils/cal_mfu.py:75 scripts.stat_utils.cal_mfu.compute_model_flops event=line locals={'embedding_coeff': '3'}
2026-08-23 03:39:34.496 /testbed/scripts/stat_utils/cal_mfu.py:78 scripts.stat_utils.cal_mfu.compute_model_flops event=line locals={}
2026-08-23 03:39:34.496 /testbed/scripts/stat_utils/cal_mfu.py:80 scripts.stat_utils.cal_mfu.compute_model_flops event=line locals={'total_flops': '24608862720'}
2026-08-23 03:39:34.496 /testbed/scripts/stat_utils/cal_mfu.py:83 scripts.stat_utils.cal_mfu.compute_model_flops event=line locals={}
2026-08-23 03:39:34.496 /testbed/scripts/stat_utils/cal_mfu.py:83 scripts.stat_utils.cal_mfu.compute_model_flops event=return retval=24608862720 locals={'attn_proj_flops': '545218560', 'attn_proj_flops_per_token': '59392', 'config': 'namespace(hidden_size=96, vocab_size=1236, intermediate_size=1312, num_attention_heads=18, num_key_value_heads=11, num_hidden_layers=18, tie_word_embeddings=False)', 'embedding_coeff': '3', 'embedding_flops': '121029120', 'embedding_flops_per_token': '118656', 'hidden_size': '96', 'include_backward': 'True', 'include_flashattn': 'False', 'include_recompute': 'False', 'intermediate_size': '1312', 'k_flops_per_token': '11264', 'mlp_flops': '6937436160', 'mlp_flops_per_token': '755712', 'model_name_or_path': "'generated/egikmoqsuwyacegikmoqsuwyacegikmoqsuwyace/316'", 'non_embedding_coeff': '3', 'non_embedding_flops': '8081925120', 'num_attention_heads': '18', 'num_hidden_layers': '18', 'num_key_value_heads': '11', 'o_flops_per_token': '18432', 'q_flops_per_token': '18432', 'sdpa_flops': '599270400', 'sdpa_flops_per_layer': '11097600', 'seq_length': '170', 'tie_word_embeddings': 'False', 'total_batch_size': '3', 'total_flops': '24608862720', 'v_flops_per_token': '11264', 'vocab_size': '1236'}
2026-08-23 03:39:34.498 /testbed/scripts/stat_utils/cal_mfu.py:29 scripts.stat_utils.cal_mfu.compute_model_flops event=call locals={'include_backward': 'True', 'include_flashattn': 'False', 'include_recompute': 'False', 'model_name_or_path': "'generated/llllllllllllllllllllllllllllllllllllllll/284'", 'seq_length': '101', 'total_batch_size': '4'}
2026-08-23 03:39:34.498 /testbed/scripts/stat_utils/cal_mfu.py:38 scripts.stat_utils.cal_mfu.compute_model_flops event=line locals={}
2026-08-23 03:39:34.502 /testbed/scripts/stat_utils/cal_mfu.py:39 scripts.stat_utils.cal_mfu.compute_model_flops event=line locals={'config': 'namespace(hidden_size=272, vocab_size=1680, intermediate_size=1232, num_attention_heads=4, num_key_value_heads=6, num_hidden_layers=13, tie_word_embeddings=True)'}
2026-08-23 03:39:34.502 /testbed/scripts/stat_utils/cal_mfu.py:40 scripts.stat_utils.cal_mfu.compute_model_flops event=line locals={'hidden_size': '272'}
2026-08-23 03:39:34.502 /testbed/scripts/stat_utils/cal_mfu.py:41 scripts.stat_utils.cal_mfu.compute_model_flops event=line locals={'vocab_size': '1680'}
2026-08-23 03:39:34.502 /testbed/scripts/stat_utils/cal_mfu.py:42 scripts.stat_utils.cal_mfu.compute_model_flops event=line locals={'intermediate_size': '1232'}
2026-08-23 03:39:34.502 /testbed/scripts/stat_utils/cal_mfu.py:43 scripts.stat_utils.cal_mfu.compute_model_flops event=line locals={'num_attention_heads': '4'}
2026-08-23 03:39:34.502 /testbed/scripts/stat_utils/cal_mfu.py:44 scripts.stat_utils.cal_mfu.compute_model_flops event=line locals={'num_key_value_heads': '6'}
2026-08-23 03:39:34.502 /testbed/scripts/stat_utils/cal_mfu.py:45 scripts.stat_utils.cal_mfu.compute_model_flops event=line locals={'num_hidden_layers': '13'}
2026-08-23 03:39:34.502 /testbed/scripts/stat_utils/cal_mfu.py:48 scripts.stat_utils.cal_mfu.compute_model_flops event=line locals={'tie_word_embeddings': 'True'}
2026-08-23 03:39:34.502 /testbed/scripts/stat_utils/cal_mfu.py:49 scripts.stat_utils.cal_mfu.compute_model_flops event=line locals={'mlp_flops_per_token': '2010624'}
2026-08-23 03:39:34.502 /testbed/scripts/stat_utils/cal_mfu.py:52 scripts.stat_utils.cal_mfu.compute_model_flops event=line locals={'mlp_flops': '10559797248'}
2026-08-23 03:39:34.502 /testbed/scripts/stat_utils/cal_mfu.py:53 scripts.stat_utils.cal_mfu.compute_model_flops event=line locals={'q_flops_per_token': '147968'}
2026-08-23 03:39:34.502 /testbed/scripts/stat_utils/cal_mfu.py:54 scripts.stat_utils.cal_mfu.compute_model_flops event=line locals={'o_flops_per_token': '147968'}
2026-08-23 03:39:34.502 /testbed/scripts/stat_utils/cal_mfu.py:55 scripts.stat_utils.cal_mfu.compute_model_flops event=line locals={'k_flops_per_token': '221952'}
2026-08-23 03:39:34.502 /testbed/scripts/stat_utils/cal_mfu.py:56 scripts.stat_utils.cal_mfu.compute_model_flops event=line locals={'v_flops_per_token': '221952'}
2026-08-23 03:39:34.502 /testbed/scripts/stat_utils/cal_mfu.py:57 scripts.stat_utils.cal_mfu.compute_model_flops event=line locals={'attn_proj_flops_per_token': '739840'}
2026-08-23 03:39:34.502 /testbed/scripts/stat_utils/cal_mfu.py:60 scripts.stat_utils.cal_mfu.compute_model_flops event=line locals={'attn_proj_flops': '3885639680'}
2026-08-23 03:39:34.502 /testbed/scripts/stat_utils/cal_mfu.py:61 scripts.stat_utils.cal_mfu.compute_model_flops event=line locals={'sdpa_flops_per_layer': '11098688'}
2026-08-23 03:39:34.502 /testbed/scripts/stat_utils/cal_mfu.py:64 scripts.stat_utils.cal_mfu.compute_model_flops event=line locals={'sdpa_flops': '577131776'}
2026-08-23 03:39:34.502 /testbed/scripts/stat_utils/cal_mfu.py:65 scripts.stat_utils.cal_mfu.compute_model_flops event=line locals={'embedding_flops_per_token': '456960'}
2026-08-23 03:39:34.502 /testbed/scripts/stat_utils/cal_mfu.py:66 scripts.stat_utils.cal_mfu.compute_model_flops event=line locals={'embedding_flops': '184611840'}
2026-08-23 03:39:34.502 /testbed/scripts/stat_utils/cal_mfu.py:69 scripts.stat_utils.cal_mfu.compute_model_flops event=line locals={}
2026-08-23 03:39:34.502 /testbed/scripts/stat_utils/cal_mfu.py:70 scripts.stat_utils.cal_mfu.compute_model_flops event=line locals={'non_embedding_flops': '15022568704'}
2026-08-23 03:39:34.502 /testbed/scripts/stat_utils/cal_mfu.py:71 scripts.stat_utils.cal_mfu.compute_model_flops event=line locals={'embedding_coeff': '1', 'non_embedding_coeff': '1'}
2026-08-23 03:39:34.502 /testbed/scripts/stat_utils/cal_mfu.py:72 scripts.stat_utils.cal_mfu.compute_model_flops event=line locals={}
2026-08-23 03:39:34.502 /testbed/scripts/stat_utils/cal_mfu.py:73 scripts.stat_utils.cal_mfu.compute_model_flops event=line locals={'non_embedding_coeff': '3'}
2026-08-23 03:39:34.502 /testbed/scripts/stat_utils/cal_mfu.py:75 scripts.stat_utils.cal_mfu.compute_model_flops event=line locals={'embedding_coeff': '3'}
2026-08-23 03:39:34.502 /testbed/scripts/stat_utils/cal_mfu.py:78 scripts.stat_utils.cal_mfu.compute_model_flops event=line locals={}
2026-08-23 03:39:34.502 /testbed/scripts/stat_utils/cal_mfu.py:80 scripts.stat_utils.cal_mfu.compute_model_flops event=line locals={'total_flops': '45621541632'}
2026-08-23 03:39:34.502 /testbed/scripts/stat_utils/cal_mfu.py:83 scripts.stat_utils.cal_mfu.compute_model_flops event=line locals={}
2026-08-23 03:39:34.502 /testbed/scripts/stat_utils/cal_mfu.py:83 scripts.stat_utils.cal_mfu.compute_model_flops event=return retval=45621541632 locals={'attn_proj_flops': '3885639680', 'attn_proj_flops_per_token': '739840', 'config': 'namespace(hidden_size=272, vocab_size=1680, intermediate_size=1232, num_attention_heads=4, num_key_value_heads=6, num_hidden_layers=13, tie_word_embeddings=True)', 'embedding_coeff': '3', 'embedding_flops': '184611840', 'embedding_flops_per_token': '456960', 'hidden_size': '272', 'include_backward': 'True', 'include_flashattn': 'False', 'include_recompute': 'False', 'intermediate_size': '1232', 'k_flops_per_token': '221952', 'mlp_flops': '10559797248', 'mlp_flops_per_token': '2010624', 'model_name_or_path': "'generated/llllllllllllllllllllllllllllllllllllllll/284'", 'non_embedding_coeff': '3', 'non_embedding_flops': '15022568704', 'num_attention_heads': '4', 'num_hidden_layers': '13', 'num_key_value_heads': '6', 'o_flops_per_token': '147968', 'q_flops_per_token': '147968', 'sdpa_flops': '577131776', 'sdpa_flops_per_layer': '11098688', 'seq_length': '101', 'tie_word_embeddings': 'True', 'total_batch_size': '4', 'total_flops': '45621541632', 'v_flops_per_token': '221952', 'vocab_size': '1680'}
2026-08-23 03:39:34.504 /testbed/scripts/stat_utils/cal_mfu.py:29 scripts.stat_utils.cal_mfu.compute_model_flops event=call locals={'include_backward': 'True', 'include_flashattn': 'False', 'include_recompute': 'False', 'model_name_or_path': "'generated/stuvwxyzabcdefghijklmnopqrstuvwxyzabcdef/356'", 'seq_length': '72', 'total_batch_size': '1'}
2026-08-23 03:39:34.504 /testbed/scripts/stat_utils/cal_mfu.py:38 scripts.stat_utils.cal_mfu.compute_model_flops event=line locals={}
2026-08-23 03:39:34.508 /testbed/scripts/stat_utils/cal_mfu.py:39 scripts.stat_utils.cal_mfu.compute_model_flops event=line locals={'config': 'namespace(hidden_size=152, vocab_size=1740, intermediate_size=544, num_attention_heads=20, num_key_value_heads=4, num_hidden_layers=8, tie_word_embeddings=False)'}
2026-08-23 03:39:34.508 /testbed/scripts/stat_utils/cal_mfu.py:40 scripts.stat_utils.cal_mfu.compute_model_flops event=line locals={'hidden_size': '152'}
2026-08-23 03:39:34.508 /testbed/scripts/stat_utils/cal_mfu.py:41 scripts.stat_utils.cal_mfu.compute_model_flops event=line locals={'vocab_size': '1740'}
2026-08-23 03:39:34.508 /testbed/scripts/stat_utils/cal_mfu.py:42 scripts.stat_utils.cal_mfu.compute_model_flops event=line locals={'intermediate_size': '544'}
2026-08-23 03:39:34.508 /testbed/scripts/stat_utils/cal_mfu.py:43 scripts.stat_utils.cal_mfu.compute_model_flops event=line locals={'num_attention_heads': '20'}
2026-08-23 03:39:34.508 /testbed/scripts/stat_utils/cal_mfu.py:44 scripts.stat_utils.cal_mfu.compute_model_flops event=line locals={'num_key_value_heads': '4'}
2026-08-23 03:39:34.508 /testbed/scripts/stat_utils/cal_mfu.py:45 scripts.stat_utils.cal_mfu.compute_model_flops event=line locals={'num_hidden_layers': '8'}
2026-08-23 03:39:34.508 /testbed/scripts/stat_utils/cal_mfu.py:48 scripts.stat_utils.cal_mfu.compute_model_flops event=line locals={'tie_word_embeddings': 'False'}
2026-08-23 03:39:34.508 /testbed/scripts/stat_utils/cal_mfu.py:49 scripts.stat_utils.cal_mfu.compute_model_flops event=line locals={'mlp_flops_per_token': '496128'}
2026-08-23 03:39:34.508 /testbed/scripts/stat_utils/cal_mfu.py:52 scripts.stat_utils.cal_mfu.compute_model_flops event=line locals={'mlp_flops': '285769728'}
2026-08-23 03:39:34.508 /testbed/scripts/stat_utils/cal_mfu.py:53 scripts.stat_utils.cal_mfu.compute_model_flops event=line locals={'q_flops_per_token': '46208'}
2026-08-23 03:39:34.508 /testbed/scripts/stat_utils/cal_mfu.py:54 scripts.stat_utils.cal_mfu.compute_model_flops event=line locals={'o_flops_per_token': '46208'}
2026-08-23 03:39:34.508 /testbed/scripts/stat_utils/cal_mfu.py:55 scripts.stat_utils.cal_mfu.compute_model_flops event=line locals={'k_flops_per_token': '9241'}
2026-08-23 03:39:34.508 /testbed/scripts/stat_utils/cal_mfu.py:56 scripts.stat_utils.cal_mfu.compute_model_flops event=line locals={'v_flops_per_token': '9241'}
2026-08-23 03:39:34.508 /testbed/scripts/stat_utils/cal_mfu.py:57 scripts.stat_utils.cal_mfu.compute_model_flops event=line locals={'attn_proj_flops_per_token': '110898'}
2026-08-23 03:39:34.508 /testbed/scripts/stat_utils/cal_mfu.py:60 scripts.stat_utils.cal_mfu.compute_model_flops event=line locals={'attn_proj_flops': '63877248'}
2026-08-23 03:39:34.508 /testbed/scripts/stat_utils/cal_mfu.py:61 scripts.stat_utils.cal_mfu.compute_model_flops event=line locals={'sdpa_flops_per_layer': '3151872'}
2026-08-23 03:39:34.508 /testbed/scripts/stat_utils/cal_mfu.py:64 scripts.stat_utils.cal_mfu.compute_model_flops event=line locals={'sdpa_flops': '25214976'}
2026-08-23 03:39:34.508 /testbed/scripts/stat_utils/cal_mfu.py:65 scripts.stat_utils.cal_mfu.compute_model_flops event=line locals={'embedding_flops_per_token': '264480'}
2026-08-23 03:39:34.508 /testbed/scripts/stat_utils/cal_mfu.py:66 scripts.stat_utils.cal_mfu.compute_model_flops event=line locals={'embedding_flops': '19042560'}
2026-08-23 03:39:34.508 /testbed/scripts/stat_utils/cal_mfu.py:67 scripts.stat_utils.cal_mfu.compute_model_flops event=line locals={}
2026-08-23 03:39:34.508 /testbed/scripts/stat_utils/cal_mfu.py:69 scripts.stat_utils.cal_mfu.compute_model_flops event=line locals={'embedding_flops': '38085120'}
2026-08-23 03:39:34.508 /testbed/scripts/stat_utils/cal_mfu.py:70 scripts.stat_utils.cal_mfu.compute_model_flops event=line locals={'non_embedding_flops': '374861952'}
2026-08-23 03:39:34.508 /testbed/scripts/stat_utils/cal_mfu.py:71 scripts.stat_utils.cal_mfu.compute_model_flops event=line locals={'embedding_coeff': '1', 'non_embedding_coeff': '1'}
2026-08-23 03:39:34.508 /testbed/scripts/stat_utils/cal_mfu.py:72 scripts.stat_utils.cal_mfu.compute_model_flops event=line locals={}
2026-08-23 03:39:34.508 /testbed/scripts/stat_utils/cal_mfu.py:73 scripts.stat_utils.cal_mfu.compute_model_flops event=line locals={'non_embedding_coeff': '3'}
2026-08-23 03:39:34.508 /testbed/scripts/stat_utils/cal_mfu.py:75 scripts.stat_utils.cal_mfu.compute_model_flops event=line locals={'embedding_coeff': '3'}
2026-08-23 03:39:34.508 /testbed/scripts/stat_utils/cal_mfu.py:78 scripts.stat_utils.cal_mfu.compute_model_flops event=line locals={}
2026-08-23 03:39:34.508 /testbed/scripts/stat_utils/cal_mfu.py:80 scripts.stat_utils.cal_mfu.compute_model_flops event=line locals={'total_flops': '1238841216'}
2026-08-23 03:39:34.508 /testbed/scripts/stat_utils/cal_mfu.py:83 scripts.stat_utils.cal_mfu.compute_model_flops event=line locals={}
2026-08-23 03:39:34.508 /testbed/scripts/stat_utils/cal_mfu.py:83 scripts.stat_utils.cal_mfu.compute_model_flops event=return retval=1238841216 locals={'attn_proj_flops': '63877248', 'attn_proj_flops_per_token': '110898', 'config': 'namespace(hidden_size=152, vocab_size=1740, intermediate_size=544, num_attention_heads=20, num_key_value_heads=4, num_hidden_layers=8, tie_word_embeddings=False)', 'embedding_coeff': '3', 'embedding_flops': '38085120', 'embedding_flops_per_token': '264480', 'hidden_size': '152', 'include_backward': 'True', 'include_flashattn': 'False', 'include_recompute': 'False', 'intermediate_size': '544', 'k_flops_per_token': '9241', 'mlp_flops': '285769728', 'mlp_flops_per_token': '496128', 'model_name_or_path': "'generated/stuvwxyzabcdefghijklmnopqrstuvwxyzabcdef/356'", 'non_embedding_coeff': '3', 'non_embedding_flops': '374861952', 'num_attention_heads': '20', 'num_hidden_layers': '8', 'num_key_value_heads': '4', 'o_flops_per_token': '46208', 'q_flops_per_token': '46208', 'sdpa_flops': '25214976', 'sdpa_flops_per_layer': '3151872', 'seq_length': '72', 'tie_word_embeddings': 'False', 'total_batch_size': '1', 'total_flops': '1238841216', 'v_flops_per_token': '9241', 'vocab_size': '1740'}
2026-08-23 03:39:34.510 /testbed/scripts/stat_utils/cal_mfu.py:29 scripts.stat_utils.cal_mfu.compute_model_flops event=call locals={'include_backward': 'True', 'include_flashattn': 'False', 'include_recompute': 'False', 'model_name_or_path': "'generated/zbdfhjlnprtvxzbdfhjlnprtvxzbdfhjlnprtvxz/376'", 'seq_length': '51', 'total_batch_size': '3'}
2026-08-23 03:39:34.510 /testbed/scripts/stat_utils/cal_mfu.py:38 scripts.stat_utils.cal_mfu.compute_model_flops event=line locals={}
2026-08-23 03:39:34.514 /testbed/scripts/stat_utils/cal_mfu.py:39 scripts.stat_utils.cal_mfu.compute_model_flops event=line locals={'config': 'namespace(hidden_size=112, vocab_size=1676, intermediate_size=1200, num_attention_heads=19, num_key_value_heads=2, num_hidden_layers=6, tie_word_embeddings=False)'}
2026-08-23 03:39:34.514 /testbed/scripts/stat_utils/cal_mfu.py:40 scripts.stat_utils.cal_mfu.compute_model_flops event=line locals={'hidden_size': '112'}
2026-08-23 03:39:34.514 /testbed/scripts/stat_utils/cal_mfu.py:41 scripts.stat_utils.cal_mfu.compute_model_flops event=line locals={'vocab_size': '1676'}
2026-08-23 03:39:34.514 /testbed/scripts/stat_utils/cal_mfu.py:42 scripts.stat_utils.cal_mfu.compute_model_flops event=line locals={'intermediate_size': '1200'}
2026-08-23 03:39:34.514 /testbed/scripts/stat_utils/cal_mfu.py:43 scripts.stat_utils.cal_mfu.compute_model_flops event=line locals={'num_attention_heads': '19'}
2026-08-23 03:39:34.514 /testbed/scripts/stat_utils/cal_mfu.py:44 scripts.stat_utils.cal_mfu.compute_model_flops event=line locals={'num_key_value_heads': '2'}
2026-08-23 03:39:34.514 /testbed/scripts/stat_utils/cal_mfu.py:45 scripts.stat_utils.cal_mfu.compute_model_flops event=line locals={'num_hidden_layers': '6'}
2026-08-23 03:39:34.514 /testbed/scripts/stat_utils/cal_mfu.py:48 scripts.stat_utils.cal_mfu.compute_model_flops event=line locals={'tie_word_embeddings': 'False'}
2026-08-23 03:39:34.514 /testbed/scripts/stat_utils/cal_mfu.py:49 scripts.stat_utils.cal_mfu.compute_model_flops event=line locals={'mlp_flops_per_token': '806400'}
2026-08-23 03:39:34.514 /testbed/scripts/stat_utils/cal_mfu.py:52 scripts.stat_utils.cal_mfu.compute_model_flops event=line locals={'mlp_flops': '740275200'}
2026-08-23 03:39:34.514 /testbed/scripts/stat_utils/cal_mfu.py:53 scripts.stat_utils.cal_mfu.compute_model_flops event=line locals={'q_flops_per_token': '25088'}
2026-08-23 03:39:34.514 /testbed/scripts/stat_utils/cal_mfu.py:54 scripts.stat_utils.cal_mfu.compute_model_flops event=line locals={'o_flops_per_token': '25088'}
2026-08-23 03:39:34.514 /testbed/scripts/stat_utils/cal_mfu.py:55 scripts.stat_utils.cal_mfu.compute_model_flops event=line locals={'k_flops_per_token': '2640'}
2026-08-23 03:39:34.514 /testbed/scripts/stat_utils/cal_mfu.py:56 scripts.stat_utils.cal_mfu.compute_model_flops event=line locals={'v_flops_per_token': '2640'}
2026-08-23 03:39:34.514 /testbed/scripts/stat_utils/cal_mfu.py:57 scripts.stat_utils.cal_mfu.compute_model_flops event=line locals={'attn_proj_flops_per_token': '55456'}
2026-08-23 03:39:34.514 /testbed/scripts/stat_utils/cal_mfu.py:60 scripts.stat_utils.cal_mfu.compute_model_flops event=line locals={'attn_proj_flops': '50908608'}
2026-08-23 03:39:34.514 /testbed/scripts/stat_utils/cal_mfu.py:61 scripts.stat_utils.cal_mfu.compute_model_flops event=line locals={'sdpa_flops_per_layer': '1165248'}
2026-08-23 03:39:34.514 /testbed/scripts/stat_utils/cal_mfu.py:64 scripts.stat_utils.cal_mfu.compute_model_flops event=line locals={'sdpa_flops': '20974464'}
2026-08-23 03:39:34.514 /testbed/scripts/stat_utils/cal_mfu.py:65 scripts.stat_utils.cal_mfu.compute_model_flops event=line locals={'embedding_flops_per_token': '187712'}
2026-08-23 03:39:34.514 /testbed/scripts/stat_utils/cal_mfu.py:66 scripts.stat_utils.cal_mfu.compute_model_flops event=line locals={'embedding_flops': '28719936'}
2026-08-23 03:39:34.514 /testbed/scripts/stat_utils/cal_mfu.py:67 scripts.stat_utils.cal_mfu.compute_model_flops event=line locals={}
2026-08-23 03:39:34.514 /testbed/scripts/stat_utils/cal_mfu.py:69 scripts.stat_utils.cal_mfu.compute_model_flops event=line locals={'embedding_flops': '57439872'}
2026-08-23 03:39:34.514 /testbed/scripts/stat_utils/cal_mfu.py:70 scripts.stat_utils.cal_mfu.compute_model_flops event=line locals={'non_embedding_flops': '812158272'}
2026-08-23 03:39:34.514 /testbed/scripts/stat_utils/cal_mfu.py:71 scripts.stat_utils.cal_mfu.compute_model_flops event=line locals={'embedding_coeff': '1', 'non_embedding_coeff': '1'}
2026-08-23 03:39:34.514 /testbed/scripts/stat_utils/cal_mfu.py:72 scripts.stat_utils.cal_mfu.compute_model_flops event=line locals={}
2026-08-23 03:39:34.514 /testbed/scripts/stat_utils/cal_mfu.py:73 scripts.stat_utils.cal_mfu.compute_model_flops event=line locals={'non_embedding_coeff': '3'}
2026-08-23 03:39:34.514 /testbed/scripts/stat_utils/cal_mfu.py:75 scripts.stat_utils.cal_mfu.compute_model_flops event=line locals={'embedding_coeff': '3'}
2026-08-23 03:39:34.514 /testbed/scripts/stat_utils/cal_mfu.py:78 scripts.stat_utils.cal_mfu.compute_model_flops event=line locals={}
2026-08-23 03:39:34.514 /testbed/scripts/stat_utils/cal_mfu.py:80 scripts.stat_utils.cal_mfu.compute_model_flops event=line locals={'total_flops': '2608794432'}
2026-08-23 03:39:34.514 /testbed/scripts/stat_utils/cal_mfu.py:83 scripts.stat_utils.cal_mfu.compute_model_flops event=line locals={}
2026-08-23 03:39:34.514 /testbed/scripts/stat_utils/cal_mfu.py:83 scripts.stat_utils.cal_mfu.compute_model_flops event=return retval=2608794432 locals={'attn_proj_flops': '50908608', 'attn_proj_flops_per_token': '55456', 'config': 'namespace(hidden_size=112, vocab_size=1676, intermediate_size=1200, num_attention_heads=19, num_key_value_heads=2, num_hidden_layers=6, tie_word_embeddings=False)', 'embedding_coeff': '3', 'embedding_flops': '57439872', 'embedding_flops_per_token': '187712', 'hidden_size': '112', 'include_backward': 'True', 'include_flashattn': 'False', 'include_recompute': 'False', 'intermediate_size': '1200', 'k_flops_per_token': '2640', 'mlp_flops': '740275200', 'mlp_flops_per_token': '806400', 'model_name_or_path': "'generated/zbdfhjlnprtvxzbdfhjlnprtvxzbdfhjlnprtvxz/376'", 'non_embedding_coeff': '3', 'non_embedding_flops': '812158272', 'num_attention_heads': '19', 'num_hidden_layers': '6', 'num_key_value_heads': '2', 'o_flops_per_token': '25088', 'q_flops_per_token': '25088', 'sdpa_flops': '20974464', 'sdpa_flops_per_layer': '1165248', 'seq_length': '51', 'tie_word_embeddings': 'False', 'total_batch_size': '3', 'total_flops': '2608794432', 'v_flops_per_token': '2640', 'vocab_size': '1676'}
