2026-08-23 04:32:42.369 [TRACE][START] pid=47 TRACE_OUT='/testbed/logs/scrapy_qa/crawler_crawl_async_m5_exceptions__pert_llm_s0/trace.log' TRACE_FILE='scrapy/crawler.py' TRACE_FUNCS=['Crawler.crawl_async'] TRACE_EVENTS=['call', 'exception', 'line', 'return']
2026-08-23 04:32:42.688 /testbed/scrapy/crawler.py:285 scrapy.crawler.Crawler.crawl_async event=call locals={'args': '()', 'kwargs': "{'generated': 150}", 'self': '<testcase._ScenarioCrawler object at 0x79c4b9a46e90>'}
2026-08-23 04:32:42.688 /testbed/scrapy/crawler.py:294 scrapy.crawler.Crawler.crawl_async event=line locals={}
2026-08-23 04:32:42.688 /testbed/scrapy/crawler.py:296 scrapy.crawler.Crawler.crawl_async event=line locals={}
2026-08-23 04:32:42.688 /testbed/scrapy/crawler.py:300 scrapy.crawler.Crawler.crawl_async event=line locals={}
2026-08-23 04:32:42.688 /testbed/scrapy/crawler.py:302 scrapy.crawler.Crawler.crawl_async event=line locals={}
2026-08-23 04:32:42.688 /testbed/scrapy/crawler.py:303 scrapy.crawler.Crawler.crawl_async event=line locals={}
2026-08-23 04:32:42.688 /testbed/scrapy/crawler.py:304 scrapy.crawler.Crawler.crawl_async event=line locals={}
2026-08-23 04:32:42.688 /testbed/scrapy/crawler.py:305 scrapy.crawler.Crawler.crawl_async event=line locals={}
2026-08-23 04:32:42.688 /testbed/scrapy/crawler.py:306 scrapy.crawler.Crawler.crawl_async event=line locals={}
2026-08-23 04:32:42.688 /testbed/scrapy/crawler.py:307 scrapy.crawler.Crawler.crawl_async event=line locals={}
2026-08-23 04:32:42.688 /testbed/scrapy/crawler.py:308 scrapy.crawler.Crawler.crawl_async event=line locals={}
2026-08-23 04:32:42.688 /testbed/scrapy/crawler.py:308 scrapy.crawler.Crawler.crawl_async event=return retval=None locals={'args': '()', 'kwargs': "{'generated': 150}", 'self': '<testcase._ScenarioCrawler object at 0x79c4b9a46e90>'}
2026-08-23 04:32:42.689 /testbed/scrapy/crawler.py:308 scrapy.crawler.Crawler.crawl_async event=call locals={'args': '()', 'kwargs': "{'generated': 150}", 'self': '<testcase._ScenarioCrawler object at 0x79c4b9a46e90>'}
2026-08-23 04:32:42.689 /testbed/scrapy/crawler.py:308 scrapy.crawler.Crawler.crawl_async event=exception exc=StopIteration: StopIteration() locals={}
2026-08-23 04:32:42.689 /testbed/scrapy/crawler.py:312 scrapy.crawler.Crawler.crawl_async event=line locals={'args': '()', 'kwargs': "{'generated': 150}", 'self': '<testcase._ScenarioCrawler object at 0x79c4b9a46e90>'}
2026-08-23 04:32:42.689 /testbed/scrapy/crawler.py:312 scrapy.crawler.Crawler.crawl_async event=return retval=None locals={'args': '()', 'kwargs': "{'generated': 150}", 'self': '<testcase._ScenarioCrawler object at 0x79c4b9a46e90>'}
2026-08-23 04:32:42.690 /testbed/scrapy/crawler.py:312 scrapy.crawler.Crawler.crawl_async event=call locals={'args': '()', 'kwargs': "{'generated': 150}", 'self': '<testcase._ScenarioCrawler object at 0x79c4b9a46e90>'}
2026-08-23 04:32:42.690 /testbed/scrapy/crawler.py:312 scrapy.crawler.Crawler.crawl_async event=exception exc=KeyError: KeyError(1009) locals={}
2026-08-23 04:32:42.690 /testbed/scrapy/crawler.py:313 scrapy.crawler.Crawler.crawl_async event=line locals={'args': '()', 'kwargs': "{'generated': 150}", 'self': '<testcase._ScenarioCrawler object at 0x79c4b9a46e90>'}
2026-08-23 04:32:42.690 /testbed/scrapy/crawler.py:314 scrapy.crawler.Crawler.crawl_async event=line locals={}
2026-08-23 04:32:42.690 /testbed/scrapy/crawler.py:315 scrapy.crawler.Crawler.crawl_async event=line locals={}
2026-08-23 04:32:42.690 /testbed/scrapy/crawler.py:316 scrapy.crawler.Crawler.crawl_async event=line locals={}
2026-08-23 04:32:42.690 /testbed/scrapy/crawler.py:316 scrapy.crawler.Crawler.crawl_async event=return retval=None locals={'args': '()', 'kwargs': "{'generated': 150}", 'self': '<testcase._ScenarioCrawler object at 0x79c4b9a46e90>'}
2026-08-23 04:32:42.691 /testbed/scrapy/crawler.py:316 scrapy.crawler.Crawler.crawl_async event=call locals={'args': '()', 'kwargs': "{'generated': 150}", 'self': '<testcase._ScenarioCrawler object at 0x79c4b9a46e90>'}
2026-08-23 04:32:42.691 /testbed/scrapy/crawler.py:316 scrapy.crawler.Crawler.crawl_async event=exception exc=StopIteration: StopIteration() locals={}
2026-08-23 04:32:42.691 /testbed/scrapy/crawler.py:317 scrapy.crawler.Crawler.crawl_async event=line locals={'args': '()', 'kwargs': "{'generated': 150}", 'self': '<testcase._ScenarioCrawler object at 0x79c4b9a46e90>'}
2026-08-23 04:32:42.691 /testbed/scrapy/crawler.py:317 scrapy.crawler.Crawler.crawl_async event=return retval=None locals={'args': '()', 'kwargs': "{'generated': 150}", 'self': '<testcase._ScenarioCrawler object at 0x79c4b9a46e90>'}
2026-08-23 04:32:42.715 [TRACE][START] pid=47 TRACE_OUT='/testbed/logs/scrapy_qa/crawler_crawl_async_m5_exceptions__pert_llm_s0/trace.log' TRACE_FILE='scrapy/crawler.py' TRACE_FUNCS=['Crawler.crawl_async'] TRACE_EVENTS=['call', 'exception', 'line', 'return']
2026-08-23 04:32:42.913 /testbed/scrapy/crawler.py:285 scrapy.crawler.Crawler.crawl_async event=call locals={'args': '()', 'kwargs': "{'generated': 145}", 'self': '<testcase._ScenarioCrawler object at 0x79c4b9b8fbd0>'}
2026-08-23 04:32:42.913 /testbed/scrapy/crawler.py:294 scrapy.crawler.Crawler.crawl_async event=line locals={}
2026-08-23 04:32:42.913 /testbed/scrapy/crawler.py:296 scrapy.crawler.Crawler.crawl_async event=line locals={}
2026-08-23 04:32:42.913 /testbed/scrapy/crawler.py:300 scrapy.crawler.Crawler.crawl_async event=line locals={}
2026-08-23 04:32:42.913 /testbed/scrapy/crawler.py:302 scrapy.crawler.Crawler.crawl_async event=line locals={}
2026-08-23 04:32:42.913 /testbed/scrapy/crawler.py:303 scrapy.crawler.Crawler.crawl_async event=line locals={}
2026-08-23 04:32:42.913 /testbed/scrapy/crawler.py:304 scrapy.crawler.Crawler.crawl_async event=line locals={}
2026-08-23 04:32:42.913 /testbed/scrapy/crawler.py:305 scrapy.crawler.Crawler.crawl_async event=line locals={}
2026-08-23 04:32:42.913 /testbed/scrapy/crawler.py:306 scrapy.crawler.Crawler.crawl_async event=line locals={}
2026-08-23 04:32:42.913 /testbed/scrapy/crawler.py:307 scrapy.crawler.Crawler.crawl_async event=line locals={}
2026-08-23 04:32:42.913 /testbed/scrapy/crawler.py:308 scrapy.crawler.Crawler.crawl_async event=line locals={}
2026-08-23 04:32:42.913 /testbed/scrapy/crawler.py:308 scrapy.crawler.Crawler.crawl_async event=return retval=None locals={'args': '()', 'kwargs': "{'generated': 145}", 'self': '<testcase._ScenarioCrawler object at 0x79c4b9b8fbd0>'}
2026-08-23 04:32:42.914 /testbed/scrapy/crawler.py:308 scrapy.crawler.Crawler.crawl_async event=call locals={'args': '()', 'kwargs': "{'generated': 145}", 'self': '<testcase._ScenarioCrawler object at 0x79c4b9b8fbd0>'}
2026-08-23 04:32:42.914 /testbed/scrapy/crawler.py:308 scrapy.crawler.Crawler.crawl_async event=exception exc=StopIteration: StopIteration() locals={}
2026-08-23 04:32:42.914 /testbed/scrapy/crawler.py:312 scrapy.crawler.Crawler.crawl_async event=line locals={'args': '()', 'kwargs': "{'generated': 145}", 'self': '<testcase._ScenarioCrawler object at 0x79c4b9b8fbd0>'}
2026-08-23 04:32:42.914 /testbed/scrapy/crawler.py:312 scrapy.crawler.Crawler.crawl_async event=return retval=None locals={'args': '()', 'kwargs': "{'generated': 145}", 'self': '<testcase._ScenarioCrawler object at 0x79c4b9b8fbd0>'}
2026-08-23 04:32:42.915 /testbed/scrapy/crawler.py:312 scrapy.crawler.Crawler.crawl_async event=call locals={'args': '()', 'kwargs': "{'generated': 145}", 'self': '<testcase._ScenarioCrawler object at 0x79c4b9b8fbd0>'}
2026-08-23 04:32:42.915 /testbed/scrapy/crawler.py:312 scrapy.crawler.Crawler.crawl_async event=exception exc=StopIteration: StopIteration() locals={}
2026-08-23 04:32:42.915 /testbed/scrapy/crawler.py:312 scrapy.crawler.Crawler.crawl_async event=return retval=None locals={'args': '()', 'kwargs': "{'generated': 145}", 'self': '<testcase._ScenarioCrawler object at 0x79c4b9b8fbd0>'}
2026-08-23 04:32:42.937 [TRACE][START] pid=47 TRACE_OUT='/testbed/logs/scrapy_qa/crawler_crawl_async_m5_exceptions__pert_llm_s0/trace.log' TRACE_FILE='scrapy/crawler.py' TRACE_FUNCS=['Crawler.crawl_async'] TRACE_EVENTS=['call', 'exception', 'line', 'return']
2026-08-23 04:32:43.138 /testbed/scrapy/crawler.py:285 scrapy.crawler.Crawler.crawl_async event=call locals={'args': '()', 'kwargs': "{'generated': 144}", 'self': '<testcase._ScenarioCrawler object at 0x79c4ba4ea910>'}
2026-08-23 04:32:43.138 /testbed/scrapy/crawler.py:294 scrapy.crawler.Crawler.crawl_async event=line locals={}
2026-08-23 04:32:43.138 /testbed/scrapy/crawler.py:296 scrapy.crawler.Crawler.crawl_async event=line locals={}
2026-08-23 04:32:43.138 /testbed/scrapy/crawler.py:300 scrapy.crawler.Crawler.crawl_async event=line locals={}
2026-08-23 04:32:43.138 /testbed/scrapy/crawler.py:302 scrapy.crawler.Crawler.crawl_async event=line locals={}
2026-08-23 04:32:43.138 /testbed/scrapy/crawler.py:303 scrapy.crawler.Crawler.crawl_async event=line locals={}
2026-08-23 04:32:43.138 /testbed/scrapy/crawler.py:304 scrapy.crawler.Crawler.crawl_async event=line locals={}
2026-08-23 04:32:43.138 /testbed/scrapy/crawler.py:305 scrapy.crawler.Crawler.crawl_async event=line locals={}
2026-08-23 04:32:43.138 /testbed/scrapy/crawler.py:306 scrapy.crawler.Crawler.crawl_async event=line locals={}
2026-08-23 04:32:43.138 /testbed/scrapy/crawler.py:307 scrapy.crawler.Crawler.crawl_async event=line locals={}
2026-08-23 04:32:43.138 /testbed/scrapy/crawler.py:308 scrapy.crawler.Crawler.crawl_async event=line locals={}
2026-08-23 04:32:43.138 /testbed/scrapy/crawler.py:308 scrapy.crawler.Crawler.crawl_async event=return retval=None locals={'args': '()', 'kwargs': "{'generated': 144}", 'self': '<testcase._ScenarioCrawler object at 0x79c4ba4ea910>'}
2026-08-23 04:32:43.139 /testbed/scrapy/crawler.py:308 scrapy.crawler.Crawler.crawl_async event=call locals={'args': '()', 'kwargs': "{'generated': 144}", 'self': '<testcase._ScenarioCrawler object at 0x79c4ba4ea910>'}
2026-08-23 04:32:43.139 /testbed/scrapy/crawler.py:308 scrapy.crawler.Crawler.crawl_async event=exception exc=CloseSpider: CloseSpider() locals={}
2026-08-23 04:32:43.139 /testbed/scrapy/crawler.py:309 scrapy.crawler.Crawler.crawl_async event=line locals={'args': '()', 'kwargs': "{'generated': 144}", 'self': '<testcase._ScenarioCrawler object at 0x79c4ba4ea910>'}
2026-08-23 04:32:43.139 /testbed/scrapy/crawler.py:310 scrapy.crawler.Crawler.crawl_async event=line locals={'exc': 'CloseSpider()'}
2026-08-23 04:32:43.139 /testbed/scrapy/crawler.py:310 scrapy.crawler.Crawler.crawl_async event=return retval=None locals={'args': '()', 'exc': 'CloseSpider()', 'kwargs': "{'generated': 144}", 'self': '<testcase._ScenarioCrawler object at 0x79c4ba4ea910>'}
2026-08-23 04:32:43.140 /testbed/scrapy/crawler.py:310 scrapy.crawler.Crawler.crawl_async event=call locals={'args': '()', 'exc': 'CloseSpider()', 'kwargs': "{'generated': 144}", 'self': '<testcase._ScenarioCrawler object at 0x79c4ba4ea910>'}
2026-08-23 04:32:43.140 /testbed/scrapy/crawler.py:310 scrapy.crawler.Crawler.crawl_async event=exception exc=AttributeError: AttributeError("'object' object has no attribute 'opqrstuvwxyzabcdefghijklmno'") locals={}
2026-08-23 04:32:43.140 /testbed/scrapy/crawler.py:313 scrapy.crawler.Crawler.crawl_async event=line locals={'args': '()', 'kwargs': "{'generated': 144}", 'self': '<testcase._ScenarioCrawler object at 0x79c4ba4ea910>'}
2026-08-23 04:32:43.140 /testbed/scrapy/crawler.py:314 scrapy.crawler.Crawler.crawl_async event=line locals={}
2026-08-23 04:32:43.140 /testbed/scrapy/crawler.py:315 scrapy.crawler.Crawler.crawl_async event=line locals={}
2026-08-23 04:32:43.140 /testbed/scrapy/crawler.py:316 scrapy.crawler.Crawler.crawl_async event=line locals={}
2026-08-23 04:32:43.140 /testbed/scrapy/crawler.py:316 scrapy.crawler.Crawler.crawl_async event=return retval=None locals={'args': '()', 'kwargs': "{'generated': 144}", 'self': '<testcase._ScenarioCrawler object at 0x79c4ba4ea910>'}
2026-08-23 04:32:43.141 /testbed/scrapy/crawler.py:316 scrapy.crawler.Crawler.crawl_async event=call locals={'args': '()', 'kwargs': "{'generated': 144}", 'self': '<testcase._ScenarioCrawler object at 0x79c4ba4ea910>'}
2026-08-23 04:32:43.141 /testbed/scrapy/crawler.py:316 scrapy.crawler.Crawler.crawl_async event=exception exc=AttributeError: AttributeError("'object' object has no attribute 'uvwxyzabcd'") locals={}
2026-08-23 04:32:43.141 /testbed/scrapy/crawler.py:316 scrapy.crawler.Crawler.crawl_async event=return retval=None locals={'args': '()', 'kwargs': "{'generated': 144}", 'self': '<testcase._ScenarioCrawler object at 0x79c4ba4ea910>'}
2026-08-23 04:32:43.163 [TRACE][START] pid=47 TRACE_OUT='/testbed/logs/scrapy_qa/crawler_crawl_async_m5_exceptions__pert_llm_s0/trace.log' TRACE_FILE='scrapy/crawler.py' TRACE_FUNCS=['Crawler.crawl_async'] TRACE_EVENTS=['call', 'exception', 'line', 'return']
2026-08-23 04:32:43.359 /testbed/scrapy/crawler.py:285 scrapy.crawler.Crawler.crawl_async event=call locals={'args': '()', 'kwargs': "{'generated': 151}", 'self': '<testcase._ScenarioCrawler object at 0x79c4b9a748d0>'}
2026-08-23 04:32:43.360 /testbed/scrapy/crawler.py:294 scrapy.crawler.Crawler.crawl_async event=line locals={}
2026-08-23 04:32:43.360 /testbed/scrapy/crawler.py:296 scrapy.crawler.Crawler.crawl_async event=line locals={}
2026-08-23 04:32:43.360 /testbed/scrapy/crawler.py:300 scrapy.crawler.Crawler.crawl_async event=line locals={}
2026-08-23 04:32:43.360 /testbed/scrapy/crawler.py:302 scrapy.crawler.Crawler.crawl_async event=line locals={}
2026-08-23 04:32:43.360 /testbed/scrapy/crawler.py:303 scrapy.crawler.Crawler.crawl_async event=line locals={}
2026-08-23 04:32:43.360 /testbed/scrapy/crawler.py:304 scrapy.crawler.Crawler.crawl_async event=line locals={}
2026-08-23 04:32:43.360 /testbed/scrapy/crawler.py:305 scrapy.crawler.Crawler.crawl_async event=line locals={}
2026-08-23 04:32:43.360 /testbed/scrapy/crawler.py:306 scrapy.crawler.Crawler.crawl_async event=line locals={}
2026-08-23 04:32:43.360 /testbed/scrapy/crawler.py:307 scrapy.crawler.Crawler.crawl_async event=line locals={}
2026-08-23 04:32:43.360 /testbed/scrapy/crawler.py:308 scrapy.crawler.Crawler.crawl_async event=line locals={}
2026-08-23 04:32:43.360 /testbed/scrapy/crawler.py:308 scrapy.crawler.Crawler.crawl_async event=return retval=None locals={'args': '()', 'kwargs': "{'generated': 151}", 'self': '<testcase._ScenarioCrawler object at 0x79c4b9a748d0>'}
2026-08-23 04:32:43.361 /testbed/scrapy/crawler.py:308 scrapy.crawler.Crawler.crawl_async event=call locals={'args': '()', 'kwargs': "{'generated': 151}", 'self': '<testcase._ScenarioCrawler object at 0x79c4b9a748d0>'}
2026-08-23 04:32:43.361 /testbed/scrapy/crawler.py:308 scrapy.crawler.Crawler.crawl_async event=exception exc=CloseSpider: CloseSpider() locals={}
2026-08-23 04:32:43.361 /testbed/scrapy/crawler.py:309 scrapy.crawler.Crawler.crawl_async event=line locals={'args': '()', 'kwargs': "{'generated': 151}", 'self': '<testcase._ScenarioCrawler object at 0x79c4b9a748d0>'}
2026-08-23 04:32:43.361 /testbed/scrapy/crawler.py:310 scrapy.crawler.Crawler.crawl_async event=line locals={'exc': 'CloseSpider()'}
2026-08-23 04:32:43.361 /testbed/scrapy/crawler.py:310 scrapy.crawler.Crawler.crawl_async event=return retval=None locals={'args': '()', 'exc': 'CloseSpider()', 'kwargs': "{'generated': 151}", 'self': '<testcase._ScenarioCrawler object at 0x79c4b9a748d0>'}
2026-08-23 04:32:43.362 /testbed/scrapy/crawler.py:310 scrapy.crawler.Crawler.crawl_async event=call locals={'args': '()', 'exc': 'CloseSpider()', 'kwargs': "{'generated': 151}", 'self': '<testcase._ScenarioCrawler object at 0x79c4b9a748d0>'}
2026-08-23 04:32:43.362 /testbed/scrapy/crawler.py:310 scrapy.crawler.Crawler.crawl_async event=exception exc=StopIteration: StopIteration() locals={}
2026-08-23 04:32:43.362 /testbed/scrapy/crawler.py:310 scrapy.crawler.Crawler.crawl_async event=return retval=None locals={'args': '()', 'kwargs': "{'generated': 151}", 'self': '<testcase._ScenarioCrawler object at 0x79c4b9a748d0>'}
2026-08-23 04:32:43.384 [TRACE][START] pid=47 TRACE_OUT='/testbed/logs/scrapy_qa/crawler_crawl_async_m5_exceptions__pert_llm_s0/trace.log' TRACE_FILE='scrapy/crawler.py' TRACE_FUNCS=['Crawler.crawl_async'] TRACE_EVENTS=['call', 'exception', 'line', 'return']
2026-08-23 04:32:43.584 /testbed/scrapy/crawler.py:285 scrapy.crawler.Crawler.crawl_async event=call locals={'args': '()', 'kwargs': "{'generated': 151}", 'self': '<testcase._ScenarioCrawler object at 0x79c4b9918810>'}
2026-08-23 04:32:43.584 /testbed/scrapy/crawler.py:294 scrapy.crawler.Crawler.crawl_async event=line locals={}
2026-08-23 04:32:43.584 /testbed/scrapy/crawler.py:296 scrapy.crawler.Crawler.crawl_async event=line locals={}
2026-08-23 04:32:43.584 /testbed/scrapy/crawler.py:300 scrapy.crawler.Crawler.crawl_async event=line locals={}
2026-08-23 04:32:43.584 /testbed/scrapy/crawler.py:302 scrapy.crawler.Crawler.crawl_async event=line locals={}
2026-08-23 04:32:43.584 /testbed/scrapy/crawler.py:303 scrapy.crawler.Crawler.crawl_async event=line locals={}
2026-08-23 04:32:43.584 /testbed/scrapy/crawler.py:304 scrapy.crawler.Crawler.crawl_async event=line locals={}
2026-08-23 04:32:43.584 /testbed/scrapy/crawler.py:305 scrapy.crawler.Crawler.crawl_async event=line locals={}
2026-08-23 04:32:43.584 /testbed/scrapy/crawler.py:306 scrapy.crawler.Crawler.crawl_async event=line locals={}
2026-08-23 04:32:43.585 /testbed/scrapy/crawler.py:306 scrapy.crawler.Crawler.crawl_async event=exception exc=UnicodeDecodeError: UnicodeDecodeError('ascii', b'Ty\x9e\xc3\xe8\r2W|\xa1\xc6\xeb\x105Z\x7f\xa4\xc9\xee', 2, 3, 'ordinal not in range(128)') locals={}
2026-08-23 04:32:43.585 /testbed/scrapy/crawler.py:313 scrapy.crawler.Crawler.crawl_async event=line locals={'args': '()', 'kwargs': "{'generated': 151}", 'self': '<testcase._ScenarioCrawler object at 0x79c4b9918810>'}
2026-08-23 04:32:43.585 /testbed/scrapy/crawler.py:314 scrapy.crawler.Crawler.crawl_async event=line locals={}
2026-08-23 04:32:43.585 /testbed/scrapy/crawler.py:315 scrapy.crawler.Crawler.crawl_async event=line locals={}
2026-08-23 04:32:43.585 /testbed/scrapy/crawler.py:317 scrapy.crawler.Crawler.crawl_async event=line locals={}
2026-08-23 04:32:43.585 /testbed/scrapy/crawler.py:317 scrapy.crawler.Crawler.crawl_async event=return retval=None locals={'args': '()', 'kwargs': "{'generated': 151}", 'self': '<testcase._ScenarioCrawler object at 0x79c4b9918810>'}
2026-08-23 04:32:43.606 [TRACE][START] pid=47 TRACE_OUT='/testbed/logs/scrapy_qa/crawler_crawl_async_m5_exceptions__pert_llm_s0/trace.log' TRACE_FILE='scrapy/crawler.py' TRACE_FUNCS=['Crawler.crawl_async'] TRACE_EVENTS=['call', 'exception', 'line', 'return']
2026-08-23 04:32:43.801 /testbed/scrapy/crawler.py:285 scrapy.crawler.Crawler.crawl_async event=call locals={'args': '()', 'kwargs': "{'generated': 151}", 'self': '<testcase._ScenarioCrawler object at 0x79c4b9b91090>'}
2026-08-23 04:32:43.801 /testbed/scrapy/crawler.py:294 scrapy.crawler.Crawler.crawl_async event=line locals={}
2026-08-23 04:32:43.801 /testbed/scrapy/crawler.py:296 scrapy.crawler.Crawler.crawl_async event=line locals={}
2026-08-23 04:32:43.801 /testbed/scrapy/crawler.py:300 scrapy.crawler.Crawler.crawl_async event=line locals={}
2026-08-23 04:32:43.802 /testbed/scrapy/crawler.py:302 scrapy.crawler.Crawler.crawl_async event=line locals={}
2026-08-23 04:32:43.802 /testbed/scrapy/crawler.py:303 scrapy.crawler.Crawler.crawl_async event=line locals={}
2026-08-23 04:32:43.802 /testbed/scrapy/crawler.py:304 scrapy.crawler.Crawler.crawl_async event=line locals={}
2026-08-23 04:32:43.802 /testbed/scrapy/crawler.py:305 scrapy.crawler.Crawler.crawl_async event=line locals={}
2026-08-23 04:32:43.802 /testbed/scrapy/crawler.py:305 scrapy.crawler.Crawler.crawl_async event=exception exc=AttributeError: AttributeError("'object' object has no attribute 'jklmnopq'") locals={}
2026-08-23 04:32:43.802 /testbed/scrapy/crawler.py:313 scrapy.crawler.Crawler.crawl_async event=line locals={'args': '()', 'kwargs': "{'generated': 151}", 'self': '<testcase._ScenarioCrawler object at 0x79c4b9b91090>'}
2026-08-23 04:32:43.802 /testbed/scrapy/crawler.py:314 scrapy.crawler.Crawler.crawl_async event=line locals={}
2026-08-23 04:32:43.802 /testbed/scrapy/crawler.py:315 scrapy.crawler.Crawler.crawl_async event=line locals={}
2026-08-23 04:32:43.802 /testbed/scrapy/crawler.py:317 scrapy.crawler.Crawler.crawl_async event=line locals={}
2026-08-23 04:32:43.802 /testbed/scrapy/crawler.py:317 scrapy.crawler.Crawler.crawl_async event=return retval=None locals={'args': '()', 'kwargs': "{'generated': 151}", 'self': '<testcase._ScenarioCrawler object at 0x79c4b9b91090>'}
2026-08-23 04:32:43.823 [TRACE][START] pid=47 TRACE_OUT='/testbed/logs/scrapy_qa/crawler_crawl_async_m5_exceptions__pert_llm_s0/trace.log' TRACE_FILE='scrapy/crawler.py' TRACE_FUNCS=['Crawler.crawl_async'] TRACE_EVENTS=['call', 'exception', 'line', 'return']
2026-08-23 04:32:44.018 /testbed/scrapy/crawler.py:285 scrapy.crawler.Crawler.crawl_async event=call locals={'args': '()', 'kwargs': "{'generated': 148}", 'self': '<testcase._ScenarioCrawler object at 0x79c4b9a47bd0>'}
2026-08-23 04:32:44.019 /testbed/scrapy/crawler.py:294 scrapy.crawler.Crawler.crawl_async event=line locals={}
2026-08-23 04:32:44.019 /testbed/scrapy/crawler.py:296 scrapy.crawler.Crawler.crawl_async event=line locals={}
2026-08-23 04:32:44.019 /testbed/scrapy/crawler.py:300 scrapy.crawler.Crawler.crawl_async event=line locals={}
2026-08-23 04:32:44.019 /testbed/scrapy/crawler.py:302 scrapy.crawler.Crawler.crawl_async event=line locals={}
2026-08-23 04:32:44.019 /testbed/scrapy/crawler.py:303 scrapy.crawler.Crawler.crawl_async event=line locals={}
2026-08-23 04:32:44.019 /testbed/scrapy/crawler.py:304 scrapy.crawler.Crawler.crawl_async event=line locals={}
2026-08-23 04:32:44.019 /testbed/scrapy/crawler.py:305 scrapy.crawler.Crawler.crawl_async event=line locals={}
2026-08-23 04:32:44.019 /testbed/scrapy/crawler.py:306 scrapy.crawler.Crawler.crawl_async event=line locals={}
2026-08-23 04:32:44.019 /testbed/scrapy/crawler.py:307 scrapy.crawler.Crawler.crawl_async event=line locals={}
2026-08-23 04:32:44.019 /testbed/scrapy/crawler.py:308 scrapy.crawler.Crawler.crawl_async event=line locals={}
2026-08-23 04:32:44.019 /testbed/scrapy/crawler.py:308 scrapy.crawler.Crawler.crawl_async event=return retval=None locals={'args': '()', 'kwargs': "{'generated': 148}", 'self': '<testcase._ScenarioCrawler object at 0x79c4b9a47bd0>'}
2026-08-23 04:32:44.020 /testbed/scrapy/crawler.py:308 scrapy.crawler.Crawler.crawl_async event=call locals={'args': '()', 'kwargs': "{'generated': 148}", 'self': '<testcase._ScenarioCrawler object at 0x79c4b9a47bd0>'}
2026-08-23 04:32:44.020 /testbed/scrapy/crawler.py:308 scrapy.crawler.Crawler.crawl_async event=exception exc=TypeError: TypeError("'NoneType' object is not iterable") locals={}
2026-08-23 04:32:44.020 /testbed/scrapy/crawler.py:309 scrapy.crawler.Crawler.crawl_async event=line locals={'args': '()', 'kwargs': "{'generated': 148}", 'self': '<testcase._ScenarioCrawler object at 0x79c4b9a47bd0>'}
2026-08-23 04:32:44.020 /testbed/scrapy/crawler.py:313 scrapy.crawler.Crawler.crawl_async event=line locals={}
2026-08-23 04:32:44.020 /testbed/scrapy/crawler.py:314 scrapy.crawler.Crawler.crawl_async event=line locals={}
2026-08-23 04:32:44.020 /testbed/scrapy/crawler.py:315 scrapy.crawler.Crawler.crawl_async event=line locals={}
2026-08-23 04:32:44.020 /testbed/scrapy/crawler.py:316 scrapy.crawler.Crawler.crawl_async event=line locals={}
2026-08-23 04:32:44.020 /testbed/scrapy/crawler.py:316 scrapy.crawler.Crawler.crawl_async event=return retval=None locals={'args': '()', 'kwargs': "{'generated': 148}", 'self': '<testcase._ScenarioCrawler object at 0x79c4b9a47bd0>'}
2026-08-23 04:32:44.021 /testbed/scrapy/crawler.py:316 scrapy.crawler.Crawler.crawl_async event=call locals={'args': '()', 'kwargs': "{'generated': 148}", 'self': '<testcase._ScenarioCrawler object at 0x79c4b9a47bd0>'}
2026-08-23 04:32:44.021 /testbed/scrapy/crawler.py:316 scrapy.crawler.Crawler.crawl_async event=exception exc=KeyError: KeyError(1145) locals={}
2026-08-23 04:32:44.021 /testbed/scrapy/crawler.py:316 scrapy.crawler.Crawler.crawl_async event=return retval=None locals={'args': '()', 'kwargs': "{'generated': 148}", 'self': '<testcase._ScenarioCrawler object at 0x79c4b9a47bd0>'}
2026-08-23 04:32:44.043 [TRACE][START] pid=47 TRACE_OUT='/testbed/logs/scrapy_qa/crawler_crawl_async_m5_exceptions__pert_llm_s0/trace.log' TRACE_FILE='scrapy/crawler.py' TRACE_FUNCS=['Crawler.crawl_async'] TRACE_EVENTS=['call', 'exception', 'line', 'return']
2026-08-23 04:32:44.241 /testbed/scrapy/crawler.py:285 scrapy.crawler.Crawler.crawl_async event=call locals={'args': '()', 'kwargs': "{'generated': 145}", 'self': '<testcase._ScenarioCrawler object at 0x79c4b98ffd50>'}
2026-08-23 04:32:44.241 /testbed/scrapy/crawler.py:294 scrapy.crawler.Crawler.crawl_async event=line locals={}
2026-08-23 04:32:44.241 /testbed/scrapy/crawler.py:296 scrapy.crawler.Crawler.crawl_async event=line locals={}
2026-08-23 04:32:44.241 /testbed/scrapy/crawler.py:300 scrapy.crawler.Crawler.crawl_async event=line locals={}
2026-08-23 04:32:44.241 /testbed/scrapy/crawler.py:302 scrapy.crawler.Crawler.crawl_async event=line locals={}
2026-08-23 04:32:44.241 /testbed/scrapy/crawler.py:303 scrapy.crawler.Crawler.crawl_async event=line locals={}
2026-08-23 04:32:44.241 /testbed/scrapy/crawler.py:304 scrapy.crawler.Crawler.crawl_async event=line locals={}
2026-08-23 04:32:44.241 /testbed/scrapy/crawler.py:305 scrapy.crawler.Crawler.crawl_async event=line locals={}
2026-08-23 04:32:44.241 /testbed/scrapy/crawler.py:306 scrapy.crawler.Crawler.crawl_async event=line locals={}
2026-08-23 04:32:44.241 /testbed/scrapy/crawler.py:307 scrapy.crawler.Crawler.crawl_async event=line locals={}
2026-08-23 04:32:44.241 /testbed/scrapy/crawler.py:308 scrapy.crawler.Crawler.crawl_async event=line locals={}
2026-08-23 04:32:44.241 /testbed/scrapy/crawler.py:308 scrapy.crawler.Crawler.crawl_async event=return retval=None locals={'args': '()', 'kwargs': "{'generated': 145}", 'self': '<testcase._ScenarioCrawler object at 0x79c4b98ffd50>'}
2026-08-23 04:32:44.242 /testbed/scrapy/crawler.py:308 scrapy.crawler.Crawler.crawl_async event=call locals={'args': '()', 'kwargs': "{'generated': 145}", 'self': '<testcase._ScenarioCrawler object at 0x79c4b98ffd50>'}
2026-08-23 04:32:44.242 /testbed/scrapy/crawler.py:308 scrapy.crawler.Crawler.crawl_async event=exception exc=ValueError: ValueError("invalid literal for int() with base 10: 'wdkryfmtah'") locals={}
2026-08-23 04:32:44.242 /testbed/scrapy/crawler.py:309 scrapy.crawler.Crawler.crawl_async event=line locals={'args': '()', 'kwargs': "{'generated': 145}", 'self': '<testcase._ScenarioCrawler object at 0x79c4b98ffd50>'}
2026-08-23 04:32:44.242 /testbed/scrapy/crawler.py:313 scrapy.crawler.Crawler.crawl_async event=line locals={}
2026-08-23 04:32:44.242 /testbed/scrapy/crawler.py:314 scrapy.crawler.Crawler.crawl_async event=line locals={}
2026-08-23 04:32:44.242 /testbed/scrapy/crawler.py:315 scrapy.crawler.Crawler.crawl_async event=line locals={}
2026-08-23 04:32:44.242 /testbed/scrapy/crawler.py:316 scrapy.crawler.Crawler.crawl_async event=line locals={}
2026-08-23 04:32:44.242 /testbed/scrapy/crawler.py:316 scrapy.crawler.Crawler.crawl_async event=return retval=None locals={'args': '()', 'kwargs': "{'generated': 145}", 'self': '<testcase._ScenarioCrawler object at 0x79c4b98ffd50>'}
2026-08-23 04:32:44.243 /testbed/scrapy/crawler.py:316 scrapy.crawler.Crawler.crawl_async event=call locals={'args': '()', 'kwargs': "{'generated': 145}", 'self': '<testcase._ScenarioCrawler object at 0x79c4b98ffd50>'}
2026-08-23 04:32:44.243 /testbed/scrapy/crawler.py:316 scrapy.crawler.Crawler.crawl_async event=exception exc=StopIteration: StopIteration() locals={}
2026-08-23 04:32:44.243 /testbed/scrapy/crawler.py:317 scrapy.crawler.Crawler.crawl_async event=line locals={'args': '()', 'kwargs': "{'generated': 145}", 'self': '<testcase._ScenarioCrawler object at 0x79c4b98ffd50>'}
2026-08-23 04:32:44.243 /testbed/scrapy/crawler.py:317 scrapy.crawler.Crawler.crawl_async event=return retval=None locals={'args': '()', 'kwargs': "{'generated': 145}", 'self': '<testcase._ScenarioCrawler object at 0x79c4b98ffd50>'}
2026-08-23 04:32:44.265 [TRACE][START] pid=47 TRACE_OUT='/testbed/logs/scrapy_qa/crawler_crawl_async_m5_exceptions__pert_llm_s0/trace.log' TRACE_FILE='scrapy/crawler.py' TRACE_FUNCS=['Crawler.crawl_async'] TRACE_EVENTS=['call', 'exception', 'line', 'return']
2026-08-23 04:32:44.482 /testbed/scrapy/crawler.py:285 scrapy.crawler.Crawler.crawl_async event=call locals={'args': '()', 'kwargs': "{'generated': 253}", 'self': '<testcase._ScenarioCrawler object at 0x79c4b98fe650>'}
2026-08-23 04:32:44.482 /testbed/scrapy/crawler.py:294 scrapy.crawler.Crawler.crawl_async event=line locals={}
2026-08-23 04:32:44.482 /testbed/scrapy/crawler.py:296 scrapy.crawler.Crawler.crawl_async event=line locals={}
2026-08-23 04:32:44.482 /testbed/scrapy/crawler.py:300 scrapy.crawler.Crawler.crawl_async event=line locals={}
2026-08-23 04:32:44.482 /testbed/scrapy/crawler.py:302 scrapy.crawler.Crawler.crawl_async event=line locals={}
2026-08-23 04:32:44.482 /testbed/scrapy/crawler.py:303 scrapy.crawler.Crawler.crawl_async event=line locals={}
2026-08-23 04:32:44.482 /testbed/scrapy/crawler.py:304 scrapy.crawler.Crawler.crawl_async event=line locals={}
2026-08-23 04:32:44.482 /testbed/scrapy/crawler.py:305 scrapy.crawler.Crawler.crawl_async event=line locals={}
2026-08-23 04:32:44.482 /testbed/scrapy/crawler.py:306 scrapy.crawler.Crawler.crawl_async event=line locals={}
2026-08-23 04:32:44.482 /testbed/scrapy/crawler.py:307 scrapy.crawler.Crawler.crawl_async event=line locals={}
2026-08-23 04:32:44.482 /testbed/scrapy/crawler.py:308 scrapy.crawler.Crawler.crawl_async event=line locals={}
2026-08-23 04:32:44.482 /testbed/scrapy/crawler.py:308 scrapy.crawler.Crawler.crawl_async event=return retval=None locals={'args': '()', 'kwargs': "{'generated': 253}", 'self': '<testcase._ScenarioCrawler object at 0x79c4b98fe650>'}
2026-08-23 04:32:44.483 /testbed/scrapy/crawler.py:285 scrapy.crawler.Crawler.crawl_async event=call locals={'args': '()', 'kwargs': "{'generated': 120}", 'self': '<testcase._ScenarioCrawler object at 0x79c4b98fe650>'}
2026-08-23 04:32:44.483 /testbed/scrapy/crawler.py:294 scrapy.crawler.Crawler.crawl_async event=line locals={}
2026-08-23 04:32:44.483 /testbed/scrapy/crawler.py:295 scrapy.crawler.Crawler.crawl_async event=line locals={}
2026-08-23 04:32:44.483 /testbed/scrapy/crawler.py:295 scrapy.crawler.Crawler.crawl_async event=exception exc=RuntimeError: RuntimeError('Crawling already taking place') locals={}
2026-08-23 04:32:44.483 /testbed/scrapy/crawler.py:295 scrapy.crawler.Crawler.crawl_async event=return retval=None locals={'args': '()', 'kwargs': "{'generated': 120}", 'self': '<testcase._ScenarioCrawler object at 0x79c4b98fe650>'}
2026-08-23 04:32:44.485 /testbed/scrapy/crawler.py:308 scrapy.crawler.Crawler.crawl_async event=call locals={'args': '()', 'kwargs': "{'generated': 253}", 'self': '<testcase._ScenarioCrawler object at 0x79c4b98fe650>'}
2026-08-23 04:32:44.485 /testbed/scrapy/crawler.py:308 scrapy.crawler.Crawler.crawl_async event=exception exc=StopIteration: StopIteration() locals={}
2026-08-23 04:32:44.485 /testbed/scrapy/crawler.py:312 scrapy.crawler.Crawler.crawl_async event=line locals={'args': '()', 'kwargs': "{'generated': 253}", 'self': '<testcase._ScenarioCrawler object at 0x79c4b98fe650>'}
2026-08-23 04:32:44.485 /testbed/scrapy/crawler.py:312 scrapy.crawler.Crawler.crawl_async event=return retval=None locals={'args': '()', 'kwargs': "{'generated': 253}", 'self': '<testcase._ScenarioCrawler object at 0x79c4b98fe650>'}
2026-08-23 04:32:44.486 /testbed/scrapy/crawler.py:312 scrapy.crawler.Crawler.crawl_async event=call locals={'args': '()', 'kwargs': "{'generated': 253}", 'self': '<testcase._ScenarioCrawler object at 0x79c4b98fe650>'}
2026-08-23 04:32:44.486 /testbed/scrapy/crawler.py:312 scrapy.crawler.Crawler.crawl_async event=exception exc=StopIteration: StopIteration() locals={}
2026-08-23 04:32:44.486 /testbed/scrapy/crawler.py:312 scrapy.crawler.Crawler.crawl_async event=return retval=None locals={'args': '()', 'kwargs': "{'generated': 253}", 'self': '<testcase._ScenarioCrawler object at 0x79c4b98fe650>'}
2026-08-23 04:32:44.508 [TRACE][START] pid=47 TRACE_OUT='/testbed/logs/scrapy_qa/crawler_crawl_async_m5_exceptions__pert_llm_s0/trace.log' TRACE_FILE='scrapy/crawler.py' TRACE_FUNCS=['Crawler.crawl_async'] TRACE_EVENTS=['call', 'exception', 'line', 'return']
2026-08-23 04:32:44.703 /testbed/scrapy/crawler.py:285 scrapy.crawler.Crawler.crawl_async event=call locals={'args': '()', 'kwargs': "{'generated': 210}", 'self': '<testcase._ScenarioCrawler object at 0x79c4b98fe250>'}
2026-08-23 04:32:44.703 /testbed/scrapy/crawler.py:294 scrapy.crawler.Crawler.crawl_async event=line locals={}
2026-08-23 04:32:44.703 /testbed/scrapy/crawler.py:296 scrapy.crawler.Crawler.crawl_async event=line locals={}
2026-08-23 04:32:44.703 /testbed/scrapy/crawler.py:300 scrapy.crawler.Crawler.crawl_async event=line locals={}
2026-08-23 04:32:44.703 /testbed/scrapy/crawler.py:302 scrapy.crawler.Crawler.crawl_async event=line locals={}
2026-08-23 04:32:44.703 /testbed/scrapy/crawler.py:303 scrapy.crawler.Crawler.crawl_async event=line locals={}
2026-08-23 04:32:44.703 /testbed/scrapy/crawler.py:304 scrapy.crawler.Crawler.crawl_async event=line locals={}
2026-08-23 04:32:44.704 /testbed/scrapy/crawler.py:304 scrapy.crawler.Crawler.crawl_async event=exception exc=KeyError: KeyError(3182) locals={}
2026-08-23 04:32:44.704 /testbed/scrapy/crawler.py:313 scrapy.crawler.Crawler.crawl_async event=line locals={'args': '()', 'kwargs': "{'generated': 210}", 'self': '<testcase._ScenarioCrawler object at 0x79c4b98fe250>'}
2026-08-23 04:32:44.704 /testbed/scrapy/crawler.py:314 scrapy.crawler.Crawler.crawl_async event=line locals={}
2026-08-23 04:32:44.704 /testbed/scrapy/crawler.py:315 scrapy.crawler.Crawler.crawl_async event=line locals={}
2026-08-23 04:32:44.704 /testbed/scrapy/crawler.py:317 scrapy.crawler.Crawler.crawl_async event=line locals={}
2026-08-23 04:32:44.704 /testbed/scrapy/crawler.py:317 scrapy.crawler.Crawler.crawl_async event=return retval=None locals={'args': '()', 'kwargs': "{'generated': 210}", 'self': '<testcase._ScenarioCrawler object at 0x79c4b98fe250>'}
2026-08-23 04:32:44.730 /testbed/scrapy/crawler.py:285 scrapy.crawler.Crawler.crawl_async event=call locals={'args': '()', 'kwargs': "{'generated': 276}", 'self': '<testcase._ScenarioCrawler object at 0x79c4b98fe250>'}
2026-08-23 04:32:44.731 /testbed/scrapy/crawler.py:294 scrapy.crawler.Crawler.crawl_async event=line locals={}
2026-08-23 04:32:44.731 /testbed/scrapy/crawler.py:296 scrapy.crawler.Crawler.crawl_async event=line locals={}
2026-08-23 04:32:44.731 /testbed/scrapy/crawler.py:297 scrapy.crawler.Crawler.crawl_async event=line locals={}
2026-08-23 04:32:44.731 /testbed/scrapy/crawler.py:298 scrapy.crawler.Crawler.crawl_async event=line locals={}
2026-08-23 04:32:44.731 /testbed/scrapy/crawler.py:297 scrapy.crawler.Crawler.crawl_async event=line locals={}
2026-08-23 04:32:44.731 /testbed/scrapy/crawler.py:297 scrapy.crawler.Crawler.crawl_async event=exception exc=RuntimeError: RuntimeError('Cannot run Crawler.crawl_async() more than once on the same instance.') locals={}
2026-08-23 04:32:44.731 /testbed/scrapy/crawler.py:297 scrapy.crawler.Crawler.crawl_async event=return retval=None locals={'args': '()', 'kwargs': "{'generated': 276}", 'self': '<testcase._ScenarioCrawler object at 0x79c4b98fe250>'}
2026-08-23 04:32:44.753 [TRACE][START] pid=47 TRACE_OUT='/testbed/logs/scrapy_qa/crawler_crawl_async_m5_exceptions__pert_llm_s0/trace.log' TRACE_FILE='scrapy/crawler.py' TRACE_FUNCS=['Crawler.crawl_async'] TRACE_EVENTS=['call', 'exception', 'line', 'return']
2026-08-23 04:32:44.950 /testbed/scrapy/crawler.py:285 scrapy.crawler.Crawler.crawl_async event=call locals={'args': '()', 'kwargs': "{'generated': 152}", 'self': '<testcase._ScenarioCrawler object at 0x79c4b98f3c50>'}
2026-08-23 04:32:44.950 /testbed/scrapy/crawler.py:294 scrapy.crawler.Crawler.crawl_async event=line locals={}
2026-08-23 04:32:44.950 /testbed/scrapy/crawler.py:296 scrapy.crawler.Crawler.crawl_async event=line locals={}
2026-08-23 04:32:44.950 /testbed/scrapy/crawler.py:300 scrapy.crawler.Crawler.crawl_async event=line locals={}
2026-08-23 04:32:44.950 /testbed/scrapy/crawler.py:302 scrapy.crawler.Crawler.crawl_async event=line locals={}
2026-08-23 04:32:44.950 /testbed/scrapy/crawler.py:303 scrapy.crawler.Crawler.crawl_async event=line locals={}
2026-08-23 04:32:44.950 /testbed/scrapy/crawler.py:304 scrapy.crawler.Crawler.crawl_async event=line locals={}
2026-08-23 04:32:44.950 /testbed/scrapy/crawler.py:305 scrapy.crawler.Crawler.crawl_async event=line locals={}
2026-08-23 04:32:44.950 /testbed/scrapy/crawler.py:306 scrapy.crawler.Crawler.crawl_async event=line locals={}
2026-08-23 04:32:44.950 /testbed/scrapy/crawler.py:307 scrapy.crawler.Crawler.crawl_async event=line locals={}
2026-08-23 04:32:44.950 /testbed/scrapy/crawler.py:308 scrapy.crawler.Crawler.crawl_async event=line locals={}
2026-08-23 04:32:44.950 /testbed/scrapy/crawler.py:308 scrapy.crawler.Crawler.crawl_async event=return retval=None locals={'args': '()', 'kwargs': "{'generated': 152}", 'self': '<testcase._ScenarioCrawler object at 0x79c4b98f3c50>'}
2026-08-23 04:32:44.951 /testbed/scrapy/crawler.py:308 scrapy.crawler.Crawler.crawl_async event=call locals={'args': '()', 'kwargs': "{'generated': 152}", 'self': '<testcase._ScenarioCrawler object at 0x79c4b98f3c50>'}
2026-08-23 04:32:44.951 /testbed/scrapy/crawler.py:308 scrapy.crawler.Crawler.crawl_async event=exception exc=OverflowError: OverflowError('math range error') locals={}
2026-08-23 04:32:44.951 /testbed/scrapy/crawler.py:309 scrapy.crawler.Crawler.crawl_async event=line locals={'args': '()', 'kwargs': "{'generated': 152}", 'self': '<testcase._ScenarioCrawler object at 0x79c4b98f3c50>'}
2026-08-23 04:32:44.951 /testbed/scrapy/crawler.py:313 scrapy.crawler.Crawler.crawl_async event=line locals={}
2026-08-23 04:32:44.951 /testbed/scrapy/crawler.py:314 scrapy.crawler.Crawler.crawl_async event=line locals={}
2026-08-23 04:32:44.951 /testbed/scrapy/crawler.py:315 scrapy.crawler.Crawler.crawl_async event=line locals={}
2026-08-23 04:32:44.951 /testbed/scrapy/crawler.py:316 scrapy.crawler.Crawler.crawl_async event=line locals={}
2026-08-23 04:32:44.951 /testbed/scrapy/crawler.py:316 scrapy.crawler.Crawler.crawl_async event=return retval=None locals={'args': '()', 'kwargs': "{'generated': 152}", 'self': '<testcase._ScenarioCrawler object at 0x79c4b98f3c50>'}
2026-08-23 04:32:44.952 /testbed/scrapy/crawler.py:316 scrapy.crawler.Crawler.crawl_async event=call locals={'args': '()', 'kwargs': "{'generated': 152}", 'self': '<testcase._ScenarioCrawler object at 0x79c4b98f3c50>'}
2026-08-23 04:32:44.952 /testbed/scrapy/crawler.py:316 scrapy.crawler.Crawler.crawl_async event=exception exc=StopIteration: StopIteration() locals={}
2026-08-23 04:32:44.952 /testbed/scrapy/crawler.py:317 scrapy.crawler.Crawler.crawl_async event=line locals={'args': '()', 'kwargs': "{'generated': 152}", 'self': '<testcase._ScenarioCrawler object at 0x79c4b98f3c50>'}
2026-08-23 04:32:44.952 /testbed/scrapy/crawler.py:317 scrapy.crawler.Crawler.crawl_async event=return retval=None locals={'args': '()', 'kwargs': "{'generated': 152}", 'self': '<testcase._ScenarioCrawler object at 0x79c4b98f3c50>'}
2026-08-23 04:32:44.974 [TRACE][START] pid=47 TRACE_OUT='/testbed/logs/scrapy_qa/crawler_crawl_async_m5_exceptions__pert_llm_s0/trace.log' TRACE_FILE='scrapy/crawler.py' TRACE_FUNCS=['Crawler.crawl_async'] TRACE_EVENTS=['call', 'exception', 'line', 'return']
2026-08-23 04:32:45.174 /testbed/scrapy/crawler.py:285 scrapy.crawler.Crawler.crawl_async event=call locals={'args': '()', 'kwargs': "{'generated': 150}", 'self': '<testcase._ScenarioCrawler object at 0x79c4b9a90510>'}
2026-08-23 04:32:45.174 /testbed/scrapy/crawler.py:294 scrapy.crawler.Crawler.crawl_async event=line locals={}
2026-08-23 04:32:45.174 /testbed/scrapy/crawler.py:296 scrapy.crawler.Crawler.crawl_async event=line locals={}
2026-08-23 04:32:45.174 /testbed/scrapy/crawler.py:300 scrapy.crawler.Crawler.crawl_async event=line locals={}
2026-08-23 04:32:45.174 /testbed/scrapy/crawler.py:302 scrapy.crawler.Crawler.crawl_async event=line locals={}
2026-08-23 04:32:45.174 /testbed/scrapy/crawler.py:303 scrapy.crawler.Crawler.crawl_async event=line locals={}
2026-08-23 04:32:45.174 /testbed/scrapy/crawler.py:304 scrapy.crawler.Crawler.crawl_async event=line locals={}
2026-08-23 04:32:45.174 /testbed/scrapy/crawler.py:305 scrapy.crawler.Crawler.crawl_async event=line locals={}
2026-08-23 04:32:45.174 /testbed/scrapy/crawler.py:306 scrapy.crawler.Crawler.crawl_async event=line locals={}
2026-08-23 04:32:45.174 /testbed/scrapy/crawler.py:307 scrapy.crawler.Crawler.crawl_async event=line locals={}
2026-08-23 04:32:45.174 /testbed/scrapy/crawler.py:308 scrapy.crawler.Crawler.crawl_async event=line locals={}
2026-08-23 04:32:45.174 /testbed/scrapy/crawler.py:308 scrapy.crawler.Crawler.crawl_async event=return retval=None locals={'args': '()', 'kwargs': "{'generated': 150}", 'self': '<testcase._ScenarioCrawler object at 0x79c4b9a90510>'}
2026-08-23 04:32:45.175 /testbed/scrapy/crawler.py:308 scrapy.crawler.Crawler.crawl_async event=call locals={'args': '()', 'kwargs': "{'generated': 150}", 'self': '<testcase._ScenarioCrawler object at 0x79c4b9a90510>'}
2026-08-23 04:32:45.175 /testbed/scrapy/crawler.py:308 scrapy.crawler.Crawler.crawl_async event=exception exc=StopIteration: StopIteration() locals={}
2026-08-23 04:32:45.175 /testbed/scrapy/crawler.py:312 scrapy.crawler.Crawler.crawl_async event=line locals={'args': '()', 'kwargs': "{'generated': 150}", 'self': '<testcase._ScenarioCrawler object at 0x79c4b9a90510>'}
2026-08-23 04:32:45.175 /testbed/scrapy/crawler.py:312 scrapy.crawler.Crawler.crawl_async event=return retval=None locals={'args': '()', 'kwargs': "{'generated': 150}", 'self': '<testcase._ScenarioCrawler object at 0x79c4b9a90510>'}
2026-08-23 04:32:45.176 /testbed/scrapy/crawler.py:312 scrapy.crawler.Crawler.crawl_async event=call locals={'args': '()', 'kwargs': "{'generated': 150}", 'self': '<testcase._ScenarioCrawler object at 0x79c4b9a90510>'}
2026-08-23 04:32:45.177 /testbed/scrapy/crawler.py:312 scrapy.crawler.Crawler.crawl_async event=exception exc=UnicodeDecodeError: UnicodeDecodeError('ascii', b'u\x9a\xbf\xe4\t.Sx\x9d\xc2\xe7\x0c1V', 1, 2, 'ordinal not in range(128)') locals={}
2026-08-23 04:32:45.177 /testbed/scrapy/crawler.py:313 scrapy.crawler.Crawler.crawl_async event=line locals={'args': '()', 'kwargs': "{'generated': 150}", 'self': '<testcase._ScenarioCrawler object at 0x79c4b9a90510>'}
2026-08-23 04:32:45.177 /testbed/scrapy/crawler.py:314 scrapy.crawler.Crawler.crawl_async event=line locals={}
2026-08-23 04:32:45.177 /testbed/scrapy/crawler.py:315 scrapy.crawler.Crawler.crawl_async event=line locals={}
2026-08-23 04:32:45.177 /testbed/scrapy/crawler.py:316 scrapy.crawler.Crawler.crawl_async event=line locals={}
2026-08-23 04:32:45.177 /testbed/scrapy/crawler.py:316 scrapy.crawler.Crawler.crawl_async event=return retval=None locals={'args': '()', 'kwargs': "{'generated': 150}", 'self': '<testcase._ScenarioCrawler object at 0x79c4b9a90510>'}
2026-08-23 04:32:45.177 /testbed/scrapy/crawler.py:316 scrapy.crawler.Crawler.crawl_async event=call locals={'args': '()', 'kwargs': "{'generated': 150}", 'self': '<testcase._ScenarioCrawler object at 0x79c4b9a90510>'}
2026-08-23 04:32:45.178 /testbed/scrapy/crawler.py:316 scrapy.crawler.Crawler.crawl_async event=exception exc=ZeroDivisionError: ZeroDivisionError('integer division or modulo by zero') locals={}
2026-08-23 04:32:45.178 /testbed/scrapy/crawler.py:316 scrapy.crawler.Crawler.crawl_async event=return retval=None locals={'args': '()', 'kwargs': "{'generated': 150}", 'self': '<testcase._ScenarioCrawler object at 0x79c4b9a90510>'}
2026-08-23 04:32:45.199 [TRACE][START] pid=47 TRACE_OUT='/testbed/logs/scrapy_qa/crawler_crawl_async_m5_exceptions__pert_llm_s0/trace.log' TRACE_FILE='scrapy/crawler.py' TRACE_FUNCS=['Crawler.crawl_async'] TRACE_EVENTS=['call', 'exception', 'line', 'return']
2026-08-23 04:32:45.395 /testbed/scrapy/crawler.py:285 scrapy.crawler.Crawler.crawl_async event=call locals={'args': '()', 'kwargs': "{'generated': 148}", 'self': '<testcase._ScenarioCrawler object at 0x79c4b98fc9d0>'}
2026-08-23 04:32:45.395 /testbed/scrapy/crawler.py:294 scrapy.crawler.Crawler.crawl_async event=line locals={}
2026-08-23 04:32:45.395 /testbed/scrapy/crawler.py:296 scrapy.crawler.Crawler.crawl_async event=line locals={}
2026-08-23 04:32:45.395 /testbed/scrapy/crawler.py:300 scrapy.crawler.Crawler.crawl_async event=line locals={}
2026-08-23 04:32:45.395 /testbed/scrapy/crawler.py:302 scrapy.crawler.Crawler.crawl_async event=line locals={}
2026-08-23 04:32:45.395 /testbed/scrapy/crawler.py:303 scrapy.crawler.Crawler.crawl_async event=line locals={}
2026-08-23 04:32:45.396 /testbed/scrapy/crawler.py:304 scrapy.crawler.Crawler.crawl_async event=line locals={}
2026-08-23 04:32:45.396 /testbed/scrapy/crawler.py:305 scrapy.crawler.Crawler.crawl_async event=line locals={}
2026-08-23 04:32:45.396 /testbed/scrapy/crawler.py:306 scrapy.crawler.Crawler.crawl_async event=line locals={}
2026-08-23 04:32:45.396 /testbed/scrapy/crawler.py:307 scrapy.crawler.Crawler.crawl_async event=line locals={}
2026-08-23 04:32:45.396 /testbed/scrapy/crawler.py:308 scrapy.crawler.Crawler.crawl_async event=line locals={}
2026-08-23 04:32:45.396 /testbed/scrapy/crawler.py:308 scrapy.crawler.Crawler.crawl_async event=return retval=None locals={'args': '()', 'kwargs': "{'generated': 148}", 'self': '<testcase._ScenarioCrawler object at 0x79c4b98fc9d0>'}
2026-08-23 04:32:45.397 /testbed/scrapy/crawler.py:308 scrapy.crawler.Crawler.crawl_async event=call locals={'args': '()', 'kwargs': "{'generated': 148}", 'self': '<testcase._ScenarioCrawler object at 0x79c4b98fc9d0>'}
2026-08-23 04:32:45.397 /testbed/scrapy/crawler.py:308 scrapy.crawler.Crawler.crawl_async event=exception exc=StopIteration: StopIteration() locals={}
2026-08-23 04:32:45.397 /testbed/scrapy/crawler.py:312 scrapy.crawler.Crawler.crawl_async event=line locals={'args': '()', 'kwargs': "{'generated': 148}", 'self': '<testcase._ScenarioCrawler object at 0x79c4b98fc9d0>'}
2026-08-23 04:32:45.397 /testbed/scrapy/crawler.py:312 scrapy.crawler.Crawler.crawl_async event=return retval=None locals={'args': '()', 'kwargs': "{'generated': 148}", 'self': '<testcase._ScenarioCrawler object at 0x79c4b98fc9d0>'}
2026-08-23 04:32:45.398 /testbed/scrapy/crawler.py:312 scrapy.crawler.Crawler.crawl_async event=call locals={'args': '()', 'kwargs': "{'generated': 148}", 'self': '<testcase._ScenarioCrawler object at 0x79c4b98fc9d0>'}
2026-08-23 04:32:45.398 /testbed/scrapy/crawler.py:312 scrapy.crawler.Crawler.crawl_async event=exception exc=IndexError: IndexError('list index out of range') locals={}
2026-08-23 04:32:45.398 /testbed/scrapy/crawler.py:313 scrapy.crawler.Crawler.crawl_async event=line locals={'args': '()', 'kwargs': "{'generated': 148}", 'self': '<testcase._ScenarioCrawler object at 0x79c4b98fc9d0>'}
2026-08-23 04:32:45.398 /testbed/scrapy/crawler.py:314 scrapy.crawler.Crawler.crawl_async event=line locals={}
2026-08-23 04:32:45.398 /testbed/scrapy/crawler.py:315 scrapy.crawler.Crawler.crawl_async event=line locals={}
2026-08-23 04:32:45.398 /testbed/scrapy/crawler.py:316 scrapy.crawler.Crawler.crawl_async event=line locals={}
2026-08-23 04:32:45.398 /testbed/scrapy/crawler.py:316 scrapy.crawler.Crawler.crawl_async event=return retval=None locals={'args': '()', 'kwargs': "{'generated': 148}", 'self': '<testcase._ScenarioCrawler object at 0x79c4b98fc9d0>'}
2026-08-23 04:32:45.399 /testbed/scrapy/crawler.py:316 scrapy.crawler.Crawler.crawl_async event=call locals={'args': '()', 'kwargs': "{'generated': 148}", 'self': '<testcase._ScenarioCrawler object at 0x79c4b98fc9d0>'}
2026-08-23 04:32:45.399 /testbed/scrapy/crawler.py:316 scrapy.crawler.Crawler.crawl_async event=exception exc=StopIteration: StopIteration() locals={}
2026-08-23 04:32:45.399 /testbed/scrapy/crawler.py:317 scrapy.crawler.Crawler.crawl_async event=line locals={'args': '()', 'kwargs': "{'generated': 148}", 'self': '<testcase._ScenarioCrawler object at 0x79c4b98fc9d0>'}
2026-08-23 04:32:45.399 /testbed/scrapy/crawler.py:317 scrapy.crawler.Crawler.crawl_async event=return retval=None locals={'args': '()', 'kwargs': "{'generated': 148}", 'self': '<testcase._ScenarioCrawler object at 0x79c4b98fc9d0>'}
2026-08-23 04:32:45.423 [TRACE][START] pid=47 TRACE_OUT='/testbed/logs/scrapy_qa/crawler_crawl_async_m5_exceptions__pert_llm_s0/trace.log' TRACE_FILE='scrapy/crawler.py' TRACE_FUNCS=['Crawler.crawl_async'] TRACE_EVENTS=['call', 'exception', 'line', 'return']
2026-08-23 04:32:45.621 /testbed/scrapy/crawler.py:285 scrapy.crawler.Crawler.crawl_async event=call locals={'args': '()', 'kwargs': "{'generated': 147}", 'self': '<testcase._ScenarioCrawler object at 0x79c4b9aa3290>'}
2026-08-23 04:32:45.621 /testbed/scrapy/crawler.py:294 scrapy.crawler.Crawler.crawl_async event=line locals={}
2026-08-23 04:32:45.621 /testbed/scrapy/crawler.py:296 scrapy.crawler.Crawler.crawl_async event=line locals={}
2026-08-23 04:32:45.621 /testbed/scrapy/crawler.py:300 scrapy.crawler.Crawler.crawl_async event=line locals={}
2026-08-23 04:32:45.621 /testbed/scrapy/crawler.py:302 scrapy.crawler.Crawler.crawl_async event=line locals={}
2026-08-23 04:32:45.621 /testbed/scrapy/crawler.py:303 scrapy.crawler.Crawler.crawl_async event=line locals={}
2026-08-23 04:32:45.622 /testbed/scrapy/crawler.py:304 scrapy.crawler.Crawler.crawl_async event=line locals={}
2026-08-23 04:32:45.622 /testbed/scrapy/crawler.py:305 scrapy.crawler.Crawler.crawl_async event=line locals={}
2026-08-23 04:32:45.622 /testbed/scrapy/crawler.py:306 scrapy.crawler.Crawler.crawl_async event=line locals={}
2026-08-23 04:32:45.622 /testbed/scrapy/crawler.py:307 scrapy.crawler.Crawler.crawl_async event=line locals={}
2026-08-23 04:32:45.622 /testbed/scrapy/crawler.py:308 scrapy.crawler.Crawler.crawl_async event=line locals={}
2026-08-23 04:32:45.622 /testbed/scrapy/crawler.py:308 scrapy.crawler.Crawler.crawl_async event=return retval=None locals={'args': '()', 'kwargs': "{'generated': 147}", 'self': '<testcase._ScenarioCrawler object at 0x79c4b9aa3290>'}
2026-08-23 04:32:45.623 /testbed/scrapy/crawler.py:308 scrapy.crawler.Crawler.crawl_async event=call locals={'args': '()', 'kwargs': "{'generated': 147}", 'self': '<testcase._ScenarioCrawler object at 0x79c4b9aa3290>'}
2026-08-23 04:32:45.623 /testbed/scrapy/crawler.py:308 scrapy.crawler.Crawler.crawl_async event=exception exc=ValueError: ValueError("invalid literal for int() with base 10: 'jqxelszgnub'") locals={}
2026-08-23 04:32:45.623 /testbed/scrapy/crawler.py:309 scrapy.crawler.Crawler.crawl_async event=line locals={'args': '()', 'kwargs': "{'generated': 147}", 'self': '<testcase._ScenarioCrawler object at 0x79c4b9aa3290>'}
2026-08-23 04:32:45.623 /testbed/scrapy/crawler.py:313 scrapy.crawler.Crawler.crawl_async event=line locals={}
2026-08-23 04:32:45.623 /testbed/scrapy/crawler.py:314 scrapy.crawler.Crawler.crawl_async event=line locals={}
2026-08-23 04:32:45.623 /testbed/scrapy/crawler.py:315 scrapy.crawler.Crawler.crawl_async event=line locals={}
2026-08-23 04:32:45.623 /testbed/scrapy/crawler.py:316 scrapy.crawler.Crawler.crawl_async event=line locals={}
2026-08-23 04:32:45.623 /testbed/scrapy/crawler.py:316 scrapy.crawler.Crawler.crawl_async event=return retval=None locals={'args': '()', 'kwargs': "{'generated': 147}", 'self': '<testcase._ScenarioCrawler object at 0x79c4b9aa3290>'}
2026-08-23 04:32:45.624 /testbed/scrapy/crawler.py:316 scrapy.crawler.Crawler.crawl_async event=call locals={'args': '()', 'kwargs': "{'generated': 147}", 'self': '<testcase._ScenarioCrawler object at 0x79c4b9aa3290>'}
2026-08-23 04:32:45.624 /testbed/scrapy/crawler.py:316 scrapy.crawler.Crawler.crawl_async event=exception exc=StopIteration: StopIteration() locals={}
2026-08-23 04:32:45.624 /testbed/scrapy/crawler.py:317 scrapy.crawler.Crawler.crawl_async event=line locals={'args': '()', 'kwargs': "{'generated': 147}", 'self': '<testcase._ScenarioCrawler object at 0x79c4b9aa3290>'}
2026-08-23 04:32:45.624 /testbed/scrapy/crawler.py:317 scrapy.crawler.Crawler.crawl_async event=return retval=None locals={'args': '()', 'kwargs': "{'generated': 147}", 'self': '<testcase._ScenarioCrawler object at 0x79c4b9aa3290>'}
