{
  "invocation_counts": [
    {
      "file": "rich/measure.py",
      "func": "rich.measure.Measurement.clamp",
      "count": 681
    },
    {
      "file": "rich/measure.py",
      "func": "rich.measure.Measurement.get",
      "count": 5787
    },
    {
      "file": "rich/measure.py",
      "func": "rich.measure.Measurement.normalize",
      "count": 10877
    },
    {
      "file": "rich/measure.py",
      "func": "rich.measure.Measurement.span",
      "count": 0
    },
    {
      "file": "rich/measure.py",
      "func": "rich.measure.Measurement.with_maximum",
      "count": 8721
    },
    {
      "file": "rich/measure.py",
      "func": "rich.measure.Measurement.with_minimum",
      "count": 42
    },
    {
      "file": "rich/measure.py",
      "func": "rich.measure.measure_renderables",
      "count": 0
    }
  ]
}
