2026-07-15 04:13:45.099 [TRACE][START] pid=44 TRACE_OUT='/testbed/logs/llama_factory_qa/parser_get_train_args_s1_cfg__r20260714/trace.log' TRACE_FILE='src/llamafactory/hparams/parser.py' TRACE_FUNCS=['get_train_args'] TRACE_EVENTS=['call', 'exception', 'line', 'return']
2026-07-15 04:13:45.156 /testbed/src/llamafactory/hparams/parser.py:189 src.llamafactory.hparams.parser.get_train_args event=call locals={'args': '{}'}
2026-07-15 04:13:45.157 /testbed/src/llamafactory/hparams/parser.py:190 src.llamafactory.hparams.parser.get_train_args event=line locals={}
2026-07-15 04:13:45.157 /testbed/src/llamafactory/hparams/parser.py:193 src.llamafactory.hparams.parser.get_train_args event=line locals={'data_args': "namespace(neat_packing=False, train_on_prompt=False, mask_history=False, streaming=False, dataset=['train_a'], eval_dataset=None, val_size=0.0, packing=None, cutoff_len=1024)", 'finetuning_args': "namespace(stage='sft', reward_model_type='lora', use_galore=False, galore_layerwise=False, use_apollo=False, apollo_layerwise=False, use_badam=False, badam_mode='layer', pissa_init=False, pure_bf16=False, finetuning_type='lora', additional_target=None, compute_accuracy=False, ref_model=None)", 'generating_args': 'namespace()', 'model_args': "namespace(shift_attn=False, use_unsloth=False, quantization_device_map=None, infer_backend='huggingface', quantization_bit=None, resize_vocab=True, upcast_layernorm=False, compute_dtype=None, device_map=None, model_max_length=None, block_diag_attn=False)", 'training_args': "namespace(should_log=True, predict_with_generate=False, do_predict=False, load_best_model_at_end=False, do_train=True, report_to=[], parallel_mode=<ParallelMode.DISTRIBUTED: 'distributed'>, deepspeed=None, max_steps=10, do_eval=False, ddp_find_unused_parameters=None, resume_from_checkpoint=None, output_dir='/testbed/llama_factory_qa/tmp_nonexistent_dir', overwrite_output_dir=True, bf16=False, fp16=False, process_index=0, world_size=1, device='cpu', seed=101)"}
2026-07-15 04:13:45.157 /testbed/src/llamafactory/hparams/parser.py:194 src.llamafactory.hparams.parser.get_train_args event=line locals={}
2026-07-15 04:13:45.157 /testbed/src/llamafactory/hparams/parser.py:197 src.llamafactory.hparams.parser.get_train_args event=line locals={}
2026-07-15 04:13:45.157 /testbed/src/llamafactory/hparams/parser.py:207 src.llamafactory.hparams.parser.get_train_args event=line locals={}
2026-07-15 04:13:45.157 /testbed/src/llamafactory/hparams/parser.py:210 src.llamafactory.hparams.parser.get_train_args event=line locals={}
2026-07-15 04:13:45.157 /testbed/src/llamafactory/hparams/parser.py:213 src.llamafactory.hparams.parser.get_train_args event=line locals={}
2026-07-15 04:13:45.157 /testbed/src/llamafactory/hparams/parser.py:226 src.llamafactory.hparams.parser.get_train_args event=line locals={}
2026-07-15 04:13:45.157 /testbed/src/llamafactory/hparams/parser.py:229 src.llamafactory.hparams.parser.get_train_args event=line locals={}
2026-07-15 04:13:45.157 /testbed/src/llamafactory/hparams/parser.py:232 src.llamafactory.hparams.parser.get_train_args event=line locals={}
2026-07-15 04:13:45.157 /testbed/src/llamafactory/hparams/parser.py:235 src.llamafactory.hparams.parser.get_train_args event=line locals={}
2026-07-15 04:13:45.157 /testbed/src/llamafactory/hparams/parser.py:238 src.llamafactory.hparams.parser.get_train_args event=line locals={}
2026-07-15 04:13:45.157 /testbed/src/llamafactory/hparams/parser.py:243 src.llamafactory.hparams.parser.get_train_args event=line locals={}
2026-07-15 04:13:45.157 /testbed/src/llamafactory/hparams/parser.py:253 src.llamafactory.hparams.parser.get_train_args event=line locals={}
2026-07-15 04:13:45.157 /testbed/src/llamafactory/hparams/parser.py:256 src.llamafactory.hparams.parser.get_train_args event=line locals={}
2026-07-15 04:13:45.157 /testbed/src/llamafactory/hparams/parser.py:259 src.llamafactory.hparams.parser.get_train_args event=line locals={}
2026-07-15 04:13:45.157 /testbed/src/llamafactory/hparams/parser.py:266 src.llamafactory.hparams.parser.get_train_args event=line locals={}
2026-07-15 04:13:45.157 /testbed/src/llamafactory/hparams/parser.py:267 src.llamafactory.hparams.parser.get_train_args event=line locals={}
2026-07-15 04:13:45.157 /testbed/src/llamafactory/hparams/parser.py:270 src.llamafactory.hparams.parser.get_train_args event=line locals={}
2026-07-15 04:13:45.157 /testbed/src/llamafactory/hparams/parser.py:273 src.llamafactory.hparams.parser.get_train_args event=line locals={}
2026-07-15 04:13:45.157 /testbed/src/llamafactory/hparams/parser.py:279 src.llamafactory.hparams.parser.get_train_args event=line locals={}
2026-07-15 04:13:45.158 /testbed/src/llamafactory/hparams/parser.py:282 src.llamafactory.hparams.parser.get_train_args event=line locals={}
2026-07-15 04:13:45.158 /testbed/src/llamafactory/hparams/parser.py:285 src.llamafactory.hparams.parser.get_train_args event=line locals={}
2026-07-15 04:13:45.158 /testbed/src/llamafactory/hparams/parser.py:288 src.llamafactory.hparams.parser.get_train_args event=line locals={}
2026-07-15 04:13:45.158 /testbed/src/llamafactory/hparams/parser.py:292 src.llamafactory.hparams.parser.get_train_args event=line locals={}
2026-07-15 04:13:45.158 /testbed/src/llamafactory/hparams/parser.py:293 src.llamafactory.hparams.parser.get_train_args event=line locals={}
2026-07-15 04:13:45.158 /testbed/src/llamafactory/hparams/parser.py:296 src.llamafactory.hparams.parser.get_train_args event=line locals={}
2026-07-15 04:13:45.158 /testbed/src/llamafactory/hparams/parser.py:295 src.llamafactory.hparams.parser.get_train_args event=line locals={}
2026-07-15 04:13:45.158 /testbed/src/llamafactory/hparams/parser.py:297 src.llamafactory.hparams.parser.get_train_args event=line locals={}
2026-07-15 04:13:45.158 /testbed/src/llamafactory/hparams/parser.py:298 src.llamafactory.hparams.parser.get_train_args event=line locals={}
2026-07-15 04:13:45.158 /testbed/src/llamafactory/hparams/parser.py:299 src.llamafactory.hparams.parser.get_train_args event=line locals={}
2026-07-15 04:13:45.158 /testbed/src/llamafactory/hparams/parser.py:298 src.llamafactory.hparams.parser.get_train_args event=line locals={}
2026-07-15 04:13:45.158 /testbed/src/llamafactory/hparams/parser.py:300 src.llamafactory.hparams.parser.get_train_args event=line locals={}
2026-07-15 04:13:45.158 /testbed/src/llamafactory/hparams/parser.py:302 src.llamafactory.hparams.parser.get_train_args event=line locals={}
2026-07-15 04:13:45.159 /testbed/src/llamafactory/hparams/parser.py:303 src.llamafactory.hparams.parser.get_train_args event=line locals={}
2026-07-15 04:13:45.159 /testbed/src/llamafactory/hparams/parser.py:302 src.llamafactory.hparams.parser.get_train_args event=line locals={}
2026-07-15 04:13:45.159 /testbed/src/llamafactory/hparams/parser.py:306 src.llamafactory.hparams.parser.get_train_args event=line locals={}
2026-07-15 04:13:45.159 /testbed/src/llamafactory/hparams/parser.py:309 src.llamafactory.hparams.parser.get_train_args event=line locals={}
2026-07-15 04:13:45.159 /testbed/src/llamafactory/hparams/parser.py:310 src.llamafactory.hparams.parser.get_train_args event=line locals={}
2026-07-15 04:13:45.160 /testbed/src/llamafactory/hparams/parser.py:313 src.llamafactory.hparams.parser.get_train_args event=line locals={}
2026-07-15 04:13:45.160 /testbed/src/llamafactory/hparams/parser.py:312 src.llamafactory.hparams.parser.get_train_args event=line locals={}
2026-07-15 04:13:45.160 /testbed/src/llamafactory/hparams/parser.py:314 src.llamafactory.hparams.parser.get_train_args event=line locals={}
2026-07-15 04:13:45.160 /testbed/src/llamafactory/hparams/parser.py:312 src.llamafactory.hparams.parser.get_train_args event=line locals={}
2026-07-15 04:13:45.160 /testbed/src/llamafactory/hparams/parser.py:314 src.llamafactory.hparams.parser.get_train_args event=line locals={}
2026-07-15 04:13:45.160 /testbed/src/llamafactory/hparams/parser.py:312 src.llamafactory.hparams.parser.get_train_args event=line locals={}
2026-07-15 04:13:45.160 /testbed/src/llamafactory/hparams/parser.py:321 src.llamafactory.hparams.parser.get_train_args event=line locals={}
2026-07-15 04:13:45.160 /testbed/src/llamafactory/hparams/parser.py:324 src.llamafactory.hparams.parser.get_train_args event=line locals={}
2026-07-15 04:13:45.160 /testbed/src/llamafactory/hparams/parser.py:329 src.llamafactory.hparams.parser.get_train_args event=line locals={}
2026-07-15 04:13:45.160 /testbed/src/llamafactory/hparams/parser.py:330 src.llamafactory.hparams.parser.get_train_args event=line locals={}
2026-07-15 04:13:45.160 /testbed/src/llamafactory/hparams/parser.py:331 src.llamafactory.hparams.parser.get_train_args event=line locals={}
2026-07-15 04:13:45.160 /testbed/src/llamafactory/hparams/parser.py:333 src.llamafactory.hparams.parser.get_train_args event=line locals={}
2026-07-15 04:13:45.160 /testbed/src/llamafactory/hparams/parser.py:334 src.llamafactory.hparams.parser.get_train_args event=line locals={}
2026-07-15 04:13:45.160 /testbed/src/llamafactory/hparams/parser.py:336 src.llamafactory.hparams.parser.get_train_args event=line locals={'training_args': "namespace(should_log=True, predict_with_generate=False, do_predict=False, load_best_model_at_end=False, do_train=True, report_to=[], parallel_mode=<ParallelMode.DISTRIBUTED: 'distributed'>, deepspeed=None, max_steps=10, do_eval=False, ddp_find_unused_parameters=False, resume_from_checkpoint=None, output_dir='/testbed/llama_factory_qa/tmp_nonexistent_dir', overwrite_output_dir=True, bf16=False, fp16=False, process_index=0, world_size=1, device='cpu', seed=101)"}
2026-07-15 04:13:45.160 /testbed/src/llamafactory/hparams/parser.py:342 src.llamafactory.hparams.parser.get_train_args event=line locals={}
2026-07-15 04:13:45.160 /testbed/src/llamafactory/hparams/parser.py:345 src.llamafactory.hparams.parser.get_train_args event=line locals={'can_resume_from_checkpoint': 'True'}
2026-07-15 04:13:45.160 /testbed/src/llamafactory/hparams/parser.py:346 src.llamafactory.hparams.parser.get_train_args event=line locals={}
2026-07-15 04:13:45.161 /testbed/src/llamafactory/hparams/parser.py:345 src.llamafactory.hparams.parser.get_train_args event=line locals={}
2026-07-15 04:13:45.161 /testbed/src/llamafactory/hparams/parser.py:347 src.llamafactory.hparams.parser.get_train_args event=line locals={}
2026-07-15 04:13:45.161 /testbed/src/llamafactory/hparams/parser.py:345 src.llamafactory.hparams.parser.get_train_args event=line locals={}
2026-07-15 04:13:45.161 /testbed/src/llamafactory/hparams/parser.py:363 src.llamafactory.hparams.parser.get_train_args event=line locals={}
2026-07-15 04:13:45.161 /testbed/src/llamafactory/hparams/parser.py:372 src.llamafactory.hparams.parser.get_train_args event=line locals={}
2026-07-15 04:13:45.161 /testbed/src/llamafactory/hparams/parser.py:374 src.llamafactory.hparams.parser.get_train_args event=line locals={}
2026-07-15 04:13:45.161 /testbed/src/llamafactory/hparams/parser.py:377 src.llamafactory.hparams.parser.get_train_args event=line locals={}
2026-07-15 04:13:45.161 /testbed/src/llamafactory/hparams/parser.py:378 src.llamafactory.hparams.parser.get_train_args event=line locals={'model_args': "namespace(shift_attn=False, use_unsloth=False, quantization_device_map=None, infer_backend='huggingface', quantization_bit=None, resize_vocab=True, upcast_layernorm=False, compute_dtype=None, device_map={'': device(type='cpu')}, model_max_length=None, block_diag_attn=False)"}
2026-07-15 04:13:45.161 /testbed/src/llamafactory/hparams/parser.py:379 src.llamafactory.hparams.parser.get_train_args event=line locals={'model_args': "namespace(shift_attn=False, use_unsloth=False, quantization_device_map=None, infer_backend='huggingface', quantization_bit=None, resize_vocab=True, upcast_layernorm=False, compute_dtype=None, device_map={'': device(type='cpu')}, model_max_length=1024, block_diag_attn=False)"}
2026-07-15 04:13:45.161 /testbed/src/llamafactory/hparams/parser.py:380 src.llamafactory.hparams.parser.get_train_args event=line locals={}
2026-07-15 04:13:45.161 /testbed/src/llamafactory/hparams/parser.py:383 src.llamafactory.hparams.parser.get_train_args event=line locals={'data_args': "namespace(neat_packing=False, train_on_prompt=False, mask_history=False, streaming=False, dataset=['train_a'], eval_dataset=None, val_size=0.0, packing=False, cutoff_len=1024)"}
2026-07-15 04:13:45.161 /testbed/src/llamafactory/hparams/parser.py:384 src.llamafactory.hparams.parser.get_train_args event=line locals={}
2026-07-15 04:13:45.161 /testbed/src/llamafactory/hparams/parser.py:385 src.llamafactory.hparams.parser.get_train_args event=line locals={}
2026-07-15 04:13:45.161 /testbed/src/llamafactory/hparams/parser.py:384 src.llamafactory.hparams.parser.get_train_args event=line locals={}
2026-07-15 04:13:45.161 /testbed/src/llamafactory/hparams/parser.py:385 src.llamafactory.hparams.parser.get_train_args event=line locals={}
2026-07-15 04:13:45.161 /testbed/src/llamafactory/hparams/parser.py:384 src.llamafactory.hparams.parser.get_train_args event=line locals={}
2026-07-15 04:13:45.161 /testbed/src/llamafactory/hparams/parser.py:386 src.llamafactory.hparams.parser.get_train_args event=line locals={}
2026-07-15 04:13:45.161 /testbed/src/llamafactory/hparams/parser.py:384 src.llamafactory.hparams.parser.get_train_args event=line locals={}
2026-07-15 04:13:45.161 /testbed/src/llamafactory/hparams/parser.py:387 src.llamafactory.hparams.parser.get_train_args event=line locals={}
2026-07-15 04:13:45.161 /testbed/src/llamafactory/hparams/parser.py:384 src.llamafactory.hparams.parser.get_train_args event=line locals={}
2026-07-15 04:13:45.161 /testbed/src/llamafactory/hparams/parser.py:383 src.llamafactory.hparams.parser.get_train_args event=line locals={}
2026-07-15 04:13:45.162 /testbed/src/llamafactory/hparams/parser.py:389 src.llamafactory.hparams.parser.get_train_args event=line locals={}
2026-07-15 04:13:45.188 /testbed/src/llamafactory/hparams/parser.py:391 src.llamafactory.hparams.parser.get_train_args event=line locals={}
2026-07-15 04:13:45.188 /testbed/src/llamafactory/hparams/parser.py:391 src.llamafactory.hparams.parser.get_train_args event=return retval=(namespace(shift_attn=False, use_unsloth=False, quantization_device_map=None, infer_backend='huggingface', quantization_bit=None, resize_vocab=True, upcast_layernorm=False, compute_dtype=None, device_map={'': device(type='cpu')}, model_max_length=1024, block_diag_attn=False), namespace(neat_packing=False, train_on_prompt=False, mask_history=False, streaming=False, dataset=['train_a'], eval_dataset=None, val_size=0.0, packing=False, cutoff_len=1024), namespace(should_log=True, predict_with_genera... locals={'args': '{}', 'can_resume_from_checkpoint': 'True', 'data_args': "namespace(neat_packing=False, train_on_prompt=False, mask_history=False, streaming=False, dataset=['train_a'], eval_dataset=None, val_size=0.0, packing=False, cutoff_len=1024)", 'finetuning_args': "namespace(stage='sft', reward_model_type='lora', use_galore=False, galore_layerwise=False, use_apollo=False, apollo_layerwise=False, use_badam=False, badam_mode='layer', pissa_init=False, pure_bf16=False, finetuning_type='lora', additional_target=None, compute_accuracy=False, ref_model=None)", 'generating_args': 'namespace()', 'model_args': "namespace(shift_attn=False, use_unsloth=False, quantization_device_map=None, infer_backend='huggingface', quantization_bit=None, resize_vocab=True, upcast_layernorm=False, compute_dtype=None, device_map={'': device(type='cpu')}, model_max_length=1024, block_diag_attn=False)", 'training_args': "namespace(should_log=True, predict_with_generate=False, do_predict=False, load_best_model_at_end=False, do_train=True, report_to=[], parallel_mode=<ParallelMode.DISTRIBUTED: 'distributed'>, deepspeed=None, max_steps=10, do_eval=False, ddp_find_unused_parameters=False, resume_from_checkpoint=None, output_dir='/testbed/llama_factory_qa/tmp_nonexistent_dir', overwrite_output_dir=True, bf16=False, fp16=False, process_index=0, world_size=1, device='cpu', seed=101)"}
2026-07-15 04:13:45.188 /testbed/src/llamafactory/hparams/parser.py:189 src.llamafactory.hparams.parser.get_train_args event=call locals={'args': '{}'}
2026-07-15 04:13:45.188 /testbed/src/llamafactory/hparams/parser.py:190 src.llamafactory.hparams.parser.get_train_args event=line locals={}
2026-07-15 04:13:45.188 /testbed/src/llamafactory/hparams/parser.py:193 src.llamafactory.hparams.parser.get_train_args event=line locals={'data_args': "namespace(neat_packing=False, train_on_prompt=False, mask_history=False, streaming=False, dataset=None, eval_dataset=['eval_a'], val_size=0.0, packing=None, cutoff_len=1024)", 'finetuning_args': "namespace(stage='dpo', reward_model_type='lora', use_galore=False, galore_layerwise=False, use_apollo=False, apollo_layerwise=False, use_badam=False, badam_mode='layer', pissa_init=False, pure_bf16=False, finetuning_type='lora', additional_target=None, compute_accuracy=False, ref_model=None)", 'generating_args': 'namespace()', 'model_args': "namespace(shift_attn=False, use_unsloth=False, quantization_device_map=None, infer_backend='huggingface', quantization_bit=4, resize_vocab=False, upcast_layernorm=False, compute_dtype=None, device_map=None, model_max_length=None, block_diag_attn=False)", 'training_args': "namespace(should_log=False, predict_with_generate=False, do_predict=False, load_best_model_at_end=False, do_train=False, report_to=[], parallel_mode=<ParallelMode.DISTRIBUTED: 'distributed'>, deepspeed=None, max_steps=10, do_eval=True, ddp_find_unused_parameters=None, resume_from_checkpoint=None, output_dir='/testbed/llama_factory_qa/tmp_eval_dir', overwrite_output_dir=False, bf16=False, fp16=True, process_index=0, world_size=1, device='cpu', seed=202)"}
2026-07-15 04:13:45.188 /testbed/src/llamafactory/hparams/parser.py:197 src.llamafactory.hparams.parser.get_train_args event=line locals={}
2026-07-15 04:13:45.188 /testbed/src/llamafactory/hparams/parser.py:198 src.llamafactory.hparams.parser.get_train_args event=line locals={}
2026-07-15 04:13:45.188 /testbed/src/llamafactory/hparams/parser.py:201 src.llamafactory.hparams.parser.get_train_args event=line locals={}
2026-07-15 04:13:45.188 /testbed/src/llamafactory/hparams/parser.py:204 src.llamafactory.hparams.parser.get_train_args event=line locals={}
2026-07-15 04:13:45.188 /testbed/src/llamafactory/hparams/parser.py:207 src.llamafactory.hparams.parser.get_train_args event=line locals={}
2026-07-15 04:13:45.188 /testbed/src/llamafactory/hparams/parser.py:210 src.llamafactory.hparams.parser.get_train_args event=line locals={}
2026-07-15 04:13:45.188 /testbed/src/llamafactory/hparams/parser.py:213 src.llamafactory.hparams.parser.get_train_args event=line locals={}
2026-07-15 04:13:45.189 /testbed/src/llamafactory/hparams/parser.py:226 src.llamafactory.hparams.parser.get_train_args event=line locals={}
2026-07-15 04:13:45.189 /testbed/src/llamafactory/hparams/parser.py:229 src.llamafactory.hparams.parser.get_train_args event=line locals={}
2026-07-15 04:13:45.189 /testbed/src/llamafactory/hparams/parser.py:232 src.llamafactory.hparams.parser.get_train_args event=line locals={}
2026-07-15 04:13:45.189 /testbed/src/llamafactory/hparams/parser.py:235 src.llamafactory.hparams.parser.get_train_args event=line locals={}
2026-07-15 04:13:45.189 /testbed/src/llamafactory/hparams/parser.py:238 src.llamafactory.hparams.parser.get_train_args event=line locals={}
2026-07-15 04:13:45.189 /testbed/src/llamafactory/hparams/parser.py:239 src.llamafactory.hparams.parser.get_train_args event=line locals={}
2026-07-15 04:13:45.189 /testbed/src/llamafactory/hparams/parser.py:243 src.llamafactory.hparams.parser.get_train_args event=line locals={}
2026-07-15 04:13:45.189 /testbed/src/llamafactory/hparams/parser.py:253 src.llamafactory.hparams.parser.get_train_args event=line locals={}
2026-07-15 04:13:45.189 /testbed/src/llamafactory/hparams/parser.py:256 src.llamafactory.hparams.parser.get_train_args event=line locals={}
2026-07-15 04:13:45.189 /testbed/src/llamafactory/hparams/parser.py:259 src.llamafactory.hparams.parser.get_train_args event=line locals={}
2026-07-15 04:13:45.189 /testbed/src/llamafactory/hparams/parser.py:266 src.llamafactory.hparams.parser.get_train_args event=line locals={}
2026-07-15 04:13:45.189 /testbed/src/llamafactory/hparams/parser.py:267 src.llamafactory.hparams.parser.get_train_args event=line locals={}
2026-07-15 04:13:45.189 /testbed/src/llamafactory/hparams/parser.py:270 src.llamafactory.hparams.parser.get_train_args event=line locals={}
2026-07-15 04:13:45.189 /testbed/src/llamafactory/hparams/parser.py:273 src.llamafactory.hparams.parser.get_train_args event=line locals={}
2026-07-15 04:13:45.189 /testbed/src/llamafactory/hparams/parser.py:279 src.llamafactory.hparams.parser.get_train_args event=line locals={}
2026-07-15 04:13:45.189 /testbed/src/llamafactory/hparams/parser.py:282 src.llamafactory.hparams.parser.get_train_args event=line locals={}
2026-07-15 04:13:45.189 /testbed/src/llamafactory/hparams/parser.py:285 src.llamafactory.hparams.parser.get_train_args event=line locals={}
2026-07-15 04:13:45.189 /testbed/src/llamafactory/hparams/parser.py:288 src.llamafactory.hparams.parser.get_train_args event=line locals={}
2026-07-15 04:13:45.189 /testbed/src/llamafactory/hparams/parser.py:292 src.llamafactory.hparams.parser.get_train_args event=line locals={}
2026-07-15 04:13:45.189 /testbed/src/llamafactory/hparams/parser.py:293 src.llamafactory.hparams.parser.get_train_args event=line locals={}
2026-07-15 04:13:45.190 /testbed/src/llamafactory/hparams/parser.py:296 src.llamafactory.hparams.parser.get_train_args event=line locals={}
2026-07-15 04:13:45.190 /testbed/src/llamafactory/hparams/parser.py:295 src.llamafactory.hparams.parser.get_train_args event=line locals={}
2026-07-15 04:13:45.190 /testbed/src/llamafactory/hparams/parser.py:306 src.llamafactory.hparams.parser.get_train_args event=line locals={}
2026-07-15 04:13:45.190 /testbed/src/llamafactory/hparams/parser.py:309 src.llamafactory.hparams.parser.get_train_args event=line locals={}
2026-07-15 04:13:45.190 /testbed/src/llamafactory/hparams/parser.py:313 src.llamafactory.hparams.parser.get_train_args event=line locals={}
2026-07-15 04:13:45.190 /testbed/src/llamafactory/hparams/parser.py:312 src.llamafactory.hparams.parser.get_train_args event=line locals={}
2026-07-15 04:13:45.190 /testbed/src/llamafactory/hparams/parser.py:321 src.llamafactory.hparams.parser.get_train_args event=line locals={}
2026-07-15 04:13:45.190 /testbed/src/llamafactory/hparams/parser.py:322 src.llamafactory.hparams.parser.get_train_args event=line locals={}
2026-07-15 04:13:45.190 /testbed/src/llamafactory/hparams/parser.py:324 src.llamafactory.hparams.parser.get_train_args event=line locals={}
2026-07-15 04:13:45.190 /testbed/src/llamafactory/hparams/parser.py:325 src.llamafactory.hparams.parser.get_train_args event=line locals={}
2026-07-15 04:13:45.191 /testbed/src/llamafactory/hparams/parser.py:329 src.llamafactory.hparams.parser.get_train_args event=line locals={}
2026-07-15 04:13:45.191 /testbed/src/llamafactory/hparams/parser.py:330 src.llamafactory.hparams.parser.get_train_args event=line locals={}
2026-07-15 04:13:45.191 /testbed/src/llamafactory/hparams/parser.py:331 src.llamafactory.hparams.parser.get_train_args event=line locals={}
2026-07-15 04:13:45.191 /testbed/src/llamafactory/hparams/parser.py:333 src.llamafactory.hparams.parser.get_train_args event=line locals={}
2026-07-15 04:13:45.191 /testbed/src/llamafactory/hparams/parser.py:334 src.llamafactory.hparams.parser.get_train_args event=line locals={}
2026-07-15 04:13:45.191 /testbed/src/llamafactory/hparams/parser.py:336 src.llamafactory.hparams.parser.get_train_args event=line locals={'training_args': "namespace(should_log=False, predict_with_generate=False, do_predict=False, load_best_model_at_end=False, do_train=False, report_to=[], parallel_mode=<ParallelMode.DISTRIBUTED: 'distributed'>, deepspeed=None, max_steps=10, do_eval=True, ddp_find_unused_parameters=False, resume_from_checkpoint=None, output_dir='/testbed/llama_factory_qa/tmp_eval_dir', overwrite_output_dir=False, bf16=False, fp16=True, process_index=0, world_size=1, device='cpu', seed=202)"}
2026-07-15 04:13:45.191 /testbed/src/llamafactory/hparams/parser.py:342 src.llamafactory.hparams.parser.get_train_args event=line locals={}
2026-07-15 04:13:45.191 /testbed/src/llamafactory/hparams/parser.py:345 src.llamafactory.hparams.parser.get_train_args event=line locals={'can_resume_from_checkpoint': 'True'}
2026-07-15 04:13:45.191 /testbed/src/llamafactory/hparams/parser.py:346 src.llamafactory.hparams.parser.get_train_args event=line locals={}
2026-07-15 04:13:45.191 /testbed/src/llamafactory/hparams/parser.py:345 src.llamafactory.hparams.parser.get_train_args event=line locals={}
2026-07-15 04:13:45.191 /testbed/src/llamafactory/hparams/parser.py:363 src.llamafactory.hparams.parser.get_train_args event=line locals={}
2026-07-15 04:13:45.192 /testbed/src/llamafactory/hparams/parser.py:372 src.llamafactory.hparams.parser.get_train_args event=line locals={}
2026-07-15 04:13:45.192 /testbed/src/llamafactory/hparams/parser.py:374 src.llamafactory.hparams.parser.get_train_args event=line locals={}
2026-07-15 04:13:45.192 /testbed/src/llamafactory/hparams/parser.py:375 src.llamafactory.hparams.parser.get_train_args event=line locals={}
2026-07-15 04:13:45.192 /testbed/src/llamafactory/hparams/parser.py:377 src.llamafactory.hparams.parser.get_train_args event=line locals={'model_args': "namespace(shift_attn=False, use_unsloth=False, quantization_device_map=None, infer_backend='huggingface', quantization_bit=4, resize_vocab=False, upcast_layernorm=False, compute_dtype=torch.float16, device_map=None, model_max_length=None, block_diag_attn=False)"}
2026-07-15 04:13:45.192 /testbed/src/llamafactory/hparams/parser.py:378 src.llamafactory.hparams.parser.get_train_args event=line locals={'model_args': "namespace(shift_attn=False, use_unsloth=False, quantization_device_map=None, infer_backend='huggingface', quantization_bit=4, resize_vocab=False, upcast_layernorm=False, compute_dtype=torch.float16, device_map={'': device(type='cpu')}, model_max_length=None, block_diag_attn=False)"}
2026-07-15 04:13:45.192 /testbed/src/llamafactory/hparams/parser.py:379 src.llamafactory.hparams.parser.get_train_args event=line locals={'model_args': "namespace(shift_attn=False, use_unsloth=False, quantization_device_map=None, infer_backend='huggingface', quantization_bit=4, resize_vocab=False, upcast_layernorm=False, compute_dtype=torch.float16, device_map={'': device(type='cpu')}, model_max_length=1024, block_diag_attn=False)"}
2026-07-15 04:13:45.192 /testbed/src/llamafactory/hparams/parser.py:380 src.llamafactory.hparams.parser.get_train_args event=line locals={}
2026-07-15 04:13:45.192 /testbed/src/llamafactory/hparams/parser.py:383 src.llamafactory.hparams.parser.get_train_args event=line locals={'data_args': "namespace(neat_packing=False, train_on_prompt=False, mask_history=False, streaming=False, dataset=None, eval_dataset=['eval_a'], val_size=0.0, packing=False, cutoff_len=1024)"}
2026-07-15 04:13:45.192 /testbed/src/llamafactory/hparams/parser.py:384 src.llamafactory.hparams.parser.get_train_args event=line locals={}
2026-07-15 04:13:45.192 /testbed/src/llamafactory/hparams/parser.py:385 src.llamafactory.hparams.parser.get_train_args event=line locals={}
2026-07-15 04:13:45.192 /testbed/src/llamafactory/hparams/parser.py:384 src.llamafactory.hparams.parser.get_train_args event=line locals={}
2026-07-15 04:13:45.192 /testbed/src/llamafactory/hparams/parser.py:385 src.llamafactory.hparams.parser.get_train_args event=line locals={}
2026-07-15 04:13:45.192 /testbed/src/llamafactory/hparams/parser.py:384 src.llamafactory.hparams.parser.get_train_args event=line locals={}
2026-07-15 04:13:45.192 /testbed/src/llamafactory/hparams/parser.py:386 src.llamafactory.hparams.parser.get_train_args event=line locals={}
2026-07-15 04:13:45.192 /testbed/src/llamafactory/hparams/parser.py:384 src.llamafactory.hparams.parser.get_train_args event=line locals={}
2026-07-15 04:13:45.192 /testbed/src/llamafactory/hparams/parser.py:387 src.llamafactory.hparams.parser.get_train_args event=line locals={}
2026-07-15 04:13:45.192 /testbed/src/llamafactory/hparams/parser.py:384 src.llamafactory.hparams.parser.get_train_args event=line locals={}
2026-07-15 04:13:45.192 /testbed/src/llamafactory/hparams/parser.py:383 src.llamafactory.hparams.parser.get_train_args event=line locals={}
2026-07-15 04:13:45.192 /testbed/src/llamafactory/hparams/parser.py:389 src.llamafactory.hparams.parser.get_train_args event=line locals={}
2026-07-15 04:13:45.208 /testbed/src/llamafactory/hparams/parser.py:391 src.llamafactory.hparams.parser.get_train_args event=line locals={}
2026-07-15 04:13:45.208 /testbed/src/llamafactory/hparams/parser.py:391 src.llamafactory.hparams.parser.get_train_args event=return retval=(namespace(shift_attn=False, use_unsloth=False, quantization_device_map=None, infer_backend='huggingface', quantization_bit=4, resize_vocab=False, upcast_layernorm=False, compute_dtype=torch.float16, device_map={'': device(type='cpu')}, model_max_length=1024, block_diag_attn=False), namespace(neat_packing=False, train_on_prompt=False, mask_history=False, streaming=False, dataset=None, eval_dataset=['eval_a'], val_size=0.0, packing=False, cutoff_len=1024), namespace(should_log=False, predict_with... locals={'args': '{}', 'can_resume_from_checkpoint': 'True', 'data_args': "namespace(neat_packing=False, train_on_prompt=False, mask_history=False, streaming=False, dataset=None, eval_dataset=['eval_a'], val_size=0.0, packing=False, cutoff_len=1024)", 'finetuning_args': "namespace(stage='dpo', reward_model_type='lora', use_galore=False, galore_layerwise=False, use_apollo=False, apollo_layerwise=False, use_badam=False, badam_mode='layer', pissa_init=False, pure_bf16=False, finetuning_type='lora', additional_target=None, compute_accuracy=False, ref_model=None)", 'generating_args': 'namespace()', 'model_args': "namespace(shift_attn=False, use_unsloth=False, quantization_device_map=None, infer_backend='huggingface', quantization_bit=4, resize_vocab=False, upcast_layernorm=False, compute_dtype=torch.float16, device_map={'': device(type='cpu')}, model_max_length=1024, block_diag_attn=False)", 'training_args': "namespace(should_log=False, predict_with_generate=False, do_predict=False, load_best_model_at_end=False, do_train=False, report_to=[], parallel_mode=<ParallelMode.DISTRIBUTED: 'distributed'>, deepspeed=None, max_steps=10, do_eval=True, ddp_find_unused_parameters=False, resume_from_checkpoint=None, output_dir='/testbed/llama_factory_qa/tmp_eval_dir', overwrite_output_dir=False, bf16=False, fp16=True, process_index=0, world_size=1, device='cpu', seed=202)"}
2026-07-15 04:13:45.208 /testbed/src/llamafactory/hparams/parser.py:189 src.llamafactory.hparams.parser.get_train_args event=call locals={'args': '{}'}
2026-07-15 04:13:45.208 /testbed/src/llamafactory/hparams/parser.py:190 src.llamafactory.hparams.parser.get_train_args event=line locals={}
2026-07-15 04:13:45.209 /testbed/src/llamafactory/hparams/parser.py:193 src.llamafactory.hparams.parser.get_train_args event=line locals={'data_args': "namespace(neat_packing=False, train_on_prompt=False, mask_history=False, streaming=False, dataset=['train_c'], eval_dataset=None, val_size=0.0, packing=None, cutoff_len=1024)", 'finetuning_args': "namespace(stage='rm', reward_model_type='lora', use_galore=False, galore_layerwise=False, use_apollo=False, apollo_layerwise=False, use_badam=False, badam_mode='layer', pissa_init=False, pure_bf16=False, finetuning_type='full', additional_target=None, compute_accuracy=False, ref_model=None)", 'generating_args': 'namespace()', 'model_args': "namespace(shift_attn=False, use_unsloth=False, quantization_device_map=None, infer_backend='huggingface', quantization_bit=None, resize_vocab=False, upcast_layernorm=False, compute_dtype=None, device_map=None, model_max_length=None, block_diag_attn=False)", 'training_args': "namespace(should_log=True, predict_with_generate=False, do_predict=False, load_best_model_at_end=False, do_train=True, report_to=[], parallel_mode=<ParallelMode.DISTRIBUTED: 'distributed'>, deepspeed=None, max_steps=10, do_eval=False, ddp_find_unused_parameters=None, resume_from_checkpoint='/tmp/pretend_ckpt', output_dir='/testbed/llama_factory_qa/tmp_train_dir', overwrite_output_dir=False, bf16=True, fp16=False, process_index=0, world_size=1, device='cpu', seed=303)"}
2026-07-15 04:13:45.209 /testbed/src/llamafactory/hparams/parser.py:194 src.llamafactory.hparams.parser.get_train_args event=line locals={}
2026-07-15 04:13:45.209 /testbed/src/llamafactory/hparams/parser.py:197 src.llamafactory.hparams.parser.get_train_args event=line locals={}
2026-07-15 04:13:45.209 /testbed/src/llamafactory/hparams/parser.py:198 src.llamafactory.hparams.parser.get_train_args event=line locals={}
2026-07-15 04:13:45.209 /testbed/src/llamafactory/hparams/parser.py:201 src.llamafactory.hparams.parser.get_train_args event=line locals={}
2026-07-15 04:13:45.209 /testbed/src/llamafactory/hparams/parser.py:204 src.llamafactory.hparams.parser.get_train_args event=line locals={}
2026-07-15 04:13:45.209 /testbed/src/llamafactory/hparams/parser.py:207 src.llamafactory.hparams.parser.get_train_args event=line locals={}
2026-07-15 04:13:45.209 /testbed/src/llamafactory/hparams/parser.py:210 src.llamafactory.hparams.parser.get_train_args event=line locals={}
2026-07-15 04:13:45.209 /testbed/src/llamafactory/hparams/parser.py:213 src.llamafactory.hparams.parser.get_train_args event=line locals={}
2026-07-15 04:13:45.209 /testbed/src/llamafactory/hparams/parser.py:226 src.llamafactory.hparams.parser.get_train_args event=line locals={}
2026-07-15 04:13:45.209 /testbed/src/llamafactory/hparams/parser.py:229 src.llamafactory.hparams.parser.get_train_args event=line locals={}
2026-07-15 04:13:45.209 /testbed/src/llamafactory/hparams/parser.py:232 src.llamafactory.hparams.parser.get_train_args event=line locals={}
2026-07-15 04:13:45.209 /testbed/src/llamafactory/hparams/parser.py:235 src.llamafactory.hparams.parser.get_train_args event=line locals={}
2026-07-15 04:13:45.209 /testbed/src/llamafactory/hparams/parser.py:238 src.llamafactory.hparams.parser.get_train_args event=line locals={}
2026-07-15 04:13:45.209 /testbed/src/llamafactory/hparams/parser.py:243 src.llamafactory.hparams.parser.get_train_args event=line locals={}
2026-07-15 04:13:45.209 /testbed/src/llamafactory/hparams/parser.py:253 src.llamafactory.hparams.parser.get_train_args event=line locals={}
2026-07-15 04:13:45.209 /testbed/src/llamafactory/hparams/parser.py:256 src.llamafactory.hparams.parser.get_train_args event=line locals={}
2026-07-15 04:13:45.209 /testbed/src/llamafactory/hparams/parser.py:259 src.llamafactory.hparams.parser.get_train_args event=line locals={}
2026-07-15 04:13:45.209 /testbed/src/llamafactory/hparams/parser.py:266 src.llamafactory.hparams.parser.get_train_args event=line locals={}
2026-07-15 04:13:45.209 /testbed/src/llamafactory/hparams/parser.py:267 src.llamafactory.hparams.parser.get_train_args event=line locals={}
2026-07-15 04:13:45.209 /testbed/src/llamafactory/hparams/parser.py:270 src.llamafactory.hparams.parser.get_train_args event=line locals={}
2026-07-15 04:13:45.209 /testbed/src/llamafactory/hparams/parser.py:273 src.llamafactory.hparams.parser.get_train_args event=line locals={}
2026-07-15 04:13:45.209 /testbed/src/llamafactory/hparams/parser.py:279 src.llamafactory.hparams.parser.get_train_args event=line locals={}
2026-07-15 04:13:45.209 /testbed/src/llamafactory/hparams/parser.py:282 src.llamafactory.hparams.parser.get_train_args event=line locals={}
2026-07-15 04:13:45.209 /testbed/src/llamafactory/hparams/parser.py:285 src.llamafactory.hparams.parser.get_train_args event=line locals={}
2026-07-15 04:13:45.209 /testbed/src/llamafactory/hparams/parser.py:288 src.llamafactory.hparams.parser.get_train_args event=line locals={}
2026-07-15 04:13:45.209 /testbed/src/llamafactory/hparams/parser.py:292 src.llamafactory.hparams.parser.get_train_args event=line locals={}
2026-07-15 04:13:45.210 /testbed/src/llamafactory/hparams/parser.py:293 src.llamafactory.hparams.parser.get_train_args event=line locals={}
2026-07-15 04:13:45.210 /testbed/src/llamafactory/hparams/parser.py:296 src.llamafactory.hparams.parser.get_train_args event=line locals={}
2026-07-15 04:13:45.210 /testbed/src/llamafactory/hparams/parser.py:295 src.llamafactory.hparams.parser.get_train_args event=line locals={}
2026-07-15 04:13:45.210 /testbed/src/llamafactory/hparams/parser.py:297 src.llamafactory.hparams.parser.get_train_args event=line locals={}
2026-07-15 04:13:45.210 /testbed/src/llamafactory/hparams/parser.py:306 src.llamafactory.hparams.parser.get_train_args event=line locals={}
2026-07-15 04:13:45.210 /testbed/src/llamafactory/hparams/parser.py:309 src.llamafactory.hparams.parser.get_train_args event=line locals={}
2026-07-15 04:13:45.210 /testbed/src/llamafactory/hparams/parser.py:313 src.llamafactory.hparams.parser.get_train_args event=line locals={}
2026-07-15 04:13:45.210 /testbed/src/llamafactory/hparams/parser.py:312 src.llamafactory.hparams.parser.get_train_args event=line locals={}
2026-07-15 04:13:45.210 /testbed/src/llamafactory/hparams/parser.py:314 src.llamafactory.hparams.parser.get_train_args event=line locals={}
2026-07-15 04:13:45.210 /testbed/src/llamafactory/hparams/parser.py:312 src.llamafactory.hparams.parser.get_train_args event=line locals={}
2026-07-15 04:13:45.210 /testbed/src/llamafactory/hparams/parser.py:314 src.llamafactory.hparams.parser.get_train_args event=line locals={}
2026-07-15 04:13:45.210 /testbed/src/llamafactory/hparams/parser.py:312 src.llamafactory.hparams.parser.get_train_args event=line locals={}
2026-07-15 04:13:45.210 /testbed/src/llamafactory/hparams/parser.py:321 src.llamafactory.hparams.parser.get_train_args event=line locals={}
2026-07-15 04:13:45.210 /testbed/src/llamafactory/hparams/parser.py:324 src.llamafactory.hparams.parser.get_train_args event=line locals={}
2026-07-15 04:13:45.210 /testbed/src/llamafactory/hparams/parser.py:329 src.llamafactory.hparams.parser.get_train_args event=line locals={}
2026-07-15 04:13:45.210 /testbed/src/llamafactory/hparams/parser.py:330 src.llamafactory.hparams.parser.get_train_args event=line locals={}
2026-07-15 04:13:45.210 /testbed/src/llamafactory/hparams/parser.py:331 src.llamafactory.hparams.parser.get_train_args event=line locals={}
2026-07-15 04:13:45.210 /testbed/src/llamafactory/hparams/parser.py:336 src.llamafactory.hparams.parser.get_train_args event=line locals={}
2026-07-15 04:13:45.210 /testbed/src/llamafactory/hparams/parser.py:337 src.llamafactory.hparams.parser.get_train_args event=line locals={}
2026-07-15 04:13:45.210 /testbed/src/llamafactory/hparams/parser.py:338 src.llamafactory.hparams.parser.get_train_args event=line locals={'can_resume_from_checkpoint': 'False'}
2026-07-15 04:13:45.211 /testbed/src/llamafactory/hparams/parser.py:339 src.llamafactory.hparams.parser.get_train_args event=line locals={}
2026-07-15 04:13:45.211 /testbed/src/llamafactory/hparams/parser.py:340 src.llamafactory.hparams.parser.get_train_args event=line locals={}
2026-07-15 04:13:45.211 /testbed/src/llamafactory/hparams/parser.py:345 src.llamafactory.hparams.parser.get_train_args event=line locals={'training_args': "namespace(should_log=True, predict_with_generate=False, do_predict=False, load_best_model_at_end=False, do_train=True, report_to=[], parallel_mode=<ParallelMode.DISTRIBUTED: 'distributed'>, deepspeed=None, max_steps=10, do_eval=False, ddp_find_unused_parameters=None, resume_from_checkpoint=None, output_dir='/testbed/llama_factory_qa/tmp_train_dir', overwrite_output_dir=False, bf16=True, fp16=False, process_index=0, world_size=1, device='cpu', seed=303)"}
2026-07-15 04:13:45.211 /testbed/src/llamafactory/hparams/parser.py:346 src.llamafactory.hparams.parser.get_train_args event=line locals={}
2026-07-15 04:13:45.211 /testbed/src/llamafactory/hparams/parser.py:345 src.llamafactory.hparams.parser.get_train_args event=line locals={}
2026-07-15 04:13:45.211 /testbed/src/llamafactory/hparams/parser.py:347 src.llamafactory.hparams.parser.get_train_args event=line locals={}
2026-07-15 04:13:45.211 /testbed/src/llamafactory/hparams/parser.py:345 src.llamafactory.hparams.parser.get_train_args event=line locals={}
2026-07-15 04:13:45.211 /testbed/src/llamafactory/hparams/parser.py:363 src.llamafactory.hparams.parser.get_train_args event=line locals={}
2026-07-15 04:13:45.211 /testbed/src/llamafactory/hparams/parser.py:364 src.llamafactory.hparams.parser.get_train_args event=line locals={}
2026-07-15 04:13:45.211 /testbed/src/llamafactory/hparams/parser.py:372 src.llamafactory.hparams.parser.get_train_args event=line locals={}
2026-07-15 04:13:45.211 /testbed/src/llamafactory/hparams/parser.py:373 src.llamafactory.hparams.parser.get_train_args event=line locals={}
2026-07-15 04:13:45.211 /testbed/src/llamafactory/hparams/parser.py:377 src.llamafactory.hparams.parser.get_train_args event=line locals={'model_args': "namespace(shift_attn=False, use_unsloth=False, quantization_device_map=None, infer_backend='huggingface', quantization_bit=None, resize_vocab=False, upcast_layernorm=False, compute_dtype=torch.bfloat16, device_map=None, model_max_length=None, block_diag_attn=False)"}
2026-07-15 04:13:45.211 /testbed/src/llamafactory/hparams/parser.py:378 src.llamafactory.hparams.parser.get_train_args event=line locals={'model_args': "namespace(shift_attn=False, use_unsloth=False, quantization_device_map=None, infer_backend='huggingface', quantization_bit=None, resize_vocab=False, upcast_layernorm=False, compute_dtype=torch.bfloat16, device_map={'': device(type='cpu')}, model_max_length=None, block_diag_attn=False)"}
2026-07-15 04:13:45.211 /testbed/src/llamafactory/hparams/parser.py:379 src.llamafactory.hparams.parser.get_train_args event=line locals={'model_args': "namespace(shift_attn=False, use_unsloth=False, quantization_device_map=None, infer_backend='huggingface', quantization_bit=None, resize_vocab=False, upcast_layernorm=False, compute_dtype=torch.bfloat16, device_map={'': device(type='cpu')}, model_max_length=1024, block_diag_attn=False)"}
2026-07-15 04:13:45.211 /testbed/src/llamafactory/hparams/parser.py:380 src.llamafactory.hparams.parser.get_train_args event=line locals={}
2026-07-15 04:13:45.211 /testbed/src/llamafactory/hparams/parser.py:383 src.llamafactory.hparams.parser.get_train_args event=line locals={'data_args': "namespace(neat_packing=False, train_on_prompt=False, mask_history=False, streaming=False, dataset=['train_c'], eval_dataset=None, val_size=0.0, packing=False, cutoff_len=1024)"}
2026-07-15 04:13:45.211 /testbed/src/llamafactory/hparams/parser.py:384 src.llamafactory.hparams.parser.get_train_args event=line locals={}
2026-07-15 04:13:45.212 /testbed/src/llamafactory/hparams/parser.py:385 src.llamafactory.hparams.parser.get_train_args event=line locals={}
2026-07-15 04:13:45.212 /testbed/src/llamafactory/hparams/parser.py:384 src.llamafactory.hparams.parser.get_train_args event=line locals={}
2026-07-15 04:13:45.212 /testbed/src/llamafactory/hparams/parser.py:385 src.llamafactory.hparams.parser.get_train_args event=line locals={}
2026-07-15 04:13:45.212 /testbed/src/llamafactory/hparams/parser.py:384 src.llamafactory.hparams.parser.get_train_args event=line locals={}
2026-07-15 04:13:45.212 /testbed/src/llamafactory/hparams/parser.py:386 src.llamafactory.hparams.parser.get_train_args event=line locals={}
2026-07-15 04:13:45.212 /testbed/src/llamafactory/hparams/parser.py:384 src.llamafactory.hparams.parser.get_train_args event=line locals={}
2026-07-15 04:13:45.212 /testbed/src/llamafactory/hparams/parser.py:387 src.llamafactory.hparams.parser.get_train_args event=line locals={}
2026-07-15 04:13:45.212 /testbed/src/llamafactory/hparams/parser.py:384 src.llamafactory.hparams.parser.get_train_args event=line locals={}
2026-07-15 04:13:45.212 /testbed/src/llamafactory/hparams/parser.py:383 src.llamafactory.hparams.parser.get_train_args event=line locals={}
2026-07-15 04:13:45.212 /testbed/src/llamafactory/hparams/parser.py:389 src.llamafactory.hparams.parser.get_train_args event=line locals={}
2026-07-15 04:13:45.228 /testbed/src/llamafactory/hparams/parser.py:391 src.llamafactory.hparams.parser.get_train_args event=line locals={}
2026-07-15 04:13:45.228 /testbed/src/llamafactory/hparams/parser.py:391 src.llamafactory.hparams.parser.get_train_args event=return retval=(namespace(shift_attn=False, use_unsloth=False, quantization_device_map=None, infer_backend='huggingface', quantization_bit=None, resize_vocab=False, upcast_layernorm=False, compute_dtype=torch.bfloat16, device_map={'': device(type='cpu')}, model_max_length=1024, block_diag_attn=False), namespace(neat_packing=False, train_on_prompt=False, mask_history=False, streaming=False, dataset=['train_c'], eval_dataset=None, val_size=0.0, packing=False, cutoff_len=1024), namespace(should_log=True, predict_... locals={'args': '{}', 'can_resume_from_checkpoint': 'False', 'data_args': "namespace(neat_packing=False, train_on_prompt=False, mask_history=False, streaming=False, dataset=['train_c'], eval_dataset=None, val_size=0.0, packing=False, cutoff_len=1024)", 'finetuning_args': "namespace(stage='rm', reward_model_type='lora', use_galore=False, galore_layerwise=False, use_apollo=False, apollo_layerwise=False, use_badam=False, badam_mode='layer', pissa_init=False, pure_bf16=False, finetuning_type='full', additional_target=None, compute_accuracy=False, ref_model=None)", 'generating_args': 'namespace()', 'model_args': "namespace(shift_attn=False, use_unsloth=False, quantization_device_map=None, infer_backend='huggingface', quantization_bit=None, resize_vocab=False, upcast_layernorm=False, compute_dtype=torch.bfloat16, device_map={'': device(type='cpu')}, model_max_length=1024, block_diag_attn=False)", 'training_args': "namespace(should_log=True, predict_with_generate=False, do_predict=False, load_best_model_at_end=False, do_train=True, report_to=[], parallel_mode=<ParallelMode.DISTRIBUTED: 'distributed'>, deepspeed=None, max_steps=10, do_eval=False, ddp_find_unused_parameters=None, resume_from_checkpoint=None, output_dir='/testbed/llama_factory_qa/tmp_train_dir', overwrite_output_dir=False, bf16=True, fp16=False, process_index=0, world_size=1, device='cpu', seed=303)"}
