2026-08-23 05:03:27.905 [TRACE][START] pid=47 TRACE_OUT='/testbed/logs/jinja_qa/filters_do_xmlattr_s2_loops__pert_llm_s0/trace.log' TRACE_FILE='src/jinja2/filters.py' TRACE_FUNCS=['do_xmlattr'] TRACE_EVENTS=['call', 'exception', 'line', 'return']
2026-08-23 05:03:27.918 /testbed/src/jinja2/filters.py:259 jinja2.filters.do_xmlattr event=call locals={'autospace': 'True', 'd': "{'data_0': 'v0_188', 'field_1': 'v1_10', 'data_2': 'v2_194', 'k3': 'v3_110', 'field_4': 'payload_55b4', 'field_5': 'v5_25', 'k6': 'v6_93', 'field_7': 'v7_66', 'k8': None, 'k9': 'v9_16', 'field_10': None, 'data_11': '0d56e1', 'field_12': 35, 'attr_13': 111, 'n14_135e': 'payload_2e19', 'k15': 'v15_106', 'k16': 'v16_191', 'k17': 'v17_144', 'k19': 'v19_133', 'k21': None, 'field_22': '46b8d8', 'n23_2ed0': 'v23_22', 'data_24': 'v24_94', 'k25': 'v25_6', 'k26': 'v26_219', 'attr_27': 'v27_25', 'attr_29':...", 'eval_ctx': '<jinja2.nodes.EvalContext object at 0x75f3cfff8110>'}
2026-08-23 05:03:27.918 /testbed/src/jinja2/filters.py:299 jinja2.filters.do_xmlattr event=line locals={}
2026-08-23 05:03:27.918 /testbed/src/jinja2/filters.py:301 jinja2.filters.do_xmlattr event=line locals={'items': '[]'}
2026-08-23 05:03:27.918 /testbed/src/jinja2/filters.py:302 jinja2.filters.do_xmlattr event=line locals={'key': "'data_0'", 'value': "'v0_188'"}
2026-08-23 05:03:27.918 /testbed/src/jinja2/filters.py:305 jinja2.filters.do_xmlattr event=line locals={}
2026-08-23 05:03:27.918 /testbed/src/jinja2/filters.py:308 jinja2.filters.do_xmlattr event=line locals={}
2026-08-23 05:03:27.918 /testbed/src/jinja2/filters.py:301 jinja2.filters.do_xmlattr event=line locals={'items': '[\'data_0="v0_188"\']'}
2026-08-23 05:03:27.918 /testbed/src/jinja2/filters.py:302 jinja2.filters.do_xmlattr event=line locals={'key': "'field_1'", 'value': "'v1_10'"}
2026-08-23 05:03:27.918 /testbed/src/jinja2/filters.py:305 jinja2.filters.do_xmlattr event=line locals={}
2026-08-23 05:03:27.918 /testbed/src/jinja2/filters.py:308 jinja2.filters.do_xmlattr event=line locals={}
2026-08-23 05:03:27.918 /testbed/src/jinja2/filters.py:301 jinja2.filters.do_xmlattr event=line locals={'items': '[\'data_0="v0_188"\', \'field_1="v1_10"\']'}
2026-08-23 05:03:27.918 /testbed/src/jinja2/filters.py:302 jinja2.filters.do_xmlattr event=line locals={'key': "'data_2'", 'value': "'v2_194'"}
2026-08-23 05:03:27.918 /testbed/src/jinja2/filters.py:305 jinja2.filters.do_xmlattr event=line locals={}
2026-08-23 05:03:27.918 /testbed/src/jinja2/filters.py:308 jinja2.filters.do_xmlattr event=line locals={}
2026-08-23 05:03:27.918 /testbed/src/jinja2/filters.py:301 jinja2.filters.do_xmlattr event=line locals={'items': '[\'data_0="v0_188"\', \'field_1="v1_10"\', \'data_2="v2_194"\']'}
2026-08-23 05:03:27.918 /testbed/src/jinja2/filters.py:302 jinja2.filters.do_xmlattr event=line locals={'key': "'k3'", 'value': "'v3_110'"}
2026-08-23 05:03:27.918 /testbed/src/jinja2/filters.py:305 jinja2.filters.do_xmlattr event=line locals={}
2026-08-23 05:03:27.918 /testbed/src/jinja2/filters.py:308 jinja2.filters.do_xmlattr event=line locals={}
2026-08-23 05:03:27.918 /testbed/src/jinja2/filters.py:301 jinja2.filters.do_xmlattr event=line locals={'items': '[\'data_0="v0_188"\', \'field_1="v1_10"\', \'data_2="v2_194"\', \'k3="v3_110"\']'}
2026-08-23 05:03:27.919 /testbed/src/jinja2/filters.py:302 jinja2.filters.do_xmlattr event=line locals={'key': "'field_4'", 'value': "'payload_55b4'"}
2026-08-23 05:03:27.919 /testbed/src/jinja2/filters.py:305 jinja2.filters.do_xmlattr event=line locals={}
2026-08-23 05:03:27.919 /testbed/src/jinja2/filters.py:308 jinja2.filters.do_xmlattr event=line locals={}
2026-08-23 05:03:27.919 /testbed/src/jinja2/filters.py:301 jinja2.filters.do_xmlattr event=line locals={'items': '[\'data_0="v0_188"\', \'field_1="v1_10"\', \'data_2="v2_194"\', \'k3="v3_110"\', \'field_4="payload_55b4"\']'}
2026-08-23 05:03:27.919 /testbed/src/jinja2/filters.py:302 jinja2.filters.do_xmlattr event=line locals={'key': "'field_5'", 'value': "'v5_25'"}
2026-08-23 05:03:27.919 /testbed/src/jinja2/filters.py:305 jinja2.filters.do_xmlattr event=line locals={}
2026-08-23 05:03:27.919 /testbed/src/jinja2/filters.py:308 jinja2.filters.do_xmlattr event=line locals={}
2026-08-23 05:03:27.919 /testbed/src/jinja2/filters.py:301 jinja2.filters.do_xmlattr event=line locals={'items': '[\'data_0="v0_188"\', \'field_1="v1_10"\', \'data_2="v2_194"\', \'k3="v3_110"\', \'field_4="payload_55b4"\', \'field_5="v5_25"\']'}
2026-08-23 05:03:27.919 /testbed/src/jinja2/filters.py:302 jinja2.filters.do_xmlattr event=line locals={'key': "'k6'", 'value': "'v6_93'"}
2026-08-23 05:03:27.919 /testbed/src/jinja2/filters.py:305 jinja2.filters.do_xmlattr event=line locals={}
2026-08-23 05:03:27.919 /testbed/src/jinja2/filters.py:308 jinja2.filters.do_xmlattr event=line locals={}
2026-08-23 05:03:27.919 /testbed/src/jinja2/filters.py:301 jinja2.filters.do_xmlattr event=line locals={'items': '[\'data_0="v0_188"\', \'field_1="v1_10"\', \'data_2="v2_194"\', \'k3="v3_110"\', \'field_4="payload_55b4"\', \'field_5="v5_25"\', \'k6="v6_93"\']'}
2026-08-23 05:03:27.919 /testbed/src/jinja2/filters.py:302 jinja2.filters.do_xmlattr event=line locals={'key': "'field_7'", 'value': "'v7_66'"}
2026-08-23 05:03:27.919 /testbed/src/jinja2/filters.py:305 jinja2.filters.do_xmlattr event=line locals={}
2026-08-23 05:03:27.919 /testbed/src/jinja2/filters.py:308 jinja2.filters.do_xmlattr event=line locals={}
2026-08-23 05:03:27.919 /testbed/src/jinja2/filters.py:301 jinja2.filters.do_xmlattr event=line locals={'items': '[\'data_0="v0_188"\', \'field_1="v1_10"\', \'data_2="v2_194"\', \'k3="v3_110"\', \'field_4="payload_55b4"\', \'field_5="v5_25"\', \'k6="v6_93"\', \'field_7="v7_66"\']'}
2026-08-23 05:03:27.919 /testbed/src/jinja2/filters.py:302 jinja2.filters.do_xmlattr event=line locals={'key': "'k8'", 'value': 'None'}
2026-08-23 05:03:27.919 /testbed/src/jinja2/filters.py:303 jinja2.filters.do_xmlattr event=line locals={}
2026-08-23 05:03:27.919 /testbed/src/jinja2/filters.py:301 jinja2.filters.do_xmlattr event=line locals={}
2026-08-23 05:03:27.919 /testbed/src/jinja2/filters.py:302 jinja2.filters.do_xmlattr event=line locals={'key': "'k9'", 'value': "'v9_16'"}
2026-08-23 05:03:27.919 /testbed/src/jinja2/filters.py:305 jinja2.filters.do_xmlattr event=line locals={}
2026-08-23 05:03:27.919 /testbed/src/jinja2/filters.py:308 jinja2.filters.do_xmlattr event=line locals={}
2026-08-23 05:03:27.919 /testbed/src/jinja2/filters.py:301 jinja2.filters.do_xmlattr event=line locals={'items': '[\'data_0="v0_188"\', \'field_1="v1_10"\', \'data_2="v2_194"\', \'k3="v3_110"\', \'field_4="payload_55b4"\', \'field_5="v5_25"\', \'k6="v6_93"\', \'field_7="v7_66"\', \'k9="v9_16"\']'}
2026-08-23 05:03:27.919 /testbed/src/jinja2/filters.py:302 jinja2.filters.do_xmlattr event=line locals={'key': "'field_10'", 'value': 'None'}
2026-08-23 05:03:27.919 /testbed/src/jinja2/filters.py:303 jinja2.filters.do_xmlattr event=line locals={}
2026-08-23 05:03:27.919 /testbed/src/jinja2/filters.py:301 jinja2.filters.do_xmlattr event=line locals={}
2026-08-23 05:03:27.919 /testbed/src/jinja2/filters.py:302 jinja2.filters.do_xmlattr event=line locals={'key': "'data_11'", 'value': "'0d56e1'"}
2026-08-23 05:03:27.919 /testbed/src/jinja2/filters.py:305 jinja2.filters.do_xmlattr event=line locals={}
2026-08-23 05:03:27.919 /testbed/src/jinja2/filters.py:308 jinja2.filters.do_xmlattr event=line locals={}
2026-08-23 05:03:27.920 /testbed/src/jinja2/filters.py:301 jinja2.filters.do_xmlattr event=line locals={'items': '[\'data_0="v0_188"\', \'field_1="v1_10"\', \'data_2="v2_194"\', \'k3="v3_110"\', \'field_4="payload_55b4"\', \'field_5="v5_25"\', \'k6="v6_93"\', \'field_7="v7_66"\', \'k9="v9_16"\', \'data_11="0d56e1"\']'}
2026-08-23 05:03:27.920 /testbed/src/jinja2/filters.py:302 jinja2.filters.do_xmlattr event=line locals={'key': "'field_12'", 'value': '35'}
2026-08-23 05:03:27.920 /testbed/src/jinja2/filters.py:305 jinja2.filters.do_xmlattr event=line locals={}
2026-08-23 05:03:27.920 /testbed/src/jinja2/filters.py:308 jinja2.filters.do_xmlattr event=line locals={}
2026-08-23 05:03:27.920 /testbed/src/jinja2/filters.py:301 jinja2.filters.do_xmlattr event=line locals={'items': '[\'data_0="v0_188"\', \'field_1="v1_10"\', \'data_2="v2_194"\', \'k3="v3_110"\', \'field_4="payload_55b4"\', \'field_5="v5_25"\', \'k6="v6_93"\', \'field_7="v7_66"\', \'k9="v9_16"\', \'data_11="0d56e1"\', \'field_12="35"\']'}
2026-08-23 05:03:27.920 /testbed/src/jinja2/filters.py:302 jinja2.filters.do_xmlattr event=line locals={'key': "'attr_13'", 'value': '111'}
2026-08-23 05:03:27.920 /testbed/src/jinja2/filters.py:305 jinja2.filters.do_xmlattr event=line locals={}
2026-08-23 05:03:27.920 /testbed/src/jinja2/filters.py:308 jinja2.filters.do_xmlattr event=line locals={}
2026-08-23 05:03:27.920 /testbed/src/jinja2/filters.py:301 jinja2.filters.do_xmlattr event=line locals={'items': '[\'data_0="v0_188"\', \'field_1="v1_10"\', \'data_2="v2_194"\', \'k3="v3_110"\', \'field_4="payload_55b4"\', \'field_5="v5_25"\', \'k6="v6_93"\', \'field_7="v7_66"\', \'k9="v9_16"\', \'data_11="0d56e1"\', \'field_12="35"\', \'attr_13="111"\']'}
2026-08-23 05:03:27.920 /testbed/src/jinja2/filters.py:302 jinja2.filters.do_xmlattr event=line locals={'key': "'n14_135e'", 'value': "'payload_2e19'"}
2026-08-23 05:03:27.920 /testbed/src/jinja2/filters.py:305 jinja2.filters.do_xmlattr event=line locals={}
2026-08-23 05:03:27.920 /testbed/src/jinja2/filters.py:308 jinja2.filters.do_xmlattr event=line locals={}
2026-08-23 05:03:27.920 /testbed/src/jinja2/filters.py:301 jinja2.filters.do_xmlattr event=line locals={'items': '[\'data_0="v0_188"\', \'field_1="v1_10"\', \'data_2="v2_194"\', \'k3="v3_110"\', \'field_4="payload_55b4"\', \'field_5="v5_25"\', \'k6="v6_93"\', \'field_7="v7_66"\', \'k9="v9_16"\', \'data_11="0d56e1"\', \'field_12="35"\', \'attr_13="111"\', \'n14_135e="payload_2e19"\']'}
2026-08-23 05:03:27.920 /testbed/src/jinja2/filters.py:302 jinja2.filters.do_xmlattr event=line locals={'key': "'k15'", 'value': "'v15_106'"}
2026-08-23 05:03:27.920 /testbed/src/jinja2/filters.py:305 jinja2.filters.do_xmlattr event=line locals={}
2026-08-23 05:03:27.920 /testbed/src/jinja2/filters.py:308 jinja2.filters.do_xmlattr event=line locals={}
2026-08-23 05:03:27.920 /testbed/src/jinja2/filters.py:301 jinja2.filters.do_xmlattr event=line locals={'items': '[\'data_0="v0_188"\', \'field_1="v1_10"\', \'data_2="v2_194"\', \'k3="v3_110"\', \'field_4="payload_55b4"\', \'field_5="v5_25"\', \'k6="v6_93"\', \'field_7="v7_66"\', \'k9="v9_16"\', \'data_11="0d56e1"\', \'field_12="35"\', \'attr_13="111"\', \'n14_135e="payload_2e19"\', \'k15="v15_106"\']'}
2026-08-23 05:03:27.920 /testbed/src/jinja2/filters.py:302 jinja2.filters.do_xmlattr event=line locals={'key': "'k16'", 'value': "'v16_191'"}
2026-08-23 05:03:27.920 /testbed/src/jinja2/filters.py:305 jinja2.filters.do_xmlattr event=line locals={}
2026-08-23 05:03:27.920 /testbed/src/jinja2/filters.py:308 jinja2.filters.do_xmlattr event=line locals={}
2026-08-23 05:03:27.920 /testbed/src/jinja2/filters.py:301 jinja2.filters.do_xmlattr event=line locals={'items': '[\'data_0="v0_188"\', \'field_1="v1_10"\', \'data_2="v2_194"\', \'k3="v3_110"\', \'field_4="payload_55b4"\', \'field_5="v5_25"\', \'k6="v6_93"\', \'field_7="v7_66"\', \'k9="v9_16"\', \'data_11="0d56e1"\', \'field_12="35"\', \'attr_13="111"\', \'n14_135e="payload_2e19"\', \'k15="v15_106"\', \'k16="v16_191"\']'}
2026-08-23 05:03:27.920 /testbed/src/jinja2/filters.py:302 jinja2.filters.do_xmlattr event=line locals={'key': "'k17'", 'value': "'v17_144'"}
2026-08-23 05:03:27.920 /testbed/src/jinja2/filters.py:305 jinja2.filters.do_xmlattr event=line locals={}
2026-08-23 05:03:27.920 /testbed/src/jinja2/filters.py:308 jinja2.filters.do_xmlattr event=line locals={}
2026-08-23 05:03:27.920 /testbed/src/jinja2/filters.py:301 jinja2.filters.do_xmlattr event=line locals={'items': '[\'data_0="v0_188"\', \'field_1="v1_10"\', \'data_2="v2_194"\', \'k3="v3_110"\', \'field_4="payload_55b4"\', \'field_5="v5_25"\', \'k6="v6_93"\', \'field_7="v7_66"\', \'k9="v9_16"\', \'data_11="0d56e1"\', \'field_12="35"\', \'attr_13="111"\', \'n14_135e="payload_2e19"\', \'k15="v15_106"\', \'k16="v16_191"\', \'k17="v17_144"\']'}
2026-08-23 05:03:27.920 /testbed/src/jinja2/filters.py:302 jinja2.filters.do_xmlattr event=line locals={'key': "'k19'", 'value': "'v19_133'"}
2026-08-23 05:03:27.920 /testbed/src/jinja2/filters.py:305 jinja2.filters.do_xmlattr event=line locals={}
2026-08-23 05:03:27.920 /testbed/src/jinja2/filters.py:308 jinja2.filters.do_xmlattr event=line locals={}
2026-08-23 05:03:27.921 /testbed/src/jinja2/filters.py:301 jinja2.filters.do_xmlattr event=line locals={'items': '[\'data_0="v0_188"\', \'field_1="v1_10"\', \'data_2="v2_194"\', \'k3="v3_110"\', \'field_4="payload_55b4"\', \'field_5="v5_25"\', \'k6="v6_93"\', \'field_7="v7_66"\', \'k9="v9_16"\', \'data_11="0d56e1"\', \'field_12="35"\', \'attr_13="111"\', \'n14_135e="payload_2e19"\', \'k15="v15_106"\', \'k16="v16_191"\', \'k17="v17_144"\', \'k19="v19_133"\']'}
2026-08-23 05:03:27.921 /testbed/src/jinja2/filters.py:302 jinja2.filters.do_xmlattr event=line locals={'key': "'k21'", 'value': 'None'}
2026-08-23 05:03:27.921 /testbed/src/jinja2/filters.py:303 jinja2.filters.do_xmlattr event=line locals={}
2026-08-23 05:03:27.921 /testbed/src/jinja2/filters.py:301 jinja2.filters.do_xmlattr event=line locals={}
2026-08-23 05:03:27.921 /testbed/src/jinja2/filters.py:302 jinja2.filters.do_xmlattr event=line locals={'key': "'field_22'", 'value': "'46b8d8'"}
2026-08-23 05:03:27.921 /testbed/src/jinja2/filters.py:305 jinja2.filters.do_xmlattr event=line locals={}
2026-08-23 05:03:27.921 /testbed/src/jinja2/filters.py:308 jinja2.filters.do_xmlattr event=line locals={}
2026-08-23 05:03:27.921 /testbed/src/jinja2/filters.py:301 jinja2.filters.do_xmlattr event=line locals={'items': '[\'data_0="v0_188"\', \'field_1="v1_10"\', \'data_2="v2_194"\', \'k3="v3_110"\', \'field_4="payload_55b4"\', \'field_5="v5_25"\', \'k6="v6_93"\', \'field_7="v7_66"\', \'k9="v9_16"\', \'data_11="0d56e1"\', \'field_12="35"\', \'attr_13="111"\', \'n14_135e="payload_2e19"\', \'k15="v15_106"\', \'k16="v16_191"\', \'k17="v17_144"\', \'k19="v19_133"\', \'field_22="46b8d8"\']'}
2026-08-23 05:03:27.921 /testbed/src/jinja2/filters.py:302 jinja2.filters.do_xmlattr event=line locals={'key': "'n23_2ed0'", 'value': "'v23_22'"}
2026-08-23 05:03:27.921 /testbed/src/jinja2/filters.py:305 jinja2.filters.do_xmlattr event=line locals={}
2026-08-23 05:03:27.921 /testbed/src/jinja2/filters.py:308 jinja2.filters.do_xmlattr event=line locals={}
2026-08-23 05:03:27.921 /testbed/src/jinja2/filters.py:301 jinja2.filters.do_xmlattr event=line locals={'items': '[\'data_0="v0_188"\', \'field_1="v1_10"\', \'data_2="v2_194"\', \'k3="v3_110"\', \'field_4="payload_55b4"\', \'field_5="v5_25"\', \'k6="v6_93"\', \'field_7="v7_66"\', \'k9="v9_16"\', \'data_11="0d56e1"\', \'field_12="35"\', \'attr_13="111"\', \'n14_135e="payload_2e19"\', \'k15="v15_106"\', \'k16="v16_191"\', \'k17="v17_144"\', \'k19="v19_133"\', \'field_22="46b8d8"\', \'n23_2ed0="v23_22"\']'}
2026-08-23 05:03:27.921 /testbed/src/jinja2/filters.py:302 jinja2.filters.do_xmlattr event=line locals={'key': "'data_24'", 'value': "'v24_94'"}
2026-08-23 05:03:27.921 /testbed/src/jinja2/filters.py:305 jinja2.filters.do_xmlattr event=line locals={}
2026-08-23 05:03:27.921 /testbed/src/jinja2/filters.py:308 jinja2.filters.do_xmlattr event=line locals={}
2026-08-23 05:03:27.921 /testbed/src/jinja2/filters.py:301 jinja2.filters.do_xmlattr event=line locals={'items': '[\'data_0="v0_188"\', \'field_1="v1_10"\', \'data_2="v2_194"\', \'k3="v3_110"\', \'field_4="payload_55b4"\', \'field_5="v5_25"\', \'k6="v6_93"\', \'field_7="v7_66"\', \'k9="v9_16"\', \'data_11="0d56e1"\', \'field_12="35"\', \'attr_13="111"\', \'n14_135e="payload_2e19"\', \'k15="v15_106"\', \'k16="v16_191"\', \'k17="v17_144"\', \'k19="v19_133"\', \'field_22="46b8d8"\', \'n23_2ed0="v23_22"\', \'data_24="v24_94"\']'}
2026-08-23 05:03:27.921 /testbed/src/jinja2/filters.py:302 jinja2.filters.do_xmlattr event=line locals={'key': "'k25'", 'value': "'v25_6'"}
2026-08-23 05:03:27.921 /testbed/src/jinja2/filters.py:305 jinja2.filters.do_xmlattr event=line locals={}
2026-08-23 05:03:27.921 /testbed/src/jinja2/filters.py:308 jinja2.filters.do_xmlattr event=line locals={}
2026-08-23 05:03:27.921 /testbed/src/jinja2/filters.py:301 jinja2.filters.do_xmlattr event=line locals={'items': '[\'data_0="v0_188"\', \'field_1="v1_10"\', \'data_2="v2_194"\', \'k3="v3_110"\', \'field_4="payload_55b4"\', \'field_5="v5_25"\', \'k6="v6_93"\', \'field_7="v7_66"\', \'k9="v9_16"\', \'data_11="0d56e1"\', \'field_12="35"\', \'attr_13="111"\', \'n14_135e="payload_2e19"\', \'k15="v15_106"\', \'k16="v16_191"\', \'k17="v17_144"\', \'k19="v19_133"\', \'field_22="46b8d8"\', \'n23_2ed0="v23_22"\', \'data_24="v24_94"\', \'k25="v25_6"\']'}
2026-08-23 05:03:27.921 /testbed/src/jinja2/filters.py:302 jinja2.filters.do_xmlattr event=line locals={'key': "'k26'", 'value': "'v26_219'"}
2026-08-23 05:03:27.921 /testbed/src/jinja2/filters.py:305 jinja2.filters.do_xmlattr event=line locals={}
2026-08-23 05:03:27.921 /testbed/src/jinja2/filters.py:308 jinja2.filters.do_xmlattr event=line locals={}
2026-08-23 05:03:27.921 /testbed/src/jinja2/filters.py:301 jinja2.filters.do_xmlattr event=line locals={'items': '[\'data_0="v0_188"\', \'field_1="v1_10"\', \'data_2="v2_194"\', \'k3="v3_110"\', \'field_4="payload_55b4"\', \'field_5="v5_25"\', \'k6="v6_93"\', \'field_7="v7_66"\', \'k9="v9_16"\', \'data_11="0d56e1"\', \'field_12="35"\', \'attr_13="111"\', \'n14_135e="payload_2e19"\', \'k15="v15_106"\', \'k16="v16_191"\', \'k17="v17_144"\', \'k19="v19_133"\', \'field_22="46b8d8"\', \'n23_2ed0="v23_22"\', \'data_24="v24_94"\', \'k25="v25_6"\', \'k26="v26_219"\']'}
2026-08-23 05:03:27.921 /testbed/src/jinja2/filters.py:302 jinja2.filters.do_xmlattr event=line locals={'key': "'attr_27'", 'value': "'v27_25'"}
2026-08-23 05:03:27.921 /testbed/src/jinja2/filters.py:305 jinja2.filters.do_xmlattr event=line locals={}
2026-08-23 05:03:27.921 /testbed/src/jinja2/filters.py:308 jinja2.filters.do_xmlattr event=line locals={}
2026-08-23 05:03:27.922 /testbed/src/jinja2/filters.py:301 jinja2.filters.do_xmlattr event=line locals={'items': '[\'data_0="v0_188"\', \'field_1="v1_10"\', \'data_2="v2_194"\', \'k3="v3_110"\', \'field_4="payload_55b4"\', \'field_5="v5_25"\', \'k6="v6_93"\', \'field_7="v7_66"\', \'k9="v9_16"\', \'data_11="0d56e1"\', \'field_12="35"\', \'attr_13="111"\', \'n14_135e="payload_2e19"\', \'k15="v15_106"\', \'k16="v16_191"\', \'k17="v17_144"\', \'k19="v19_133"\', \'field_22="46b8d8"\', \'n23_2ed0="v23_22"\', \'data_24="v24_94"\', \'k25="v25_6"\', \'k26="v26_219"\', \'attr_27="v27_25"\']'}
2026-08-23 05:03:27.922 /testbed/src/jinja2/filters.py:302 jinja2.filters.do_xmlattr event=line locals={'key': "'attr_29'", 'value': "'v29_236'"}
2026-08-23 05:03:27.922 /testbed/src/jinja2/filters.py:305 jinja2.filters.do_xmlattr event=line locals={}
2026-08-23 05:03:27.922 /testbed/src/jinja2/filters.py:308 jinja2.filters.do_xmlattr event=line locals={}
2026-08-23 05:03:27.922 /testbed/src/jinja2/filters.py:301 jinja2.filters.do_xmlattr event=line locals={'items': '[\'data_0="v0_188"\', \'field_1="v1_10"\', \'data_2="v2_194"\', \'k3="v3_110"\', \'field_4="payload_55b4"\', \'field_5="v5_25"\', \'k6="v6_93"\', \'field_7="v7_66"\', \'k9="v9_16"\', \'data_11="0d56e1"\', \'field_12="35"\', \'attr_13="111"\', \'n14_135e="payload_2e19"\', \'k15="v15_106"\', \'k16="v16_191"\', \'k17="v17_144"\', \'k19="v19_133"\', \'field_22="46b8d8"\', \'n23_2ed0="v23_22"\', \'data_24="v24_94"\', \'k25="v25_6"\', \'k26="v26_219"\', \'attr_27="v27_25"\', \'attr_29="v29_236"\']'}
2026-08-23 05:03:27.922 /testbed/src/jinja2/filters.py:302 jinja2.filters.do_xmlattr event=line locals={'key': "'data_30'", 'value': "'v30_172'"}
2026-08-23 05:03:27.922 /testbed/src/jinja2/filters.py:305 jinja2.filters.do_xmlattr event=line locals={}
2026-08-23 05:03:27.922 /testbed/src/jinja2/filters.py:308 jinja2.filters.do_xmlattr event=line locals={}
2026-08-23 05:03:27.922 /testbed/src/jinja2/filters.py:301 jinja2.filters.do_xmlattr event=line locals={'items': '[\'data_0="v0_188"\', \'field_1="v1_10"\', \'data_2="v2_194"\', \'k3="v3_110"\', \'field_4="payload_55b4"\', \'field_5="v5_25"\', \'k6="v6_93"\', \'field_7="v7_66"\', \'k9="v9_16"\', \'data_11="0d56e1"\', \'field_12="35"\', \'attr_13="111"\', \'n14_135e="payload_2e19"\', \'k15="v15_106"\', \'k16="v16_191"\', \'k17="v17_144"\', \'k19="v19_133"\', \'field_22="46b8d8"\', \'n23_2ed0="v23_22"\', \'data_24="v24_94"\', \'k25="v25_6"\', \'k26="v26_219"\', \'attr_27="v27_25"\', \'attr_29="v29_236"\', \'data_30="v30_172"\']'}
2026-08-23 05:03:27.922 /testbed/src/jinja2/filters.py:302 jinja2.filters.do_xmlattr event=line locals={'key': "'data_31'", 'value': "'v31_246'"}
2026-08-23 05:03:27.922 /testbed/src/jinja2/filters.py:305 jinja2.filters.do_xmlattr event=line locals={}
2026-08-23 05:03:27.922 /testbed/src/jinja2/filters.py:308 jinja2.filters.do_xmlattr event=line locals={}
2026-08-23 05:03:27.922 /testbed/src/jinja2/filters.py:301 jinja2.filters.do_xmlattr event=line locals={'items': '[\'data_0="v0_188"\', \'field_1="v1_10"\', \'data_2="v2_194"\', \'k3="v3_110"\', \'field_4="payload_55b4"\', \'field_5="v5_25"\', \'k6="v6_93"\', \'field_7="v7_66"\', \'k9="v9_16"\', \'data_11="0d56e1"\', \'field_12="35"\', \'attr_13="111"\', \'n14_135e="payload_2e19"\', \'k15="v15_106"\', \'k16="v16_191"\', \'k17="v17_144"\', \'k19="v19_133"\', \'field_22="46b8d8"\', \'n23_2ed0="v23_22"\', \'data_24="v24_94"\', \'k25="v25_6"\', \'k26="v26_219"\', \'attr_27="v27_25"\', \'attr_29="v29_236"\', \'data_30="v30_172"\', \'data_31="v31_246"\']'}
2026-08-23 05:03:27.922 /testbed/src/jinja2/filters.py:302 jinja2.filters.do_xmlattr event=line locals={'key': "'k32'", 'value': "'v32_235'"}
2026-08-23 05:03:27.922 /testbed/src/jinja2/filters.py:305 jinja2.filters.do_xmlattr event=line locals={}
2026-08-23 05:03:27.922 /testbed/src/jinja2/filters.py:308 jinja2.filters.do_xmlattr event=line locals={}
2026-08-23 05:03:27.922 /testbed/src/jinja2/filters.py:301 jinja2.filters.do_xmlattr event=line locals={'items': '[\'data_0="v0_188"\', \'field_1="v1_10"\', \'data_2="v2_194"\', \'k3="v3_110"\', \'field_4="payload_55b4"\', \'field_5="v5_25"\', \'k6="v6_93"\', \'field_7="v7_66"\', \'k9="v9_16"\', \'data_11="0d56e1"\', \'field_12="35"\', \'attr_13="111"\', \'n14_135e="payload_2e19"\', \'k15="v15_106"\', \'k16="v16_191"\', \'k17="v17_144"\', \'k19="v19_133"\', \'field_22="46b8d8"\', \'n23_2ed0="v23_22"\', \'data_24="v24_94"\', \'k25="v25_6"\', \'k26="v26_219"\', \'attr_27="v27_25"\', \'attr_29="v29_236"\', \'data_30="v30_172"\', \'data_31="v31_246"\', \'k32="v32...'}
2026-08-23 05:03:27.922 /testbed/src/jinja2/filters.py:302 jinja2.filters.do_xmlattr event=line locals={'key': "'attr_33'", 'value': "'v33_72'"}
2026-08-23 05:03:27.922 /testbed/src/jinja2/filters.py:305 jinja2.filters.do_xmlattr event=line locals={}
2026-08-23 05:03:27.922 /testbed/src/jinja2/filters.py:308 jinja2.filters.do_xmlattr event=line locals={}
2026-08-23 05:03:27.922 /testbed/src/jinja2/filters.py:301 jinja2.filters.do_xmlattr event=line locals={}
2026-08-23 05:03:27.922 /testbed/src/jinja2/filters.py:302 jinja2.filters.do_xmlattr event=line locals={'key': "'data_34'", 'value': "'v34_201'"}
2026-08-23 05:03:27.922 /testbed/src/jinja2/filters.py:305 jinja2.filters.do_xmlattr event=line locals={}
2026-08-23 05:03:27.922 /testbed/src/jinja2/filters.py:308 jinja2.filters.do_xmlattr event=line locals={}
2026-08-23 05:03:27.922 /testbed/src/jinja2/filters.py:301 jinja2.filters.do_xmlattr event=line locals={}
2026-08-23 05:03:27.922 /testbed/src/jinja2/filters.py:302 jinja2.filters.do_xmlattr event=line locals={'key': "'data_35'", 'value': '111'}
2026-08-23 05:03:27.922 /testbed/src/jinja2/filters.py:305 jinja2.filters.do_xmlattr event=line locals={}
2026-08-23 05:03:27.922 /testbed/src/jinja2/filters.py:308 jinja2.filters.do_xmlattr event=line locals={}
2026-08-23 05:03:27.923 /testbed/src/jinja2/filters.py:301 jinja2.filters.do_xmlattr event=line locals={}
2026-08-23 05:03:27.923 /testbed/src/jinja2/filters.py:302 jinja2.filters.do_xmlattr event=line locals={'key': "'k36'", 'value': 'Undefined'}
2026-08-23 05:03:27.923 /testbed/src/jinja2/filters.py:303 jinja2.filters.do_xmlattr event=line locals={}
2026-08-23 05:03:27.923 /testbed/src/jinja2/filters.py:301 jinja2.filters.do_xmlattr event=line locals={}
2026-08-23 05:03:27.923 /testbed/src/jinja2/filters.py:302 jinja2.filters.do_xmlattr event=line locals={'key': "'n37_95ce'", 'value': "'v37_77'"}
2026-08-23 05:03:27.923 /testbed/src/jinja2/filters.py:305 jinja2.filters.do_xmlattr event=line locals={}
2026-08-23 05:03:27.923 /testbed/src/jinja2/filters.py:308 jinja2.filters.do_xmlattr event=line locals={}
2026-08-23 05:03:27.923 /testbed/src/jinja2/filters.py:301 jinja2.filters.do_xmlattr event=line locals={}
2026-08-23 05:03:27.923 /testbed/src/jinja2/filters.py:302 jinja2.filters.do_xmlattr event=line locals={'key': "'attr_38'", 'value': "'v38_122'"}
2026-08-23 05:03:27.923 /testbed/src/jinja2/filters.py:305 jinja2.filters.do_xmlattr event=line locals={}
2026-08-23 05:03:27.923 /testbed/src/jinja2/filters.py:308 jinja2.filters.do_xmlattr event=line locals={}
2026-08-23 05:03:27.923 /testbed/src/jinja2/filters.py:301 jinja2.filters.do_xmlattr event=line locals={}
2026-08-23 05:03:27.923 /testbed/src/jinja2/filters.py:302 jinja2.filters.do_xmlattr event=line locals={'key': "'attr_39'", 'value': '35'}
2026-08-23 05:03:27.923 /testbed/src/jinja2/filters.py:305 jinja2.filters.do_xmlattr event=line locals={}
2026-08-23 05:03:27.923 /testbed/src/jinja2/filters.py:308 jinja2.filters.do_xmlattr event=line locals={}
2026-08-23 05:03:27.923 /testbed/src/jinja2/filters.py:301 jinja2.filters.do_xmlattr event=line locals={}
2026-08-23 05:03:27.923 /testbed/src/jinja2/filters.py:302 jinja2.filters.do_xmlattr event=line locals={'key': "'data_40'", 'value': '173'}
2026-08-23 05:03:27.923 /testbed/src/jinja2/filters.py:305 jinja2.filters.do_xmlattr event=line locals={}
2026-08-23 05:03:27.923 /testbed/src/jinja2/filters.py:308 jinja2.filters.do_xmlattr event=line locals={}
2026-08-23 05:03:27.923 /testbed/src/jinja2/filters.py:301 jinja2.filters.do_xmlattr event=line locals={}
2026-08-23 05:03:27.923 /testbed/src/jinja2/filters.py:302 jinja2.filters.do_xmlattr event=line locals={'key': "'field_41'", 'value': 'Undefined'}
2026-08-23 05:03:27.923 /testbed/src/jinja2/filters.py:303 jinja2.filters.do_xmlattr event=line locals={}
2026-08-23 05:03:27.923 /testbed/src/jinja2/filters.py:301 jinja2.filters.do_xmlattr event=line locals={}
2026-08-23 05:03:27.923 /testbed/src/jinja2/filters.py:302 jinja2.filters.do_xmlattr event=line locals={'key': "'n44_5d17'", 'value': "'v44_60'"}
2026-08-23 05:03:27.923 /testbed/src/jinja2/filters.py:305 jinja2.filters.do_xmlattr event=line locals={}
2026-08-23 05:03:27.923 /testbed/src/jinja2/filters.py:308 jinja2.filters.do_xmlattr event=line locals={}
2026-08-23 05:03:27.923 /testbed/src/jinja2/filters.py:301 jinja2.filters.do_xmlattr event=line locals={}
2026-08-23 05:03:27.923 /testbed/src/jinja2/filters.py:302 jinja2.filters.do_xmlattr event=line locals={'key': "'attr_45'", 'value': "'v45_138'"}
2026-08-23 05:03:27.924 /testbed/src/jinja2/filters.py:305 jinja2.filters.do_xmlattr event=line locals={}
2026-08-23 05:03:27.924 /testbed/src/jinja2/filters.py:308 jinja2.filters.do_xmlattr event=line locals={}
2026-08-23 05:03:27.924 /testbed/src/jinja2/filters.py:301 jinja2.filters.do_xmlattr event=line locals={}
2026-08-23 05:03:27.924 /testbed/src/jinja2/filters.py:302 jinja2.filters.do_xmlattr event=line locals={'key': "'attr_46'", 'value': "'v46_13'"}
2026-08-23 05:03:27.924 /testbed/src/jinja2/filters.py:305 jinja2.filters.do_xmlattr event=line locals={}
2026-08-23 05:03:27.924 /testbed/src/jinja2/filters.py:308 jinja2.filters.do_xmlattr event=line locals={}
2026-08-23 05:03:27.924 /testbed/src/jinja2/filters.py:301 jinja2.filters.do_xmlattr event=line locals={}
2026-08-23 05:03:27.924 /testbed/src/jinja2/filters.py:302 jinja2.filters.do_xmlattr event=line locals={'key': "'data_47'", 'value': "'v47_224'"}
2026-08-23 05:03:27.924 /testbed/src/jinja2/filters.py:305 jinja2.filters.do_xmlattr event=line locals={}
2026-08-23 05:03:27.924 /testbed/src/jinja2/filters.py:308 jinja2.filters.do_xmlattr event=line locals={}
2026-08-23 05:03:27.924 /testbed/src/jinja2/filters.py:301 jinja2.filters.do_xmlattr event=line locals={}
2026-08-23 05:03:27.924 /testbed/src/jinja2/filters.py:302 jinja2.filters.do_xmlattr event=line locals={'key': "'attr_48'", 'value': "'v48_37'"}
2026-08-23 05:03:27.924 /testbed/src/jinja2/filters.py:305 jinja2.filters.do_xmlattr event=line locals={}
2026-08-23 05:03:27.924 /testbed/src/jinja2/filters.py:308 jinja2.filters.do_xmlattr event=line locals={}
2026-08-23 05:03:27.924 /testbed/src/jinja2/filters.py:301 jinja2.filters.do_xmlattr event=line locals={}
2026-08-23 05:03:27.924 /testbed/src/jinja2/filters.py:302 jinja2.filters.do_xmlattr event=line locals={'key': "'n49_fe69'", 'value': "'v49_198'"}
2026-08-23 05:03:27.924 /testbed/src/jinja2/filters.py:305 jinja2.filters.do_xmlattr event=line locals={}
2026-08-23 05:03:27.924 /testbed/src/jinja2/filters.py:308 jinja2.filters.do_xmlattr event=line locals={}
2026-08-23 05:03:27.924 /testbed/src/jinja2/filters.py:301 jinja2.filters.do_xmlattr event=line locals={}
2026-08-23 05:03:27.924 /testbed/src/jinja2/filters.py:302 jinja2.filters.do_xmlattr event=line locals={'key': "'k50'", 'value': "'v50_75'"}
2026-08-23 05:03:27.924 /testbed/src/jinja2/filters.py:305 jinja2.filters.do_xmlattr event=line locals={}
2026-08-23 05:03:27.924 /testbed/src/jinja2/filters.py:308 jinja2.filters.do_xmlattr event=line locals={}
2026-08-23 05:03:27.924 /testbed/src/jinja2/filters.py:301 jinja2.filters.do_xmlattr event=line locals={}
2026-08-23 05:03:27.924 /testbed/src/jinja2/filters.py:302 jinja2.filters.do_xmlattr event=line locals={'key': "'data_51'", 'value': "'v51_61'"}
2026-08-23 05:03:27.924 /testbed/src/jinja2/filters.py:305 jinja2.filters.do_xmlattr event=line locals={}
2026-08-23 05:03:27.924 /testbed/src/jinja2/filters.py:308 jinja2.filters.do_xmlattr event=line locals={}
2026-08-23 05:03:27.924 /testbed/src/jinja2/filters.py:301 jinja2.filters.do_xmlattr event=line locals={}
2026-08-23 05:03:27.925 /testbed/src/jinja2/filters.py:302 jinja2.filters.do_xmlattr event=line locals={'key': "'field_52'", 'value': "'v52_216'"}
2026-08-23 05:03:27.925 /testbed/src/jinja2/filters.py:305 jinja2.filters.do_xmlattr event=line locals={}
2026-08-23 05:03:27.925 /testbed/src/jinja2/filters.py:308 jinja2.filters.do_xmlattr event=line locals={}
2026-08-23 05:03:27.925 /testbed/src/jinja2/filters.py:301 jinja2.filters.do_xmlattr event=line locals={}
2026-08-23 05:03:27.925 /testbed/src/jinja2/filters.py:302 jinja2.filters.do_xmlattr event=line locals={'key': "'field_53'", 'value': "'payload_60ae'"}
2026-08-23 05:03:27.925 /testbed/src/jinja2/filters.py:305 jinja2.filters.do_xmlattr event=line locals={}
2026-08-23 05:03:27.925 /testbed/src/jinja2/filters.py:308 jinja2.filters.do_xmlattr event=line locals={}
2026-08-23 05:03:27.925 /testbed/src/jinja2/filters.py:301 jinja2.filters.do_xmlattr event=line locals={}
2026-08-23 05:03:27.925 /testbed/src/jinja2/filters.py:302 jinja2.filters.do_xmlattr event=line locals={'key': "'k54'", 'value': "'v54_220'"}
2026-08-23 05:03:27.925 /testbed/src/jinja2/filters.py:305 jinja2.filters.do_xmlattr event=line locals={}
2026-08-23 05:03:27.925 /testbed/src/jinja2/filters.py:308 jinja2.filters.do_xmlattr event=line locals={}
2026-08-23 05:03:27.925 /testbed/src/jinja2/filters.py:301 jinja2.filters.do_xmlattr event=line locals={}
2026-08-23 05:03:27.925 /testbed/src/jinja2/filters.py:302 jinja2.filters.do_xmlattr event=line locals={'key': "'n55_998b'", 'value': "'v55_112'"}
2026-08-23 05:03:27.925 /testbed/src/jinja2/filters.py:305 jinja2.filters.do_xmlattr event=line locals={}
2026-08-23 05:03:27.925 /testbed/src/jinja2/filters.py:308 jinja2.filters.do_xmlattr event=line locals={}
2026-08-23 05:03:27.925 /testbed/src/jinja2/filters.py:301 jinja2.filters.do_xmlattr event=line locals={}
2026-08-23 05:03:27.925 /testbed/src/jinja2/filters.py:302 jinja2.filters.do_xmlattr event=line locals={'key': "'attr_56'", 'value': "'v56_145'"}
2026-08-23 05:03:27.925 /testbed/src/jinja2/filters.py:305 jinja2.filters.do_xmlattr event=line locals={}
2026-08-23 05:03:27.925 /testbed/src/jinja2/filters.py:308 jinja2.filters.do_xmlattr event=line locals={}
2026-08-23 05:03:27.925 /testbed/src/jinja2/filters.py:301 jinja2.filters.do_xmlattr event=line locals={}
2026-08-23 05:03:27.925 /testbed/src/jinja2/filters.py:302 jinja2.filters.do_xmlattr event=line locals={'key': "'attr_57'", 'value': "'v57_240'"}
2026-08-23 05:03:27.925 /testbed/src/jinja2/filters.py:305 jinja2.filters.do_xmlattr event=line locals={}
2026-08-23 05:03:27.925 /testbed/src/jinja2/filters.py:308 jinja2.filters.do_xmlattr event=line locals={}
2026-08-23 05:03:27.925 /testbed/src/jinja2/filters.py:301 jinja2.filters.do_xmlattr event=line locals={}
2026-08-23 05:03:27.925 /testbed/src/jinja2/filters.py:302 jinja2.filters.do_xmlattr event=line locals={'key': "'k58'", 'value': "'v58_76'"}
2026-08-23 05:03:27.925 /testbed/src/jinja2/filters.py:305 jinja2.filters.do_xmlattr event=line locals={}
2026-08-23 05:03:27.925 /testbed/src/jinja2/filters.py:308 jinja2.filters.do_xmlattr event=line locals={}
2026-08-23 05:03:27.926 /testbed/src/jinja2/filters.py:301 jinja2.filters.do_xmlattr event=line locals={}
2026-08-23 05:03:27.926 /testbed/src/jinja2/filters.py:302 jinja2.filters.do_xmlattr event=line locals={'key': "'data_59'", 'value': "'v59_17'"}
2026-08-23 05:03:27.926 /testbed/src/jinja2/filters.py:305 jinja2.filters.do_xmlattr event=line locals={}
2026-08-23 05:03:27.926 /testbed/src/jinja2/filters.py:308 jinja2.filters.do_xmlattr event=line locals={}
2026-08-23 05:03:27.926 /testbed/src/jinja2/filters.py:301 jinja2.filters.do_xmlattr event=line locals={}
2026-08-23 05:03:27.926 /testbed/src/jinja2/filters.py:302 jinja2.filters.do_xmlattr event=line locals={'key': "'field_60'", 'value': "'v60_150'"}
2026-08-23 05:03:27.926 /testbed/src/jinja2/filters.py:305 jinja2.filters.do_xmlattr event=line locals={}
2026-08-23 05:03:27.926 /testbed/src/jinja2/filters.py:308 jinja2.filters.do_xmlattr event=line locals={}
2026-08-23 05:03:27.926 /testbed/src/jinja2/filters.py:301 jinja2.filters.do_xmlattr event=line locals={}
2026-08-23 05:03:27.926 /testbed/src/jinja2/filters.py:302 jinja2.filters.do_xmlattr event=line locals={'key': "'n61_1af4'", 'value': "'v61_182'"}
2026-08-23 05:03:27.926 /testbed/src/jinja2/filters.py:305 jinja2.filters.do_xmlattr event=line locals={}
2026-08-23 05:03:27.926 /testbed/src/jinja2/filters.py:308 jinja2.filters.do_xmlattr event=line locals={}
2026-08-23 05:03:27.926 /testbed/src/jinja2/filters.py:301 jinja2.filters.do_xmlattr event=line locals={}
2026-08-23 05:03:27.926 /testbed/src/jinja2/filters.py:302 jinja2.filters.do_xmlattr event=line locals={'key': "'attr_62'", 'value': "'v62_170'"}
2026-08-23 05:03:27.926 /testbed/src/jinja2/filters.py:305 jinja2.filters.do_xmlattr event=line locals={}
2026-08-23 05:03:27.926 /testbed/src/jinja2/filters.py:308 jinja2.filters.do_xmlattr event=line locals={}
2026-08-23 05:03:27.926 /testbed/src/jinja2/filters.py:301 jinja2.filters.do_xmlattr event=line locals={}
2026-08-23 05:03:27.926 /testbed/src/jinja2/filters.py:302 jinja2.filters.do_xmlattr event=line locals={'key': "'attr_63'", 'value': "'v63_19'"}
2026-08-23 05:03:27.926 /testbed/src/jinja2/filters.py:305 jinja2.filters.do_xmlattr event=line locals={}
2026-08-23 05:03:27.926 /testbed/src/jinja2/filters.py:308 jinja2.filters.do_xmlattr event=line locals={}
2026-08-23 05:03:27.926 /testbed/src/jinja2/filters.py:301 jinja2.filters.do_xmlattr event=line locals={}
2026-08-23 05:03:27.926 /testbed/src/jinja2/filters.py:302 jinja2.filters.do_xmlattr event=line locals={'key': "'n64_fac9'", 'value': "'v64_250'"}
2026-08-23 05:03:27.926 /testbed/src/jinja2/filters.py:305 jinja2.filters.do_xmlattr event=line locals={}
2026-08-23 05:03:27.926 /testbed/src/jinja2/filters.py:308 jinja2.filters.do_xmlattr event=line locals={}
2026-08-23 05:03:27.926 /testbed/src/jinja2/filters.py:301 jinja2.filters.do_xmlattr event=line locals={}
2026-08-23 05:03:27.926 /testbed/src/jinja2/filters.py:302 jinja2.filters.do_xmlattr event=line locals={'key': "'attr_65'", 'value': "'7bead9'"}
2026-08-23 05:03:27.927 /testbed/src/jinja2/filters.py:305 jinja2.filters.do_xmlattr event=line locals={}
2026-08-23 05:03:27.927 /testbed/src/jinja2/filters.py:308 jinja2.filters.do_xmlattr event=line locals={}
2026-08-23 05:03:27.927 /testbed/src/jinja2/filters.py:301 jinja2.filters.do_xmlattr event=line locals={}
2026-08-23 05:03:27.927 /testbed/src/jinja2/filters.py:302 jinja2.filters.do_xmlattr event=line locals={'key': "'attr_66'", 'value': "'678b8e'"}
2026-08-23 05:03:27.927 /testbed/src/jinja2/filters.py:305 jinja2.filters.do_xmlattr event=line locals={}
2026-08-23 05:03:27.927 /testbed/src/jinja2/filters.py:308 jinja2.filters.do_xmlattr event=line locals={}
2026-08-23 05:03:27.927 /testbed/src/jinja2/filters.py:301 jinja2.filters.do_xmlattr event=line locals={}
2026-08-23 05:03:27.927 /testbed/src/jinja2/filters.py:302 jinja2.filters.do_xmlattr event=line locals={'key': "'field_67'", 'value': "'v67_7'"}
2026-08-23 05:03:27.927 /testbed/src/jinja2/filters.py:305 jinja2.filters.do_xmlattr event=line locals={}
2026-08-23 05:03:27.927 /testbed/src/jinja2/filters.py:308 jinja2.filters.do_xmlattr event=line locals={}
2026-08-23 05:03:27.927 /testbed/src/jinja2/filters.py:301 jinja2.filters.do_xmlattr event=line locals={}
2026-08-23 05:03:27.927 /testbed/src/jinja2/filters.py:302 jinja2.filters.do_xmlattr event=line locals={'key': "'attr_68'", 'value': 'None'}
2026-08-23 05:03:27.927 /testbed/src/jinja2/filters.py:303 jinja2.filters.do_xmlattr event=line locals={}
2026-08-23 05:03:27.927 /testbed/src/jinja2/filters.py:301 jinja2.filters.do_xmlattr event=line locals={}
2026-08-23 05:03:27.927 /testbed/src/jinja2/filters.py:302 jinja2.filters.do_xmlattr event=line locals={'key': "'attr_69'", 'value': "'v69_72'"}
2026-08-23 05:03:27.927 /testbed/src/jinja2/filters.py:305 jinja2.filters.do_xmlattr event=line locals={}
2026-08-23 05:03:27.927 /testbed/src/jinja2/filters.py:308 jinja2.filters.do_xmlattr event=line locals={}
2026-08-23 05:03:27.927 /testbed/src/jinja2/filters.py:301 jinja2.filters.do_xmlattr event=line locals={}
2026-08-23 05:03:27.927 /testbed/src/jinja2/filters.py:302 jinja2.filters.do_xmlattr event=line locals={'key': "'k70'", 'value': "'v70_22'"}
2026-08-23 05:03:27.927 /testbed/src/jinja2/filters.py:305 jinja2.filters.do_xmlattr event=line locals={}
2026-08-23 05:03:27.927 /testbed/src/jinja2/filters.py:308 jinja2.filters.do_xmlattr event=line locals={}
2026-08-23 05:03:27.927 /testbed/src/jinja2/filters.py:301 jinja2.filters.do_xmlattr event=line locals={}
2026-08-23 05:03:27.927 /testbed/src/jinja2/filters.py:302 jinja2.filters.do_xmlattr event=line locals={'key': "'k71'", 'value': "'v71_177'"}
2026-08-23 05:03:27.927 /testbed/src/jinja2/filters.py:305 jinja2.filters.do_xmlattr event=line locals={}
2026-08-23 05:03:27.927 /testbed/src/jinja2/filters.py:308 jinja2.filters.do_xmlattr event=line locals={}
2026-08-23 05:03:27.927 /testbed/src/jinja2/filters.py:301 jinja2.filters.do_xmlattr event=line locals={}
2026-08-23 05:03:27.927 /testbed/src/jinja2/filters.py:302 jinja2.filters.do_xmlattr event=line locals={'key': "'attr_73'", 'value': "'f27850'"}
2026-08-23 05:03:27.928 /testbed/src/jinja2/filters.py:305 jinja2.filters.do_xmlattr event=line locals={}
2026-08-23 05:03:27.928 /testbed/src/jinja2/filters.py:308 jinja2.filters.do_xmlattr event=line locals={}
2026-08-23 05:03:27.928 /testbed/src/jinja2/filters.py:301 jinja2.filters.do_xmlattr event=line locals={}
2026-08-23 05:03:27.928 /testbed/src/jinja2/filters.py:302 jinja2.filters.do_xmlattr event=line locals={'key': "'data_74'", 'value': "'v74_156'"}
2026-08-23 05:03:27.928 /testbed/src/jinja2/filters.py:305 jinja2.filters.do_xmlattr event=line locals={}
2026-08-23 05:03:27.928 /testbed/src/jinja2/filters.py:308 jinja2.filters.do_xmlattr event=line locals={}
2026-08-23 05:03:27.928 /testbed/src/jinja2/filters.py:301 jinja2.filters.do_xmlattr event=line locals={}
2026-08-23 05:03:27.928 /testbed/src/jinja2/filters.py:302 jinja2.filters.do_xmlattr event=line locals={'key': "'field_75'", 'value': '34'}
2026-08-23 05:03:27.928 /testbed/src/jinja2/filters.py:305 jinja2.filters.do_xmlattr event=line locals={}
2026-08-23 05:03:27.928 /testbed/src/jinja2/filters.py:308 jinja2.filters.do_xmlattr event=line locals={}
2026-08-23 05:03:27.928 /testbed/src/jinja2/filters.py:301 jinja2.filters.do_xmlattr event=line locals={}
2026-08-23 05:03:27.928 /testbed/src/jinja2/filters.py:302 jinja2.filters.do_xmlattr event=line locals={'key': "'n76_9d0d'", 'value': "'v76_1'"}
2026-08-23 05:03:27.928 /testbed/src/jinja2/filters.py:305 jinja2.filters.do_xmlattr event=line locals={}
2026-08-23 05:03:27.928 /testbed/src/jinja2/filters.py:308 jinja2.filters.do_xmlattr event=line locals={}
2026-08-23 05:03:27.928 /testbed/src/jinja2/filters.py:301 jinja2.filters.do_xmlattr event=line locals={}
2026-08-23 05:03:27.928 /testbed/src/jinja2/filters.py:302 jinja2.filters.do_xmlattr event=line locals={'key': "'n77_19f2'", 'value': "'v77_166'"}
2026-08-23 05:03:27.928 /testbed/src/jinja2/filters.py:305 jinja2.filters.do_xmlattr event=line locals={}
2026-08-23 05:03:27.928 /testbed/src/jinja2/filters.py:308 jinja2.filters.do_xmlattr event=line locals={}
2026-08-23 05:03:27.928 /testbed/src/jinja2/filters.py:301 jinja2.filters.do_xmlattr event=line locals={}
2026-08-23 05:03:27.928 /testbed/src/jinja2/filters.py:302 jinja2.filters.do_xmlattr event=line locals={'key': "'n78_8062'", 'value': 'None'}
2026-08-23 05:03:27.928 /testbed/src/jinja2/filters.py:303 jinja2.filters.do_xmlattr event=line locals={}
2026-08-23 05:03:27.928 /testbed/src/jinja2/filters.py:301 jinja2.filters.do_xmlattr event=line locals={}
2026-08-23 05:03:27.928 /testbed/src/jinja2/filters.py:302 jinja2.filters.do_xmlattr event=line locals={'key': "'field_79'", 'value': "'v79_205'"}
2026-08-23 05:03:27.928 /testbed/src/jinja2/filters.py:305 jinja2.filters.do_xmlattr event=line locals={}
2026-08-23 05:03:27.928 /testbed/src/jinja2/filters.py:308 jinja2.filters.do_xmlattr event=line locals={}
2026-08-23 05:03:27.928 /testbed/src/jinja2/filters.py:301 jinja2.filters.do_xmlattr event=line locals={}
2026-08-23 05:03:27.928 /testbed/src/jinja2/filters.py:302 jinja2.filters.do_xmlattr event=line locals={'key': "'field_80'", 'value': "'v80_193'"}
2026-08-23 05:03:27.929 /testbed/src/jinja2/filters.py:305 jinja2.filters.do_xmlattr event=line locals={}
2026-08-23 05:03:27.929 /testbed/src/jinja2/filters.py:308 jinja2.filters.do_xmlattr event=line locals={}
2026-08-23 05:03:27.929 /testbed/src/jinja2/filters.py:301 jinja2.filters.do_xmlattr event=line locals={}
2026-08-23 05:03:27.929 /testbed/src/jinja2/filters.py:302 jinja2.filters.do_xmlattr event=line locals={'key': "'field_81'", 'value': "'34466f'"}
2026-08-23 05:03:27.929 /testbed/src/jinja2/filters.py:305 jinja2.filters.do_xmlattr event=line locals={}
2026-08-23 05:03:27.929 /testbed/src/jinja2/filters.py:308 jinja2.filters.do_xmlattr event=line locals={}
2026-08-23 05:03:27.929 /testbed/src/jinja2/filters.py:301 jinja2.filters.do_xmlattr event=line locals={}
2026-08-23 05:03:27.929 /testbed/src/jinja2/filters.py:302 jinja2.filters.do_xmlattr event=line locals={'key': "'n82_26fb'", 'value': "'v82_41'"}
2026-08-23 05:03:27.929 /testbed/src/jinja2/filters.py:305 jinja2.filters.do_xmlattr event=line locals={}
2026-08-23 05:03:27.929 /testbed/src/jinja2/filters.py:308 jinja2.filters.do_xmlattr event=line locals={}
2026-08-23 05:03:27.929 /testbed/src/jinja2/filters.py:301 jinja2.filters.do_xmlattr event=line locals={}
2026-08-23 05:03:27.929 /testbed/src/jinja2/filters.py:302 jinja2.filters.do_xmlattr event=line locals={'key': "'field_83'", 'value': "'v83_236'"}
2026-08-23 05:03:27.929 /testbed/src/jinja2/filters.py:305 jinja2.filters.do_xmlattr event=line locals={}
2026-08-23 05:03:27.929 /testbed/src/jinja2/filters.py:308 jinja2.filters.do_xmlattr event=line locals={}
2026-08-23 05:03:27.929 /testbed/src/jinja2/filters.py:301 jinja2.filters.do_xmlattr event=line locals={}
2026-08-23 05:03:27.929 /testbed/src/jinja2/filters.py:302 jinja2.filters.do_xmlattr event=line locals={'key': "'n84_f795'", 'value': "'v84_200'"}
2026-08-23 05:03:27.929 /testbed/src/jinja2/filters.py:305 jinja2.filters.do_xmlattr event=line locals={}
2026-08-23 05:03:27.929 /testbed/src/jinja2/filters.py:308 jinja2.filters.do_xmlattr event=line locals={}
2026-08-23 05:03:27.929 /testbed/src/jinja2/filters.py:301 jinja2.filters.do_xmlattr event=line locals={}
2026-08-23 05:03:27.929 /testbed/src/jinja2/filters.py:302 jinja2.filters.do_xmlattr event=line locals={'key': "'attr_85'", 'value': "'v85_242'"}
2026-08-23 05:03:27.929 /testbed/src/jinja2/filters.py:305 jinja2.filters.do_xmlattr event=line locals={}
2026-08-23 05:03:27.929 /testbed/src/jinja2/filters.py:308 jinja2.filters.do_xmlattr event=line locals={}
2026-08-23 05:03:27.929 /testbed/src/jinja2/filters.py:301 jinja2.filters.do_xmlattr event=line locals={}
2026-08-23 05:03:27.929 /testbed/src/jinja2/filters.py:302 jinja2.filters.do_xmlattr event=line locals={'key': "'attr_86'", 'value': "'payload_723c'"}
2026-08-23 05:03:27.929 /testbed/src/jinja2/filters.py:305 jinja2.filters.do_xmlattr event=line locals={}
2026-08-23 05:03:27.929 /testbed/src/jinja2/filters.py:308 jinja2.filters.do_xmlattr event=line locals={}
2026-08-23 05:03:27.930 /testbed/src/jinja2/filters.py:301 jinja2.filters.do_xmlattr event=line locals={}
2026-08-23 05:03:27.930 /testbed/src/jinja2/filters.py:302 jinja2.filters.do_xmlattr event=line locals={'key': "'n87_69b2'", 'value': "'v87_19'"}
2026-08-23 05:03:27.930 /testbed/src/jinja2/filters.py:305 jinja2.filters.do_xmlattr event=line locals={}
2026-08-23 05:03:27.930 /testbed/src/jinja2/filters.py:308 jinja2.filters.do_xmlattr event=line locals={}
2026-08-23 05:03:27.930 /testbed/src/jinja2/filters.py:301 jinja2.filters.do_xmlattr event=line locals={}
2026-08-23 05:03:27.930 /testbed/src/jinja2/filters.py:302 jinja2.filters.do_xmlattr event=line locals={'key': "'n88_e814'", 'value': "'v88_157'"}
2026-08-23 05:03:27.930 /testbed/src/jinja2/filters.py:305 jinja2.filters.do_xmlattr event=line locals={}
2026-08-23 05:03:27.930 /testbed/src/jinja2/filters.py:308 jinja2.filters.do_xmlattr event=line locals={}
2026-08-23 05:03:27.930 /testbed/src/jinja2/filters.py:301 jinja2.filters.do_xmlattr event=line locals={}
2026-08-23 05:03:27.930 /testbed/src/jinja2/filters.py:302 jinja2.filters.do_xmlattr event=line locals={'key': "'attr_89'", 'value': 'None'}
2026-08-23 05:03:27.930 /testbed/src/jinja2/filters.py:303 jinja2.filters.do_xmlattr event=line locals={}
2026-08-23 05:03:27.930 /testbed/src/jinja2/filters.py:301 jinja2.filters.do_xmlattr event=line locals={}
2026-08-23 05:03:27.930 /testbed/src/jinja2/filters.py:302 jinja2.filters.do_xmlattr event=line locals={'key': "'n90_e21d'", 'value': '29'}
2026-08-23 05:03:27.930 /testbed/src/jinja2/filters.py:305 jinja2.filters.do_xmlattr event=line locals={}
2026-08-23 05:03:27.930 /testbed/src/jinja2/filters.py:308 jinja2.filters.do_xmlattr event=line locals={}
2026-08-23 05:03:27.930 /testbed/src/jinja2/filters.py:301 jinja2.filters.do_xmlattr event=line locals={}
2026-08-23 05:03:27.930 /testbed/src/jinja2/filters.py:302 jinja2.filters.do_xmlattr event=line locals={'key': "'n91_22ed'", 'value': '237'}
2026-08-23 05:03:27.930 /testbed/src/jinja2/filters.py:305 jinja2.filters.do_xmlattr event=line locals={}
2026-08-23 05:03:27.930 /testbed/src/jinja2/filters.py:308 jinja2.filters.do_xmlattr event=line locals={}
2026-08-23 05:03:27.930 /testbed/src/jinja2/filters.py:301 jinja2.filters.do_xmlattr event=line locals={}
2026-08-23 05:03:27.930 /testbed/src/jinja2/filters.py:302 jinja2.filters.do_xmlattr event=line locals={'key': "'n92_3f52'", 'value': "'v92_168'"}
2026-08-23 05:03:27.930 /testbed/src/jinja2/filters.py:305 jinja2.filters.do_xmlattr event=line locals={}
2026-08-23 05:03:27.930 /testbed/src/jinja2/filters.py:308 jinja2.filters.do_xmlattr event=line locals={}
2026-08-23 05:03:27.930 /testbed/src/jinja2/filters.py:301 jinja2.filters.do_xmlattr event=line locals={}
2026-08-23 05:03:27.930 /testbed/src/jinja2/filters.py:302 jinja2.filters.do_xmlattr event=line locals={'key': "'field_93'", 'value': "'v93_71'"}
2026-08-23 05:03:27.930 /testbed/src/jinja2/filters.py:305 jinja2.filters.do_xmlattr event=line locals={}
2026-08-23 05:03:27.931 /testbed/src/jinja2/filters.py:308 jinja2.filters.do_xmlattr event=line locals={}
2026-08-23 05:03:27.931 /testbed/src/jinja2/filters.py:301 jinja2.filters.do_xmlattr event=line locals={}
2026-08-23 05:03:27.931 /testbed/src/jinja2/filters.py:302 jinja2.filters.do_xmlattr event=line locals={'key': "'attr_95'", 'value': 'None'}
2026-08-23 05:03:27.931 /testbed/src/jinja2/filters.py:303 jinja2.filters.do_xmlattr event=line locals={}
2026-08-23 05:03:27.931 /testbed/src/jinja2/filters.py:301 jinja2.filters.do_xmlattr event=line locals={}
2026-08-23 05:03:27.931 /testbed/src/jinja2/filters.py:302 jinja2.filters.do_xmlattr event=line locals={'key': "'n97_b149'", 'value': 'Undefined'}
2026-08-23 05:03:27.931 /testbed/src/jinja2/filters.py:303 jinja2.filters.do_xmlattr event=line locals={}
2026-08-23 05:03:27.931 /testbed/src/jinja2/filters.py:301 jinja2.filters.do_xmlattr event=line locals={}
2026-08-23 05:03:27.931 /testbed/src/jinja2/filters.py:302 jinja2.filters.do_xmlattr event=line locals={'key': "'data_98'", 'value': "'97816b'"}
2026-08-23 05:03:27.931 /testbed/src/jinja2/filters.py:305 jinja2.filters.do_xmlattr event=line locals={}
2026-08-23 05:03:27.931 /testbed/src/jinja2/filters.py:308 jinja2.filters.do_xmlattr event=line locals={}
2026-08-23 05:03:27.931 /testbed/src/jinja2/filters.py:301 jinja2.filters.do_xmlattr event=line locals={}
2026-08-23 05:03:27.931 /testbed/src/jinja2/filters.py:302 jinja2.filters.do_xmlattr event=line locals={'key': "'n99_17e1'", 'value': "'v99_115'"}
2026-08-23 05:03:27.931 /testbed/src/jinja2/filters.py:305 jinja2.filters.do_xmlattr event=line locals={}
2026-08-23 05:03:27.931 /testbed/src/jinja2/filters.py:308 jinja2.filters.do_xmlattr event=line locals={}
2026-08-23 05:03:27.931 /testbed/src/jinja2/filters.py:301 jinja2.filters.do_xmlattr event=line locals={}
2026-08-23 05:03:27.931 /testbed/src/jinja2/filters.py:302 jinja2.filters.do_xmlattr event=line locals={'key': "'data_100'", 'value': 'None'}
2026-08-23 05:03:27.931 /testbed/src/jinja2/filters.py:303 jinja2.filters.do_xmlattr event=line locals={}
2026-08-23 05:03:27.931 /testbed/src/jinja2/filters.py:301 jinja2.filters.do_xmlattr event=line locals={}
2026-08-23 05:03:27.931 /testbed/src/jinja2/filters.py:302 jinja2.filters.do_xmlattr event=line locals={'key': "'n101_f816'", 'value': "'v101_195'"}
2026-08-23 05:03:27.931 /testbed/src/jinja2/filters.py:305 jinja2.filters.do_xmlattr event=line locals={}
2026-08-23 05:03:27.931 /testbed/src/jinja2/filters.py:308 jinja2.filters.do_xmlattr event=line locals={}
2026-08-23 05:03:27.931 /testbed/src/jinja2/filters.py:301 jinja2.filters.do_xmlattr event=line locals={}
2026-08-23 05:03:27.931 /testbed/src/jinja2/filters.py:302 jinja2.filters.do_xmlattr event=line locals={'key': "'n102_0628'", 'value': "'v102_175'"}
2026-08-23 05:03:27.931 /testbed/src/jinja2/filters.py:305 jinja2.filters.do_xmlattr event=line locals={}
2026-08-23 05:03:27.931 /testbed/src/jinja2/filters.py:308 jinja2.filters.do_xmlattr event=line locals={}
2026-08-23 05:03:27.932 /testbed/src/jinja2/filters.py:301 jinja2.filters.do_xmlattr event=line locals={}
2026-08-23 05:03:27.932 /testbed/src/jinja2/filters.py:302 jinja2.filters.do_xmlattr event=line locals={'key': "'n103_daa2'", 'value': "'v103_188'"}
2026-08-23 05:03:27.932 /testbed/src/jinja2/filters.py:305 jinja2.filters.do_xmlattr event=line locals={}
2026-08-23 05:03:27.932 /testbed/src/jinja2/filters.py:308 jinja2.filters.do_xmlattr event=line locals={}
2026-08-23 05:03:27.932 /testbed/src/jinja2/filters.py:301 jinja2.filters.do_xmlattr event=line locals={}
2026-08-23 05:03:27.932 /testbed/src/jinja2/filters.py:302 jinja2.filters.do_xmlattr event=line locals={'key': "'k104'", 'value': "'v104_36'"}
2026-08-23 05:03:27.932 /testbed/src/jinja2/filters.py:305 jinja2.filters.do_xmlattr event=line locals={}
2026-08-23 05:03:27.932 /testbed/src/jinja2/filters.py:308 jinja2.filters.do_xmlattr event=line locals={}
2026-08-23 05:03:27.932 /testbed/src/jinja2/filters.py:301 jinja2.filters.do_xmlattr event=line locals={}
2026-08-23 05:03:27.932 /testbed/src/jinja2/filters.py:302 jinja2.filters.do_xmlattr event=line locals={'key': "'data_105'", 'value': "'payload_e532'"}
2026-08-23 05:03:27.932 /testbed/src/jinja2/filters.py:305 jinja2.filters.do_xmlattr event=line locals={}
2026-08-23 05:03:27.932 /testbed/src/jinja2/filters.py:308 jinja2.filters.do_xmlattr event=line locals={}
2026-08-23 05:03:27.932 /testbed/src/jinja2/filters.py:301 jinja2.filters.do_xmlattr event=line locals={}
2026-08-23 05:03:27.932 /testbed/src/jinja2/filters.py:302 jinja2.filters.do_xmlattr event=line locals={'key': "'k106'", 'value': 'Undefined'}
2026-08-23 05:03:27.932 /testbed/src/jinja2/filters.py:303 jinja2.filters.do_xmlattr event=line locals={}
2026-08-23 05:03:27.932 /testbed/src/jinja2/filters.py:301 jinja2.filters.do_xmlattr event=line locals={}
2026-08-23 05:03:27.932 /testbed/src/jinja2/filters.py:302 jinja2.filters.do_xmlattr event=line locals={'key': "'k107'", 'value': 'None'}
2026-08-23 05:03:27.932 /testbed/src/jinja2/filters.py:303 jinja2.filters.do_xmlattr event=line locals={}
2026-08-23 05:03:27.932 /testbed/src/jinja2/filters.py:301 jinja2.filters.do_xmlattr event=line locals={}
2026-08-23 05:03:27.932 /testbed/src/jinja2/filters.py:302 jinja2.filters.do_xmlattr event=line locals={'key': "'k108'", 'value': "'v108_19'"}
2026-08-23 05:03:27.932 /testbed/src/jinja2/filters.py:305 jinja2.filters.do_xmlattr event=line locals={}
2026-08-23 05:03:27.932 /testbed/src/jinja2/filters.py:308 jinja2.filters.do_xmlattr event=line locals={}
2026-08-23 05:03:27.932 /testbed/src/jinja2/filters.py:301 jinja2.filters.do_xmlattr event=line locals={}
2026-08-23 05:03:27.932 /testbed/src/jinja2/filters.py:302 jinja2.filters.do_xmlattr event=line locals={'key': "'n109_ee5b'", 'value': "'v109_38'"}
2026-08-23 05:03:27.932 /testbed/src/jinja2/filters.py:305 jinja2.filters.do_xmlattr event=line locals={}
2026-08-23 05:03:27.932 /testbed/src/jinja2/filters.py:308 jinja2.filters.do_xmlattr event=line locals={}
2026-08-23 05:03:27.933 /testbed/src/jinja2/filters.py:301 jinja2.filters.do_xmlattr event=line locals={}
2026-08-23 05:03:27.933 /testbed/src/jinja2/filters.py:302 jinja2.filters.do_xmlattr event=line locals={'key': "'data_110'", 'value': 'Undefined'}
2026-08-23 05:03:27.933 /testbed/src/jinja2/filters.py:303 jinja2.filters.do_xmlattr event=line locals={}
2026-08-23 05:03:27.933 /testbed/src/jinja2/filters.py:301 jinja2.filters.do_xmlattr event=line locals={}
2026-08-23 05:03:27.933 /testbed/src/jinja2/filters.py:302 jinja2.filters.do_xmlattr event=line locals={'key': "'field_111'", 'value': "'v111_111'"}
2026-08-23 05:03:27.933 /testbed/src/jinja2/filters.py:305 jinja2.filters.do_xmlattr event=line locals={}
2026-08-23 05:03:27.933 /testbed/src/jinja2/filters.py:308 jinja2.filters.do_xmlattr event=line locals={}
2026-08-23 05:03:27.933 /testbed/src/jinja2/filters.py:301 jinja2.filters.do_xmlattr event=line locals={}
2026-08-23 05:03:27.933 /testbed/src/jinja2/filters.py:302 jinja2.filters.do_xmlattr event=line locals={'key': "'k112'", 'value': "'payload_32d9'"}
2026-08-23 05:03:27.933 /testbed/src/jinja2/filters.py:305 jinja2.filters.do_xmlattr event=line locals={}
2026-08-23 05:03:27.933 /testbed/src/jinja2/filters.py:308 jinja2.filters.do_xmlattr event=line locals={}
2026-08-23 05:03:27.933 /testbed/src/jinja2/filters.py:301 jinja2.filters.do_xmlattr event=line locals={}
2026-08-23 05:03:27.933 /testbed/src/jinja2/filters.py:302 jinja2.filters.do_xmlattr event=line locals={'key': "'n113_4fdb'", 'value': "'v113_10'"}
2026-08-23 05:03:27.933 /testbed/src/jinja2/filters.py:305 jinja2.filters.do_xmlattr event=line locals={}
2026-08-23 05:03:27.933 /testbed/src/jinja2/filters.py:308 jinja2.filters.do_xmlattr event=line locals={}
2026-08-23 05:03:27.933 /testbed/src/jinja2/filters.py:301 jinja2.filters.do_xmlattr event=line locals={}
2026-08-23 05:03:27.933 /testbed/src/jinja2/filters.py:302 jinja2.filters.do_xmlattr event=line locals={'key': "'k114'", 'value': "'054375'"}
2026-08-23 05:03:27.933 /testbed/src/jinja2/filters.py:305 jinja2.filters.do_xmlattr event=line locals={}
2026-08-23 05:03:27.933 /testbed/src/jinja2/filters.py:308 jinja2.filters.do_xmlattr event=line locals={}
2026-08-23 05:03:27.933 /testbed/src/jinja2/filters.py:301 jinja2.filters.do_xmlattr event=line locals={}
2026-08-23 05:03:27.933 /testbed/src/jinja2/filters.py:302 jinja2.filters.do_xmlattr event=line locals={'key': "'k115'", 'value': "'v115_159'"}
2026-08-23 05:03:27.933 /testbed/src/jinja2/filters.py:305 jinja2.filters.do_xmlattr event=line locals={}
2026-08-23 05:03:27.933 /testbed/src/jinja2/filters.py:308 jinja2.filters.do_xmlattr event=line locals={}
2026-08-23 05:03:27.933 /testbed/src/jinja2/filters.py:301 jinja2.filters.do_xmlattr event=line locals={}
2026-08-23 05:03:27.933 /testbed/src/jinja2/filters.py:302 jinja2.filters.do_xmlattr event=line locals={'key': "'data_117'", 'value': "'v117_57'"}
2026-08-23 05:03:27.934 /testbed/src/jinja2/filters.py:305 jinja2.filters.do_xmlattr event=line locals={}
2026-08-23 05:03:27.934 /testbed/src/jinja2/filters.py:308 jinja2.filters.do_xmlattr event=line locals={}
2026-08-23 05:03:27.934 /testbed/src/jinja2/filters.py:301 jinja2.filters.do_xmlattr event=line locals={}
2026-08-23 05:03:27.934 /testbed/src/jinja2/filters.py:302 jinja2.filters.do_xmlattr event=line locals={'key': "'field_118'", 'value': "'v118_136'"}
2026-08-23 05:03:27.934 /testbed/src/jinja2/filters.py:305 jinja2.filters.do_xmlattr event=line locals={}
2026-08-23 05:03:27.934 /testbed/src/jinja2/filters.py:308 jinja2.filters.do_xmlattr event=line locals={}
2026-08-23 05:03:27.934 /testbed/src/jinja2/filters.py:301 jinja2.filters.do_xmlattr event=line locals={}
2026-08-23 05:03:27.934 /testbed/src/jinja2/filters.py:302 jinja2.filters.do_xmlattr event=line locals={'key': "'n119_227a'", 'value': '122'}
2026-08-23 05:03:27.934 /testbed/src/jinja2/filters.py:305 jinja2.filters.do_xmlattr event=line locals={}
2026-08-23 05:03:27.934 /testbed/src/jinja2/filters.py:308 jinja2.filters.do_xmlattr event=line locals={}
2026-08-23 05:03:27.934 /testbed/src/jinja2/filters.py:301 jinja2.filters.do_xmlattr event=line locals={}
2026-08-23 05:03:27.934 /testbed/src/jinja2/filters.py:302 jinja2.filters.do_xmlattr event=line locals={'key': "'k120'", 'value': "'v120_155'"}
2026-08-23 05:03:27.934 /testbed/src/jinja2/filters.py:305 jinja2.filters.do_xmlattr event=line locals={}
2026-08-23 05:03:27.934 /testbed/src/jinja2/filters.py:308 jinja2.filters.do_xmlattr event=line locals={}
2026-08-23 05:03:27.934 /testbed/src/jinja2/filters.py:301 jinja2.filters.do_xmlattr event=line locals={}
2026-08-23 05:03:27.934 /testbed/src/jinja2/filters.py:302 jinja2.filters.do_xmlattr event=line locals={'key': "'field_121'", 'value': "'v121_127'"}
2026-08-23 05:03:27.934 /testbed/src/jinja2/filters.py:305 jinja2.filters.do_xmlattr event=line locals={}
2026-08-23 05:03:27.934 /testbed/src/jinja2/filters.py:308 jinja2.filters.do_xmlattr event=line locals={}
2026-08-23 05:03:27.934 /testbed/src/jinja2/filters.py:301 jinja2.filters.do_xmlattr event=line locals={}
2026-08-23 05:03:27.934 /testbed/src/jinja2/filters.py:302 jinja2.filters.do_xmlattr event=line locals={'key': "'attr_122'", 'value': '132'}
2026-08-23 05:03:27.934 /testbed/src/jinja2/filters.py:305 jinja2.filters.do_xmlattr event=line locals={}
2026-08-23 05:03:27.934 /testbed/src/jinja2/filters.py:308 jinja2.filters.do_xmlattr event=line locals={}
2026-08-23 05:03:27.934 /testbed/src/jinja2/filters.py:301 jinja2.filters.do_xmlattr event=line locals={}
2026-08-23 05:03:27.934 /testbed/src/jinja2/filters.py:302 jinja2.filters.do_xmlattr event=line locals={'key': "'k123'", 'value': "'payload_6a87'"}
2026-08-23 05:03:27.934 /testbed/src/jinja2/filters.py:305 jinja2.filters.do_xmlattr event=line locals={}
2026-08-23 05:03:27.935 /testbed/src/jinja2/filters.py:308 jinja2.filters.do_xmlattr event=line locals={}
2026-08-23 05:03:27.935 /testbed/src/jinja2/filters.py:301 jinja2.filters.do_xmlattr event=line locals={}
2026-08-23 05:03:27.935 /testbed/src/jinja2/filters.py:302 jinja2.filters.do_xmlattr event=line locals={'key': "'k124'", 'value': "'v124_86'"}
2026-08-23 05:03:27.935 /testbed/src/jinja2/filters.py:305 jinja2.filters.do_xmlattr event=line locals={}
2026-08-23 05:03:27.935 /testbed/src/jinja2/filters.py:308 jinja2.filters.do_xmlattr event=line locals={}
2026-08-23 05:03:27.935 /testbed/src/jinja2/filters.py:301 jinja2.filters.do_xmlattr event=line locals={}
2026-08-23 05:03:27.935 /testbed/src/jinja2/filters.py:302 jinja2.filters.do_xmlattr event=line locals={'key': "'k125'", 'value': "'v125_158'"}
2026-08-23 05:03:27.935 /testbed/src/jinja2/filters.py:305 jinja2.filters.do_xmlattr event=line locals={}
2026-08-23 05:03:27.935 /testbed/src/jinja2/filters.py:308 jinja2.filters.do_xmlattr event=line locals={}
2026-08-23 05:03:27.935 /testbed/src/jinja2/filters.py:301 jinja2.filters.do_xmlattr event=line locals={}
2026-08-23 05:03:27.935 /testbed/src/jinja2/filters.py:302 jinja2.filters.do_xmlattr event=line locals={'key': "'n126_435e'", 'value': "'payload_a25a'"}
2026-08-23 05:03:27.935 /testbed/src/jinja2/filters.py:305 jinja2.filters.do_xmlattr event=line locals={}
2026-08-23 05:03:27.935 /testbed/src/jinja2/filters.py:308 jinja2.filters.do_xmlattr event=line locals={}
2026-08-23 05:03:27.935 /testbed/src/jinja2/filters.py:301 jinja2.filters.do_xmlattr event=line locals={}
2026-08-23 05:03:27.935 /testbed/src/jinja2/filters.py:302 jinja2.filters.do_xmlattr event=line locals={'key': "'data_127'", 'value': "'v127_242'"}
2026-08-23 05:03:27.935 /testbed/src/jinja2/filters.py:305 jinja2.filters.do_xmlattr event=line locals={}
2026-08-23 05:03:27.935 /testbed/src/jinja2/filters.py:308 jinja2.filters.do_xmlattr event=line locals={}
2026-08-23 05:03:27.935 /testbed/src/jinja2/filters.py:301 jinja2.filters.do_xmlattr event=line locals={}
2026-08-23 05:03:27.935 /testbed/src/jinja2/filters.py:302 jinja2.filters.do_xmlattr event=line locals={'key': "'n128_4fd0'", 'value': "'v128_102'"}
2026-08-23 05:03:27.935 /testbed/src/jinja2/filters.py:305 jinja2.filters.do_xmlattr event=line locals={}
2026-08-23 05:03:27.935 /testbed/src/jinja2/filters.py:308 jinja2.filters.do_xmlattr event=line locals={}
2026-08-23 05:03:27.935 /testbed/src/jinja2/filters.py:301 jinja2.filters.do_xmlattr event=line locals={}
2026-08-23 05:03:27.935 /testbed/src/jinja2/filters.py:302 jinja2.filters.do_xmlattr event=line locals={'key': "'attr_129'", 'value': 'None'}
2026-08-23 05:03:27.935 /testbed/src/jinja2/filters.py:303 jinja2.filters.do_xmlattr event=line locals={}
2026-08-23 05:03:27.936 /testbed/src/jinja2/filters.py:301 jinja2.filters.do_xmlattr event=line locals={}
2026-08-23 05:03:27.936 /testbed/src/jinja2/filters.py:302 jinja2.filters.do_xmlattr event=line locals={'key': "'n130_9381'", 'value': "'payload_596a'"}
2026-08-23 05:03:27.936 /testbed/src/jinja2/filters.py:305 jinja2.filters.do_xmlattr event=line locals={}
2026-08-23 05:03:27.936 /testbed/src/jinja2/filters.py:308 jinja2.filters.do_xmlattr event=line locals={}
2026-08-23 05:03:27.936 /testbed/src/jinja2/filters.py:301 jinja2.filters.do_xmlattr event=line locals={}
2026-08-23 05:03:27.936 /testbed/src/jinja2/filters.py:302 jinja2.filters.do_xmlattr event=line locals={'key': "'data_131'", 'value': 'None'}
2026-08-23 05:03:27.936 /testbed/src/jinja2/filters.py:303 jinja2.filters.do_xmlattr event=line locals={}
2026-08-23 05:03:27.936 /testbed/src/jinja2/filters.py:301 jinja2.filters.do_xmlattr event=line locals={}
2026-08-23 05:03:27.936 /testbed/src/jinja2/filters.py:302 jinja2.filters.do_xmlattr event=line locals={'key': "'field_132'", 'value': "'v132_39'"}
2026-08-23 05:03:27.936 /testbed/src/jinja2/filters.py:305 jinja2.filters.do_xmlattr event=line locals={}
2026-08-23 05:03:27.936 /testbed/src/jinja2/filters.py:308 jinja2.filters.do_xmlattr event=line locals={}
2026-08-23 05:03:27.936 /testbed/src/jinja2/filters.py:301 jinja2.filters.do_xmlattr event=line locals={}
2026-08-23 05:03:27.936 /testbed/src/jinja2/filters.py:302 jinja2.filters.do_xmlattr event=line locals={'key': "'attr_133'", 'value': "'v133_139'"}
2026-08-23 05:03:27.936 /testbed/src/jinja2/filters.py:305 jinja2.filters.do_xmlattr event=line locals={}
2026-08-23 05:03:27.936 /testbed/src/jinja2/filters.py:308 jinja2.filters.do_xmlattr event=line locals={}
2026-08-23 05:03:27.936 /testbed/src/jinja2/filters.py:301 jinja2.filters.do_xmlattr event=line locals={}
2026-08-23 05:03:27.936 /testbed/src/jinja2/filters.py:302 jinja2.filters.do_xmlattr event=line locals={'key': "'n134_095b'", 'value': "'v134_223'"}
2026-08-23 05:03:27.936 /testbed/src/jinja2/filters.py:305 jinja2.filters.do_xmlattr event=line locals={}
2026-08-23 05:03:27.936 /testbed/src/jinja2/filters.py:308 jinja2.filters.do_xmlattr event=line locals={}
2026-08-23 05:03:27.936 /testbed/src/jinja2/filters.py:301 jinja2.filters.do_xmlattr event=line locals={}
2026-08-23 05:03:27.936 /testbed/src/jinja2/filters.py:302 jinja2.filters.do_xmlattr event=line locals={'key': "'attr_135'", 'value': "'v135_18'"}
2026-08-23 05:03:27.936 /testbed/src/jinja2/filters.py:305 jinja2.filters.do_xmlattr event=line locals={}
2026-08-23 05:03:27.936 /testbed/src/jinja2/filters.py:308 jinja2.filters.do_xmlattr event=line locals={}
2026-08-23 05:03:27.936 /testbed/src/jinja2/filters.py:301 jinja2.filters.do_xmlattr event=line locals={}
2026-08-23 05:03:27.937 /testbed/src/jinja2/filters.py:302 jinja2.filters.do_xmlattr event=line locals={'key': "'field_136'", 'value': "'v136_224'"}
2026-08-23 05:03:27.937 /testbed/src/jinja2/filters.py:305 jinja2.filters.do_xmlattr event=line locals={}
2026-08-23 05:03:27.937 /testbed/src/jinja2/filters.py:308 jinja2.filters.do_xmlattr event=line locals={}
2026-08-23 05:03:27.937 /testbed/src/jinja2/filters.py:301 jinja2.filters.do_xmlattr event=line locals={}
2026-08-23 05:03:27.937 /testbed/src/jinja2/filters.py:302 jinja2.filters.do_xmlattr event=line locals={'key': "'n137_f390'", 'value': "'payload_cc55'"}
2026-08-23 05:03:27.937 /testbed/src/jinja2/filters.py:305 jinja2.filters.do_xmlattr event=line locals={}
2026-08-23 05:03:27.937 /testbed/src/jinja2/filters.py:308 jinja2.filters.do_xmlattr event=line locals={}
2026-08-23 05:03:27.937 /testbed/src/jinja2/filters.py:301 jinja2.filters.do_xmlattr event=line locals={}
2026-08-23 05:03:27.937 /testbed/src/jinja2/filters.py:302 jinja2.filters.do_xmlattr event=line locals={'key': "'attr_138'", 'value': "'v138_224'"}
2026-08-23 05:03:27.937 /testbed/src/jinja2/filters.py:305 jinja2.filters.do_xmlattr event=line locals={}
2026-08-23 05:03:27.937 /testbed/src/jinja2/filters.py:308 jinja2.filters.do_xmlattr event=line locals={}
2026-08-23 05:03:27.937 /testbed/src/jinja2/filters.py:301 jinja2.filters.do_xmlattr event=line locals={}
2026-08-23 05:03:27.937 /testbed/src/jinja2/filters.py:302 jinja2.filters.do_xmlattr event=line locals={'key': "'attr_139'", 'value': "'v139_176'"}
2026-08-23 05:03:27.937 /testbed/src/jinja2/filters.py:305 jinja2.filters.do_xmlattr event=line locals={}
2026-08-23 05:03:27.937 /testbed/src/jinja2/filters.py:308 jinja2.filters.do_xmlattr event=line locals={}
2026-08-23 05:03:27.937 /testbed/src/jinja2/filters.py:301 jinja2.filters.do_xmlattr event=line locals={}
2026-08-23 05:03:27.937 /testbed/src/jinja2/filters.py:302 jinja2.filters.do_xmlattr event=line locals={'key': "'data_140'", 'value': "'v140_120'"}
2026-08-23 05:03:27.937 /testbed/src/jinja2/filters.py:305 jinja2.filters.do_xmlattr event=line locals={}
2026-08-23 05:03:27.937 /testbed/src/jinja2/filters.py:308 jinja2.filters.do_xmlattr event=line locals={}
2026-08-23 05:03:27.937 /testbed/src/jinja2/filters.py:301 jinja2.filters.do_xmlattr event=line locals={}
2026-08-23 05:03:27.937 /testbed/src/jinja2/filters.py:310 jinja2.filters.do_xmlattr event=line locals={}
2026-08-23 05:03:27.937 /testbed/src/jinja2/filters.py:312 jinja2.filters.do_xmlattr event=line locals={'rv': '\'data_0="v0_188" field_1="v1_10" data_2="v2_194" k3="v3_110" field_4="payload_55b4" field_5="v5_25" k6="v6_93" field_7="v7_66" k9="v9_16" data_11="0d56e1" field_12="35" attr_13="111" n14_135e="payload_2e19" k15="v15_106" k16="v16_191" k17="v17_144" k19="v19_133" field_22="46b8d8" n23_2ed0="v23_22" data_24="v24_94" k25="v25_6" k26="v26_219" attr_27="v27_25" attr_29="v29_236" data_30="v30_172" data_31="v31_246" k32="v32_235" attr_33="v33_72" data_34="v34_201" data_35="111" n37_95ce="v37_77" attr_3...'}
2026-08-23 05:03:27.937 /testbed/src/jinja2/filters.py:313 jinja2.filters.do_xmlattr event=line locals={}
2026-08-23 05:03:27.937 /testbed/src/jinja2/filters.py:315 jinja2.filters.do_xmlattr event=line locals={'rv': '\' data_0="v0_188" field_1="v1_10" data_2="v2_194" k3="v3_110" field_4="payload_55b4" field_5="v5_25" k6="v6_93" field_7="v7_66" k9="v9_16" data_11="0d56e1" field_12="35" attr_13="111" n14_135e="payload_2e19" k15="v15_106" k16="v16_191" k17="v17_144" k19="v19_133" field_22="46b8d8" n23_2ed0="v23_22" data_24="v24_94" k25="v25_6" k26="v26_219" attr_27="v27_25" attr_29="v29_236" data_30="v30_172" data_31="v31_246" k32="v32_235" attr_33="v33_72" data_34="v34_201" data_35="111" n37_95ce="v37_77" attr_...'}
2026-08-23 05:03:27.938 /testbed/src/jinja2/filters.py:316 jinja2.filters.do_xmlattr event=line locals={}
2026-08-23 05:03:27.938 /testbed/src/jinja2/filters.py:318 jinja2.filters.do_xmlattr event=line locals={'rv': 'Markup(\' data_0="v0_188" field_1="v1_10" data_2="v2_194" k3="v3_110" field_4="payload_55b4" field_5="v5_25" k6="v6_93" field_7="v7_66" k9="v9_16" data_11="0d56e1" field_12="35" attr_13="111" n14_135e="payload_2e19" k15="v15_106" k16="v16_191" k17="v17_144" k19="v19_133" field_22="46b8d8" n23_2ed0="v23_22" data_24="v24_94" k25="v25_6" k26="v26_219" attr_27="v27_25" attr_29="v29_236" data_30="v30_172" data_31="v31_246" k32="v32_235" attr_33="v33_72" data_34="v34_201" data_35="111" n37_95ce="v37_77...'}
2026-08-23 05:03:27.938 /testbed/src/jinja2/filters.py:318 jinja2.filters.do_xmlattr event=return retval=Markup(' data_0="v0_188" field_1="v1_10" data_2="v2_194" k3="v3_110" field_4="payload_55b4" field_5="v5_25" k6="v6_93" field_7="v7_66" k9="v9_16" data_11="0d56e1" field_12="35" attr_13="111" n14_135e="payload_2e19" k15="v15_106" k16="v16_191" k17="v17_144" k19="v19_133" field_22="46b8d8" n23_2ed0="v23_22" data_24="v24_94" k25="v25_6" k26="v26_219" attr_27="v27_25" attr_29="v29_236" data_30="v30_172" data_31="v31_246" k32="v32_235" attr_33="v33_72" data_34="v34_201" data_35="111" n37_95ce="v37_77... locals={'autospace': 'True', 'd': "{'data_0': 'v0_188', 'field_1': 'v1_10', 'data_2': 'v2_194', 'k3': 'v3_110', 'field_4': 'payload_55b4', 'field_5': 'v5_25', 'k6': 'v6_93', 'field_7': 'v7_66', 'k8': None, 'k9': 'v9_16', 'field_10': None, 'data_11': '0d56e1', 'field_12': 35, 'attr_13': 111, 'n14_135e': 'payload_2e19', 'k15': 'v15_106', 'k16': 'v16_191', 'k17': 'v17_144', 'k19': 'v19_133', 'k21': None, 'field_22': '46b8d8', 'n23_2ed0': 'v23_22', 'data_24': 'v24_94', 'k25': 'v25_6', 'k26': 'v26_219', 'attr_27': 'v27_25', 'attr_29':...", 'eval_ctx': '<jinja2.nodes.EvalContext object at 0x75f3cfff8110>', 'items': '[\'data_0="v0_188"\', \'field_1="v1_10"\', \'data_2="v2_194"\', \'k3="v3_110"\', \'field_4="payload_55b4"\', \'field_5="v5_25"\', \'k6="v6_93"\', \'field_7="v7_66"\', \'k9="v9_16"\', \'data_11="0d56e1"\', \'field_12="35"\', \'attr_13="111"\', \'n14_135e="payload_2e19"\', \'k15="v15_106"\', \'k16="v16_191"\', \'k17="v17_144"\', \'k19="v19_133"\', \'field_22="46b8d8"\', \'n23_2ed0="v23_22"\', \'data_24="v24_94"\', \'k25="v25_6"\', \'k26="v26_219"\', \'attr_27="v27_25"\', \'attr_29="v29_236"\', \'data_30="v30_172"\', \'data_31="v31_246"\', \'k32="v32...', 'key': "'data_140'", 'rv': 'Markup(\' data_0="v0_188" field_1="v1_10" data_2="v2_194" k3="v3_110" field_4="payload_55b4" field_5="v5_25" k6="v6_93" field_7="v7_66" k9="v9_16" data_11="0d56e1" field_12="35" attr_13="111" n14_135e="payload_2e19" k15="v15_106" k16="v16_191" k17="v17_144" k19="v19_133" field_22="46b8d8" n23_2ed0="v23_22" data_24="v24_94" k25="v25_6" k26="v26_219" attr_27="v27_25" attr_29="v29_236" data_30="v30_172" data_31="v31_246" k32="v32_235" attr_33="v33_72" data_34="v34_201" data_35="111" n37_95ce="v37_77...', 'value': "'v140_120'"}
