2026-07-15 04:13:11.671 [TRACE][START] pid=47 TRACE_OUT='/testbed/logs/llama_factory_qa/loader_load_model_s6_calls__r20260714/trace.log' TRACE_FILE='/testbed' TRACE_FUNCS=['_invoke_eval_mode', '_invoke_train_mode', 'load_model', 'test_invocation_callers'] TRACE_EVENTS=['call', 'exception', 'line', 'return']
2026-07-15 04:13:11.706 /testbed/llama_factory_qa/loader_load_model_s6_calls__r20260714/files/testcase.py:119 testcase.test_invocation_callers event=call locals={'self': '<testcase.TestLoadModelS6Calls testMethod=test_invocation_callers>'}
2026-07-15 04:13:11.706 /testbed/llama_factory_qa/loader_load_model_s6_calls__r20260714/files/testcase.py:120 testcase.test_invocation_callers event=line locals={}
2026-07-15 04:13:11.706 /testbed/llama_factory_qa/loader_load_model_s6_calls__r20260714/files/testcase.py:101 testcase._invoke_eval_mode event=call locals={'self': '<testcase.TestLoadModelS6Calls testMethod=test_invocation_callers>'}
2026-07-15 04:13:11.706 /testbed/llama_factory_qa/loader_load_model_s6_calls__r20260714/files/testcase.py:102 testcase._invoke_eval_mode event=line locals={}
2026-07-15 04:13:11.706 /testbed/llama_factory_qa/loader_load_model_s6_calls__r20260714/files/testcase.py:103 testcase._invoke_eval_mode event=line locals={}
2026-07-15 04:13:11.706 /testbed/llama_factory_qa/loader_load_model_s6_calls__r20260714/files/testcase.py:104 testcase._invoke_eval_mode event=line locals={}
2026-07-15 04:13:11.706 /testbed/llama_factory_qa/loader_load_model_s6_calls__r20260714/files/testcase.py:105 testcase._invoke_eval_mode event=line locals={}
2026-07-15 04:13:11.706 /testbed/llama_factory_qa/loader_load_model_s6_calls__r20260714/files/testcase.py:106 testcase._invoke_eval_mode event=line locals={}
2026-07-15 04:13:11.706 /testbed/llama_factory_qa/loader_load_model_s6_calls__r20260714/files/testcase.py:107 testcase._invoke_eval_mode event=line locals={}
2026-07-15 04:13:11.706 /testbed/llama_factory_qa/loader_load_model_s6_calls__r20260714/files/testcase.py:102 testcase._invoke_eval_mode event=line locals={}
2026-07-15 04:13:11.706 /testbed/src/llamafactory/model/loader.py:117 src.llamafactory.model.loader.load_model event=call locals={'add_valuehead': 'False', 'finetuning_args': "namespace(stage='pt')", 'is_trainable': 'False', 'model_args': "namespace(model_name_or_path='unit-test-model', trust_remote_code=False, cache_dir=None, model_revision='main', hf_hub_token=None, use_unsloth=True, adapter_name_or_path=['adapter-a'], mixture_of_depths=None, train_from_scratch=False, compute_dtype=torch.float16, print_param_status=False)", 'tokenizer': '<object object at 0x70f434139c90>'}
2026-07-15 04:13:11.706 /testbed/src/llamafactory/model/loader.py:125 src.llamafactory.model.loader.load_model event=line locals={}
2026-07-15 04:13:11.706 /testbed/src/llamafactory/model/loader.py:126 src.llamafactory.model.loader.load_model event=line locals={'init_kwargs': "{'trust_remote_code': False, 'cache_dir': None, 'revision': 'main', 'token': None}"}
2026-07-15 04:13:11.706 /testbed/src/llamafactory/model/loader.py:127 src.llamafactory.model.loader.load_model event=line locals={'config': '<testcase.DummyConfig object at 0x70f433bb8340>'}
2026-07-15 04:13:11.706 /testbed/src/llamafactory/model/loader.py:128 src.llamafactory.model.loader.load_model event=line locals={}
2026-07-15 04:13:11.706 /testbed/src/llamafactory/model/loader.py:130 src.llamafactory.model.loader.load_model event=line locals={}
2026-07-15 04:13:11.706 /testbed/src/llamafactory/model/loader.py:131 src.llamafactory.model.loader.load_model event=line locals={'model': 'None'}
2026-07-15 04:13:11.706 /testbed/src/llamafactory/model/loader.py:132 src.llamafactory.model.loader.load_model event=line locals={'lazy_load': 'False'}
2026-07-15 04:13:11.706 /testbed/src/llamafactory/model/loader.py:133 src.llamafactory.model.loader.load_model event=line locals={}
2026-07-15 04:13:11.706 /testbed/src/llamafactory/model/loader.py:134 src.llamafactory.model.loader.load_model event=line locals={}
2026-07-15 04:13:11.706 /testbed/src/llamafactory/model/loader.py:138 src.llamafactory.model.loader.load_model event=line locals={'lazy_load': 'True'}
2026-07-15 04:13:11.707 /testbed/src/llamafactory/model/loader.py:166 src.llamafactory.model.loader.load_model event=line locals={}
2026-07-15 04:13:11.707 /testbed/src/llamafactory/model/loader.py:170 src.llamafactory.model.loader.load_model event=line locals={}
2026-07-15 04:13:11.707 /testbed/src/llamafactory/model/loader.py:172 src.llamafactory.model.loader.load_model event=line locals={'model': '<testcase.DummyModel object at 0x70f433bb8310>'}
2026-07-15 04:13:11.707 /testbed/src/llamafactory/model/loader.py:186 src.llamafactory.model.loader.load_model event=line locals={}
2026-07-15 04:13:11.707 /testbed/src/llamafactory/model/loader.py:187 src.llamafactory.model.loader.load_model event=line locals={}
2026-07-15 04:13:11.707 /testbed/src/llamafactory/model/loader.py:188 src.llamafactory.model.loader.load_model event=line locals={}
2026-07-15 04:13:11.707 /testbed/src/llamafactory/model/loader.py:189 src.llamafactory.model.loader.load_model event=line locals={'param': '<testcase.DummyParam object at 0x70f433bb83d0>'}
2026-07-15 04:13:11.707 /testbed/src/llamafactory/model/loader.py:190 src.llamafactory.model.loader.load_model event=line locals={}
2026-07-15 04:13:11.707 /testbed/src/llamafactory/model/loader.py:188 src.llamafactory.model.loader.load_model event=line locals={}
2026-07-15 04:13:11.707 /testbed/src/llamafactory/model/loader.py:189 src.llamafactory.model.loader.load_model event=line locals={'param': '<testcase.DummyParam object at 0x70f433bb8430>'}
2026-07-15 04:13:11.707 /testbed/src/llamafactory/model/loader.py:190 src.llamafactory.model.loader.load_model event=line locals={}
2026-07-15 04:13:11.707 /testbed/src/llamafactory/model/loader.py:188 src.llamafactory.model.loader.load_model event=line locals={}
2026-07-15 04:13:11.707 /testbed/src/llamafactory/model/loader.py:192 src.llamafactory.model.loader.load_model event=line locals={}
2026-07-15 04:13:11.707 /testbed/src/llamafactory/model/loader.py:196 src.llamafactory.model.loader.load_model event=line locals={}
2026-07-15 04:13:11.707 /testbed/src/llamafactory/model/loader.py:197 src.llamafactory.model.loader.load_model event=line locals={'all_param': '4', 'trainable_params': '2'}
2026-07-15 04:13:11.707 /testbed/src/llamafactory/model/loader.py:203 src.llamafactory.model.loader.load_model event=line locals={}
2026-07-15 04:13:11.707 /testbed/src/llamafactory/model/loader.py:205 src.llamafactory.model.loader.load_model event=line locals={'param_stats': "'all params: 4'"}
2026-07-15 04:13:11.707 /testbed/src/llamafactory/model/loader.py:207 src.llamafactory.model.loader.load_model event=line locals={}
2026-07-15 04:13:11.707 /testbed/src/llamafactory/model/loader.py:211 src.llamafactory.model.loader.load_model event=line locals={}
2026-07-15 04:13:11.707 /testbed/src/llamafactory/model/loader.py:211 src.llamafactory.model.loader.load_model event=return retval=<testcase.DummyModel object at 0x70f433bb8310> locals={'add_valuehead': 'False', 'all_param': '4', 'config': '<testcase.DummyConfig object at 0x70f433bb8340>', 'finetuning_args': "namespace(stage='pt')", 'init_kwargs': "{'trust_remote_code': False, 'cache_dir': None, 'revision': 'main', 'token': None}", 'is_trainable': 'False', 'lazy_load': 'True', 'model': '<testcase.DummyModel object at 0x70f433bb8310>', 'model_args': "namespace(model_name_or_path='unit-test-model', trust_remote_code=False, cache_dir=None, model_revision='main', hf_hub_token=None, use_unsloth=True, adapter_name_or_path=['adapter-a'], mixture_of_depths=None, train_from_scratch=False, compute_dtype=torch.float16, print_param_status=False)", 'param': '<testcase.DummyParam object at 0x70f433bb8430>', 'param_stats': "'all params: 4'", 'tokenizer': '<object object at 0x70f434139c90>', 'trainable_params': '2'}
2026-07-15 04:13:11.707 /testbed/llama_factory_qa/loader_load_model_s6_calls__r20260714/files/testcase.py:102 testcase._invoke_eval_mode event=return retval=<testcase.DummyModel object at 0x70f433bb8310> locals={'self': '<testcase.TestLoadModelS6Calls testMethod=test_invocation_callers>'}
2026-07-15 04:13:11.707 /testbed/llama_factory_qa/loader_load_model_s6_calls__r20260714/files/testcase.py:121 testcase.test_invocation_callers event=line locals={'eval_model': '<testcase.DummyModel object at 0x70f433bb8310>'}
2026-07-15 04:13:11.707 /testbed/llama_factory_qa/loader_load_model_s6_calls__r20260714/files/testcase.py:110 testcase._invoke_train_mode event=call locals={'self': '<testcase.TestLoadModelS6Calls testMethod=test_invocation_callers>'}
2026-07-15 04:13:11.707 /testbed/llama_factory_qa/loader_load_model_s6_calls__r20260714/files/testcase.py:111 testcase._invoke_train_mode event=line locals={}
2026-07-15 04:13:11.707 /testbed/llama_factory_qa/loader_load_model_s6_calls__r20260714/files/testcase.py:112 testcase._invoke_train_mode event=line locals={}
2026-07-15 04:13:11.707 /testbed/llama_factory_qa/loader_load_model_s6_calls__r20260714/files/testcase.py:113 testcase._invoke_train_mode event=line locals={}
2026-07-15 04:13:11.707 /testbed/llama_factory_qa/loader_load_model_s6_calls__r20260714/files/testcase.py:114 testcase._invoke_train_mode event=line locals={}
2026-07-15 04:13:11.707 /testbed/llama_factory_qa/loader_load_model_s6_calls__r20260714/files/testcase.py:115 testcase._invoke_train_mode event=line locals={}
2026-07-15 04:13:11.707 /testbed/llama_factory_qa/loader_load_model_s6_calls__r20260714/files/testcase.py:116 testcase._invoke_train_mode event=line locals={}
2026-07-15 04:13:11.707 /testbed/llama_factory_qa/loader_load_model_s6_calls__r20260714/files/testcase.py:111 testcase._invoke_train_mode event=line locals={}
2026-07-15 04:13:11.707 /testbed/src/llamafactory/model/loader.py:117 src.llamafactory.model.loader.load_model event=call locals={'add_valuehead': 'False', 'finetuning_args': "namespace(stage='pt')", 'is_trainable': 'True', 'model_args': "namespace(model_name_or_path='unit-test-model', trust_remote_code=False, cache_dir=None, model_revision='main', hf_hub_token=None, use_unsloth=True, adapter_name_or_path=['adapter-a'], mixture_of_depths=None, train_from_scratch=False, compute_dtype=torch.float16, print_param_status=False)", 'tokenizer': '<object object at 0x70f434139c90>'}
2026-07-15 04:13:11.707 /testbed/src/llamafactory/model/loader.py:125 src.llamafactory.model.loader.load_model event=line locals={}
2026-07-15 04:13:11.707 /testbed/src/llamafactory/model/loader.py:126 src.llamafactory.model.loader.load_model event=line locals={'init_kwargs': "{'trust_remote_code': False, 'cache_dir': None, 'revision': 'main', 'token': None}"}
2026-07-15 04:13:11.707 /testbed/src/llamafactory/model/loader.py:127 src.llamafactory.model.loader.load_model event=line locals={'config': '<testcase.DummyConfig object at 0x70f433bb8490>'}
2026-07-15 04:13:11.708 /testbed/src/llamafactory/model/loader.py:128 src.llamafactory.model.loader.load_model event=line locals={}
2026-07-15 04:13:11.708 /testbed/src/llamafactory/model/loader.py:130 src.llamafactory.model.loader.load_model event=line locals={}
2026-07-15 04:13:11.708 /testbed/src/llamafactory/model/loader.py:131 src.llamafactory.model.loader.load_model event=line locals={'model': 'None'}
2026-07-15 04:13:11.708 /testbed/src/llamafactory/model/loader.py:132 src.llamafactory.model.loader.load_model event=line locals={'lazy_load': 'False'}
2026-07-15 04:13:11.708 /testbed/src/llamafactory/model/loader.py:133 src.llamafactory.model.loader.load_model event=line locals={}
2026-07-15 04:13:11.708 /testbed/src/llamafactory/model/loader.py:134 src.llamafactory.model.loader.load_model event=line locals={}
2026-07-15 04:13:11.708 /testbed/src/llamafactory/model/loader.py:138 src.llamafactory.model.loader.load_model event=line locals={'lazy_load': 'True'}
2026-07-15 04:13:11.708 /testbed/src/llamafactory/model/loader.py:166 src.llamafactory.model.loader.load_model event=line locals={}
2026-07-15 04:13:11.708 /testbed/src/llamafactory/model/loader.py:170 src.llamafactory.model.loader.load_model event=line locals={}
2026-07-15 04:13:11.708 /testbed/src/llamafactory/model/loader.py:172 src.llamafactory.model.loader.load_model event=line locals={'model': '<testcase.DummyModel object at 0x70f433bb8340>'}
2026-07-15 04:13:11.708 /testbed/src/llamafactory/model/loader.py:186 src.llamafactory.model.loader.load_model event=line locals={}
2026-07-15 04:13:11.708 /testbed/src/llamafactory/model/loader.py:194 src.llamafactory.model.loader.load_model event=line locals={}
2026-07-15 04:13:11.708 /testbed/src/llamafactory/model/loader.py:196 src.llamafactory.model.loader.load_model event=line locals={}
2026-07-15 04:13:11.708 /testbed/src/llamafactory/model/loader.py:197 src.llamafactory.model.loader.load_model event=line locals={'all_param': '4', 'trainable_params': '2'}
2026-07-15 04:13:11.708 /testbed/src/llamafactory/model/loader.py:199 src.llamafactory.model.loader.load_model event=line locals={}
2026-07-15 04:13:11.708 /testbed/src/llamafactory/model/loader.py:200 src.llamafactory.model.loader.load_model event=line locals={}
2026-07-15 04:13:11.708 /testbed/src/llamafactory/model/loader.py:199 src.llamafactory.model.loader.load_model event=line locals={}
2026-07-15 04:13:11.708 /testbed/src/llamafactory/model/loader.py:200 src.llamafactory.model.loader.load_model event=line locals={}
2026-07-15 04:13:11.708 /testbed/src/llamafactory/model/loader.py:199 src.llamafactory.model.loader.load_model event=line locals={}
2026-07-15 04:13:11.708 /testbed/src/llamafactory/model/loader.py:198 src.llamafactory.model.loader.load_model event=line locals={}
2026-07-15 04:13:11.708 /testbed/src/llamafactory/model/loader.py:205 src.llamafactory.model.loader.load_model event=line locals={'param_stats': "'trainable params: 2 || all params: 4 || trainable%: 50.0000'"}
2026-07-15 04:13:11.708 /testbed/src/llamafactory/model/loader.py:207 src.llamafactory.model.loader.load_model event=line locals={}
2026-07-15 04:13:11.708 /testbed/src/llamafactory/model/loader.py:211 src.llamafactory.model.loader.load_model event=line locals={}
2026-07-15 04:13:11.708 /testbed/src/llamafactory/model/loader.py:211 src.llamafactory.model.loader.load_model event=return retval=<testcase.DummyModel object at 0x70f433bb8340> locals={'add_valuehead': 'False', 'all_param': '4', 'config': '<testcase.DummyConfig object at 0x70f433bb8490>', 'finetuning_args': "namespace(stage='pt')", 'init_kwargs': "{'trust_remote_code': False, 'cache_dir': None, 'revision': 'main', 'token': None}", 'is_trainable': 'True', 'lazy_load': 'True', 'model': '<testcase.DummyModel object at 0x70f433bb8340>', 'model_args': "namespace(model_name_or_path='unit-test-model', trust_remote_code=False, cache_dir=None, model_revision='main', hf_hub_token=None, use_unsloth=True, adapter_name_or_path=['adapter-a'], mixture_of_depths=None, train_from_scratch=False, compute_dtype=torch.float16, print_param_status=False)", 'param_stats': "'trainable params: 2 || all params: 4 || trainable%: 50.0000'", 'tokenizer': '<object object at 0x70f434139c90>', 'trainable_params': '2'}
2026-07-15 04:13:11.708 /testbed/llama_factory_qa/loader_load_model_s6_calls__r20260714/files/testcase.py:111 testcase._invoke_train_mode event=return retval=<testcase.DummyModel object at 0x70f433bb8340> locals={'self': '<testcase.TestLoadModelS6Calls testMethod=test_invocation_callers>'}
2026-07-15 04:13:11.708 /testbed/llama_factory_qa/loader_load_model_s6_calls__r20260714/files/testcase.py:122 testcase.test_invocation_callers event=line locals={'train_model': '<testcase.DummyModel object at 0x70f433bb8340>'}
2026-07-15 04:13:11.708 /testbed/llama_factory_qa/loader_load_model_s6_calls__r20260714/files/testcase.py:123 testcase.test_invocation_callers event=line locals={}
2026-07-15 04:13:11.708 /testbed/llama_factory_qa/loader_load_model_s6_calls__r20260714/files/testcase.py:124 testcase.test_invocation_callers event=line locals={}
2026-07-15 04:13:11.708 /testbed/llama_factory_qa/loader_load_model_s6_calls__r20260714/files/testcase.py:125 testcase.test_invocation_callers event=line locals={}
2026-07-15 04:13:11.708 /testbed/llama_factory_qa/loader_load_model_s6_calls__r20260714/files/testcase.py:126 testcase.test_invocation_callers event=line locals={}
2026-07-15 04:13:11.708 /testbed/llama_factory_qa/loader_load_model_s6_calls__r20260714/files/testcase.py:127 testcase.test_invocation_callers event=line locals={}
2026-07-15 04:13:11.708 /testbed/llama_factory_qa/loader_load_model_s6_calls__r20260714/files/testcase.py:122 testcase.test_invocation_callers event=line locals={}
2026-07-15 04:13:11.708 /testbed/src/llamafactory/model/loader.py:117 src.llamafactory.model.loader.load_model event=call locals={'add_valuehead': 'False', 'finetuning_args': "namespace(stage='pt')", 'is_trainable': 'False', 'model_args': "namespace(model_name_or_path='unit-test-model', trust_remote_code=False, cache_dir=None, model_revision='main', hf_hub_token=None, use_unsloth=True, adapter_name_or_path=['adapter-a'], mixture_of_depths=None, train_from_scratch=False, compute_dtype=torch.float16, print_param_status=False)", 'tokenizer': '<object object at 0x70f434139c90>'}
2026-07-15 04:13:11.708 /testbed/src/llamafactory/model/loader.py:125 src.llamafactory.model.loader.load_model event=line locals={}
2026-07-15 04:13:11.708 /testbed/src/llamafactory/model/loader.py:126 src.llamafactory.model.loader.load_model event=line locals={'init_kwargs': "{'trust_remote_code': False, 'cache_dir': None, 'revision': 'main', 'token': None}"}
2026-07-15 04:13:11.708 /testbed/src/llamafactory/model/loader.py:127 src.llamafactory.model.loader.load_model event=line locals={'config': '<testcase.DummyConfig object at 0x70f433bb85e0>'}
2026-07-15 04:13:11.708 /testbed/src/llamafactory/model/loader.py:128 src.llamafactory.model.loader.load_model event=line locals={}
2026-07-15 04:13:11.708 /testbed/src/llamafactory/model/loader.py:130 src.llamafactory.model.loader.load_model event=line locals={}
2026-07-15 04:13:11.708 /testbed/src/llamafactory/model/loader.py:131 src.llamafactory.model.loader.load_model event=line locals={'model': 'None'}
2026-07-15 04:13:11.708 /testbed/src/llamafactory/model/loader.py:132 src.llamafactory.model.loader.load_model event=line locals={'lazy_load': 'False'}
2026-07-15 04:13:11.708 /testbed/src/llamafactory/model/loader.py:133 src.llamafactory.model.loader.load_model event=line locals={}
2026-07-15 04:13:11.708 /testbed/src/llamafactory/model/loader.py:134 src.llamafactory.model.loader.load_model event=line locals={}
2026-07-15 04:13:11.708 /testbed/src/llamafactory/model/loader.py:138 src.llamafactory.model.loader.load_model event=line locals={'lazy_load': 'True'}
2026-07-15 04:13:11.708 /testbed/src/llamafactory/model/loader.py:166 src.llamafactory.model.loader.load_model event=line locals={}
2026-07-15 04:13:11.708 /testbed/src/llamafactory/model/loader.py:170 src.llamafactory.model.loader.load_model event=line locals={}
2026-07-15 04:13:11.708 /testbed/src/llamafactory/model/loader.py:172 src.llamafactory.model.loader.load_model event=line locals={'model': '<testcase.DummyModel object at 0x70f433bb8490>'}
2026-07-15 04:13:11.708 /testbed/src/llamafactory/model/loader.py:186 src.llamafactory.model.loader.load_model event=line locals={}
2026-07-15 04:13:11.709 /testbed/src/llamafactory/model/loader.py:187 src.llamafactory.model.loader.load_model event=line locals={}
2026-07-15 04:13:11.709 /testbed/src/llamafactory/model/loader.py:188 src.llamafactory.model.loader.load_model event=line locals={}
2026-07-15 04:13:11.709 /testbed/src/llamafactory/model/loader.py:189 src.llamafactory.model.loader.load_model event=line locals={'param': '<testcase.DummyParam object at 0x70f433bb8670>'}
2026-07-15 04:13:11.709 /testbed/src/llamafactory/model/loader.py:190 src.llamafactory.model.loader.load_model event=line locals={}
2026-07-15 04:13:11.709 /testbed/src/llamafactory/model/loader.py:188 src.llamafactory.model.loader.load_model event=line locals={}
2026-07-15 04:13:11.709 /testbed/src/llamafactory/model/loader.py:189 src.llamafactory.model.loader.load_model event=line locals={'param': '<testcase.DummyParam object at 0x70f433bb86d0>'}
2026-07-15 04:13:11.709 /testbed/src/llamafactory/model/loader.py:190 src.llamafactory.model.loader.load_model event=line locals={}
2026-07-15 04:13:11.709 /testbed/src/llamafactory/model/loader.py:188 src.llamafactory.model.loader.load_model event=line locals={}
2026-07-15 04:13:11.709 /testbed/src/llamafactory/model/loader.py:192 src.llamafactory.model.loader.load_model event=line locals={}
2026-07-15 04:13:11.709 /testbed/src/llamafactory/model/loader.py:196 src.llamafactory.model.loader.load_model event=line locals={}
2026-07-15 04:13:11.709 /testbed/src/llamafactory/model/loader.py:197 src.llamafactory.model.loader.load_model event=line locals={'all_param': '4', 'trainable_params': '2'}
2026-07-15 04:13:11.709 /testbed/src/llamafactory/model/loader.py:203 src.llamafactory.model.loader.load_model event=line locals={}
2026-07-15 04:13:11.709 /testbed/src/llamafactory/model/loader.py:205 src.llamafactory.model.loader.load_model event=line locals={'param_stats': "'all params: 4'"}
2026-07-15 04:13:11.709 /testbed/src/llamafactory/model/loader.py:207 src.llamafactory.model.loader.load_model event=line locals={}
2026-07-15 04:13:11.709 /testbed/src/llamafactory/model/loader.py:211 src.llamafactory.model.loader.load_model event=line locals={}
2026-07-15 04:13:11.709 /testbed/src/llamafactory/model/loader.py:211 src.llamafactory.model.loader.load_model event=return retval=<testcase.DummyModel object at 0x70f433bb8490> locals={'add_valuehead': 'False', 'all_param': '4', 'config': '<testcase.DummyConfig object at 0x70f433bb85e0>', 'finetuning_args': "namespace(stage='pt')", 'init_kwargs': "{'trust_remote_code': False, 'cache_dir': None, 'revision': 'main', 'token': None}", 'is_trainable': 'False', 'lazy_load': 'True', 'model': '<testcase.DummyModel object at 0x70f433bb8490>', 'model_args': "namespace(model_name_or_path='unit-test-model', trust_remote_code=False, cache_dir=None, model_revision='main', hf_hub_token=None, use_unsloth=True, adapter_name_or_path=['adapter-a'], mixture_of_depths=None, train_from_scratch=False, compute_dtype=torch.float16, print_param_status=False)", 'param': '<testcase.DummyParam object at 0x70f433bb86d0>', 'param_stats': "'all params: 4'", 'tokenizer': '<object object at 0x70f434139c90>', 'trainable_params': '2'}
2026-07-15 04:13:11.709 /testbed/llama_factory_qa/loader_load_model_s6_calls__r20260714/files/testcase.py:130 testcase.test_invocation_callers event=line locals={'direct_model': '<testcase.DummyModel object at 0x70f433bb8490>'}
2026-07-15 04:13:11.709 /testbed/llama_factory_qa/loader_load_model_s6_calls__r20260714/files/testcase.py:131 testcase.test_invocation_callers event=line locals={}
2026-07-15 04:13:11.709 /testbed/llama_factory_qa/loader_load_model_s6_calls__r20260714/files/testcase.py:132 testcase.test_invocation_callers event=line locals={}
2026-07-15 04:13:11.709 /testbed/llama_factory_qa/loader_load_model_s6_calls__r20260714/files/testcase.py:133 testcase.test_invocation_callers event=line locals={}
2026-07-15 04:13:11.709 /testbed/llama_factory_qa/loader_load_model_s6_calls__r20260714/files/testcase.py:133 testcase.test_invocation_callers event=return retval=None locals={'direct_model': '<testcase.DummyModel object at 0x70f433bb8490>', 'eval_model': '<testcase.DummyModel object at 0x70f433bb8310>', 'self': '<testcase.TestLoadModelS6Calls testMethod=test_invocation_callers>', 'train_model': '<testcase.DummyModel object at 0x70f433bb8340>'}
