2026-07-15 04:13:40.428 [TRACE][START] pid=44 TRACE_OUT='/testbed/logs/llama_factory_qa/parser_get_dataset_list_s6_calls__r20260714/trace.log' TRACE_FILE='src/llamafactory' TRACE_FUNCS=['get_dataset_list', 'join', 'use_modelscope', 'use_openmind'] TRACE_EVENTS=['call', 'exception', 'line', 'return']
2026-07-15 04:13:40.438 /testbed/src/llamafactory/data/parser.py:93 src.llamafactory.data.parser.get_dataset_list event=call locals={'dataset_dir': "'ONLINE'", 'dataset_names': "['online_ms']"}
2026-07-15 04:13:40.438 /testbed/src/llamafactory/data/parser.py:95 src.llamafactory.data.parser.get_dataset_list event=line locals={}
2026-07-15 04:13:40.438 /testbed/src/llamafactory/data/parser.py:98 src.llamafactory.data.parser.get_dataset_list event=line locals={}
2026-07-15 04:13:40.438 /testbed/src/llamafactory/data/parser.py:99 src.llamafactory.data.parser.get_dataset_list event=line locals={}
2026-07-15 04:13:40.438 /testbed/src/llamafactory/data/parser.py:115 src.llamafactory.data.parser.get_dataset_list event=line locals={'dataset_info': 'None'}
2026-07-15 04:13:40.438 /testbed/src/llamafactory/data/parser.py:116 src.llamafactory.data.parser.get_dataset_list event=line locals={'dataset_list': '[]'}
2026-07-15 04:13:40.438 /testbed/src/llamafactory/data/parser.py:117 src.llamafactory.data.parser.get_dataset_list event=line locals={'name': "'online_ms'"}
2026-07-15 04:13:40.438 /testbed/src/llamafactory/data/parser.py:118 src.llamafactory.data.parser.get_dataset_list event=line locals={}
2026-07-15 04:13:40.438 /testbed/src/llamafactory/extras/misc.py:268 src.llamafactory.extras.misc.use_modelscope event=call locals={}
2026-07-15 04:13:40.438 /testbed/src/llamafactory/extras/misc.py:269 src.llamafactory.extras.misc.use_modelscope event=line locals={}
2026-07-15 04:13:40.438 /testbed/src/llamafactory/extras/misc.py:269 src.llamafactory.extras.misc.use_modelscope event=return retval=True locals={}
2026-07-15 04:13:40.438 /testbed/src/llamafactory/data/parser.py:119 src.llamafactory.data.parser.get_dataset_list event=line locals={}
2026-07-15 04:13:40.438 /testbed/src/llamafactory/data/parser.py:124 src.llamafactory.data.parser.get_dataset_list event=line locals={'load_from': "'ms_hub'"}
2026-07-15 04:13:40.438 /testbed/src/llamafactory/data/parser.py:125 src.llamafactory.data.parser.get_dataset_list event=line locals={'dataset_attr': 'online_ms'}
2026-07-15 04:13:40.438 /testbed/src/llamafactory/data/parser.py:126 src.llamafactory.data.parser.get_dataset_list event=line locals={'dataset_list': '[online_ms]'}
2026-07-15 04:13:40.438 /testbed/src/llamafactory/data/parser.py:116 src.llamafactory.data.parser.get_dataset_list event=line locals={}
2026-07-15 04:13:40.438 /testbed/src/llamafactory/data/parser.py:150 src.llamafactory.data.parser.get_dataset_list event=line locals={}
2026-07-15 04:13:40.438 /testbed/src/llamafactory/data/parser.py:150 src.llamafactory.data.parser.get_dataset_list event=return retval=[online_ms] locals={'dataset_attr': 'online_ms', 'dataset_dir': "'ONLINE'", 'dataset_info': 'None', 'dataset_list': '[online_ms]', 'dataset_names': "['online_ms']", 'load_from': "'ms_hub'", 'name': "'online_ms'"}
2026-07-15 04:13:40.439 /testbed/src/llamafactory/data/parser.py:93 src.llamafactory.data.parser.get_dataset_list event=call locals={'dataset_dir': "'ONLINE'", 'dataset_names': "['online_hf']"}
2026-07-15 04:13:40.439 /testbed/src/llamafactory/data/parser.py:95 src.llamafactory.data.parser.get_dataset_list event=line locals={}
2026-07-15 04:13:40.439 /testbed/src/llamafactory/data/parser.py:98 src.llamafactory.data.parser.get_dataset_list event=line locals={}
2026-07-15 04:13:40.439 /testbed/src/llamafactory/data/parser.py:99 src.llamafactory.data.parser.get_dataset_list event=line locals={}
2026-07-15 04:13:40.439 /testbed/src/llamafactory/data/parser.py:115 src.llamafactory.data.parser.get_dataset_list event=line locals={'dataset_info': 'None'}
2026-07-15 04:13:40.439 /testbed/src/llamafactory/data/parser.py:116 src.llamafactory.data.parser.get_dataset_list event=line locals={'dataset_list': '[]'}
2026-07-15 04:13:40.439 /testbed/src/llamafactory/data/parser.py:117 src.llamafactory.data.parser.get_dataset_list event=line locals={'name': "'online_hf'"}
2026-07-15 04:13:40.439 /testbed/src/llamafactory/data/parser.py:118 src.llamafactory.data.parser.get_dataset_list event=line locals={}
2026-07-15 04:13:40.439 /testbed/src/llamafactory/extras/misc.py:268 src.llamafactory.extras.misc.use_modelscope event=call locals={}
2026-07-15 04:13:40.439 /testbed/src/llamafactory/extras/misc.py:269 src.llamafactory.extras.misc.use_modelscope event=line locals={}
2026-07-15 04:13:40.439 /testbed/src/llamafactory/extras/misc.py:269 src.llamafactory.extras.misc.use_modelscope event=return retval=False locals={}
2026-07-15 04:13:40.439 /testbed/src/llamafactory/data/parser.py:120 src.llamafactory.data.parser.get_dataset_list event=line locals={}
2026-07-15 04:13:40.439 /testbed/src/llamafactory/extras/misc.py:272 src.llamafactory.extras.misc.use_openmind event=call locals={}
2026-07-15 04:13:40.439 /testbed/src/llamafactory/extras/misc.py:273 src.llamafactory.extras.misc.use_openmind event=line locals={}
2026-07-15 04:13:40.439 /testbed/src/llamafactory/extras/misc.py:273 src.llamafactory.extras.misc.use_openmind event=return retval=False locals={}
2026-07-15 04:13:40.439 /testbed/src/llamafactory/data/parser.py:123 src.llamafactory.data.parser.get_dataset_list event=line locals={}
2026-07-15 04:13:40.439 /testbed/src/llamafactory/data/parser.py:124 src.llamafactory.data.parser.get_dataset_list event=line locals={'load_from': "'hf_hub'"}
2026-07-15 04:13:40.439 /testbed/src/llamafactory/data/parser.py:125 src.llamafactory.data.parser.get_dataset_list event=line locals={'dataset_attr': 'online_hf'}
2026-07-15 04:13:40.439 /testbed/src/llamafactory/data/parser.py:126 src.llamafactory.data.parser.get_dataset_list event=line locals={'dataset_list': '[online_hf]'}
2026-07-15 04:13:40.439 /testbed/src/llamafactory/data/parser.py:116 src.llamafactory.data.parser.get_dataset_list event=line locals={}
2026-07-15 04:13:40.439 /testbed/src/llamafactory/data/parser.py:150 src.llamafactory.data.parser.get_dataset_list event=line locals={}
2026-07-15 04:13:40.439 /testbed/src/llamafactory/data/parser.py:150 src.llamafactory.data.parser.get_dataset_list event=return retval=[online_hf] locals={'dataset_attr': 'online_hf', 'dataset_dir': "'ONLINE'", 'dataset_info': 'None', 'dataset_list': '[online_hf]', 'dataset_names': "['online_hf']", 'load_from': "'hf_hub'", 'name': "'online_hf'"}
2026-07-15 04:13:40.443 /testbed/src/llamafactory/data/parser.py:93 src.llamafactory.data.parser.get_dataset_list event=call locals={'dataset_dir': "'/tmp/tmprscyus8e'", 'dataset_names': "['alpha', 'beta', 'gamma']"}
2026-07-15 04:13:40.443 /testbed/src/llamafactory/data/parser.py:95 src.llamafactory.data.parser.get_dataset_list event=line locals={}
2026-07-15 04:13:40.443 /testbed/src/llamafactory/data/parser.py:98 src.llamafactory.data.parser.get_dataset_list event=line locals={}
2026-07-15 04:13:40.443 /testbed/src/llamafactory/data/parser.py:101 src.llamafactory.data.parser.get_dataset_list event=line locals={}
2026-07-15 04:13:40.443 /testbed/src/llamafactory/data/parser.py:104 src.llamafactory.data.parser.get_dataset_list event=line locals={}
2026-07-15 04:13:40.443 /testbed/src/llamafactory/data/parser.py:106 src.llamafactory.data.parser.get_dataset_list event=line locals={'config_path': "'/tmp/tmprscyus8e/dataset_info.json'"}
2026-07-15 04:13:40.443 /testbed/src/llamafactory/data/parser.py:107 src.llamafactory.data.parser.get_dataset_list event=line locals={}
2026-07-15 04:13:40.443 /testbed/src/llamafactory/data/parser.py:108 src.llamafactory.data.parser.get_dataset_list event=line locals={'f': "<_io.TextIOWrapper name='/tmp/tmprscyus8e/dataset_info.json' mode='r' encoding='UTF-8'>"}
2026-07-15 04:13:40.443 /testbed/src/llamafactory/data/parser.py:107 src.llamafactory.data.parser.get_dataset_list event=line locals={'dataset_info': "{'alpha': {'columns': {'prompt': 'instruction_alpha'}, 'hf_hub_url': 'hf://alpha', 'ms_hub_url': 'ms://alpha', 'om_hub_url': 'om://alpha'}, 'beta': {'columns': {'response': 'answer_beta'}, 'om_hub_url': 'om://beta'}, 'gamma': {'columns': {'query': 'question_gamma'}, 'ms_hub_url': 'ms://gamma'}}"}
2026-07-15 04:13:40.443 /testbed/src/llamafactory/data/parser.py:115 src.llamafactory.data.parser.get_dataset_list event=line locals={}
2026-07-15 04:13:40.443 /testbed/src/llamafactory/data/parser.py:116 src.llamafactory.data.parser.get_dataset_list event=line locals={'dataset_list': '[]'}
2026-07-15 04:13:40.443 /testbed/src/llamafactory/data/parser.py:117 src.llamafactory.data.parser.get_dataset_list event=line locals={'name': "'alpha'"}
2026-07-15 04:13:40.443 /testbed/src/llamafactory/data/parser.py:128 src.llamafactory.data.parser.get_dataset_list event=line locals={}
2026-07-15 04:13:40.443 /testbed/src/llamafactory/data/parser.py:131 src.llamafactory.data.parser.get_dataset_list event=line locals={}
2026-07-15 04:13:40.443 /testbed/src/llamafactory/data/parser.py:132 src.llamafactory.data.parser.get_dataset_list event=line locals={'has_hf_url': 'True'}
2026-07-15 04:13:40.443 /testbed/src/llamafactory/data/parser.py:133 src.llamafactory.data.parser.get_dataset_list event=line locals={'has_ms_url': 'True'}
2026-07-15 04:13:40.443 /testbed/src/llamafactory/data/parser.py:135 src.llamafactory.data.parser.get_dataset_list event=line locals={'has_om_url': 'True'}
2026-07-15 04:13:40.443 /testbed/src/llamafactory/data/parser.py:136 src.llamafactory.data.parser.get_dataset_list event=line locals={}
2026-07-15 04:13:40.443 /testbed/src/llamafactory/extras/misc.py:268 src.llamafactory.extras.misc.use_modelscope event=call locals={}
2026-07-15 04:13:40.443 /testbed/src/llamafactory/extras/misc.py:269 src.llamafactory.extras.misc.use_modelscope event=line locals={}
2026-07-15 04:13:40.443 /testbed/src/llamafactory/extras/misc.py:269 src.llamafactory.extras.misc.use_modelscope event=return retval=False locals={}
2026-07-15 04:13:40.443 /testbed/src/llamafactory/data/parser.py:138 src.llamafactory.data.parser.get_dataset_list event=line locals={}
2026-07-15 04:13:40.443 /testbed/src/llamafactory/extras/misc.py:272 src.llamafactory.extras.misc.use_openmind event=call locals={}
2026-07-15 04:13:40.443 /testbed/src/llamafactory/extras/misc.py:273 src.llamafactory.extras.misc.use_openmind event=line locals={}
2026-07-15 04:13:40.443 /testbed/src/llamafactory/extras/misc.py:273 src.llamafactory.extras.misc.use_openmind event=return retval=False locals={}
2026-07-15 04:13:40.443 /testbed/src/llamafactory/data/parser.py:141 src.llamafactory.data.parser.get_dataset_list event=line locals={}
2026-07-15 04:13:40.444 /testbed/src/llamafactory/data/parser.py:147 src.llamafactory.data.parser.get_dataset_list event=line locals={'dataset_attr': 'hf://alpha'}
2026-07-15 04:13:40.444 /testbed/src/llamafactory/data/parser.py:72 src.llamafactory.data.parser.join event=call locals={'attr': "{'columns': {'prompt': 'instruction_alpha'}, 'hf_hub_url': 'hf://alpha', 'ms_hub_url': 'ms://alpha', 'om_hub_url': 'om://alpha'}", 'self': 'hf://alpha'}
2026-07-15 04:13:40.444 /testbed/src/llamafactory/data/parser.py:73 src.llamafactory.data.parser.join event=line locals={}
2026-07-15 04:13:40.444 /testbed/src/llamafactory/data/parser.py:74 src.llamafactory.data.parser.join event=line locals={}
2026-07-15 04:13:40.444 /testbed/src/llamafactory/data/parser.py:75 src.llamafactory.data.parser.join event=line locals={}
2026-07-15 04:13:40.444 /testbed/src/llamafactory/data/parser.py:76 src.llamafactory.data.parser.join event=line locals={}
2026-07-15 04:13:40.444 /testbed/src/llamafactory/data/parser.py:77 src.llamafactory.data.parser.join event=line locals={}
2026-07-15 04:13:40.444 /testbed/src/llamafactory/data/parser.py:78 src.llamafactory.data.parser.join event=line locals={}
2026-07-15 04:13:40.444 /testbed/src/llamafactory/data/parser.py:80 src.llamafactory.data.parser.join event=line locals={}
2026-07-15 04:13:40.444 /testbed/src/llamafactory/data/parser.py:81 src.llamafactory.data.parser.join event=line locals={}
2026-07-15 04:13:40.444 /testbed/src/llamafactory/data/parser.py:82 src.llamafactory.data.parser.join event=line locals={'column_names': "['prompt', 'query', 'response', 'history', 'messages', 'system', 'tools']"}
2026-07-15 04:13:40.444 /testbed/src/llamafactory/data/parser.py:83 src.llamafactory.data.parser.join event=line locals={'column_names': "['prompt', 'query', 'response', 'history', 'messages', 'system', 'tools', 'images', 'videos', 'audios', 'chosen', 'rejected', 'kto_tag']"}
2026-07-15 04:13:40.444 /testbed/src/llamafactory/data/parser.py:84 src.llamafactory.data.parser.join event=line locals={'column_name': "'prompt'"}
2026-07-15 04:13:40.444 /testbed/src/llamafactory/data/parser.py:83 src.llamafactory.data.parser.join event=line locals={}
2026-07-15 04:13:40.444 /testbed/src/llamafactory/data/parser.py:84 src.llamafactory.data.parser.join event=line locals={'column_name': "'query'"}
2026-07-15 04:13:40.444 /testbed/src/llamafactory/data/parser.py:83 src.llamafactory.data.parser.join event=line locals={}
2026-07-15 04:13:40.444 /testbed/src/llamafactory/data/parser.py:84 src.llamafactory.data.parser.join event=line locals={'column_name': "'response'"}
2026-07-15 04:13:40.444 /testbed/src/llamafactory/data/parser.py:83 src.llamafactory.data.parser.join event=line locals={}
2026-07-15 04:13:40.444 /testbed/src/llamafactory/data/parser.py:84 src.llamafactory.data.parser.join event=line locals={'column_name': "'history'"}
2026-07-15 04:13:40.444 /testbed/src/llamafactory/data/parser.py:83 src.llamafactory.data.parser.join event=line locals={}
2026-07-15 04:13:40.444 /testbed/src/llamafactory/data/parser.py:84 src.llamafactory.data.parser.join event=line locals={'column_name': "'messages'"}
2026-07-15 04:13:40.444 /testbed/src/llamafactory/data/parser.py:83 src.llamafactory.data.parser.join event=line locals={}
2026-07-15 04:13:40.444 /testbed/src/llamafactory/data/parser.py:84 src.llamafactory.data.parser.join event=line locals={'column_name': "'system'"}
2026-07-15 04:13:40.444 /testbed/src/llamafactory/data/parser.py:83 src.llamafactory.data.parser.join event=line locals={}
2026-07-15 04:13:40.444 /testbed/src/llamafactory/data/parser.py:84 src.llamafactory.data.parser.join event=line locals={'column_name': "'tools'"}
2026-07-15 04:13:40.444 /testbed/src/llamafactory/data/parser.py:83 src.llamafactory.data.parser.join event=line locals={}
2026-07-15 04:13:40.444 /testbed/src/llamafactory/data/parser.py:84 src.llamafactory.data.parser.join event=line locals={'column_name': "'images'"}
2026-07-15 04:13:40.444 /testbed/src/llamafactory/data/parser.py:83 src.llamafactory.data.parser.join event=line locals={}
2026-07-15 04:13:40.444 /testbed/src/llamafactory/data/parser.py:84 src.llamafactory.data.parser.join event=line locals={'column_name': "'videos'"}
2026-07-15 04:13:40.444 /testbed/src/llamafactory/data/parser.py:83 src.llamafactory.data.parser.join event=line locals={}
2026-07-15 04:13:40.444 /testbed/src/llamafactory/data/parser.py:84 src.llamafactory.data.parser.join event=line locals={'column_name': "'audios'"}
2026-07-15 04:13:40.444 /testbed/src/llamafactory/data/parser.py:83 src.llamafactory.data.parser.join event=line locals={}
2026-07-15 04:13:40.444 /testbed/src/llamafactory/data/parser.py:84 src.llamafactory.data.parser.join event=line locals={'column_name': "'chosen'"}
2026-07-15 04:13:40.444 /testbed/src/llamafactory/data/parser.py:83 src.llamafactory.data.parser.join event=line locals={}
2026-07-15 04:13:40.444 /testbed/src/llamafactory/data/parser.py:84 src.llamafactory.data.parser.join event=line locals={'column_name': "'rejected'"}
2026-07-15 04:13:40.444 /testbed/src/llamafactory/data/parser.py:83 src.llamafactory.data.parser.join event=line locals={}
2026-07-15 04:13:40.444 /testbed/src/llamafactory/data/parser.py:84 src.llamafactory.data.parser.join event=line locals={'column_name': "'kto_tag'"}
2026-07-15 04:13:40.444 /testbed/src/llamafactory/data/parser.py:83 src.llamafactory.data.parser.join event=line locals={}
2026-07-15 04:13:40.444 /testbed/src/llamafactory/data/parser.py:86 src.llamafactory.data.parser.join event=line locals={}
2026-07-15 04:13:40.444 /testbed/src/llamafactory/data/parser.py:86 src.llamafactory.data.parser.join event=return retval=None locals={'attr': "{'columns': {'prompt': 'instruction_alpha'}, 'hf_hub_url': 'hf://alpha', 'ms_hub_url': 'ms://alpha', 'om_hub_url': 'om://alpha'}", 'column_name': "'kto_tag'", 'column_names': "['prompt', 'query', 'response', 'history', 'messages', 'system', 'tools', 'images', 'videos', 'audios', 'chosen', 'rejected', 'kto_tag']", 'self': 'hf://alpha'}
2026-07-15 04:13:40.444 /testbed/src/llamafactory/data/parser.py:148 src.llamafactory.data.parser.get_dataset_list event=line locals={}
2026-07-15 04:13:40.444 /testbed/src/llamafactory/data/parser.py:116 src.llamafactory.data.parser.get_dataset_list event=line locals={'dataset_list': '[hf://alpha]'}
2026-07-15 04:13:40.444 /testbed/src/llamafactory/data/parser.py:117 src.llamafactory.data.parser.get_dataset_list event=line locals={'name': "'beta'"}
2026-07-15 04:13:40.444 /testbed/src/llamafactory/data/parser.py:128 src.llamafactory.data.parser.get_dataset_list event=line locals={}
2026-07-15 04:13:40.444 /testbed/src/llamafactory/data/parser.py:131 src.llamafactory.data.parser.get_dataset_list event=line locals={}
2026-07-15 04:13:40.444 /testbed/src/llamafactory/data/parser.py:132 src.llamafactory.data.parser.get_dataset_list event=line locals={'has_hf_url': 'False'}
2026-07-15 04:13:40.444 /testbed/src/llamafactory/data/parser.py:133 src.llamafactory.data.parser.get_dataset_list event=line locals={'has_ms_url': 'False'}
2026-07-15 04:13:40.444 /testbed/src/llamafactory/data/parser.py:135 src.llamafactory.data.parser.get_dataset_list event=line locals={}
2026-07-15 04:13:40.444 /testbed/src/llamafactory/data/parser.py:136 src.llamafactory.data.parser.get_dataset_list event=line locals={}
2026-07-15 04:13:40.444 /testbed/src/llamafactory/data/parser.py:138 src.llamafactory.data.parser.get_dataset_list event=line locals={}
2026-07-15 04:13:40.444 /testbed/src/llamafactory/extras/misc.py:272 src.llamafactory.extras.misc.use_openmind event=call locals={}
2026-07-15 04:13:40.444 /testbed/src/llamafactory/extras/misc.py:273 src.llamafactory.extras.misc.use_openmind event=line locals={}
2026-07-15 04:13:40.444 /testbed/src/llamafactory/extras/misc.py:273 src.llamafactory.extras.misc.use_openmind event=return retval=False locals={}
2026-07-15 04:13:40.444 /testbed/src/llamafactory/data/parser.py:139 src.llamafactory.data.parser.get_dataset_list event=line locals={}
2026-07-15 04:13:40.444 /testbed/src/llamafactory/data/parser.py:147 src.llamafactory.data.parser.get_dataset_list event=line locals={'dataset_attr': 'om://beta'}
2026-07-15 04:13:40.444 /testbed/src/llamafactory/data/parser.py:72 src.llamafactory.data.parser.join event=call locals={'attr': "{'columns': {'response': 'answer_beta'}, 'om_hub_url': 'om://beta'}", 'self': 'om://beta'}
2026-07-15 04:13:40.444 /testbed/src/llamafactory/data/parser.py:73 src.llamafactory.data.parser.join event=line locals={}
2026-07-15 04:13:40.444 /testbed/src/llamafactory/data/parser.py:74 src.llamafactory.data.parser.join event=line locals={}
2026-07-15 04:13:40.444 /testbed/src/llamafactory/data/parser.py:75 src.llamafactory.data.parser.join event=line locals={}
2026-07-15 04:13:40.445 /testbed/src/llamafactory/data/parser.py:76 src.llamafactory.data.parser.join event=line locals={}
2026-07-15 04:13:40.445 /testbed/src/llamafactory/data/parser.py:77 src.llamafactory.data.parser.join event=line locals={}
2026-07-15 04:13:40.445 /testbed/src/llamafactory/data/parser.py:78 src.llamafactory.data.parser.join event=line locals={}
2026-07-15 04:13:40.445 /testbed/src/llamafactory/data/parser.py:80 src.llamafactory.data.parser.join event=line locals={}
2026-07-15 04:13:40.445 /testbed/src/llamafactory/data/parser.py:81 src.llamafactory.data.parser.join event=line locals={}
2026-07-15 04:13:40.445 /testbed/src/llamafactory/data/parser.py:82 src.llamafactory.data.parser.join event=line locals={'column_names': "['prompt', 'query', 'response', 'history', 'messages', 'system', 'tools']"}
2026-07-15 04:13:40.445 /testbed/src/llamafactory/data/parser.py:83 src.llamafactory.data.parser.join event=line locals={'column_names': "['prompt', 'query', 'response', 'history', 'messages', 'system', 'tools', 'images', 'videos', 'audios', 'chosen', 'rejected', 'kto_tag']"}
2026-07-15 04:13:40.445 /testbed/src/llamafactory/data/parser.py:84 src.llamafactory.data.parser.join event=line locals={'column_name': "'prompt'"}
2026-07-15 04:13:40.445 /testbed/src/llamafactory/data/parser.py:83 src.llamafactory.data.parser.join event=line locals={}
2026-07-15 04:13:40.445 /testbed/src/llamafactory/data/parser.py:84 src.llamafactory.data.parser.join event=line locals={'column_name': "'query'"}
2026-07-15 04:13:40.445 /testbed/src/llamafactory/data/parser.py:83 src.llamafactory.data.parser.join event=line locals={}
2026-07-15 04:13:40.445 /testbed/src/llamafactory/data/parser.py:84 src.llamafactory.data.parser.join event=line locals={'column_name': "'response'"}
2026-07-15 04:13:40.445 /testbed/src/llamafactory/data/parser.py:83 src.llamafactory.data.parser.join event=line locals={}
2026-07-15 04:13:40.445 /testbed/src/llamafactory/data/parser.py:84 src.llamafactory.data.parser.join event=line locals={'column_name': "'history'"}
2026-07-15 04:13:40.445 /testbed/src/llamafactory/data/parser.py:83 src.llamafactory.data.parser.join event=line locals={}
2026-07-15 04:13:40.445 /testbed/src/llamafactory/data/parser.py:84 src.llamafactory.data.parser.join event=line locals={'column_name': "'messages'"}
2026-07-15 04:13:40.445 /testbed/src/llamafactory/data/parser.py:83 src.llamafactory.data.parser.join event=line locals={}
2026-07-15 04:13:40.445 /testbed/src/llamafactory/data/parser.py:84 src.llamafactory.data.parser.join event=line locals={'column_name': "'system'"}
2026-07-15 04:13:40.445 /testbed/src/llamafactory/data/parser.py:83 src.llamafactory.data.parser.join event=line locals={}
2026-07-15 04:13:40.445 /testbed/src/llamafactory/data/parser.py:84 src.llamafactory.data.parser.join event=line locals={'column_name': "'tools'"}
2026-07-15 04:13:40.445 /testbed/src/llamafactory/data/parser.py:83 src.llamafactory.data.parser.join event=line locals={}
2026-07-15 04:13:40.445 /testbed/src/llamafactory/data/parser.py:84 src.llamafactory.data.parser.join event=line locals={'column_name': "'images'"}
2026-07-15 04:13:40.445 /testbed/src/llamafactory/data/parser.py:83 src.llamafactory.data.parser.join event=line locals={}
2026-07-15 04:13:40.445 /testbed/src/llamafactory/data/parser.py:84 src.llamafactory.data.parser.join event=line locals={'column_name': "'videos'"}
2026-07-15 04:13:40.445 /testbed/src/llamafactory/data/parser.py:83 src.llamafactory.data.parser.join event=line locals={}
2026-07-15 04:13:40.445 /testbed/src/llamafactory/data/parser.py:84 src.llamafactory.data.parser.join event=line locals={'column_name': "'audios'"}
2026-07-15 04:13:40.445 /testbed/src/llamafactory/data/parser.py:83 src.llamafactory.data.parser.join event=line locals={}
2026-07-15 04:13:40.445 /testbed/src/llamafactory/data/parser.py:84 src.llamafactory.data.parser.join event=line locals={'column_name': "'chosen'"}
2026-07-15 04:13:40.445 /testbed/src/llamafactory/data/parser.py:83 src.llamafactory.data.parser.join event=line locals={}
2026-07-15 04:13:40.445 /testbed/src/llamafactory/data/parser.py:84 src.llamafactory.data.parser.join event=line locals={'column_name': "'rejected'"}
2026-07-15 04:13:40.445 /testbed/src/llamafactory/data/parser.py:83 src.llamafactory.data.parser.join event=line locals={}
2026-07-15 04:13:40.445 /testbed/src/llamafactory/data/parser.py:84 src.llamafactory.data.parser.join event=line locals={'column_name': "'kto_tag'"}
2026-07-15 04:13:40.445 /testbed/src/llamafactory/data/parser.py:83 src.llamafactory.data.parser.join event=line locals={}
2026-07-15 04:13:40.445 /testbed/src/llamafactory/data/parser.py:86 src.llamafactory.data.parser.join event=line locals={}
2026-07-15 04:13:40.445 /testbed/src/llamafactory/data/parser.py:86 src.llamafactory.data.parser.join event=return retval=None locals={'attr': "{'columns': {'response': 'answer_beta'}, 'om_hub_url': 'om://beta'}", 'column_name': "'kto_tag'", 'column_names': "['prompt', 'query', 'response', 'history', 'messages', 'system', 'tools', 'images', 'videos', 'audios', 'chosen', 'rejected', 'kto_tag']", 'self': 'om://beta'}
2026-07-15 04:13:40.445 /testbed/src/llamafactory/data/parser.py:148 src.llamafactory.data.parser.get_dataset_list event=line locals={}
2026-07-15 04:13:40.445 /testbed/src/llamafactory/data/parser.py:116 src.llamafactory.data.parser.get_dataset_list event=line locals={'dataset_list': '[hf://alpha, om://beta]'}
2026-07-15 04:13:40.445 /testbed/src/llamafactory/data/parser.py:117 src.llamafactory.data.parser.get_dataset_list event=line locals={'name': "'gamma'"}
2026-07-15 04:13:40.445 /testbed/src/llamafactory/data/parser.py:128 src.llamafactory.data.parser.get_dataset_list event=line locals={}
2026-07-15 04:13:40.445 /testbed/src/llamafactory/data/parser.py:131 src.llamafactory.data.parser.get_dataset_list event=line locals={}
2026-07-15 04:13:40.445 /testbed/src/llamafactory/data/parser.py:132 src.llamafactory.data.parser.get_dataset_list event=line locals={}
2026-07-15 04:13:40.445 /testbed/src/llamafactory/data/parser.py:133 src.llamafactory.data.parser.get_dataset_list event=line locals={'has_ms_url': 'True'}
2026-07-15 04:13:40.445 /testbed/src/llamafactory/data/parser.py:135 src.llamafactory.data.parser.get_dataset_list event=line locals={'has_om_url': 'False'}
2026-07-15 04:13:40.445 /testbed/src/llamafactory/data/parser.py:136 src.llamafactory.data.parser.get_dataset_list event=line locals={}
2026-07-15 04:13:40.445 /testbed/src/llamafactory/extras/misc.py:268 src.llamafactory.extras.misc.use_modelscope event=call locals={}
2026-07-15 04:13:40.445 /testbed/src/llamafactory/extras/misc.py:269 src.llamafactory.extras.misc.use_modelscope event=line locals={}
2026-07-15 04:13:40.445 /testbed/src/llamafactory/extras/misc.py:269 src.llamafactory.extras.misc.use_modelscope event=return retval=False locals={}
2026-07-15 04:13:40.445 /testbed/src/llamafactory/data/parser.py:137 src.llamafactory.data.parser.get_dataset_list event=line locals={}
2026-07-15 04:13:40.445 /testbed/src/llamafactory/data/parser.py:147 src.llamafactory.data.parser.get_dataset_list event=line locals={'dataset_attr': 'ms://gamma'}
2026-07-15 04:13:40.445 /testbed/src/llamafactory/data/parser.py:72 src.llamafactory.data.parser.join event=call locals={'attr': "{'columns': {'query': 'question_gamma'}, 'ms_hub_url': 'ms://gamma'}", 'self': 'ms://gamma'}
2026-07-15 04:13:40.445 /testbed/src/llamafactory/data/parser.py:73 src.llamafactory.data.parser.join event=line locals={}
2026-07-15 04:13:40.445 /testbed/src/llamafactory/data/parser.py:74 src.llamafactory.data.parser.join event=line locals={}
2026-07-15 04:13:40.445 /testbed/src/llamafactory/data/parser.py:75 src.llamafactory.data.parser.join event=line locals={}
2026-07-15 04:13:40.445 /testbed/src/llamafactory/data/parser.py:76 src.llamafactory.data.parser.join event=line locals={}
2026-07-15 04:13:40.445 /testbed/src/llamafactory/data/parser.py:77 src.llamafactory.data.parser.join event=line locals={}
2026-07-15 04:13:40.445 /testbed/src/llamafactory/data/parser.py:78 src.llamafactory.data.parser.join event=line locals={}
2026-07-15 04:13:40.445 /testbed/src/llamafactory/data/parser.py:80 src.llamafactory.data.parser.join event=line locals={}
2026-07-15 04:13:40.445 /testbed/src/llamafactory/data/parser.py:81 src.llamafactory.data.parser.join event=line locals={}
2026-07-15 04:13:40.445 /testbed/src/llamafactory/data/parser.py:82 src.llamafactory.data.parser.join event=line locals={'column_names': "['prompt', 'query', 'response', 'history', 'messages', 'system', 'tools']"}
2026-07-15 04:13:40.445 /testbed/src/llamafactory/data/parser.py:83 src.llamafactory.data.parser.join event=line locals={'column_names': "['prompt', 'query', 'response', 'history', 'messages', 'system', 'tools', 'images', 'videos', 'audios', 'chosen', 'rejected', 'kto_tag']"}
2026-07-15 04:13:40.445 /testbed/src/llamafactory/data/parser.py:84 src.llamafactory.data.parser.join event=line locals={'column_name': "'prompt'"}
2026-07-15 04:13:40.445 /testbed/src/llamafactory/data/parser.py:83 src.llamafactory.data.parser.join event=line locals={}
2026-07-15 04:13:40.445 /testbed/src/llamafactory/data/parser.py:84 src.llamafactory.data.parser.join event=line locals={'column_name': "'query'"}
2026-07-15 04:13:40.446 /testbed/src/llamafactory/data/parser.py:83 src.llamafactory.data.parser.join event=line locals={}
2026-07-15 04:13:40.446 /testbed/src/llamafactory/data/parser.py:84 src.llamafactory.data.parser.join event=line locals={'column_name': "'response'"}
2026-07-15 04:13:40.446 /testbed/src/llamafactory/data/parser.py:83 src.llamafactory.data.parser.join event=line locals={}
2026-07-15 04:13:40.446 /testbed/src/llamafactory/data/parser.py:84 src.llamafactory.data.parser.join event=line locals={'column_name': "'history'"}
2026-07-15 04:13:40.446 /testbed/src/llamafactory/data/parser.py:83 src.llamafactory.data.parser.join event=line locals={}
2026-07-15 04:13:40.446 /testbed/src/llamafactory/data/parser.py:84 src.llamafactory.data.parser.join event=line locals={'column_name': "'messages'"}
2026-07-15 04:13:40.446 /testbed/src/llamafactory/data/parser.py:83 src.llamafactory.data.parser.join event=line locals={}
2026-07-15 04:13:40.446 /testbed/src/llamafactory/data/parser.py:84 src.llamafactory.data.parser.join event=line locals={'column_name': "'system'"}
2026-07-15 04:13:40.446 /testbed/src/llamafactory/data/parser.py:83 src.llamafactory.data.parser.join event=line locals={}
2026-07-15 04:13:40.446 /testbed/src/llamafactory/data/parser.py:84 src.llamafactory.data.parser.join event=line locals={'column_name': "'tools'"}
2026-07-15 04:13:40.446 /testbed/src/llamafactory/data/parser.py:83 src.llamafactory.data.parser.join event=line locals={}
2026-07-15 04:13:40.446 /testbed/src/llamafactory/data/parser.py:84 src.llamafactory.data.parser.join event=line locals={'column_name': "'images'"}
2026-07-15 04:13:40.446 /testbed/src/llamafactory/data/parser.py:83 src.llamafactory.data.parser.join event=line locals={}
2026-07-15 04:13:40.446 /testbed/src/llamafactory/data/parser.py:84 src.llamafactory.data.parser.join event=line locals={'column_name': "'videos'"}
2026-07-15 04:13:40.446 /testbed/src/llamafactory/data/parser.py:83 src.llamafactory.data.parser.join event=line locals={}
2026-07-15 04:13:40.446 /testbed/src/llamafactory/data/parser.py:84 src.llamafactory.data.parser.join event=line locals={'column_name': "'audios'"}
2026-07-15 04:13:40.446 /testbed/src/llamafactory/data/parser.py:83 src.llamafactory.data.parser.join event=line locals={}
2026-07-15 04:13:40.446 /testbed/src/llamafactory/data/parser.py:84 src.llamafactory.data.parser.join event=line locals={'column_name': "'chosen'"}
2026-07-15 04:13:40.446 /testbed/src/llamafactory/data/parser.py:83 src.llamafactory.data.parser.join event=line locals={}
2026-07-15 04:13:40.446 /testbed/src/llamafactory/data/parser.py:84 src.llamafactory.data.parser.join event=line locals={'column_name': "'rejected'"}
2026-07-15 04:13:40.446 /testbed/src/llamafactory/data/parser.py:83 src.llamafactory.data.parser.join event=line locals={}
2026-07-15 04:13:40.446 /testbed/src/llamafactory/data/parser.py:84 src.llamafactory.data.parser.join event=line locals={'column_name': "'kto_tag'"}
2026-07-15 04:13:40.446 /testbed/src/llamafactory/data/parser.py:83 src.llamafactory.data.parser.join event=line locals={}
2026-07-15 04:13:40.446 /testbed/src/llamafactory/data/parser.py:86 src.llamafactory.data.parser.join event=line locals={}
2026-07-15 04:13:40.446 /testbed/src/llamafactory/data/parser.py:86 src.llamafactory.data.parser.join event=return retval=None locals={'attr': "{'columns': {'query': 'question_gamma'}, 'ms_hub_url': 'ms://gamma'}", 'column_name': "'kto_tag'", 'column_names': "['prompt', 'query', 'response', 'history', 'messages', 'system', 'tools', 'images', 'videos', 'audios', 'chosen', 'rejected', 'kto_tag']", 'self': 'ms://gamma'}
2026-07-15 04:13:40.446 /testbed/src/llamafactory/data/parser.py:148 src.llamafactory.data.parser.get_dataset_list event=line locals={}
2026-07-15 04:13:40.446 /testbed/src/llamafactory/data/parser.py:116 src.llamafactory.data.parser.get_dataset_list event=line locals={'dataset_list': '[hf://alpha, om://beta, ms://gamma]'}
2026-07-15 04:13:40.446 /testbed/src/llamafactory/data/parser.py:150 src.llamafactory.data.parser.get_dataset_list event=line locals={}
2026-07-15 04:13:40.446 /testbed/src/llamafactory/data/parser.py:150 src.llamafactory.data.parser.get_dataset_list event=return retval=[hf://alpha, om://beta, ms://gamma] locals={'config_path': "'/tmp/tmprscyus8e/dataset_info.json'", 'dataset_attr': 'ms://gamma', 'dataset_dir': "'/tmp/tmprscyus8e'", 'dataset_info': "{'alpha': {'columns': {'prompt': 'instruction_alpha'}, 'hf_hub_url': 'hf://alpha', 'ms_hub_url': 'ms://alpha', 'om_hub_url': 'om://alpha'}, 'beta': {'columns': {'response': 'answer_beta'}, 'om_hub_url': 'om://beta'}, 'gamma': {'columns': {'query': 'question_gamma'}, 'ms_hub_url': 'ms://gamma'}}", 'dataset_list': '[hf://alpha, om://beta, ms://gamma]', 'dataset_names': "['alpha', 'beta', 'gamma']", 'f': "<_io.TextIOWrapper name='/tmp/tmprscyus8e/dataset_info.json' mode='r' encoding='UTF-8'>", 'has_hf_url': 'False', 'has_ms_url': 'True', 'has_om_url': 'False', 'name': "'gamma'"}
