2026-07-15 04:12:43.801 [TRACE][START] pid=47 TRACE_OUT='/testbed/logs/llama_factory_qa/adapter_setup_freeze_tuning_m3_state/trace.log' TRACE_FILE='src/llamafactory/model/adapter.py' TRACE_FUNCS=['_setup_freeze_tuning'] TRACE_EVENTS=['call', 'exception', 'line', 'return']
2026-07-15 04:12:43.830 /testbed/src/llamafactory/model/adapter.py:57 llamafactory.model.adapter._setup_freeze_tuning event=call locals={'cast_trainable_params_to_fp32': 'False', 'finetuning_args': "namespace(use_llama_pro=True, freeze_trainable_layers=2, freeze_trainable_modules=['attn', 'mlp'], freeze_extra_modules=['embed_tokens'], freeze_vision_tower=False, freeze_multi_modal_projector=False, freeze_language_model=False)", 'is_trainable': 'True', 'model': 'FreezeToyModel(\n  (layers): ModuleList(\n    (0-3): 4 x MiniBlock(\n      (attn): Linear(in_features=2, out_features=2, bias=False)\n      (mlp): Linear(in_features=2, out_features=2, bias=False)\n    )\n  )\n  (embed_tokens): Embedding(8, 2)\n  (output_head): Linear(in_features=2, out_features=2, bias=False)\n)'}
2026-07-15 04:12:43.830 /testbed/src/llamafactory/model/adapter.py:63 llamafactory.model.adapter._setup_freeze_tuning event=line locals={}
2026-07-15 04:12:43.830 /testbed/src/llamafactory/model/adapter.py:66 llamafactory.model.adapter._setup_freeze_tuning event=line locals={}
2026-07-15 04:12:43.831 /testbed/src/llamafactory/model/adapter.py:67 llamafactory.model.adapter._setup_freeze_tuning event=line locals={}
2026-07-15 04:12:43.831 /testbed/src/llamafactory/model/adapter.py:68 llamafactory.model.adapter._setup_freeze_tuning event=line locals={}
2026-07-15 04:12:43.831 /testbed/src/llamafactory/model/adapter.py:73 llamafactory.model.adapter._setup_freeze_tuning event=line locals={'config': 'namespace(num_hidden_layers=4)'}
2026-07-15 04:12:43.831 /testbed/src/llamafactory/model/adapter.py:72 llamafactory.model.adapter._setup_freeze_tuning event=line locals={}
2026-07-15 04:12:43.831 /testbed/src/llamafactory/model/adapter.py:77 llamafactory.model.adapter._setup_freeze_tuning event=line locals={'num_layers': '4'}
2026-07-15 04:12:43.831 /testbed/src/llamafactory/model/adapter.py:80 llamafactory.model.adapter._setup_freeze_tuning event=line locals={}
2026-07-15 04:12:43.831 /testbed/src/llamafactory/model/adapter.py:81 llamafactory.model.adapter._setup_freeze_tuning event=line locals={}
2026-07-15 04:12:43.831 /testbed/src/llamafactory/model/adapter.py:87 llamafactory.model.adapter._setup_freeze_tuning event=line locals={}
2026-07-15 04:12:43.831 /testbed/src/llamafactory/model/adapter.py:88 llamafactory.model.adapter._setup_freeze_tuning event=line locals={'stride': '2'}
2026-07-15 04:12:43.831 /testbed/src/llamafactory/model/adapter.py:94 llamafactory.model.adapter._setup_freeze_tuning event=line locals={'trainable_layer_ids': 'range(1, 5, 2)'}
2026-07-15 04:12:43.831 /testbed/src/llamafactory/model/adapter.py:95 llamafactory.model.adapter._setup_freeze_tuning event=line locals={'hidden_modules': 'set()'}
2026-07-15 04:12:43.831 /testbed/src/llamafactory/model/adapter.py:96 llamafactory.model.adapter._setup_freeze_tuning event=line locals={'non_hidden_modules': 'set()'}
2026-07-15 04:12:43.831 /testbed/src/llamafactory/model/adapter.py:97 llamafactory.model.adapter._setup_freeze_tuning event=line locals={'name': "'layers.0.attn.weight'"}
2026-07-15 04:12:43.831 /testbed/src/llamafactory/model/adapter.py:98 llamafactory.model.adapter._setup_freeze_tuning event=line locals={}
2026-07-15 04:12:43.832 /testbed/src/llamafactory/model/adapter.py:102 llamafactory.model.adapter._setup_freeze_tuning event=line locals={'hidden_modules': "{'attn'}"}
2026-07-15 04:12:43.833 /testbed/src/llamafactory/model/adapter.py:96 llamafactory.model.adapter._setup_freeze_tuning event=line locals={}
2026-07-15 04:12:43.833 /testbed/src/llamafactory/model/adapter.py:97 llamafactory.model.adapter._setup_freeze_tuning event=line locals={'name': "'layers.0.mlp.weight'"}
2026-07-15 04:12:43.833 /testbed/src/llamafactory/model/adapter.py:98 llamafactory.model.adapter._setup_freeze_tuning event=line locals={}
2026-07-15 04:12:43.833 /testbed/src/llamafactory/model/adapter.py:102 llamafactory.model.adapter._setup_freeze_tuning event=line locals={'hidden_modules': "{'mlp', 'attn'}"}
2026-07-15 04:12:43.833 /testbed/src/llamafactory/model/adapter.py:96 llamafactory.model.adapter._setup_freeze_tuning event=line locals={}
2026-07-15 04:12:43.833 /testbed/src/llamafactory/model/adapter.py:97 llamafactory.model.adapter._setup_freeze_tuning event=line locals={'name': "'layers.1.attn.weight'"}
2026-07-15 04:12:43.833 /testbed/src/llamafactory/model/adapter.py:99 llamafactory.model.adapter._setup_freeze_tuning event=line locals={}
2026-07-15 04:12:43.833 /testbed/src/llamafactory/model/adapter.py:100 llamafactory.model.adapter._setup_freeze_tuning event=line locals={}
2026-07-15 04:12:43.833 /testbed/src/llamafactory/model/adapter.py:102 llamafactory.model.adapter._setup_freeze_tuning event=line locals={}
2026-07-15 04:12:43.834 /testbed/src/llamafactory/model/adapter.py:96 llamafactory.model.adapter._setup_freeze_tuning event=line locals={}
2026-07-15 04:12:43.834 /testbed/src/llamafactory/model/adapter.py:97 llamafactory.model.adapter._setup_freeze_tuning event=line locals={'name': "'layers.1.mlp.weight'"}
2026-07-15 04:12:43.834 /testbed/src/llamafactory/model/adapter.py:99 llamafactory.model.adapter._setup_freeze_tuning event=line locals={}
2026-07-15 04:12:43.834 /testbed/src/llamafactory/model/adapter.py:100 llamafactory.model.adapter._setup_freeze_tuning event=line locals={}
2026-07-15 04:12:43.834 /testbed/src/llamafactory/model/adapter.py:102 llamafactory.model.adapter._setup_freeze_tuning event=line locals={}
2026-07-15 04:12:43.834 /testbed/src/llamafactory/model/adapter.py:96 llamafactory.model.adapter._setup_freeze_tuning event=line locals={}
2026-07-15 04:12:43.834 /testbed/src/llamafactory/model/adapter.py:97 llamafactory.model.adapter._setup_freeze_tuning event=line locals={'name': "'layers.2.attn.weight'"}
2026-07-15 04:12:43.834 /testbed/src/llamafactory/model/adapter.py:99 llamafactory.model.adapter._setup_freeze_tuning event=line locals={}
2026-07-15 04:12:43.834 /testbed/src/llamafactory/model/adapter.py:102 llamafactory.model.adapter._setup_freeze_tuning event=line locals={}
2026-07-15 04:12:43.834 /testbed/src/llamafactory/model/adapter.py:96 llamafactory.model.adapter._setup_freeze_tuning event=line locals={}
2026-07-15 04:12:43.834 /testbed/src/llamafactory/model/adapter.py:97 llamafactory.model.adapter._setup_freeze_tuning event=line locals={'name': "'layers.2.mlp.weight'"}
2026-07-15 04:12:43.834 /testbed/src/llamafactory/model/adapter.py:99 llamafactory.model.adapter._setup_freeze_tuning event=line locals={}
2026-07-15 04:12:43.834 /testbed/src/llamafactory/model/adapter.py:102 llamafactory.model.adapter._setup_freeze_tuning event=line locals={}
2026-07-15 04:12:43.834 /testbed/src/llamafactory/model/adapter.py:96 llamafactory.model.adapter._setup_freeze_tuning event=line locals={}
2026-07-15 04:12:43.835 /testbed/src/llamafactory/model/adapter.py:97 llamafactory.model.adapter._setup_freeze_tuning event=line locals={'name': "'layers.3.attn.weight'"}
2026-07-15 04:12:43.835 /testbed/src/llamafactory/model/adapter.py:99 llamafactory.model.adapter._setup_freeze_tuning event=line locals={}
2026-07-15 04:12:43.835 /testbed/src/llamafactory/model/adapter.py:102 llamafactory.model.adapter._setup_freeze_tuning event=line locals={}
2026-07-15 04:12:43.835 /testbed/src/llamafactory/model/adapter.py:96 llamafactory.model.adapter._setup_freeze_tuning event=line locals={}
2026-07-15 04:12:43.835 /testbed/src/llamafactory/model/adapter.py:97 llamafactory.model.adapter._setup_freeze_tuning event=line locals={'name': "'layers.3.mlp.weight'"}
2026-07-15 04:12:43.835 /testbed/src/llamafactory/model/adapter.py:99 llamafactory.model.adapter._setup_freeze_tuning event=line locals={}
2026-07-15 04:12:43.835 /testbed/src/llamafactory/model/adapter.py:102 llamafactory.model.adapter._setup_freeze_tuning event=line locals={}
2026-07-15 04:12:43.835 /testbed/src/llamafactory/model/adapter.py:96 llamafactory.model.adapter._setup_freeze_tuning event=line locals={}
2026-07-15 04:12:43.835 /testbed/src/llamafactory/model/adapter.py:97 llamafactory.model.adapter._setup_freeze_tuning event=line locals={'name': "'embed_tokens.weight'"}
2026-07-15 04:12:43.835 /testbed/src/llamafactory/model/adapter.py:99 llamafactory.model.adapter._setup_freeze_tuning event=line locals={}
2026-07-15 04:12:43.835 /testbed/src/llamafactory/model/adapter.py:102 llamafactory.model.adapter._setup_freeze_tuning event=line locals={}
2026-07-15 04:12:43.835 /testbed/src/llamafactory/model/adapter.py:103 llamafactory.model.adapter._setup_freeze_tuning event=line locals={}
2026-07-15 04:12:43.835 /testbed/src/llamafactory/model/adapter.py:96 llamafactory.model.adapter._setup_freeze_tuning event=line locals={'non_hidden_modules': "{'embed_tokens'}"}
2026-07-15 04:12:43.836 /testbed/src/llamafactory/model/adapter.py:97 llamafactory.model.adapter._setup_freeze_tuning event=line locals={'name': "'output_head.weight'"}
2026-07-15 04:12:43.836 /testbed/src/llamafactory/model/adapter.py:99 llamafactory.model.adapter._setup_freeze_tuning event=line locals={}
2026-07-15 04:12:43.836 /testbed/src/llamafactory/model/adapter.py:102 llamafactory.model.adapter._setup_freeze_tuning event=line locals={}
2026-07-15 04:12:43.836 /testbed/src/llamafactory/model/adapter.py:103 llamafactory.model.adapter._setup_freeze_tuning event=line locals={}
2026-07-15 04:12:43.836 /testbed/src/llamafactory/model/adapter.py:96 llamafactory.model.adapter._setup_freeze_tuning event=line locals={'non_hidden_modules': "{'output_head', 'embed_tokens'}"}
2026-07-15 04:12:43.836 /testbed/src/llamafactory/model/adapter.py:105 llamafactory.model.adapter._setup_freeze_tuning event=line locals={}
2026-07-15 04:12:43.836 /testbed/src/llamafactory/model/adapter.py:106 llamafactory.model.adapter._setup_freeze_tuning event=line locals={'trainable_layers': '[]'}
2026-07-15 04:12:43.836 /testbed/src/llamafactory/model/adapter.py:107 llamafactory.model.adapter._setup_freeze_tuning event=line locals={'module_name': "'attn'"}
2026-07-15 04:12:43.836 /testbed/src/llamafactory/model/adapter.py:112 llamafactory.model.adapter._setup_freeze_tuning event=line locals={}
2026-07-15 04:12:43.836 /testbed/src/llamafactory/model/adapter.py:113 llamafactory.model.adapter._setup_freeze_tuning event=line locals={'idx': '1'}
2026-07-15 04:12:43.836 /testbed/src/llamafactory/model/adapter.py:112 llamafactory.model.adapter._setup_freeze_tuning event=line locals={'trainable_layers': "['.1.attn']"}
2026-07-15 04:12:43.836 /testbed/src/llamafactory/model/adapter.py:113 llamafactory.model.adapter._setup_freeze_tuning event=line locals={'idx': '3'}
2026-07-15 04:12:43.836 /testbed/src/llamafactory/model/adapter.py:112 llamafactory.model.adapter._setup_freeze_tuning event=line locals={'trainable_layers': "['.1.attn', '.3.attn']"}
2026-07-15 04:12:43.836 /testbed/src/llamafactory/model/adapter.py:106 llamafactory.model.adapter._setup_freeze_tuning event=line locals={}
2026-07-15 04:12:43.836 /testbed/src/llamafactory/model/adapter.py:107 llamafactory.model.adapter._setup_freeze_tuning event=line locals={'module_name': "'mlp'"}
2026-07-15 04:12:43.836 /testbed/src/llamafactory/model/adapter.py:112 llamafactory.model.adapter._setup_freeze_tuning event=line locals={}
2026-07-15 04:12:43.836 /testbed/src/llamafactory/model/adapter.py:113 llamafactory.model.adapter._setup_freeze_tuning event=line locals={'idx': '1'}
2026-07-15 04:12:43.836 /testbed/src/llamafactory/model/adapter.py:112 llamafactory.model.adapter._setup_freeze_tuning event=line locals={'trainable_layers': "['.1.attn', '.3.attn', '.1.mlp']"}
2026-07-15 04:12:43.836 /testbed/src/llamafactory/model/adapter.py:113 llamafactory.model.adapter._setup_freeze_tuning event=line locals={'idx': '3'}
2026-07-15 04:12:43.836 /testbed/src/llamafactory/model/adapter.py:112 llamafactory.model.adapter._setup_freeze_tuning event=line locals={'trainable_layers': "['.1.attn', '.3.attn', '.1.mlp', '.3.mlp']"}
2026-07-15 04:12:43.836 /testbed/src/llamafactory/model/adapter.py:106 llamafactory.model.adapter._setup_freeze_tuning event=line locals={}
2026-07-15 04:12:43.837 /testbed/src/llamafactory/model/adapter.py:115 llamafactory.model.adapter._setup_freeze_tuning event=line locals={}
2026-07-15 04:12:43.837 /testbed/src/llamafactory/model/adapter.py:116 llamafactory.model.adapter._setup_freeze_tuning event=line locals={}
2026-07-15 04:12:43.837 /testbed/src/llamafactory/model/adapter.py:117 llamafactory.model.adapter._setup_freeze_tuning event=line locals={'module_name': "'embed_tokens'"}
2026-07-15 04:12:43.837 /testbed/src/llamafactory/model/adapter.py:122 llamafactory.model.adapter._setup_freeze_tuning event=line locals={}
2026-07-15 04:12:43.837 /testbed/src/llamafactory/model/adapter.py:116 llamafactory.model.adapter._setup_freeze_tuning event=line locals={'trainable_layers': "['.1.attn', '.3.attn', '.1.mlp', '.3.mlp', 'embed_tokens']"}
2026-07-15 04:12:43.837 /testbed/src/llamafactory/model/adapter.py:124 llamafactory.model.adapter._setup_freeze_tuning event=line locals={}
2026-07-15 04:12:43.837 /testbed/src/llamafactory/model/adapter.py:125 llamafactory.model.adapter._setup_freeze_tuning event=line locals={'forbidden_modules': 'set()'}
2026-07-15 04:12:43.839 /testbed/src/llamafactory/model/adapter.py:126 llamafactory.model.adapter._setup_freeze_tuning event=line locals={'name': "'layers.0.attn.weight'", 'param': 'Parameter containing:\ntensor([[-0.0053,  0.3793],\n        [-0.5820, -0.5204]], requires_grad=True)'}
2026-07-15 04:12:43.839 /testbed/src/llamafactory/model/adapter.py:132 llamafactory.model.adapter._setup_freeze_tuning event=line locals={}
2026-07-15 04:12:43.839 /testbed/src/llamafactory/model/adapter.py:125 llamafactory.model.adapter._setup_freeze_tuning event=line locals={'param': 'Parameter containing:\ntensor([[-0.0053,  0.3793],\n        [-0.5820, -0.5204]])'}
2026-07-15 04:12:43.840 /testbed/src/llamafactory/model/adapter.py:126 llamafactory.model.adapter._setup_freeze_tuning event=line locals={'name': "'layers.0.mlp.weight'", 'param': 'Parameter containing:\ntensor([[-0.2723,  0.1896],\n        [-0.0140,  0.5607]], requires_grad=True)'}
2026-07-15 04:12:43.840 /testbed/src/llamafactory/model/adapter.py:132 llamafactory.model.adapter._setup_freeze_tuning event=line locals={}
2026-07-15 04:12:43.840 /testbed/src/llamafactory/model/adapter.py:125 llamafactory.model.adapter._setup_freeze_tuning event=line locals={'param': 'Parameter containing:\ntensor([[-0.2723,  0.1896],\n        [-0.0140,  0.5607]])'}
2026-07-15 04:12:43.841 /testbed/src/llamafactory/model/adapter.py:126 llamafactory.model.adapter._setup_freeze_tuning event=line locals={'name': "'layers.1.attn.weight'", 'param': 'Parameter containing:\ntensor([[-0.0628,  0.1871],\n        [-0.2137, -0.1390]], requires_grad=True)'}
2026-07-15 04:12:43.841 /testbed/src/llamafactory/model/adapter.py:127 llamafactory.model.adapter._setup_freeze_tuning event=line locals={}
2026-07-15 04:12:43.841 /testbed/src/llamafactory/model/adapter.py:126 llamafactory.model.adapter._setup_freeze_tuning event=line locals={}
2026-07-15 04:12:43.841 /testbed/src/llamafactory/model/adapter.py:129 llamafactory.model.adapter._setup_freeze_tuning event=line locals={}
2026-07-15 04:12:43.841 /testbed/src/llamafactory/model/adapter.py:125 llamafactory.model.adapter._setup_freeze_tuning event=line locals={}
2026-07-15 04:12:43.842 /testbed/src/llamafactory/model/adapter.py:126 llamafactory.model.adapter._setup_freeze_tuning event=line locals={'name': "'layers.1.mlp.weight'", 'param': 'Parameter containing:\ntensor([[-0.6755, -0.4683],\n        [-0.2915,  0.0262]], requires_grad=True)'}
2026-07-15 04:12:43.842 /testbed/src/llamafactory/model/adapter.py:127 llamafactory.model.adapter._setup_freeze_tuning event=line locals={}
2026-07-15 04:12:43.842 /testbed/src/llamafactory/model/adapter.py:126 llamafactory.model.adapter._setup_freeze_tuning event=line locals={}
2026-07-15 04:12:43.842 /testbed/src/llamafactory/model/adapter.py:129 llamafactory.model.adapter._setup_freeze_tuning event=line locals={}
2026-07-15 04:12:43.842 /testbed/src/llamafactory/model/adapter.py:125 llamafactory.model.adapter._setup_freeze_tuning event=line locals={}
2026-07-15 04:12:43.843 /testbed/src/llamafactory/model/adapter.py:126 llamafactory.model.adapter._setup_freeze_tuning event=line locals={'name': "'layers.2.attn.weight'", 'param': 'Parameter containing:\ntensor([[ 0.2795,  0.4243],\n        [-0.4794, -0.3079]], requires_grad=True)'}
2026-07-15 04:12:43.843 /testbed/src/llamafactory/model/adapter.py:132 llamafactory.model.adapter._setup_freeze_tuning event=line locals={}
2026-07-15 04:12:43.843 /testbed/src/llamafactory/model/adapter.py:125 llamafactory.model.adapter._setup_freeze_tuning event=line locals={'param': 'Parameter containing:\ntensor([[ 0.2795,  0.4243],\n        [-0.4794, -0.3079]])'}
2026-07-15 04:12:43.843 /testbed/src/llamafactory/model/adapter.py:126 llamafactory.model.adapter._setup_freeze_tuning event=line locals={'name': "'layers.2.mlp.weight'", 'param': 'Parameter containing:\ntensor([[ 0.2568,  0.5872],\n        [-0.1455,  0.5291]], requires_grad=True)'}
2026-07-15 04:12:43.843 /testbed/src/llamafactory/model/adapter.py:132 llamafactory.model.adapter._setup_freeze_tuning event=line locals={}
2026-07-15 04:12:43.844 /testbed/src/llamafactory/model/adapter.py:125 llamafactory.model.adapter._setup_freeze_tuning event=line locals={'param': 'Parameter containing:\ntensor([[ 0.2568,  0.5872],\n        [-0.1455,  0.5291]])'}
2026-07-15 04:12:43.844 /testbed/src/llamafactory/model/adapter.py:126 llamafactory.model.adapter._setup_freeze_tuning event=line locals={'name': "'layers.3.attn.weight'", 'param': 'Parameter containing:\ntensor([[-0.1140,  0.0748],\n        [ 0.6403, -0.6560]], requires_grad=True)'}
2026-07-15 04:12:43.844 /testbed/src/llamafactory/model/adapter.py:127 llamafactory.model.adapter._setup_freeze_tuning event=line locals={}
2026-07-15 04:12:43.844 /testbed/src/llamafactory/model/adapter.py:126 llamafactory.model.adapter._setup_freeze_tuning event=line locals={}
2026-07-15 04:12:43.845 /testbed/src/llamafactory/model/adapter.py:129 llamafactory.model.adapter._setup_freeze_tuning event=line locals={}
2026-07-15 04:12:43.845 /testbed/src/llamafactory/model/adapter.py:125 llamafactory.model.adapter._setup_freeze_tuning event=line locals={}
2026-07-15 04:12:43.845 /testbed/src/llamafactory/model/adapter.py:126 llamafactory.model.adapter._setup_freeze_tuning event=line locals={'name': "'layers.3.mlp.weight'", 'param': 'Parameter containing:\ntensor([[-0.4452, -0.1790],\n        [-0.2756,  0.6109]], requires_grad=True)'}
2026-07-15 04:12:43.845 /testbed/src/llamafactory/model/adapter.py:127 llamafactory.model.adapter._setup_freeze_tuning event=line locals={}
2026-07-15 04:12:43.845 /testbed/src/llamafactory/model/adapter.py:126 llamafactory.model.adapter._setup_freeze_tuning event=line locals={}
2026-07-15 04:12:43.846 /testbed/src/llamafactory/model/adapter.py:129 llamafactory.model.adapter._setup_freeze_tuning event=line locals={}
2026-07-15 04:12:43.846 /testbed/src/llamafactory/model/adapter.py:125 llamafactory.model.adapter._setup_freeze_tuning event=line locals={}
2026-07-15 04:12:43.846 /testbed/src/llamafactory/model/adapter.py:126 llamafactory.model.adapter._setup_freeze_tuning event=line locals={'name': "'embed_tokens.weight'", 'param': 'Parameter containing:\ntensor([[-0.6136,  0.0316],\n        [-0.4927,  0.2484],\n        [ 0.4397,  0.1124],\n        [ 0.6408,  0.4412],\n        [-0.1023,  0.7924],\n        [-0.2897,  0.0525],\n        [ 0.5229,  2.3022],\n        [-1.4689, -1.5867]], requires_grad=True)'}
2026-07-15 04:12:43.846 /testbed/src/llamafactory/model/adapter.py:127 llamafactory.model.adapter._setup_freeze_tuning event=line locals={}
2026-07-15 04:12:43.847 /testbed/src/llamafactory/model/adapter.py:126 llamafactory.model.adapter._setup_freeze_tuning event=line locals={}
2026-07-15 04:12:43.847 /testbed/src/llamafactory/model/adapter.py:129 llamafactory.model.adapter._setup_freeze_tuning event=line locals={}
2026-07-15 04:12:43.847 /testbed/src/llamafactory/model/adapter.py:125 llamafactory.model.adapter._setup_freeze_tuning event=line locals={}
2026-07-15 04:12:43.847 /testbed/src/llamafactory/model/adapter.py:126 llamafactory.model.adapter._setup_freeze_tuning event=line locals={'name': "'output_head.weight'", 'param': 'Parameter containing:\ntensor([[-0.3136, -0.0255],\n        [ 0.4522,  0.7030]], requires_grad=True)'}
2026-07-15 04:12:43.848 /testbed/src/llamafactory/model/adapter.py:132 llamafactory.model.adapter._setup_freeze_tuning event=line locals={}
2026-07-15 04:12:43.848 /testbed/src/llamafactory/model/adapter.py:125 llamafactory.model.adapter._setup_freeze_tuning event=line locals={'param': 'Parameter containing:\ntensor([[-0.3136, -0.0255],\n        [ 0.4522,  0.7030]])'}
2026-07-15 04:12:43.848 /testbed/src/llamafactory/model/adapter.py:134 llamafactory.model.adapter._setup_freeze_tuning event=line locals={}
2026-07-15 04:12:43.849 /testbed/src/llamafactory/model/adapter.py:134 llamafactory.model.adapter._setup_freeze_tuning event=return retval=None locals={'cast_trainable_params_to_fp32': 'False', 'config': 'namespace(num_hidden_layers=4)', 'finetuning_args': "namespace(use_llama_pro=True, freeze_trainable_layers=2, freeze_trainable_modules=['attn', 'mlp'], freeze_extra_modules=['embed_tokens'], freeze_vision_tower=False, freeze_multi_modal_projector=False, freeze_language_model=False)", 'forbidden_modules': 'set()', 'hidden_modules': "{'mlp', 'attn'}", 'idx': '3', 'is_trainable': 'True', 'model': 'FreezeToyModel(\n  (layers): ModuleList(\n    (0-3): 4 x MiniBlock(\n      (attn): Linear(in_features=2, out_features=2, bias=False)\n      (mlp): Linear(in_features=2, out_features=2, bias=False)\n    )\n  )\n  (embed_tokens): Embedding(8, 2)\n  (output_head): Linear(in_features=2, out_features=2, bias=False)\n)', 'module_name': "'embed_tokens'", 'name': "'output_head.weight'", 'non_hidden_modules': "{'output_head', 'embed_tokens'}", 'num_layers': '4', 'param': 'Parameter containing:\ntensor([[-0.3136, -0.0255],\n        [ 0.4522,  0.7030]])', 'stride': '2', 'trainable_layer_ids': 'range(1, 5, 2)', 'trainable_layers': "['.1.attn', '.3.attn', '.1.mlp', '.3.mlp', 'embed_tokens']"}
2026-07-15 04:12:43.855 /testbed/src/llamafactory/model/adapter.py:57 llamafactory.model.adapter._setup_freeze_tuning event=call locals={'cast_trainable_params_to_fp32': 'False', 'finetuning_args': "namespace(use_llama_pro=False, freeze_trainable_layers=-2, freeze_trainable_modules=['all', 'attn'], freeze_extra_modules=['output_head'], freeze_vision_tower=False, freeze_multi_modal_projector=False, freeze_language_model=False)", 'is_trainable': 'True', 'model': 'FreezeToyModel(\n  (layers): ModuleList(\n    (0-3): 4 x MiniBlock(\n      (attn): Linear(in_features=2, out_features=2, bias=False)\n      (mlp): Linear(in_features=2, out_features=2, bias=False)\n    )\n  )\n  (embed_tokens): Embedding(8, 2)\n  (output_head): Linear(in_features=2, out_features=2, bias=False)\n)'}
2026-07-15 04:12:43.855 /testbed/src/llamafactory/model/adapter.py:63 llamafactory.model.adapter._setup_freeze_tuning event=line locals={}
2026-07-15 04:12:43.855 /testbed/src/llamafactory/model/adapter.py:66 llamafactory.model.adapter._setup_freeze_tuning event=line locals={}
2026-07-15 04:12:43.856 /testbed/src/llamafactory/model/adapter.py:67 llamafactory.model.adapter._setup_freeze_tuning event=line locals={}
2026-07-15 04:12:43.856 /testbed/src/llamafactory/model/adapter.py:70 llamafactory.model.adapter._setup_freeze_tuning event=line locals={}
2026-07-15 04:12:43.856 /testbed/src/llamafactory/model/adapter.py:73 llamafactory.model.adapter._setup_freeze_tuning event=line locals={'config': "namespace(num_hidden_layers=4, model_type='unit_test_model_type')"}
2026-07-15 04:12:43.856 /testbed/src/llamafactory/model/adapter.py:72 llamafactory.model.adapter._setup_freeze_tuning event=line locals={}
2026-07-15 04:12:43.856 /testbed/src/llamafactory/model/adapter.py:77 llamafactory.model.adapter._setup_freeze_tuning event=line locals={'num_layers': '4'}
2026-07-15 04:12:43.856 /testbed/src/llamafactory/model/adapter.py:80 llamafactory.model.adapter._setup_freeze_tuning event=line locals={}
2026-07-15 04:12:43.856 /testbed/src/llamafactory/model/adapter.py:89 llamafactory.model.adapter._setup_freeze_tuning event=line locals={}
2026-07-15 04:12:43.856 /testbed/src/llamafactory/model/adapter.py:92 llamafactory.model.adapter._setup_freeze_tuning event=line locals={}
2026-07-15 04:12:43.856 /testbed/src/llamafactory/model/adapter.py:94 llamafactory.model.adapter._setup_freeze_tuning event=line locals={'trainable_layer_ids': 'range(0, 2)'}
2026-07-15 04:12:43.856 /testbed/src/llamafactory/model/adapter.py:95 llamafactory.model.adapter._setup_freeze_tuning event=line locals={'hidden_modules': 'set()'}
2026-07-15 04:12:43.856 /testbed/src/llamafactory/model/adapter.py:96 llamafactory.model.adapter._setup_freeze_tuning event=line locals={'non_hidden_modules': 'set()'}
2026-07-15 04:12:43.857 /testbed/src/llamafactory/model/adapter.py:97 llamafactory.model.adapter._setup_freeze_tuning event=line locals={'name': "'layers.0.attn.weight'"}
2026-07-15 04:12:43.857 /testbed/src/llamafactory/model/adapter.py:98 llamafactory.model.adapter._setup_freeze_tuning event=line locals={}
2026-07-15 04:12:43.857 /testbed/src/llamafactory/model/adapter.py:102 llamafactory.model.adapter._setup_freeze_tuning event=line locals={'hidden_modules': "{'attn'}"}
2026-07-15 04:12:43.857 /testbed/src/llamafactory/model/adapter.py:96 llamafactory.model.adapter._setup_freeze_tuning event=line locals={}
2026-07-15 04:12:43.857 /testbed/src/llamafactory/model/adapter.py:97 llamafactory.model.adapter._setup_freeze_tuning event=line locals={'name': "'layers.0.mlp.weight'"}
2026-07-15 04:12:43.857 /testbed/src/llamafactory/model/adapter.py:98 llamafactory.model.adapter._setup_freeze_tuning event=line locals={}
2026-07-15 04:12:43.857 /testbed/src/llamafactory/model/adapter.py:102 llamafactory.model.adapter._setup_freeze_tuning event=line locals={'hidden_modules': "{'mlp', 'attn'}"}
2026-07-15 04:12:43.857 /testbed/src/llamafactory/model/adapter.py:96 llamafactory.model.adapter._setup_freeze_tuning event=line locals={}
2026-07-15 04:12:43.857 /testbed/src/llamafactory/model/adapter.py:97 llamafactory.model.adapter._setup_freeze_tuning event=line locals={'name': "'layers.1.attn.weight'"}
2026-07-15 04:12:43.857 /testbed/src/llamafactory/model/adapter.py:99 llamafactory.model.adapter._setup_freeze_tuning event=line locals={}
2026-07-15 04:12:43.857 /testbed/src/llamafactory/model/adapter.py:100 llamafactory.model.adapter._setup_freeze_tuning event=line locals={}
2026-07-15 04:12:43.857 /testbed/src/llamafactory/model/adapter.py:102 llamafactory.model.adapter._setup_freeze_tuning event=line locals={}
2026-07-15 04:12:43.857 /testbed/src/llamafactory/model/adapter.py:96 llamafactory.model.adapter._setup_freeze_tuning event=line locals={}
2026-07-15 04:12:43.857 /testbed/src/llamafactory/model/adapter.py:97 llamafactory.model.adapter._setup_freeze_tuning event=line locals={'name': "'layers.1.mlp.weight'"}
2026-07-15 04:12:43.858 /testbed/src/llamafactory/model/adapter.py:99 llamafactory.model.adapter._setup_freeze_tuning event=line locals={}
2026-07-15 04:12:43.858 /testbed/src/llamafactory/model/adapter.py:100 llamafactory.model.adapter._setup_freeze_tuning event=line locals={}
2026-07-15 04:12:43.858 /testbed/src/llamafactory/model/adapter.py:102 llamafactory.model.adapter._setup_freeze_tuning event=line locals={}
2026-07-15 04:12:43.858 /testbed/src/llamafactory/model/adapter.py:96 llamafactory.model.adapter._setup_freeze_tuning event=line locals={}
2026-07-15 04:12:43.858 /testbed/src/llamafactory/model/adapter.py:97 llamafactory.model.adapter._setup_freeze_tuning event=line locals={'name': "'layers.2.attn.weight'"}
2026-07-15 04:12:43.858 /testbed/src/llamafactory/model/adapter.py:99 llamafactory.model.adapter._setup_freeze_tuning event=line locals={}
2026-07-15 04:12:43.858 /testbed/src/llamafactory/model/adapter.py:102 llamafactory.model.adapter._setup_freeze_tuning event=line locals={}
2026-07-15 04:12:43.858 /testbed/src/llamafactory/model/adapter.py:96 llamafactory.model.adapter._setup_freeze_tuning event=line locals={}
2026-07-15 04:12:43.858 /testbed/src/llamafactory/model/adapter.py:97 llamafactory.model.adapter._setup_freeze_tuning event=line locals={'name': "'layers.2.mlp.weight'"}
2026-07-15 04:12:43.858 /testbed/src/llamafactory/model/adapter.py:99 llamafactory.model.adapter._setup_freeze_tuning event=line locals={}
2026-07-15 04:12:43.858 /testbed/src/llamafactory/model/adapter.py:102 llamafactory.model.adapter._setup_freeze_tuning event=line locals={}
2026-07-15 04:12:43.858 /testbed/src/llamafactory/model/adapter.py:96 llamafactory.model.adapter._setup_freeze_tuning event=line locals={}
2026-07-15 04:12:43.858 /testbed/src/llamafactory/model/adapter.py:97 llamafactory.model.adapter._setup_freeze_tuning event=line locals={'name': "'layers.3.attn.weight'"}
2026-07-15 04:12:43.859 /testbed/src/llamafactory/model/adapter.py:99 llamafactory.model.adapter._setup_freeze_tuning event=line locals={}
2026-07-15 04:12:43.859 /testbed/src/llamafactory/model/adapter.py:102 llamafactory.model.adapter._setup_freeze_tuning event=line locals={}
2026-07-15 04:12:43.859 /testbed/src/llamafactory/model/adapter.py:96 llamafactory.model.adapter._setup_freeze_tuning event=line locals={}
2026-07-15 04:12:43.859 /testbed/src/llamafactory/model/adapter.py:97 llamafactory.model.adapter._setup_freeze_tuning event=line locals={'name': "'layers.3.mlp.weight'"}
2026-07-15 04:12:43.859 /testbed/src/llamafactory/model/adapter.py:99 llamafactory.model.adapter._setup_freeze_tuning event=line locals={}
2026-07-15 04:12:43.859 /testbed/src/llamafactory/model/adapter.py:102 llamafactory.model.adapter._setup_freeze_tuning event=line locals={}
2026-07-15 04:12:43.859 /testbed/src/llamafactory/model/adapter.py:96 llamafactory.model.adapter._setup_freeze_tuning event=line locals={}
2026-07-15 04:12:43.859 /testbed/src/llamafactory/model/adapter.py:97 llamafactory.model.adapter._setup_freeze_tuning event=line locals={'name': "'embed_tokens.weight'"}
2026-07-15 04:12:43.859 /testbed/src/llamafactory/model/adapter.py:99 llamafactory.model.adapter._setup_freeze_tuning event=line locals={}
2026-07-15 04:12:43.859 /testbed/src/llamafactory/model/adapter.py:102 llamafactory.model.adapter._setup_freeze_tuning event=line locals={}
2026-07-15 04:12:43.859 /testbed/src/llamafactory/model/adapter.py:103 llamafactory.model.adapter._setup_freeze_tuning event=line locals={}
2026-07-15 04:12:43.859 /testbed/src/llamafactory/model/adapter.py:96 llamafactory.model.adapter._setup_freeze_tuning event=line locals={'non_hidden_modules': "{'embed_tokens'}"}
2026-07-15 04:12:43.859 /testbed/src/llamafactory/model/adapter.py:97 llamafactory.model.adapter._setup_freeze_tuning event=line locals={'name': "'output_head.weight'"}
2026-07-15 04:12:43.859 /testbed/src/llamafactory/model/adapter.py:99 llamafactory.model.adapter._setup_freeze_tuning event=line locals={}
2026-07-15 04:12:43.859 /testbed/src/llamafactory/model/adapter.py:102 llamafactory.model.adapter._setup_freeze_tuning event=line locals={}
2026-07-15 04:12:43.859 /testbed/src/llamafactory/model/adapter.py:103 llamafactory.model.adapter._setup_freeze_tuning event=line locals={}
2026-07-15 04:12:43.860 /testbed/src/llamafactory/model/adapter.py:96 llamafactory.model.adapter._setup_freeze_tuning event=line locals={'non_hidden_modules': "{'output_head', 'embed_tokens'}"}
2026-07-15 04:12:43.860 /testbed/src/llamafactory/model/adapter.py:105 llamafactory.model.adapter._setup_freeze_tuning event=line locals={}
2026-07-15 04:12:43.860 /testbed/src/llamafactory/model/adapter.py:106 llamafactory.model.adapter._setup_freeze_tuning event=line locals={'trainable_layers': '[]'}
2026-07-15 04:12:43.860 /testbed/src/llamafactory/model/adapter.py:107 llamafactory.model.adapter._setup_freeze_tuning event=line locals={'module_name': "'all'"}
2026-07-15 04:12:43.860 /testbed/src/llamafactory/model/adapter.py:112 llamafactory.model.adapter._setup_freeze_tuning event=line locals={}
2026-07-15 04:12:43.860 /testbed/src/llamafactory/model/adapter.py:113 llamafactory.model.adapter._setup_freeze_tuning event=line locals={'idx': '0'}
2026-07-15 04:12:43.860 /testbed/src/llamafactory/model/adapter.py:112 llamafactory.model.adapter._setup_freeze_tuning event=line locals={'trainable_layers': "['.0.']"}
2026-07-15 04:12:43.860 /testbed/src/llamafactory/model/adapter.py:113 llamafactory.model.adapter._setup_freeze_tuning event=line locals={'idx': '1'}
2026-07-15 04:12:43.860 /testbed/src/llamafactory/model/adapter.py:112 llamafactory.model.adapter._setup_freeze_tuning event=line locals={'trainable_layers': "['.0.', '.1.']"}
2026-07-15 04:12:43.860 /testbed/src/llamafactory/model/adapter.py:106 llamafactory.model.adapter._setup_freeze_tuning event=line locals={}
2026-07-15 04:12:43.860 /testbed/src/llamafactory/model/adapter.py:107 llamafactory.model.adapter._setup_freeze_tuning event=line locals={'module_name': "'attn'"}
2026-07-15 04:12:43.860 /testbed/src/llamafactory/model/adapter.py:112 llamafactory.model.adapter._setup_freeze_tuning event=line locals={}
2026-07-15 04:12:43.860 /testbed/src/llamafactory/model/adapter.py:113 llamafactory.model.adapter._setup_freeze_tuning event=line locals={'idx': '0'}
2026-07-15 04:12:43.860 /testbed/src/llamafactory/model/adapter.py:112 llamafactory.model.adapter._setup_freeze_tuning event=line locals={'trainable_layers': "['.0.', '.1.', '.0.attn']"}
2026-07-15 04:12:43.860 /testbed/src/llamafactory/model/adapter.py:113 llamafactory.model.adapter._setup_freeze_tuning event=line locals={'idx': '1'}
2026-07-15 04:12:43.860 /testbed/src/llamafactory/model/adapter.py:112 llamafactory.model.adapter._setup_freeze_tuning event=line locals={'trainable_layers': "['.0.', '.1.', '.0.attn', '.1.attn']"}
2026-07-15 04:12:43.860 /testbed/src/llamafactory/model/adapter.py:106 llamafactory.model.adapter._setup_freeze_tuning event=line locals={}
2026-07-15 04:12:43.860 /testbed/src/llamafactory/model/adapter.py:115 llamafactory.model.adapter._setup_freeze_tuning event=line locals={}
2026-07-15 04:12:43.860 /testbed/src/llamafactory/model/adapter.py:116 llamafactory.model.adapter._setup_freeze_tuning event=line locals={}
2026-07-15 04:12:43.860 /testbed/src/llamafactory/model/adapter.py:117 llamafactory.model.adapter._setup_freeze_tuning event=line locals={'module_name': "'output_head'"}
2026-07-15 04:12:43.860 /testbed/src/llamafactory/model/adapter.py:122 llamafactory.model.adapter._setup_freeze_tuning event=line locals={}
2026-07-15 04:12:43.861 /testbed/src/llamafactory/model/adapter.py:116 llamafactory.model.adapter._setup_freeze_tuning event=line locals={'trainable_layers': "['.0.', '.1.', '.0.attn', '.1.attn', 'output_head']"}
2026-07-15 04:12:43.861 /testbed/src/llamafactory/model/adapter.py:124 llamafactory.model.adapter._setup_freeze_tuning event=line locals={}
2026-07-15 04:12:43.861 /testbed/src/llamafactory/model/adapter.py:125 llamafactory.model.adapter._setup_freeze_tuning event=line locals={'forbidden_modules': 'set()'}
2026-07-15 04:12:43.861 /testbed/src/llamafactory/model/adapter.py:126 llamafactory.model.adapter._setup_freeze_tuning event=line locals={'name': "'layers.0.attn.weight'", 'param': 'Parameter containing:\ntensor([[ 0.2806,  0.0955],\n        [ 0.4741, -0.4163]], requires_grad=True)'}
2026-07-15 04:12:43.862 /testbed/src/llamafactory/model/adapter.py:127 llamafactory.model.adapter._setup_freeze_tuning event=line locals={}
2026-07-15 04:12:43.862 /testbed/src/llamafactory/model/adapter.py:126 llamafactory.model.adapter._setup_freeze_tuning event=line locals={}
2026-07-15 04:12:43.862 /testbed/src/llamafactory/model/adapter.py:129 llamafactory.model.adapter._setup_freeze_tuning event=line locals={}
2026-07-15 04:12:43.862 /testbed/src/llamafactory/model/adapter.py:125 llamafactory.model.adapter._setup_freeze_tuning event=line locals={}
2026-07-15 04:12:43.863 /testbed/src/llamafactory/model/adapter.py:126 llamafactory.model.adapter._setup_freeze_tuning event=line locals={'name': "'layers.0.mlp.weight'", 'param': 'Parameter containing:\ntensor([[ 0.1318, -0.5482],\n        [-0.4901, -0.3653]], requires_grad=True)'}
2026-07-15 04:12:43.863 /testbed/src/llamafactory/model/adapter.py:127 llamafactory.model.adapter._setup_freeze_tuning event=line locals={}
2026-07-15 04:12:43.863 /testbed/src/llamafactory/model/adapter.py:126 llamafactory.model.adapter._setup_freeze_tuning event=line locals={}
2026-07-15 04:12:43.863 /testbed/src/llamafactory/model/adapter.py:129 llamafactory.model.adapter._setup_freeze_tuning event=line locals={}
2026-07-15 04:12:43.863 /testbed/src/llamafactory/model/adapter.py:125 llamafactory.model.adapter._setup_freeze_tuning event=line locals={}
2026-07-15 04:12:43.864 /testbed/src/llamafactory/model/adapter.py:126 llamafactory.model.adapter._setup_freeze_tuning event=line locals={'name': "'layers.1.attn.weight'", 'param': 'Parameter containing:\ntensor([[ 0.3199,  0.2844],\n        [-0.4189,  0.2136]], requires_grad=True)'}
2026-07-15 04:12:43.864 /testbed/src/llamafactory/model/adapter.py:127 llamafactory.model.adapter._setup_freeze_tuning event=line locals={}
2026-07-15 04:12:43.864 /testbed/src/llamafactory/model/adapter.py:126 llamafactory.model.adapter._setup_freeze_tuning event=line locals={}
2026-07-15 04:12:43.864 /testbed/src/llamafactory/model/adapter.py:129 llamafactory.model.adapter._setup_freeze_tuning event=line locals={}
2026-07-15 04:12:43.864 /testbed/src/llamafactory/model/adapter.py:125 llamafactory.model.adapter._setup_freeze_tuning event=line locals={}
2026-07-15 04:12:43.865 /testbed/src/llamafactory/model/adapter.py:126 llamafactory.model.adapter._setup_freeze_tuning event=line locals={'name': "'layers.1.mlp.weight'", 'param': 'Parameter containing:\ntensor([[ 0.3882, -0.0892],\n        [ 0.0270,  0.1638]], requires_grad=True)'}
2026-07-15 04:12:43.865 /testbed/src/llamafactory/model/adapter.py:127 llamafactory.model.adapter._setup_freeze_tuning event=line locals={}
2026-07-15 04:12:43.865 /testbed/src/llamafactory/model/adapter.py:126 llamafactory.model.adapter._setup_freeze_tuning event=line locals={}
2026-07-15 04:12:43.865 /testbed/src/llamafactory/model/adapter.py:129 llamafactory.model.adapter._setup_freeze_tuning event=line locals={}
2026-07-15 04:12:43.865 /testbed/src/llamafactory/model/adapter.py:125 llamafactory.model.adapter._setup_freeze_tuning event=line locals={}
2026-07-15 04:12:43.866 /testbed/src/llamafactory/model/adapter.py:126 llamafactory.model.adapter._setup_freeze_tuning event=line locals={'name': "'layers.2.attn.weight'", 'param': 'Parameter containing:\ntensor([[ 0.4387,  0.6790],\n        [-0.5449, -0.2591]], requires_grad=True)'}
2026-07-15 04:12:43.866 /testbed/src/llamafactory/model/adapter.py:132 llamafactory.model.adapter._setup_freeze_tuning event=line locals={}
2026-07-15 04:12:43.866 /testbed/src/llamafactory/model/adapter.py:125 llamafactory.model.adapter._setup_freeze_tuning event=line locals={'param': 'Parameter containing:\ntensor([[ 0.4387,  0.6790],\n        [-0.5449, -0.2591]])'}
2026-07-15 04:12:43.866 /testbed/src/llamafactory/model/adapter.py:126 llamafactory.model.adapter._setup_freeze_tuning event=line locals={'name': "'layers.2.mlp.weight'", 'param': 'Parameter containing:\ntensor([[0.2779, 0.5859],\n        [0.6153, 0.6239]], requires_grad=True)'}
2026-07-15 04:12:43.867 /testbed/src/llamafactory/model/adapter.py:132 llamafactory.model.adapter._setup_freeze_tuning event=line locals={}
2026-07-15 04:12:43.867 /testbed/src/llamafactory/model/adapter.py:125 llamafactory.model.adapter._setup_freeze_tuning event=line locals={'param': 'Parameter containing:\ntensor([[0.2779, 0.5859],\n        [0.6153, 0.6239]])'}
2026-07-15 04:12:43.867 /testbed/src/llamafactory/model/adapter.py:126 llamafactory.model.adapter._setup_freeze_tuning event=line locals={'name': "'layers.3.attn.weight'", 'param': 'Parameter containing:\ntensor([[ 0.1407, -0.6149],\n        [ 0.0650, -0.4424]], requires_grad=True)'}
2026-07-15 04:12:43.867 /testbed/src/llamafactory/model/adapter.py:132 llamafactory.model.adapter._setup_freeze_tuning event=line locals={}
2026-07-15 04:12:43.868 /testbed/src/llamafactory/model/adapter.py:125 llamafactory.model.adapter._setup_freeze_tuning event=line locals={'param': 'Parameter containing:\ntensor([[ 0.1407, -0.6149],\n        [ 0.0650, -0.4424]])'}
2026-07-15 04:12:43.868 /testbed/src/llamafactory/model/adapter.py:126 llamafactory.model.adapter._setup_freeze_tuning event=line locals={'name': "'layers.3.mlp.weight'", 'param': 'Parameter containing:\ntensor([[-0.6590,  0.6283],\n        [ 0.5377, -0.7054]], requires_grad=True)'}
2026-07-15 04:12:43.868 /testbed/src/llamafactory/model/adapter.py:132 llamafactory.model.adapter._setup_freeze_tuning event=line locals={}
2026-07-15 04:12:43.868 /testbed/src/llamafactory/model/adapter.py:125 llamafactory.model.adapter._setup_freeze_tuning event=line locals={'param': 'Parameter containing:\ntensor([[-0.6590,  0.6283],\n        [ 0.5377, -0.7054]])'}
2026-07-15 04:12:43.869 /testbed/src/llamafactory/model/adapter.py:126 llamafactory.model.adapter._setup_freeze_tuning event=line locals={'name': "'embed_tokens.weight'", 'param': 'Parameter containing:\ntensor([[ 0.8419, -0.4000],\n        [ 1.0395,  0.3582],\n        [-0.0033, -0.5344],\n        [ 1.1687,  0.3945],\n        [-1.0450, -0.9565],\n        [ 0.0335,  0.7101],\n        [-1.5353, -0.4127],\n        [ 0.9663,  1.6248]], requires_grad=True)'}
2026-07-15 04:12:43.869 /testbed/src/llamafactory/model/adapter.py:132 llamafactory.model.adapter._setup_freeze_tuning event=line locals={}
2026-07-15 04:12:43.869 /testbed/src/llamafactory/model/adapter.py:125 llamafactory.model.adapter._setup_freeze_tuning event=line locals={'param': 'Parameter containing:\ntensor([[ 0.8419, -0.4000],\n        [ 1.0395,  0.3582],\n        [-0.0033, -0.5344],\n        [ 1.1687,  0.3945],\n        [-1.0450, -0.9565],\n        [ 0.0335,  0.7101],\n        [-1.5353, -0.4127],\n        [ 0.9663,  1.6248]])'}
2026-07-15 04:12:43.869 /testbed/src/llamafactory/model/adapter.py:126 llamafactory.model.adapter._setup_freeze_tuning event=line locals={'name': "'output_head.weight'", 'param': 'Parameter containing:\ntensor([[ 0.6652,  0.4765],\n        [-0.3083, -0.1780]], requires_grad=True)'}
2026-07-15 04:12:43.870 /testbed/src/llamafactory/model/adapter.py:127 llamafactory.model.adapter._setup_freeze_tuning event=line locals={}
2026-07-15 04:12:43.870 /testbed/src/llamafactory/model/adapter.py:126 llamafactory.model.adapter._setup_freeze_tuning event=line locals={}
2026-07-15 04:12:43.870 /testbed/src/llamafactory/model/adapter.py:129 llamafactory.model.adapter._setup_freeze_tuning event=line locals={}
2026-07-15 04:12:43.870 /testbed/src/llamafactory/model/adapter.py:125 llamafactory.model.adapter._setup_freeze_tuning event=line locals={}
2026-07-15 04:12:43.870 /testbed/src/llamafactory/model/adapter.py:134 llamafactory.model.adapter._setup_freeze_tuning event=line locals={}
2026-07-15 04:12:43.871 /testbed/src/llamafactory/model/adapter.py:134 llamafactory.model.adapter._setup_freeze_tuning event=return retval=None locals={'cast_trainable_params_to_fp32': 'False', 'config': "namespace(num_hidden_layers=4, model_type='unit_test_model_type')", 'finetuning_args': "namespace(use_llama_pro=False, freeze_trainable_layers=-2, freeze_trainable_modules=['all', 'attn'], freeze_extra_modules=['output_head'], freeze_vision_tower=False, freeze_multi_modal_projector=False, freeze_language_model=False)", 'forbidden_modules': 'set()', 'hidden_modules': "{'mlp', 'attn'}", 'idx': '1', 'is_trainable': 'True', 'model': 'FreezeToyModel(\n  (layers): ModuleList(\n    (0-3): 4 x MiniBlock(\n      (attn): Linear(in_features=2, out_features=2, bias=False)\n      (mlp): Linear(in_features=2, out_features=2, bias=False)\n    )\n  )\n  (embed_tokens): Embedding(8, 2)\n  (output_head): Linear(in_features=2, out_features=2, bias=False)\n)', 'module_name': "'output_head'", 'name': "'output_head.weight'", 'non_hidden_modules': "{'output_head', 'embed_tokens'}", 'num_layers': '4', 'param': 'Parameter containing:\ntensor([[ 0.6652,  0.4765],\n        [-0.3083, -0.1780]], requires_grad=True)', 'trainable_layer_ids': 'range(0, 2)', 'trainable_layers': "['.0.', '.1.', '.0.attn', '.1.attn', 'output_head']"}
