2026-08-23 05:06:06.207 [TRACE][START] pid=47 TRACE_OUT='/testbed/logs/instruct_lab_qa/init_get_params_m1_cfg__pert_llm_s0/trace.log' TRACE_FILE='src/instructlab/cli/config/init.py' TRACE_FUNCS=['get_params'] TRACE_EVENTS=['call', 'exception', 'line', 'return']
2026-08-23 05:06:08.829 /testbed/src/instructlab/cli/config/init.py:253 instructlab.cli.config.init.get_params event=call locals={'config': 'None', 'interactive': 'True', 'min_taxonomy': 'False', 'model_path': "'/tmp/tmpqh07tsp9/populated/taxonomy/model.gguf'", 'param_source': '<ParameterSource.DEFAULT: 3>', 'repository': "'https://taxonomy.example.invalid/forks/generated/taxonomy.git'", 'taxonomy_path': "'/tmp/tmpqh07tsp9/populated/taxonomy'"}
2026-08-23 05:06:08.829 /testbed/src/instructlab/cli/config/init.py:262 instructlab.cli.config.init.get_params event=line locals={}
2026-08-23 05:06:08.829 /testbed/src/instructlab/cli/config/init.py:263 instructlab.cli.config.init.get_params event=line locals={'cfg': "namespace(chat=namespace(model='chat-arizqhypgxofwnevmdulctkbsjari'), serve=namespace(model_path='serve-arizqhypgxofwnevmdulctkbsjari'), evaluate=namespace(model='judge-arizqhypgxofwnevmdulctkbsjari', mt_bench_branch=namespace(taxonomy_path='bench-arizqhypgxofwnevmdulctkbsjari')), generate=namespace(taxonomy_base='base-arizqhypgxofwnevmdulctkbsjari', taxonomy_path='taxonomy-arizqhypgxofwnevmdulctkbsjari'))"}
2026-08-23 05:06:08.829 /testbed/src/instructlab/cli/config/init.py:265 instructlab.cli.config.init.get_params event=line locals={}
2026-08-23 05:06:08.829 /testbed/src/instructlab/cli/config/init.py:266 instructlab.cli.config.init.get_params event=line locals={'clone_taxonomy_repo': 'True'}
2026-08-23 05:06:08.829 /testbed/src/instructlab/cli/config/init.py:267 instructlab.cli.config.init.get_params event=line locals={}
2026-08-23 05:06:08.829 /testbed/src/instructlab/cli/config/init.py:268 instructlab.cli.config.init.get_params event=line locals={'guide_text': "'  This guide will help you to setup your environment'"}
2026-08-23 05:06:08.829 /testbed/src/instructlab/cli/config/init.py:269 instructlab.cli.config.init.get_params event=line locals={'separator': "'----------------------------------------------------'"}
2026-08-23 05:06:08.829 /testbed/src/instructlab/cli/config/init.py:270 instructlab.cli.config.init.get_params event=line locals={}
2026-08-23 05:06:08.829 /testbed/src/instructlab/cli/config/init.py:269 instructlab.cli.config.init.get_params event=line locals={}
2026-08-23 05:06:08.829 /testbed/src/instructlab/cli/config/init.py:272 instructlab.cli.config.init.get_params event=line locals={}
2026-08-23 05:06:08.829 /testbed/src/instructlab/cli/config/init.py:273 instructlab.cli.config.init.get_params event=line locals={}
2026-08-23 05:06:08.829 /testbed/src/instructlab/cli/config/init.py:272 instructlab.cli.config.init.get_params event=line locals={}
2026-08-23 05:06:08.830 /testbed/src/instructlab/cli/config/init.py:276 instructlab.cli.config.init.get_params event=line locals={}
2026-08-23 05:06:08.830 /testbed/src/instructlab/cli/config/init.py:277 instructlab.cli.config.init.get_params event=line locals={}
2026-08-23 05:06:08.830 /testbed/src/instructlab/cli/config/init.py:278 instructlab.cli.config.init.get_params event=line locals={}
2026-08-23 05:06:08.830 /testbed/src/instructlab/cli/config/init.py:277 instructlab.cli.config.init.get_params event=line locals={}
2026-08-23 05:06:08.830 /testbed/src/instructlab/cli/config/init.py:281 instructlab.cli.config.init.get_params event=line locals={}
2026-08-23 05:06:08.830 /testbed/src/instructlab/cli/config/init.py:282 instructlab.cli.config.init.get_params event=line locals={}
2026-08-23 05:06:08.830 /testbed/src/instructlab/cli/config/init.py:285 instructlab.cli.config.init.get_params event=line locals={'taxonomy_contents': "['entry-110.yaml', 'entry-132.yaml', 'entry-462.yaml', 'entry-42.yaml', 'entry-506.yaml', 'entry-20.yaml', 'entry-870.yaml', 'entry-240.yaml', 'entry-0.yaml', 'entry-12.yaml', 'entry-30.yaml', 'entry-650.yaml', 'entry-756.yaml', 'entry-342.yaml', 'entry-56.yaml', 'entry-272.yaml', 'entry-702.yaml', 'entry-306.yaml', 'entry-420.yaml', 'entry-2.yaml', 'entry-72.yaml', 'entry-210.yaml', 'entry-90.yaml', 'entry-812.yaml', 'entry-552.yaml', 'entry-156.yaml', 'entry-182.yaml', 'entry-600.yaml', 'entry..."}
2026-08-23 05:06:08.830 /testbed/src/instructlab/cli/config/init.py:286 instructlab.cli.config.init.get_params event=line locals={}
2026-08-23 05:06:08.830 /testbed/src/instructlab/cli/config/init.py:295 instructlab.cli.config.init.get_params event=line locals={'clone_taxonomy_repo': 'False'}
2026-08-23 05:06:08.830 /testbed/src/instructlab/cli/config/init.py:312 instructlab.cli.config.init.get_params event=line locals={}
2026-08-23 05:06:08.830 /testbed/src/instructlab/cli/config/init.py:314 instructlab.cli.config.init.get_params event=line locals={'models_dir': "'/tmp/tmpqh07tsp9/populated/taxonomy'"}
2026-08-23 05:06:08.830 /testbed/src/instructlab/cli/config/init.py:313 instructlab.cli.config.init.get_params event=line locals={}
2026-08-23 05:06:08.830 /testbed/src/instructlab/cli/config/init.py:315 instructlab.cli.config.init.get_params event=line locals={}
2026-08-23 05:06:08.830 /testbed/src/instructlab/cli/config/init.py:313 instructlab.cli.config.init.get_params event=line locals={}
2026-08-23 05:06:08.830 /testbed/src/instructlab/cli/config/init.py:316 instructlab.cli.config.init.get_params event=line locals={}
2026-08-23 05:06:08.830 /testbed/src/instructlab/cli/config/init.py:318 instructlab.cli.config.init.get_params event=line locals={}
2026-08-23 05:06:08.830 /testbed/src/instructlab/cli/config/init.py:319 instructlab.cli.config.init.get_params event=line locals={}
2026-08-23 05:06:08.831 /testbed/src/instructlab/cli/config/init.py:318 instructlab.cli.config.init.get_params event=line locals={}
2026-08-23 05:06:08.831 /testbed/src/instructlab/cli/config/init.py:322 instructlab.cli.config.init.get_params event=line locals={'model_path': "'/tmp/tmpqh07tsp9/populated/taxonomy/primary-model.gguf'"}
2026-08-23 05:06:08.831 /testbed/src/instructlab/cli/config/init.py:322 instructlab.cli.config.init.get_params event=return retval=('/tmp/tmpqh07tsp9/populated/taxonomy/primary-model.gguf', '/tmp/tmpqh07tsp9/populated/taxonomy', namespace(chat=namespace(model='chat-arizqhypgxofwnevmdulctkbsjari'), serve=namespace(model_path='serve-arizqhypgxofwnevmdulctkbsjari'), evaluate=namespace(model='judge-arizqhypgxofwnevmdulctkbsjari', mt_bench_branch=namespace(taxonomy_path='bench-arizqhypgxofwnevmdulctkbsjari')), generate=namespace(taxonomy_base='base-arizqhypgxofwnevmdulctkbsjari', taxonomy_path='taxonomy-arizqhypgxofwnevmdulctkbs... locals={'cfg': "namespace(chat=namespace(model='chat-arizqhypgxofwnevmdulctkbsjari'), serve=namespace(model_path='serve-arizqhypgxofwnevmdulctkbsjari'), evaluate=namespace(model='judge-arizqhypgxofwnevmdulctkbsjari', mt_bench_branch=namespace(taxonomy_path='bench-arizqhypgxofwnevmdulctkbsjari')), generate=namespace(taxonomy_base='base-arizqhypgxofwnevmdulctkbsjari', taxonomy_path='taxonomy-arizqhypgxofwnevmdulctkbsjari'))", 'clone_taxonomy_repo': 'False', 'config': 'None', 'guide_text': "'  This guide will help you to setup your environment'", 'interactive': 'True', 'min_taxonomy': 'False', 'model_path': "'/tmp/tmpqh07tsp9/populated/taxonomy/primary-model.gguf'", 'models_dir': "'/tmp/tmpqh07tsp9/populated/taxonomy'", 'param_source': '<ParameterSource.DEFAULT: 3>', 'repository': "'https://taxonomy.example.invalid/forks/generated/taxonomy.git'", 'separator': "'----------------------------------------------------'", 'taxonomy_contents': "['entry-110.yaml', 'entry-132.yaml', 'entry-462.yaml', 'entry-42.yaml', 'entry-506.yaml', 'entry-20.yaml', 'entry-870.yaml', 'entry-240.yaml', 'entry-0.yaml', 'entry-12.yaml', 'entry-30.yaml', 'entry-650.yaml', 'entry-756.yaml', 'entry-342.yaml', 'entry-56.yaml', 'entry-272.yaml', 'entry-702.yaml', 'entry-306.yaml', 'entry-420.yaml', 'entry-2.yaml', 'entry-72.yaml', 'entry-210.yaml', 'entry-90.yaml', 'entry-812.yaml', 'entry-552.yaml', 'entry-156.yaml', 'entry-182.yaml', 'entry-600.yaml', 'entry...", 'taxonomy_path': "'/tmp/tmpqh07tsp9/populated/taxonomy'"}
2026-08-23 05:06:08.837 /testbed/src/instructlab/cli/config/init.py:253 instructlab.cli.config.init.get_params event=call locals={'config': 'None', 'interactive': 'True', 'min_taxonomy': 'False', 'model_path': "'/tmp/tmpqh07tsp9/populated/taxonomy/model.gguf'", 'param_source': '<ParameterSource.DEFAULT: 3>', 'repository': "'https://taxonomy.example.invalid/forks/generated/taxonomy.git'", 'taxonomy_path': "'/tmp/tmpqh07tsp9/empty/taxonomy'"}
2026-08-23 05:06:08.837 /testbed/src/instructlab/cli/config/init.py:262 instructlab.cli.config.init.get_params event=line locals={}
2026-08-23 05:06:08.838 /testbed/src/instructlab/cli/config/init.py:263 instructlab.cli.config.init.get_params event=line locals={'cfg': "namespace(chat=namespace(model='chat-nevmdulctkbsjarizqhypgxofwnev'), serve=namespace(model_path='serve-nevmdulctkbsjarizqhypgxofwnev'), evaluate=namespace(model='judge-nevmdulctkbsjarizqhypgxofwnev', mt_bench_branch=namespace(taxonomy_path='bench-nevmdulctkbsjarizqhypgxofwnev')), generate=namespace(taxonomy_base='base-nevmdulctkbsjarizqhypgxofwnev', taxonomy_path='taxonomy-nevmdulctkbsjarizqhypgxofwnev'))"}
2026-08-23 05:06:08.838 /testbed/src/instructlab/cli/config/init.py:265 instructlab.cli.config.init.get_params event=line locals={}
2026-08-23 05:06:08.838 /testbed/src/instructlab/cli/config/init.py:266 instructlab.cli.config.init.get_params event=line locals={'clone_taxonomy_repo': 'True'}
2026-08-23 05:06:08.838 /testbed/src/instructlab/cli/config/init.py:267 instructlab.cli.config.init.get_params event=line locals={}
2026-08-23 05:06:08.838 /testbed/src/instructlab/cli/config/init.py:268 instructlab.cli.config.init.get_params event=line locals={'guide_text': "'  This guide will help you to setup your environment'"}
2026-08-23 05:06:08.838 /testbed/src/instructlab/cli/config/init.py:269 instructlab.cli.config.init.get_params event=line locals={'separator': "'----------------------------------------------------'"}
2026-08-23 05:06:08.838 /testbed/src/instructlab/cli/config/init.py:270 instructlab.cli.config.init.get_params event=line locals={}
2026-08-23 05:06:08.838 /testbed/src/instructlab/cli/config/init.py:269 instructlab.cli.config.init.get_params event=line locals={}
2026-08-23 05:06:08.838 /testbed/src/instructlab/cli/config/init.py:272 instructlab.cli.config.init.get_params event=line locals={}
2026-08-23 05:06:08.838 /testbed/src/instructlab/cli/config/init.py:273 instructlab.cli.config.init.get_params event=line locals={}
2026-08-23 05:06:08.838 /testbed/src/instructlab/cli/config/init.py:272 instructlab.cli.config.init.get_params event=line locals={}
2026-08-23 05:06:08.838 /testbed/src/instructlab/cli/config/init.py:276 instructlab.cli.config.init.get_params event=line locals={}
2026-08-23 05:06:08.838 /testbed/src/instructlab/cli/config/init.py:277 instructlab.cli.config.init.get_params event=line locals={}
2026-08-23 05:06:08.838 /testbed/src/instructlab/cli/config/init.py:278 instructlab.cli.config.init.get_params event=line locals={}
2026-08-23 05:06:08.839 /testbed/src/instructlab/cli/config/init.py:277 instructlab.cli.config.init.get_params event=line locals={}
2026-08-23 05:06:08.839 /testbed/src/instructlab/cli/config/init.py:281 instructlab.cli.config.init.get_params event=line locals={'taxonomy_path': "'/tmp/tmpqh07tsp9/prompted/taxonomy'"}
2026-08-23 05:06:08.839 /testbed/src/instructlab/cli/config/init.py:282 instructlab.cli.config.init.get_params event=line locals={}
2026-08-23 05:06:08.839 /testbed/src/instructlab/cli/config/init.py:282 instructlab.cli.config.init.get_params event=exception exc=FileNotFoundError: FileNotFoundError(2, 'No such file or directory') locals={}
2026-08-23 05:06:08.839 /testbed/src/instructlab/cli/config/init.py:283 instructlab.cli.config.init.get_params event=line locals={'cfg': "namespace(chat=namespace(model='chat-nevmdulctkbsjarizqhypgxofwnev'), serve=namespace(model_path='serve-nevmdulctkbsjarizqhypgxofwnev'), evaluate=namespace(model='judge-nevmdulctkbsjarizqhypgxofwnev', mt_bench_branch=namespace(taxonomy_path='bench-nevmdulctkbsjarizqhypgxofwnev')), generate=namespace(taxonomy_base='base-nevmdulctkbsjarizqhypgxofwnev', taxonomy_path='taxonomy-nevmdulctkbsjarizqhypgxofwnev'))", 'clone_taxonomy_repo': 'True', 'config': 'None', 'guide_text': "'  This guide will help you to setup your environment'", 'interactive': 'True', 'min_taxonomy': 'False', 'model_path': "'/tmp/tmpqh07tsp9/populated/taxonomy/model.gguf'", 'param_source': '<ParameterSource.DEFAULT: 3>', 'repository': "'https://taxonomy.example.invalid/forks/generated/taxonomy.git'", 'separator': "'----------------------------------------------------'", 'taxonomy_path': "'/tmp/tmpqh07tsp9/prompted/taxonomy'"}
2026-08-23 05:06:08.839 /testbed/src/instructlab/cli/config/init.py:284 instructlab.cli.config.init.get_params event=line locals={}
2026-08-23 05:06:08.839 /testbed/src/instructlab/cli/config/init.py:285 instructlab.cli.config.init.get_params event=line locals={'taxonomy_contents': '[]'}
2026-08-23 05:06:08.839 /testbed/src/instructlab/cli/config/init.py:287 instructlab.cli.config.init.get_params event=line locals={}
2026-08-23 05:06:08.839 /testbed/src/instructlab/cli/config/init.py:288 instructlab.cli.config.init.get_params event=line locals={}
2026-08-23 05:06:08.839 /testbed/src/instructlab/cli/config/init.py:289 instructlab.cli.config.init.get_params event=line locals={}
2026-08-23 05:06:08.839 /testbed/src/instructlab/cli/config/init.py:290 instructlab.cli.config.init.get_params event=line locals={}
2026-08-23 05:06:08.839 /testbed/src/instructlab/cli/config/init.py:291 instructlab.cli.config.init.get_params event=line locals={}
2026-08-23 05:06:08.839 /testbed/src/instructlab/cli/config/init.py:289 instructlab.cli.config.init.get_params event=line locals={}
2026-08-23 05:06:08.839 /testbed/src/instructlab/cli/config/init.py:295 instructlab.cli.config.init.get_params event=line locals={'clone_taxonomy_repo': 'False'}
2026-08-23 05:06:08.839 /testbed/src/instructlab/cli/config/init.py:312 instructlab.cli.config.init.get_params event=line locals={}
2026-08-23 05:06:08.839 /testbed/src/instructlab/cli/config/init.py:314 instructlab.cli.config.init.get_params event=line locals={'models_dir': "'/tmp/tmpqh07tsp9/populated/taxonomy'"}
2026-08-23 05:06:08.839 /testbed/src/instructlab/cli/config/init.py:313 instructlab.cli.config.init.get_params event=line locals={}
2026-08-23 05:06:08.839 /testbed/src/instructlab/cli/config/init.py:315 instructlab.cli.config.init.get_params event=line locals={}
2026-08-23 05:06:08.839 /testbed/src/instructlab/cli/config/init.py:313 instructlab.cli.config.init.get_params event=line locals={}
2026-08-23 05:06:08.839 /testbed/src/instructlab/cli/config/init.py:316 instructlab.cli.config.init.get_params event=line locals={}
2026-08-23 05:06:08.839 /testbed/src/instructlab/cli/config/init.py:318 instructlab.cli.config.init.get_params event=line locals={}
2026-08-23 05:06:08.839 /testbed/src/instructlab/cli/config/init.py:319 instructlab.cli.config.init.get_params event=line locals={}
2026-08-23 05:06:08.840 /testbed/src/instructlab/cli/config/init.py:318 instructlab.cli.config.init.get_params event=line locals={}
2026-08-23 05:06:08.840 /testbed/src/instructlab/cli/config/init.py:322 instructlab.cli.config.init.get_params event=line locals={'model_path': "'/tmp/tmpqh07tsp9/populated/taxonomy/secondary-model.gguf'"}
2026-08-23 05:06:08.840 /testbed/src/instructlab/cli/config/init.py:322 instructlab.cli.config.init.get_params event=return retval=('/tmp/tmpqh07tsp9/populated/taxonomy/secondary-model.gguf', '/tmp/tmpqh07tsp9/prompted/taxonomy', namespace(chat=namespace(model='chat-nevmdulctkbsjarizqhypgxofwnev'), serve=namespace(model_path='serve-nevmdulctkbsjarizqhypgxofwnev'), evaluate=namespace(model='judge-nevmdulctkbsjarizqhypgxofwnev', mt_bench_branch=namespace(taxonomy_path='bench-nevmdulctkbsjarizqhypgxofwnev')), generate=namespace(taxonomy_base='base-nevmdulctkbsjarizqhypgxofwnev', taxonomy_path='taxonomy-nevmdulctkbsjarizqhypgxo... locals={'cfg': "namespace(chat=namespace(model='chat-nevmdulctkbsjarizqhypgxofwnev'), serve=namespace(model_path='serve-nevmdulctkbsjarizqhypgxofwnev'), evaluate=namespace(model='judge-nevmdulctkbsjarizqhypgxofwnev', mt_bench_branch=namespace(taxonomy_path='bench-nevmdulctkbsjarizqhypgxofwnev')), generate=namespace(taxonomy_base='base-nevmdulctkbsjarizqhypgxofwnev', taxonomy_path='taxonomy-nevmdulctkbsjarizqhypgxofwnev'))", 'clone_taxonomy_repo': 'False', 'config': 'None', 'guide_text': "'  This guide will help you to setup your environment'", 'interactive': 'True', 'min_taxonomy': 'False', 'model_path': "'/tmp/tmpqh07tsp9/populated/taxonomy/secondary-model.gguf'", 'models_dir': "'/tmp/tmpqh07tsp9/populated/taxonomy'", 'param_source': '<ParameterSource.DEFAULT: 3>', 'repository': "'https://taxonomy.example.invalid/forks/generated/taxonomy.git'", 'separator': "'----------------------------------------------------'", 'taxonomy_contents': '[]', 'taxonomy_path': "'/tmp/tmpqh07tsp9/prompted/taxonomy'"}
2026-08-23 05:06:08.845 /testbed/src/instructlab/cli/config/init.py:253 instructlab.cli.config.init.get_params event=call locals={'config': "'/tmp/tmpqh07tsp9/settings/generated.yaml'", 'interactive': 'True', 'min_taxonomy': 'True', 'model_path': "'/tmp/tmpqh07tsp9/populated/taxonomy/model.gguf'", 'param_source': '<ParameterSource.COMMANDLINE: 1>', 'repository': "'https://taxonomy.example.invalid/forks/generated/taxonomy.git'", 'taxonomy_path': "'/tmp/tmpqh07tsp9/absent/taxonomy'"}
2026-08-23 05:06:08.845 /testbed/src/instructlab/cli/config/init.py:262 instructlab.cli.config.init.get_params event=line locals={}
2026-08-23 05:06:08.846 /testbed/src/instructlab/cli/config/init.py:263 instructlab.cli.config.init.get_params event=line locals={'cfg': "namespace(chat=namespace(model='chat-arizqhypgxofwnevmdulctkbsjari'), serve=namespace(model_path='serve-arizqhypgxofwnevmdulctkbsjari'), evaluate=namespace(model='judge-arizqhypgxofwnevmdulctkbsjari', mt_bench_branch=namespace(taxonomy_path='bench-arizqhypgxofwnevmdulctkbsjari')), generate=namespace(taxonomy_base='base-arizqhypgxofwnevmdulctkbsjari', taxonomy_path='taxonomy-arizqhypgxofwnevmdulctkbsjari'))"}
2026-08-23 05:06:08.846 /testbed/src/instructlab/cli/config/init.py:264 instructlab.cli.config.init.get_params event=line locals={}
2026-08-23 05:06:08.846 /testbed/src/instructlab/cli/config/init.py:265 instructlab.cli.config.init.get_params event=line locals={}
2026-08-23 05:06:08.846 /testbed/src/instructlab/cli/config/init.py:266 instructlab.cli.config.init.get_params event=line locals={'clone_taxonomy_repo': 'True'}
2026-08-23 05:06:08.846 /testbed/src/instructlab/cli/config/init.py:267 instructlab.cli.config.init.get_params event=line locals={}
2026-08-23 05:06:08.846 /testbed/src/instructlab/cli/config/init.py:268 instructlab.cli.config.init.get_params event=line locals={'guide_text': "'  This guide will help you to setup your environment'"}
2026-08-23 05:06:08.846 /testbed/src/instructlab/cli/config/init.py:269 instructlab.cli.config.init.get_params event=line locals={'separator': "'----------------------------------------------------'"}
2026-08-23 05:06:08.846 /testbed/src/instructlab/cli/config/init.py:270 instructlab.cli.config.init.get_params event=line locals={}
2026-08-23 05:06:08.846 /testbed/src/instructlab/cli/config/init.py:269 instructlab.cli.config.init.get_params event=line locals={}
2026-08-23 05:06:08.846 /testbed/src/instructlab/cli/config/init.py:272 instructlab.cli.config.init.get_params event=line locals={}
2026-08-23 05:06:08.846 /testbed/src/instructlab/cli/config/init.py:273 instructlab.cli.config.init.get_params event=line locals={}
2026-08-23 05:06:08.846 /testbed/src/instructlab/cli/config/init.py:272 instructlab.cli.config.init.get_params event=line locals={}
2026-08-23 05:06:08.846 /testbed/src/instructlab/cli/config/init.py:276 instructlab.cli.config.init.get_params event=line locals={}
2026-08-23 05:06:08.846 /testbed/src/instructlab/cli/config/init.py:277 instructlab.cli.config.init.get_params event=line locals={}
2026-08-23 05:06:08.846 /testbed/src/instructlab/cli/config/init.py:278 instructlab.cli.config.init.get_params event=line locals={}
2026-08-23 05:06:08.847 /testbed/src/instructlab/cli/config/init.py:277 instructlab.cli.config.init.get_params event=line locals={}
2026-08-23 05:06:08.847 /testbed/src/instructlab/cli/config/init.py:281 instructlab.cli.config.init.get_params event=line locals={}
2026-08-23 05:06:08.847 /testbed/src/instructlab/cli/config/init.py:282 instructlab.cli.config.init.get_params event=line locals={}
2026-08-23 05:06:08.847 /testbed/src/instructlab/cli/config/init.py:282 instructlab.cli.config.init.get_params event=exception exc=FileNotFoundError: FileNotFoundError(2, 'No such file or directory') locals={}
2026-08-23 05:06:08.847 /testbed/src/instructlab/cli/config/init.py:283 instructlab.cli.config.init.get_params event=line locals={'cfg': "namespace(chat=namespace(model='chat-arizqhypgxofwnevmdulctkbsjari'), serve=namespace(model_path='serve-arizqhypgxofwnevmdulctkbsjari'), evaluate=namespace(model='judge-arizqhypgxofwnevmdulctkbsjari', mt_bench_branch=namespace(taxonomy_path='bench-arizqhypgxofwnevmdulctkbsjari')), generate=namespace(taxonomy_base='base-arizqhypgxofwnevmdulctkbsjari', taxonomy_path='taxonomy-arizqhypgxofwnevmdulctkbsjari'))", 'clone_taxonomy_repo': 'True', 'config': "'/tmp/tmpqh07tsp9/settings/generated.yaml'", 'guide_text': "'  This guide will help you to setup your environment'", 'interactive': 'True', 'min_taxonomy': 'True', 'model_path': "'/tmp/tmpqh07tsp9/populated/taxonomy/model.gguf'", 'param_source': '<ParameterSource.COMMANDLINE: 1>', 'repository': "'https://taxonomy.example.invalid/forks/generated/taxonomy.git'", 'separator': "'----------------------------------------------------'", 'taxonomy_path': "'/tmp/tmpqh07tsp9/absent/taxonomy'"}
2026-08-23 05:06:08.847 /testbed/src/instructlab/cli/config/init.py:284 instructlab.cli.config.init.get_params event=line locals={}
2026-08-23 05:06:08.847 /testbed/src/instructlab/cli/config/init.py:285 instructlab.cli.config.init.get_params event=line locals={'taxonomy_contents': '[]'}
2026-08-23 05:06:08.847 /testbed/src/instructlab/cli/config/init.py:287 instructlab.cli.config.init.get_params event=line locals={}
2026-08-23 05:06:08.847 /testbed/src/instructlab/cli/config/init.py:288 instructlab.cli.config.init.get_params event=line locals={}
2026-08-23 05:06:08.847 /testbed/src/instructlab/cli/config/init.py:289 instructlab.cli.config.init.get_params event=line locals={}
2026-08-23 05:06:08.847 /testbed/src/instructlab/cli/config/init.py:290 instructlab.cli.config.init.get_params event=line locals={}
2026-08-23 05:06:08.847 /testbed/src/instructlab/cli/config/init.py:291 instructlab.cli.config.init.get_params event=line locals={}
2026-08-23 05:06:08.847 /testbed/src/instructlab/cli/config/init.py:289 instructlab.cli.config.init.get_params event=line locals={}
2026-08-23 05:06:08.847 /testbed/src/instructlab/cli/config/init.py:295 instructlab.cli.config.init.get_params event=line locals={}
2026-08-23 05:06:08.847 /testbed/src/instructlab/cli/config/init.py:296 instructlab.cli.config.init.get_params event=line locals={}
2026-08-23 05:06:08.847 /testbed/src/instructlab/cli/config/init.py:297 instructlab.cli.config.init.get_params event=line locals={}
2026-08-23 05:06:08.847 /testbed/src/instructlab/cli/config/init.py:298 instructlab.cli.config.init.get_params event=line locals={'clone_depth': '1'}
2026-08-23 05:06:08.847 /testbed/src/instructlab/cli/config/init.py:299 instructlab.cli.config.init.get_params event=line locals={}
2026-08-23 05:06:08.847 /testbed/src/instructlab/cli/config/init.py:300 instructlab.cli.config.init.get_params event=line locals={}
2026-08-23 05:06:08.847 /testbed/src/instructlab/cli/config/init.py:301 instructlab.cli.config.init.get_params event=line locals={}
2026-08-23 05:06:08.847 /testbed/src/instructlab/cli/config/init.py:302 instructlab.cli.config.init.get_params event=line locals={}
2026-08-23 05:06:08.848 /testbed/src/instructlab/cli/config/init.py:303 instructlab.cli.config.init.get_params event=line locals={}
2026-08-23 05:06:08.848 /testbed/src/instructlab/cli/config/init.py:304 instructlab.cli.config.init.get_params event=line locals={}
2026-08-23 05:06:08.848 /testbed/src/instructlab/cli/config/init.py:299 instructlab.cli.config.init.get_params event=line locals={}
2026-08-23 05:06:08.848 /testbed/src/instructlab/cli/config/init.py:312 instructlab.cli.config.init.get_params event=line locals={}
2026-08-23 05:06:08.848 /testbed/src/instructlab/cli/config/init.py:314 instructlab.cli.config.init.get_params event=line locals={'models_dir': "'/tmp/tmpqh07tsp9/populated/taxonomy'"}
2026-08-23 05:06:08.848 /testbed/src/instructlab/cli/config/init.py:313 instructlab.cli.config.init.get_params event=line locals={}
2026-08-23 05:06:08.848 /testbed/src/instructlab/cli/config/init.py:315 instructlab.cli.config.init.get_params event=line locals={}
2026-08-23 05:06:08.848 /testbed/src/instructlab/cli/config/init.py:313 instructlab.cli.config.init.get_params event=line locals={}
2026-08-23 05:06:08.848 /testbed/src/instructlab/cli/config/init.py:316 instructlab.cli.config.init.get_params event=line locals={}
2026-08-23 05:06:08.848 /testbed/src/instructlab/cli/config/init.py:318 instructlab.cli.config.init.get_params event=line locals={}
2026-08-23 05:06:08.848 /testbed/src/instructlab/cli/config/init.py:319 instructlab.cli.config.init.get_params event=line locals={}
2026-08-23 05:06:08.848 /testbed/src/instructlab/cli/config/init.py:318 instructlab.cli.config.init.get_params event=line locals={}
2026-08-23 05:06:08.848 /testbed/src/instructlab/cli/config/init.py:322 instructlab.cli.config.init.get_params event=line locals={'model_path': "'/tmp/tmpqh07tsp9/populated/taxonomy/tertiary-model.gguf'"}
2026-08-23 05:06:08.848 /testbed/src/instructlab/cli/config/init.py:322 instructlab.cli.config.init.get_params event=return retval=('/tmp/tmpqh07tsp9/populated/taxonomy/tertiary-model.gguf', '/tmp/tmpqh07tsp9/absent/taxonomy', namespace(chat=namespace(model='chat-arizqhypgxofwnevmdulctkbsjari'), serve=namespace(model_path='serve-arizqhypgxofwnevmdulctkbsjari'), evaluate=namespace(model='judge-arizqhypgxofwnevmdulctkbsjari', mt_bench_branch=namespace(taxonomy_path='bench-arizqhypgxofwnevmdulctkbsjari')), generate=namespace(taxonomy_base='base-arizqhypgxofwnevmdulctkbsjari', taxonomy_path='taxonomy-arizqhypgxofwnevmdulctkbsja... locals={'cfg': "namespace(chat=namespace(model='chat-arizqhypgxofwnevmdulctkbsjari'), serve=namespace(model_path='serve-arizqhypgxofwnevmdulctkbsjari'), evaluate=namespace(model='judge-arizqhypgxofwnevmdulctkbsjari', mt_bench_branch=namespace(taxonomy_path='bench-arizqhypgxofwnevmdulctkbsjari')), generate=namespace(taxonomy_base='base-arizqhypgxofwnevmdulctkbsjari', taxonomy_path='taxonomy-arizqhypgxofwnevmdulctkbsjari'))", 'clone_depth': '1', 'clone_taxonomy_repo': 'True', 'config': "'/tmp/tmpqh07tsp9/settings/generated.yaml'", 'guide_text': "'  This guide will help you to setup your environment'", 'interactive': 'True', 'min_taxonomy': 'True', 'model_path': "'/tmp/tmpqh07tsp9/populated/taxonomy/tertiary-model.gguf'", 'models_dir': "'/tmp/tmpqh07tsp9/populated/taxonomy'", 'param_source': '<ParameterSource.COMMANDLINE: 1>', 'repository': "'https://taxonomy.example.invalid/forks/generated/taxonomy.git'", 'separator': "'----------------------------------------------------'", 'taxonomy_contents': '[]', 'taxonomy_path': "'/tmp/tmpqh07tsp9/absent/taxonomy'"}
2026-08-23 05:06:08.854 /testbed/src/instructlab/cli/config/init.py:253 instructlab.cli.config.init.get_params event=call locals={'config': "'/tmp/tmpqh07tsp9/settings/generated.yaml'", 'interactive': 'True', 'min_taxonomy': 'True', 'model_path': "'/tmp/tmpqh07tsp9/populated/taxonomy/model.gguf'", 'param_source': '<ParameterSource.COMMANDLINE: 1>', 'repository': "'https://taxonomy.example.invalid/forks/generated/taxonomy.git'", 'taxonomy_path': "'/tmp/tmpqh07tsp9/empty/taxonomy'"}
2026-08-23 05:06:08.854 /testbed/src/instructlab/cli/config/init.py:262 instructlab.cli.config.init.get_params event=line locals={}
2026-08-23 05:06:08.854 /testbed/src/instructlab/cli/config/init.py:263 instructlab.cli.config.init.get_params event=line locals={'cfg': "namespace(chat=namespace(model='chat-nevmdulctkbsjarizqhypgxofwnev'), serve=namespace(model_path='serve-nevmdulctkbsjarizqhypgxofwnev'), evaluate=namespace(model='judge-nevmdulctkbsjarizqhypgxofwnev', mt_bench_branch=namespace(taxonomy_path='bench-nevmdulctkbsjarizqhypgxofwnev')), generate=namespace(taxonomy_base='base-nevmdulctkbsjarizqhypgxofwnev', taxonomy_path='taxonomy-nevmdulctkbsjarizqhypgxofwnev'))"}
2026-08-23 05:06:08.854 /testbed/src/instructlab/cli/config/init.py:264 instructlab.cli.config.init.get_params event=line locals={}
2026-08-23 05:06:08.854 /testbed/src/instructlab/cli/config/init.py:265 instructlab.cli.config.init.get_params event=line locals={}
2026-08-23 05:06:08.854 /testbed/src/instructlab/cli/config/init.py:266 instructlab.cli.config.init.get_params event=line locals={'clone_taxonomy_repo': 'True'}
2026-08-23 05:06:08.854 /testbed/src/instructlab/cli/config/init.py:267 instructlab.cli.config.init.get_params event=line locals={}
2026-08-23 05:06:08.854 /testbed/src/instructlab/cli/config/init.py:268 instructlab.cli.config.init.get_params event=line locals={'guide_text': "'  This guide will help you to setup your environment'"}
2026-08-23 05:06:08.855 /testbed/src/instructlab/cli/config/init.py:269 instructlab.cli.config.init.get_params event=line locals={'separator': "'----------------------------------------------------'"}
2026-08-23 05:06:08.855 /testbed/src/instructlab/cli/config/init.py:270 instructlab.cli.config.init.get_params event=line locals={}
2026-08-23 05:06:08.855 /testbed/src/instructlab/cli/config/init.py:269 instructlab.cli.config.init.get_params event=line locals={}
2026-08-23 05:06:08.855 /testbed/src/instructlab/cli/config/init.py:272 instructlab.cli.config.init.get_params event=line locals={}
2026-08-23 05:06:08.855 /testbed/src/instructlab/cli/config/init.py:273 instructlab.cli.config.init.get_params event=line locals={}
2026-08-23 05:06:08.855 /testbed/src/instructlab/cli/config/init.py:272 instructlab.cli.config.init.get_params event=line locals={}
2026-08-23 05:06:08.855 /testbed/src/instructlab/cli/config/init.py:276 instructlab.cli.config.init.get_params event=line locals={}
2026-08-23 05:06:08.855 /testbed/src/instructlab/cli/config/init.py:277 instructlab.cli.config.init.get_params event=line locals={}
2026-08-23 05:06:08.855 /testbed/src/instructlab/cli/config/init.py:278 instructlab.cli.config.init.get_params event=line locals={}
2026-08-23 05:06:08.855 /testbed/src/instructlab/cli/config/init.py:277 instructlab.cli.config.init.get_params event=line locals={}
2026-08-23 05:06:08.855 /testbed/src/instructlab/cli/config/init.py:281 instructlab.cli.config.init.get_params event=line locals={}
2026-08-23 05:06:08.855 /testbed/src/instructlab/cli/config/init.py:282 instructlab.cli.config.init.get_params event=line locals={}
2026-08-23 05:06:08.855 /testbed/src/instructlab/cli/config/init.py:285 instructlab.cli.config.init.get_params event=line locals={'taxonomy_contents': '[]'}
2026-08-23 05:06:08.855 /testbed/src/instructlab/cli/config/init.py:287 instructlab.cli.config.init.get_params event=line locals={}
2026-08-23 05:06:08.855 /testbed/src/instructlab/cli/config/init.py:288 instructlab.cli.config.init.get_params event=line locals={}
2026-08-23 05:06:08.855 /testbed/src/instructlab/cli/config/init.py:289 instructlab.cli.config.init.get_params event=line locals={}
2026-08-23 05:06:08.855 /testbed/src/instructlab/cli/config/init.py:290 instructlab.cli.config.init.get_params event=line locals={}
2026-08-23 05:06:08.856 /testbed/src/instructlab/cli/config/init.py:291 instructlab.cli.config.init.get_params event=line locals={}
2026-08-23 05:06:08.856 /testbed/src/instructlab/cli/config/init.py:289 instructlab.cli.config.init.get_params event=line locals={}
2026-08-23 05:06:08.856 /testbed/src/instructlab/cli/config/init.py:295 instructlab.cli.config.init.get_params event=line locals={}
2026-08-23 05:06:08.856 /testbed/src/instructlab/cli/config/init.py:296 instructlab.cli.config.init.get_params event=line locals={}
2026-08-23 05:06:08.856 /testbed/src/instructlab/cli/config/init.py:297 instructlab.cli.config.init.get_params event=line locals={}
2026-08-23 05:06:08.856 /testbed/src/instructlab/cli/config/init.py:298 instructlab.cli.config.init.get_params event=line locals={'clone_depth': '1'}
2026-08-23 05:06:08.856 /testbed/src/instructlab/cli/config/init.py:299 instructlab.cli.config.init.get_params event=line locals={}
2026-08-23 05:06:08.856 /testbed/src/instructlab/cli/config/init.py:300 instructlab.cli.config.init.get_params event=line locals={}
2026-08-23 05:06:08.856 /testbed/src/instructlab/cli/config/init.py:301 instructlab.cli.config.init.get_params event=line locals={}
2026-08-23 05:06:08.856 /testbed/src/instructlab/cli/config/init.py:302 instructlab.cli.config.init.get_params event=line locals={}
2026-08-23 05:06:08.856 /testbed/src/instructlab/cli/config/init.py:303 instructlab.cli.config.init.get_params event=line locals={}
2026-08-23 05:06:08.856 /testbed/src/instructlab/cli/config/init.py:304 instructlab.cli.config.init.get_params event=line locals={}
2026-08-23 05:06:08.856 /testbed/src/instructlab/cli/config/init.py:299 instructlab.cli.config.init.get_params event=line locals={}
2026-08-23 05:06:08.856 /testbed/src/instructlab/cli/config/init.py:299 instructlab.cli.config.init.get_params event=exception exc=GitError: GitError('alwhsdozkvgrcnyjufqbmxi') locals={}
2026-08-23 05:06:08.856 /testbed/src/instructlab/cli/config/init.py:306 instructlab.cli.config.init.get_params event=line locals={'cfg': "namespace(chat=namespace(model='chat-nevmdulctkbsjarizqhypgxofwnev'), serve=namespace(model_path='serve-nevmdulctkbsjarizqhypgxofwnev'), evaluate=namespace(model='judge-nevmdulctkbsjarizqhypgxofwnev', mt_bench_branch=namespace(taxonomy_path='bench-nevmdulctkbsjarizqhypgxofwnev')), generate=namespace(taxonomy_base='base-nevmdulctkbsjarizqhypgxofwnev', taxonomy_path='taxonomy-nevmdulctkbsjarizqhypgxofwnev'))", 'clone_depth': '1', 'clone_taxonomy_repo': 'True', 'config': "'/tmp/tmpqh07tsp9/settings/generated.yaml'", 'guide_text': "'  This guide will help you to setup your environment'", 'interactive': 'True', 'min_taxonomy': 'True', 'model_path': "'/tmp/tmpqh07tsp9/populated/taxonomy/model.gguf'", 'param_source': '<ParameterSource.COMMANDLINE: 1>', 'repository': "'https://taxonomy.example.invalid/forks/generated/taxonomy.git'", 'separator': "'----------------------------------------------------'", 'taxonomy_contents': '[]', 'taxonomy_path': "'/tmp/tmpqh07tsp9/empty/taxonomy'"}
2026-08-23 05:06:08.856 /testbed/src/instructlab/cli/config/init.py:307 instructlab.cli.config.init.get_params event=line locals={'exc': "GitError('alwhsdozkvgrcnyjufqbmxi')"}
2026-08-23 05:06:08.857 /testbed/src/instructlab/cli/config/init.py:308 instructlab.cli.config.init.get_params event=line locals={}
2026-08-23 05:06:08.857 /testbed/src/instructlab/cli/config/init.py:309 instructlab.cli.config.init.get_params event=line locals={}
2026-08-23 05:06:08.857 /testbed/src/instructlab/cli/config/init.py:309 instructlab.cli.config.init.get_params event=exception exc=Exit: Exit(1) locals={}
2026-08-23 05:06:08.857 /testbed/src/instructlab/cli/config/init.py:309 instructlab.cli.config.init.get_params event=return retval=None locals={'cfg': "namespace(chat=namespace(model='chat-nevmdulctkbsjarizqhypgxofwnev'), serve=namespace(model_path='serve-nevmdulctkbsjarizqhypgxofwnev'), evaluate=namespace(model='judge-nevmdulctkbsjarizqhypgxofwnev', mt_bench_branch=namespace(taxonomy_path='bench-nevmdulctkbsjarizqhypgxofwnev')), generate=namespace(taxonomy_base='base-nevmdulctkbsjarizqhypgxofwnev', taxonomy_path='taxonomy-nevmdulctkbsjarizqhypgxofwnev'))", 'clone_depth': '1', 'clone_taxonomy_repo': 'True', 'config': "'/tmp/tmpqh07tsp9/settings/generated.yaml'", 'guide_text': "'  This guide will help you to setup your environment'", 'interactive': 'True', 'min_taxonomy': 'True', 'model_path': "'/tmp/tmpqh07tsp9/populated/taxonomy/model.gguf'", 'param_source': '<ParameterSource.COMMANDLINE: 1>', 'repository': "'https://taxonomy.example.invalid/forks/generated/taxonomy.git'", 'separator': "'----------------------------------------------------'", 'taxonomy_contents': '[]', 'taxonomy_path': "'/tmp/tmpqh07tsp9/empty/taxonomy'"}
