2026-07-15 04:13:06.607 [TRACE][START] pid=47 TRACE_OUT='/testbed/logs/llama_factory_qa/llamafy_qwen_save_weight_m3_state/trace.log' TRACE_FILE='scripts/convert_ckpt/llamafy_qwen.py' TRACE_FUNCS=['save_weight'] TRACE_EVENTS=['call', 'exception', 'line', 'return']
2026-07-15 04:13:06.635 /testbed/scripts/convert_ckpt/llamafy_qwen.py:39 scripts.convert_ckpt.llamafy_qwen.save_weight event=call locals={'input_dir': "'/tmp/tmpj3qb8s2o'", 'output_dir': "'/tmp/tmpkuhupj93'", 'save_safetensors': 'False', 'shard_size': "'1GB'"}
2026-07-15 04:13:06.635 /testbed/scripts/convert_ckpt/llamafy_qwen.py:40 scripts.convert_ckpt.llamafy_qwen.save_weight event=line locals={}
2026-07-15 04:13:06.635 /testbed/scripts/convert_ckpt/llamafy_qwen.py:41 scripts.convert_ckpt.llamafy_qwen.save_weight event=line locals={'qwen_state_dict': 'OrderedDict()'}
2026-07-15 04:13:06.636 /testbed/scripts/convert_ckpt/llamafy_qwen.py:42 scripts.convert_ckpt.llamafy_qwen.save_weight event=line locals={'filepath': "'part1.safetensors'"}
2026-07-15 04:13:06.636 /testbed/scripts/convert_ckpt/llamafy_qwen.py:43 scripts.convert_ckpt.llamafy_qwen.save_weight event=line locals={}
2026-07-15 04:13:06.637 /testbed/scripts/convert_ckpt/llamafy_qwen.py:44 scripts.convert_ckpt.llamafy_qwen.save_weight event=line locals={'f': '<testcase._FakeSafeOpen object at 0x720a01229060>'}
2026-07-15 04:13:06.637 /testbed/scripts/convert_ckpt/llamafy_qwen.py:45 scripts.convert_ckpt.llamafy_qwen.save_weight event=line locals={'key': "'transformer.h.0.attn.c_attn.weight'"}
2026-07-15 04:13:06.638 /testbed/scripts/convert_ckpt/llamafy_qwen.py:44 scripts.convert_ckpt.llamafy_qwen.save_weight event=line locals={'qwen_state_dict': "OrderedDict([('transformer.h.0.attn.c_attn.weight', tensor([[ 0.,  1.],\n        [ 2.,  3.],\n        [ 4.,  5.],\n        [ 6.,  7.],\n        [ 8.,  9.],\n        [10., 11.]]))])"}
2026-07-15 04:13:06.639 /testbed/scripts/convert_ckpt/llamafy_qwen.py:45 scripts.convert_ckpt.llamafy_qwen.save_weight event=line locals={'key': "'transformer.h.0.attn.c_proj.weight'"}
2026-07-15 04:13:06.639 /testbed/scripts/convert_ckpt/llamafy_qwen.py:44 scripts.convert_ckpt.llamafy_qwen.save_weight event=line locals={'qwen_state_dict': "OrderedDict([('transformer.h.0.attn.c_attn.weight', tensor([[ 0.,  1.],\n        [ 2.,  3.],\n        [ 4.,  5.],\n        [ 6.,  7.],\n        [ 8.,  9.],\n        [10., 11.]])), ('transformer.h.0.attn.c_proj.weight', tensor([[1., 2.],\n        [3., 4.]]))])"}
2026-07-15 04:13:06.639 /testbed/scripts/convert_ckpt/llamafy_qwen.py:45 scripts.convert_ckpt.llamafy_qwen.save_weight event=line locals={'key': "'transformer.h.0.ln_1.weight'"}
2026-07-15 04:13:06.640 /testbed/scripts/convert_ckpt/llamafy_qwen.py:44 scripts.convert_ckpt.llamafy_qwen.save_weight event=line locals={'qwen_state_dict': "OrderedDict([('transformer.h.0.attn.c_attn.weight', tensor([[ 0.,  1.],\n        [ 2.,  3.],\n        [ 4.,  5.],\n        [ 6.,  7.],\n        [ 8.,  9.],\n        [10., 11.]])), ('transformer.h.0.attn.c_proj.weight', tensor([[1., 2.],\n        [3., 4.]])), ('transformer.h.0.ln_1.weight', tensor([0.1000, 0.2000]))])"}
2026-07-15 04:13:06.640 /testbed/scripts/convert_ckpt/llamafy_qwen.py:45 scripts.convert_ckpt.llamafy_qwen.save_weight event=line locals={'key': "'transformer.h.0.ln_2.weight'"}
2026-07-15 04:13:06.641 /testbed/scripts/convert_ckpt/llamafy_qwen.py:44 scripts.convert_ckpt.llamafy_qwen.save_weight event=line locals={'qwen_state_dict': "OrderedDict([('transformer.h.0.attn.c_attn.weight', tensor([[ 0.,  1.],\n        [ 2.,  3.],\n        [ 4.,  5.],\n        [ 6.,  7.],\n        [ 8.,  9.],\n        [10., 11.]])), ('transformer.h.0.attn.c_proj.weight', tensor([[1., 2.],\n        [3., 4.]])), ('transformer.h.0.ln_1.weight', tensor([0.1000, 0.2000])), ('transformer.h.0.ln_2.weight', tensor([0.3000, 0.4000]))])"}
2026-07-15 04:13:06.641 /testbed/scripts/convert_ckpt/llamafy_qwen.py:43 scripts.convert_ckpt.llamafy_qwen.save_weight event=line locals={}
2026-07-15 04:13:06.641 /testbed/scripts/convert_ckpt/llamafy_qwen.py:41 scripts.convert_ckpt.llamafy_qwen.save_weight event=line locals={}
2026-07-15 04:13:06.642 /testbed/scripts/convert_ckpt/llamafy_qwen.py:42 scripts.convert_ckpt.llamafy_qwen.save_weight event=line locals={'filepath': "'notes.txt'"}
2026-07-15 04:13:06.643 /testbed/scripts/convert_ckpt/llamafy_qwen.py:41 scripts.convert_ckpt.llamafy_qwen.save_weight event=line locals={}
2026-07-15 04:13:06.643 /testbed/scripts/convert_ckpt/llamafy_qwen.py:42 scripts.convert_ckpt.llamafy_qwen.save_weight event=line locals={'filepath': "'part2.safetensors'"}
2026-07-15 04:13:06.644 /testbed/scripts/convert_ckpt/llamafy_qwen.py:43 scripts.convert_ckpt.llamafy_qwen.save_weight event=line locals={}
2026-07-15 04:13:06.645 /testbed/scripts/convert_ckpt/llamafy_qwen.py:44 scripts.convert_ckpt.llamafy_qwen.save_weight event=line locals={'f': '<testcase._FakeSafeOpen object at 0x720a012291e0>'}
2026-07-15 04:13:06.646 /testbed/scripts/convert_ckpt/llamafy_qwen.py:45 scripts.convert_ckpt.llamafy_qwen.save_weight event=line locals={'key': "'transformer.h.0.mlp.w1.weight'"}
2026-07-15 04:13:06.646 /testbed/scripts/convert_ckpt/llamafy_qwen.py:44 scripts.convert_ckpt.llamafy_qwen.save_weight event=line locals={'qwen_state_dict': "OrderedDict([('transformer.h.0.attn.c_attn.weight', tensor([[ 0.,  1.],\n        [ 2.,  3.],\n        [ 4.,  5.],\n        [ 6.,  7.],\n        [ 8.,  9.],\n        [10., 11.]])), ('transformer.h.0.attn.c_proj.weight', tensor([[1., 2.],\n        [3., 4.]])), ('transformer.h.0.ln_1.weight', tensor([0.1000, 0.2000])), ('transformer.h.0.ln_2.weight', tensor([0.3000, 0.4000])), ('transformer.h.0.mlp.w1.weight', tensor([[5., 6.],\n        [7., 8.]]))])"}
2026-07-15 04:13:06.647 /testbed/scripts/convert_ckpt/llamafy_qwen.py:45 scripts.convert_ckpt.llamafy_qwen.save_weight event=line locals={'key': "'transformer.h.0.mlp.w2.weight'"}
2026-07-15 04:13:06.647 /testbed/scripts/convert_ckpt/llamafy_qwen.py:44 scripts.convert_ckpt.llamafy_qwen.save_weight event=line locals={'qwen_state_dict': "OrderedDict([('transformer.h.0.attn.c_attn.weight', tensor([[ 0.,  1.],\n        [ 2.,  3.],\n        [ 4.,  5.],\n        [ 6.,  7.],\n        [ 8.,  9.],\n        [10., 11.]])), ('transformer.h.0.attn.c_proj.weight', tensor([[1., 2.],\n        [3., 4.]])), ('transformer.h.0.ln_1.weight', tensor([0.1000, 0.2000])), ('transformer.h.0.ln_2.weight', tensor([0.3000, 0.4000])), ('transformer.h.0.mlp.w1.weight', tensor([[5., 6.],\n        [7., 8.]])), ('transformer.h.0.mlp.w2.weight', tensor([[ 9., 10.],\n  ..."}
2026-07-15 04:13:06.648 /testbed/scripts/convert_ckpt/llamafy_qwen.py:45 scripts.convert_ckpt.llamafy_qwen.save_weight event=line locals={'key': "'transformer.h.0.mlp.c_proj.weight'"}
2026-07-15 04:13:06.649 /testbed/scripts/convert_ckpt/llamafy_qwen.py:44 scripts.convert_ckpt.llamafy_qwen.save_weight event=line locals={}
2026-07-15 04:13:06.650 /testbed/scripts/convert_ckpt/llamafy_qwen.py:45 scripts.convert_ckpt.llamafy_qwen.save_weight event=line locals={'key': "'wte.weight'"}
2026-07-15 04:13:06.651 /testbed/scripts/convert_ckpt/llamafy_qwen.py:44 scripts.convert_ckpt.llamafy_qwen.save_weight event=line locals={}
2026-07-15 04:13:06.652 /testbed/scripts/convert_ckpt/llamafy_qwen.py:45 scripts.convert_ckpt.llamafy_qwen.save_weight event=line locals={'key': "'ln_f.weight'"}
2026-07-15 04:13:06.652 /testbed/scripts/convert_ckpt/llamafy_qwen.py:44 scripts.convert_ckpt.llamafy_qwen.save_weight event=line locals={}
2026-07-15 04:13:06.653 /testbed/scripts/convert_ckpt/llamafy_qwen.py:45 scripts.convert_ckpt.llamafy_qwen.save_weight event=line locals={'key': "'lm_head.weight'"}
2026-07-15 04:13:06.654 /testbed/scripts/convert_ckpt/llamafy_qwen.py:44 scripts.convert_ckpt.llamafy_qwen.save_weight event=line locals={}
2026-07-15 04:13:06.656 /testbed/scripts/convert_ckpt/llamafy_qwen.py:43 scripts.convert_ckpt.llamafy_qwen.save_weight event=line locals={}
2026-07-15 04:13:06.657 /testbed/scripts/convert_ckpt/llamafy_qwen.py:41 scripts.convert_ckpt.llamafy_qwen.save_weight event=line locals={}
2026-07-15 04:13:06.658 /testbed/scripts/convert_ckpt/llamafy_qwen.py:47 scripts.convert_ckpt.llamafy_qwen.save_weight event=line locals={}
2026-07-15 04:13:06.659 /testbed/scripts/convert_ckpt/llamafy_qwen.py:48 scripts.convert_ckpt.llamafy_qwen.save_weight event=line locals={'llama_state_dict': 'OrderedDict()'}
2026-07-15 04:13:06.660 /testbed/scripts/convert_ckpt/llamafy_qwen.py:49 scripts.convert_ckpt.llamafy_qwen.save_weight event=line locals={'torch_dtype': 'None'}
2026-07-15 04:13:06.661 /testbed/scripts/convert_ckpt/llamafy_qwen.py:50 scripts.convert_ckpt.llamafy_qwen.save_weight event=line locals={'key': "'transformer.h.0.attn.c_attn.weight'", 'value': 'tensor([[ 0.,  1.],\n        [ 2.,  3.],\n        [ 4.,  5.],\n        [ 6.,  7.],\n        [ 8.,  9.],\n        [10., 11.]])'}
2026-07-15 04:13:06.663 /testbed/scripts/convert_ckpt/llamafy_qwen.py:51 scripts.convert_ckpt.llamafy_qwen.save_weight event=line locals={}
2026-07-15 04:13:06.664 /testbed/scripts/convert_ckpt/llamafy_qwen.py:52 scripts.convert_ckpt.llamafy_qwen.save_weight event=line locals={'torch_dtype': 'torch.float32'}
2026-07-15 04:13:06.665 /testbed/scripts/convert_ckpt/llamafy_qwen.py:54 scripts.convert_ckpt.llamafy_qwen.save_weight event=line locals={}
2026-07-15 04:13:06.667 /testbed/scripts/convert_ckpt/llamafy_qwen.py:57 scripts.convert_ckpt.llamafy_qwen.save_weight event=line locals={}
2026-07-15 04:13:06.668 /testbed/scripts/convert_ckpt/llamafy_qwen.py:58 scripts.convert_ckpt.llamafy_qwen.save_weight event=line locals={'key': "'model.layers.0.attn.c_attn.weight'"}
2026-07-15 04:13:06.669 /testbed/scripts/convert_ckpt/llamafy_qwen.py:59 scripts.convert_ckpt.llamafy_qwen.save_weight event=line locals={}
2026-07-15 04:13:06.671 /testbed/scripts/convert_ckpt/llamafy_qwen.py:60 scripts.convert_ckpt.llamafy_qwen.save_weight event=line locals={'proj_size': '2'}
2026-07-15 04:13:06.672 /testbed/scripts/convert_ckpt/llamafy_qwen.py:61 scripts.convert_ckpt.llamafy_qwen.save_weight event=line locals={'llama_state_dict': "OrderedDict([('model.layers.0.self_attn.q_proj.weight', tensor([[0., 1.],\n        [2., 3.]]))])"}
2026-07-15 04:13:06.673 /testbed/scripts/convert_ckpt/llamafy_qwen.py:62 scripts.convert_ckpt.llamafy_qwen.save_weight event=line locals={}
2026-07-15 04:13:06.675 /testbed/scripts/convert_ckpt/llamafy_qwen.py:61 scripts.convert_ckpt.llamafy_qwen.save_weight event=line locals={}
2026-07-15 04:13:06.676 /testbed/scripts/convert_ckpt/llamafy_qwen.py:64 scripts.convert_ckpt.llamafy_qwen.save_weight event=line locals={'llama_state_dict': "OrderedDict([('model.layers.0.self_attn.q_proj.weight', tensor([[0., 1.],\n        [2., 3.]])), ('model.layers.0.self_attn.k_proj.weight', tensor([[4., 5.],\n        [6., 7.]]))])"}
2026-07-15 04:13:06.678 /testbed/scripts/convert_ckpt/llamafy_qwen.py:49 scripts.convert_ckpt.llamafy_qwen.save_weight event=line locals={'llama_state_dict': "OrderedDict([('model.layers.0.self_attn.q_proj.weight', tensor([[0., 1.],\n        [2., 3.]])), ('model.layers.0.self_attn.k_proj.weight', tensor([[4., 5.],\n        [6., 7.]])), ('model.layers.0.self_attn.v_proj.weight', tensor([[ 8.,  9.],\n        [10., 11.]]))])"}
2026-07-15 04:13:06.679 /testbed/scripts/convert_ckpt/llamafy_qwen.py:50 scripts.convert_ckpt.llamafy_qwen.save_weight event=line locals={'key': "'transformer.h.0.attn.c_proj.weight'", 'value': 'tensor([[1., 2.],\n        [3., 4.]])'}
2026-07-15 04:13:06.681 /testbed/scripts/convert_ckpt/llamafy_qwen.py:52 scripts.convert_ckpt.llamafy_qwen.save_weight event=line locals={}
2026-07-15 04:13:06.682 /testbed/scripts/convert_ckpt/llamafy_qwen.py:54 scripts.convert_ckpt.llamafy_qwen.save_weight event=line locals={}
2026-07-15 04:13:06.683 /testbed/scripts/convert_ckpt/llamafy_qwen.py:57 scripts.convert_ckpt.llamafy_qwen.save_weight event=line locals={}
2026-07-15 04:13:06.685 /testbed/scripts/convert_ckpt/llamafy_qwen.py:58 scripts.convert_ckpt.llamafy_qwen.save_weight event=line locals={'key': "'model.layers.0.attn.c_proj.weight'"}
2026-07-15 04:13:06.686 /testbed/scripts/convert_ckpt/llamafy_qwen.py:65 scripts.convert_ckpt.llamafy_qwen.save_weight event=line locals={}
2026-07-15 04:13:06.688 /testbed/scripts/convert_ckpt/llamafy_qwen.py:66 scripts.convert_ckpt.llamafy_qwen.save_weight event=line locals={}
2026-07-15 04:13:06.689 /testbed/scripts/convert_ckpt/llamafy_qwen.py:67 scripts.convert_ckpt.llamafy_qwen.save_weight event=line locals={'llama_state_dict': "OrderedDict([('model.layers.0.self_attn.q_proj.weight', tensor([[0., 1.],\n        [2., 3.]])), ('model.layers.0.self_attn.k_proj.weight', tensor([[4., 5.],\n        [6., 7.]])), ('model.layers.0.self_attn.v_proj.weight', tensor([[ 8.,  9.],\n        [10., 11.]])), ('model.layers.0.self_attn.o_proj.weight', tensor([[1., 2.],\n        [3., 4.]]))])"}
2026-07-15 04:13:06.691 /testbed/scripts/convert_ckpt/llamafy_qwen.py:68 scripts.convert_ckpt.llamafy_qwen.save_weight event=line locals={}
2026-07-15 04:13:06.693 /testbed/scripts/convert_ckpt/llamafy_qwen.py:67 scripts.convert_ckpt.llamafy_qwen.save_weight event=line locals={}
2026-07-15 04:13:06.694 /testbed/scripts/convert_ckpt/llamafy_qwen.py:69 scripts.convert_ckpt.llamafy_qwen.save_weight event=line locals={}
2026-07-15 04:13:06.696 /testbed/scripts/convert_ckpt/llamafy_qwen.py:67 scripts.convert_ckpt.llamafy_qwen.save_weight event=line locals={}
2026-07-15 04:13:06.697 /testbed/scripts/convert_ckpt/llamafy_qwen.py:49 scripts.convert_ckpt.llamafy_qwen.save_weight event=line locals={'llama_state_dict': "OrderedDict([('model.layers.0.self_attn.q_proj.weight', tensor([[0., 1.],\n        [2., 3.]])), ('model.layers.0.self_attn.k_proj.weight', tensor([[4., 5.],\n        [6., 7.]])), ('model.layers.0.self_attn.v_proj.weight', tensor([[ 8.,  9.],\n        [10., 11.]])), ('model.layers.0.self_attn.o_proj.weight', tensor([[1., 2.],\n        [3., 4.]])), ('model.layers.0.self_attn.o_proj.bias', tensor([0., 0.]))])"}
2026-07-15 04:13:06.699 /testbed/scripts/convert_ckpt/llamafy_qwen.py:50 scripts.convert_ckpt.llamafy_qwen.save_weight event=line locals={'key': "'transformer.h.0.ln_1.weight'", 'value': 'tensor([0.1000, 0.2000])'}
2026-07-15 04:13:06.701 /testbed/scripts/convert_ckpt/llamafy_qwen.py:52 scripts.convert_ckpt.llamafy_qwen.save_weight event=line locals={}
2026-07-15 04:13:06.702 /testbed/scripts/convert_ckpt/llamafy_qwen.py:54 scripts.convert_ckpt.llamafy_qwen.save_weight event=line locals={}
2026-07-15 04:13:06.704 /testbed/scripts/convert_ckpt/llamafy_qwen.py:57 scripts.convert_ckpt.llamafy_qwen.save_weight event=line locals={}
2026-07-15 04:13:06.706 /testbed/scripts/convert_ckpt/llamafy_qwen.py:58 scripts.convert_ckpt.llamafy_qwen.save_weight event=line locals={'key': "'model.layers.0.ln_1.weight'"}
2026-07-15 04:13:06.707 /testbed/scripts/convert_ckpt/llamafy_qwen.py:65 scripts.convert_ckpt.llamafy_qwen.save_weight event=line locals={}
2026-07-15 04:13:06.709 /testbed/scripts/convert_ckpt/llamafy_qwen.py:70 scripts.convert_ckpt.llamafy_qwen.save_weight event=line locals={}
2026-07-15 04:13:06.710 /testbed/scripts/convert_ckpt/llamafy_qwen.py:71 scripts.convert_ckpt.llamafy_qwen.save_weight event=line locals={}
2026-07-15 04:13:06.712 /testbed/scripts/convert_ckpt/llamafy_qwen.py:49 scripts.convert_ckpt.llamafy_qwen.save_weight event=line locals={'llama_state_dict': "OrderedDict([('model.layers.0.self_attn.q_proj.weight', tensor([[0., 1.],\n        [2., 3.]])), ('model.layers.0.self_attn.k_proj.weight', tensor([[4., 5.],\n        [6., 7.]])), ('model.layers.0.self_attn.v_proj.weight', tensor([[ 8.,  9.],\n        [10., 11.]])), ('model.layers.0.self_attn.o_proj.weight', tensor([[1., 2.],\n        [3., 4.]])), ('model.layers.0.self_attn.o_proj.bias', tensor([0., 0.])), ('model.layers.0.input_layernorm.weight', tensor([0.1000, 0.2000]))])"}
2026-07-15 04:13:06.714 /testbed/scripts/convert_ckpt/llamafy_qwen.py:50 scripts.convert_ckpt.llamafy_qwen.save_weight event=line locals={'key': "'transformer.h.0.ln_2.weight'", 'value': 'tensor([0.3000, 0.4000])'}
2026-07-15 04:13:06.715 /testbed/scripts/convert_ckpt/llamafy_qwen.py:52 scripts.convert_ckpt.llamafy_qwen.save_weight event=line locals={}
2026-07-15 04:13:06.717 /testbed/scripts/convert_ckpt/llamafy_qwen.py:54 scripts.convert_ckpt.llamafy_qwen.save_weight event=line locals={}
2026-07-15 04:13:06.719 /testbed/scripts/convert_ckpt/llamafy_qwen.py:57 scripts.convert_ckpt.llamafy_qwen.save_weight event=line locals={}
2026-07-15 04:13:06.720 /testbed/scripts/convert_ckpt/llamafy_qwen.py:58 scripts.convert_ckpt.llamafy_qwen.save_weight event=line locals={'key': "'model.layers.0.ln_2.weight'"}
2026-07-15 04:13:06.722 /testbed/scripts/convert_ckpt/llamafy_qwen.py:65 scripts.convert_ckpt.llamafy_qwen.save_weight event=line locals={}
2026-07-15 04:13:06.724 /testbed/scripts/convert_ckpt/llamafy_qwen.py:70 scripts.convert_ckpt.llamafy_qwen.save_weight event=line locals={}
2026-07-15 04:13:06.725 /testbed/scripts/convert_ckpt/llamafy_qwen.py:72 scripts.convert_ckpt.llamafy_qwen.save_weight event=line locals={}
2026-07-15 04:13:06.727 /testbed/scripts/convert_ckpt/llamafy_qwen.py:73 scripts.convert_ckpt.llamafy_qwen.save_weight event=line locals={}
2026-07-15 04:13:06.729 /testbed/scripts/convert_ckpt/llamafy_qwen.py:49 scripts.convert_ckpt.llamafy_qwen.save_weight event=line locals={'llama_state_dict': "OrderedDict([('model.layers.0.self_attn.q_proj.weight', tensor([[0., 1.],\n        [2., 3.]])), ('model.layers.0.self_attn.k_proj.weight', tensor([[4., 5.],\n        [6., 7.]])), ('model.layers.0.self_attn.v_proj.weight', tensor([[ 8.,  9.],\n        [10., 11.]])), ('model.layers.0.self_attn.o_proj.weight', tensor([[1., 2.],\n        [3., 4.]])), ('model.layers.0.self_attn.o_proj.bias', tensor([0., 0.])), ('model.layers.0.input_layernorm.weight', tensor([0.1000, 0.2000])), ('model.layers.0.post_atte..."}
2026-07-15 04:13:06.731 /testbed/scripts/convert_ckpt/llamafy_qwen.py:50 scripts.convert_ckpt.llamafy_qwen.save_weight event=line locals={'key': "'transformer.h.0.mlp.w1.weight'", 'value': 'tensor([[5., 6.],\n        [7., 8.]])'}
2026-07-15 04:13:06.732 /testbed/scripts/convert_ckpt/llamafy_qwen.py:52 scripts.convert_ckpt.llamafy_qwen.save_weight event=line locals={}
2026-07-15 04:13:06.734 /testbed/scripts/convert_ckpt/llamafy_qwen.py:54 scripts.convert_ckpt.llamafy_qwen.save_weight event=line locals={}
2026-07-15 04:13:06.736 /testbed/scripts/convert_ckpt/llamafy_qwen.py:57 scripts.convert_ckpt.llamafy_qwen.save_weight event=line locals={}
2026-07-15 04:13:06.738 /testbed/scripts/convert_ckpt/llamafy_qwen.py:58 scripts.convert_ckpt.llamafy_qwen.save_weight event=line locals={'key': "'model.layers.0.mlp.w1.weight'"}
2026-07-15 04:13:06.740 /testbed/scripts/convert_ckpt/llamafy_qwen.py:65 scripts.convert_ckpt.llamafy_qwen.save_weight event=line locals={}
2026-07-15 04:13:06.742 /testbed/scripts/convert_ckpt/llamafy_qwen.py:70 scripts.convert_ckpt.llamafy_qwen.save_weight event=line locals={}
2026-07-15 04:13:06.743 /testbed/scripts/convert_ckpt/llamafy_qwen.py:72 scripts.convert_ckpt.llamafy_qwen.save_weight event=line locals={}
2026-07-15 04:13:06.745 /testbed/scripts/convert_ckpt/llamafy_qwen.py:74 scripts.convert_ckpt.llamafy_qwen.save_weight event=line locals={}
2026-07-15 04:13:06.747 /testbed/scripts/convert_ckpt/llamafy_qwen.py:75 scripts.convert_ckpt.llamafy_qwen.save_weight event=line locals={}
2026-07-15 04:13:06.749 /testbed/scripts/convert_ckpt/llamafy_qwen.py:49 scripts.convert_ckpt.llamafy_qwen.save_weight event=line locals={}
2026-07-15 04:13:06.751 /testbed/scripts/convert_ckpt/llamafy_qwen.py:50 scripts.convert_ckpt.llamafy_qwen.save_weight event=line locals={'key': "'transformer.h.0.mlp.w2.weight'", 'value': 'tensor([[ 9., 10.],\n        [11., 12.]])'}
2026-07-15 04:13:06.753 /testbed/scripts/convert_ckpt/llamafy_qwen.py:52 scripts.convert_ckpt.llamafy_qwen.save_weight event=line locals={}
2026-07-15 04:13:06.754 /testbed/scripts/convert_ckpt/llamafy_qwen.py:54 scripts.convert_ckpt.llamafy_qwen.save_weight event=line locals={}
2026-07-15 04:13:06.756 /testbed/scripts/convert_ckpt/llamafy_qwen.py:57 scripts.convert_ckpt.llamafy_qwen.save_weight event=line locals={}
2026-07-15 04:13:06.758 /testbed/scripts/convert_ckpt/llamafy_qwen.py:58 scripts.convert_ckpt.llamafy_qwen.save_weight event=line locals={'key': "'model.layers.0.mlp.w2.weight'"}
2026-07-15 04:13:06.760 /testbed/scripts/convert_ckpt/llamafy_qwen.py:65 scripts.convert_ckpt.llamafy_qwen.save_weight event=line locals={}
2026-07-15 04:13:06.762 /testbed/scripts/convert_ckpt/llamafy_qwen.py:70 scripts.convert_ckpt.llamafy_qwen.save_weight event=line locals={}
2026-07-15 04:13:06.764 /testbed/scripts/convert_ckpt/llamafy_qwen.py:72 scripts.convert_ckpt.llamafy_qwen.save_weight event=line locals={}
2026-07-15 04:13:06.766 /testbed/scripts/convert_ckpt/llamafy_qwen.py:74 scripts.convert_ckpt.llamafy_qwen.save_weight event=line locals={}
2026-07-15 04:13:06.768 /testbed/scripts/convert_ckpt/llamafy_qwen.py:76 scripts.convert_ckpt.llamafy_qwen.save_weight event=line locals={}
2026-07-15 04:13:06.770 /testbed/scripts/convert_ckpt/llamafy_qwen.py:77 scripts.convert_ckpt.llamafy_qwen.save_weight event=line locals={}
2026-07-15 04:13:06.772 /testbed/scripts/convert_ckpt/llamafy_qwen.py:49 scripts.convert_ckpt.llamafy_qwen.save_weight event=line locals={}
2026-07-15 04:13:06.774 /testbed/scripts/convert_ckpt/llamafy_qwen.py:50 scripts.convert_ckpt.llamafy_qwen.save_weight event=line locals={'key': "'transformer.h.0.mlp.c_proj.weight'", 'value': 'tensor([[13., 14.],\n        [15., 16.]])'}
2026-07-15 04:13:06.776 /testbed/scripts/convert_ckpt/llamafy_qwen.py:52 scripts.convert_ckpt.llamafy_qwen.save_weight event=line locals={}
2026-07-15 04:13:06.778 /testbed/scripts/convert_ckpt/llamafy_qwen.py:54 scripts.convert_ckpt.llamafy_qwen.save_weight event=line locals={}
2026-07-15 04:13:06.780 /testbed/scripts/convert_ckpt/llamafy_qwen.py:57 scripts.convert_ckpt.llamafy_qwen.save_weight event=line locals={}
2026-07-15 04:13:06.782 /testbed/scripts/convert_ckpt/llamafy_qwen.py:58 scripts.convert_ckpt.llamafy_qwen.save_weight event=line locals={'key': "'model.layers.0.mlp.c_proj.weight'"}
2026-07-15 04:13:06.784 /testbed/scripts/convert_ckpt/llamafy_qwen.py:65 scripts.convert_ckpt.llamafy_qwen.save_weight event=line locals={}
2026-07-15 04:13:06.786 /testbed/scripts/convert_ckpt/llamafy_qwen.py:70 scripts.convert_ckpt.llamafy_qwen.save_weight event=line locals={}
2026-07-15 04:13:06.788 /testbed/scripts/convert_ckpt/llamafy_qwen.py:72 scripts.convert_ckpt.llamafy_qwen.save_weight event=line locals={}
2026-07-15 04:13:06.790 /testbed/scripts/convert_ckpt/llamafy_qwen.py:74 scripts.convert_ckpt.llamafy_qwen.save_weight event=line locals={}
2026-07-15 04:13:06.792 /testbed/scripts/convert_ckpt/llamafy_qwen.py:76 scripts.convert_ckpt.llamafy_qwen.save_weight event=line locals={}
2026-07-15 04:13:06.794 /testbed/scripts/convert_ckpt/llamafy_qwen.py:78 scripts.convert_ckpt.llamafy_qwen.save_weight event=line locals={}
2026-07-15 04:13:06.796 /testbed/scripts/convert_ckpt/llamafy_qwen.py:79 scripts.convert_ckpt.llamafy_qwen.save_weight event=line locals={}
2026-07-15 04:13:06.798 /testbed/scripts/convert_ckpt/llamafy_qwen.py:49 scripts.convert_ckpt.llamafy_qwen.save_weight event=line locals={}
2026-07-15 04:13:06.800 /testbed/scripts/convert_ckpt/llamafy_qwen.py:50 scripts.convert_ckpt.llamafy_qwen.save_weight event=line locals={'key': "'wte.weight'", 'value': 'tensor([[0.5000, 0.6000],\n        [0.7000, 0.8000],\n        [0.9000, 1.0000]])'}
2026-07-15 04:13:06.802 /testbed/scripts/convert_ckpt/llamafy_qwen.py:52 scripts.convert_ckpt.llamafy_qwen.save_weight event=line locals={}
2026-07-15 04:13:06.804 /testbed/scripts/convert_ckpt/llamafy_qwen.py:53 scripts.convert_ckpt.llamafy_qwen.save_weight event=line locals={}
2026-07-15 04:13:06.806 /testbed/scripts/convert_ckpt/llamafy_qwen.py:49 scripts.convert_ckpt.llamafy_qwen.save_weight event=line locals={}
2026-07-15 04:13:06.808 /testbed/scripts/convert_ckpt/llamafy_qwen.py:50 scripts.convert_ckpt.llamafy_qwen.save_weight event=line locals={'key': "'ln_f.weight'", 'value': 'tensor([1.1000, 1.2000])'}
2026-07-15 04:13:06.811 /testbed/scripts/convert_ckpt/llamafy_qwen.py:52 scripts.convert_ckpt.llamafy_qwen.save_weight event=line locals={}
2026-07-15 04:13:06.813 /testbed/scripts/convert_ckpt/llamafy_qwen.py:54 scripts.convert_ckpt.llamafy_qwen.save_weight event=line locals={}
2026-07-15 04:13:06.815 /testbed/scripts/convert_ckpt/llamafy_qwen.py:55 scripts.convert_ckpt.llamafy_qwen.save_weight event=line locals={}
2026-07-15 04:13:06.817 /testbed/scripts/convert_ckpt/llamafy_qwen.py:49 scripts.convert_ckpt.llamafy_qwen.save_weight event=line locals={}
2026-07-15 04:13:06.820 /testbed/scripts/convert_ckpt/llamafy_qwen.py:50 scripts.convert_ckpt.llamafy_qwen.save_weight event=line locals={'key': "'lm_head.weight'", 'value': 'tensor([[2.1000, 2.2000],\n        [2.3000, 2.4000],\n        [2.5000, 2.6000]])'}
2026-07-15 04:13:06.822 /testbed/scripts/convert_ckpt/llamafy_qwen.py:52 scripts.convert_ckpt.llamafy_qwen.save_weight event=line locals={}
2026-07-15 04:13:06.824 /testbed/scripts/convert_ckpt/llamafy_qwen.py:54 scripts.convert_ckpt.llamafy_qwen.save_weight event=line locals={}
2026-07-15 04:13:06.826 /testbed/scripts/convert_ckpt/llamafy_qwen.py:57 scripts.convert_ckpt.llamafy_qwen.save_weight event=line locals={}
2026-07-15 04:13:06.829 /testbed/scripts/convert_ckpt/llamafy_qwen.py:58 scripts.convert_ckpt.llamafy_qwen.save_weight event=line locals={}
2026-07-15 04:13:06.831 /testbed/scripts/convert_ckpt/llamafy_qwen.py:65 scripts.convert_ckpt.llamafy_qwen.save_weight event=line locals={}
2026-07-15 04:13:06.833 /testbed/scripts/convert_ckpt/llamafy_qwen.py:70 scripts.convert_ckpt.llamafy_qwen.save_weight event=line locals={}
2026-07-15 04:13:06.835 /testbed/scripts/convert_ckpt/llamafy_qwen.py:72 scripts.convert_ckpt.llamafy_qwen.save_weight event=line locals={}
2026-07-15 04:13:06.838 /testbed/scripts/convert_ckpt/llamafy_qwen.py:74 scripts.convert_ckpt.llamafy_qwen.save_weight event=line locals={}
2026-07-15 04:13:06.842 /testbed/scripts/convert_ckpt/llamafy_qwen.py:76 scripts.convert_ckpt.llamafy_qwen.save_weight event=line locals={}
2026-07-15 04:13:06.844 /testbed/scripts/convert_ckpt/llamafy_qwen.py:78 scripts.convert_ckpt.llamafy_qwen.save_weight event=line locals={}
2026-07-15 04:13:06.846 /testbed/scripts/convert_ckpt/llamafy_qwen.py:80 scripts.convert_ckpt.llamafy_qwen.save_weight event=line locals={}
2026-07-15 04:13:06.848 /testbed/scripts/convert_ckpt/llamafy_qwen.py:81 scripts.convert_ckpt.llamafy_qwen.save_weight event=line locals={}
2026-07-15 04:13:06.850 /testbed/scripts/convert_ckpt/llamafy_qwen.py:49 scripts.convert_ckpt.llamafy_qwen.save_weight event=line locals={}
2026-07-15 04:13:06.853 /testbed/scripts/convert_ckpt/llamafy_qwen.py:85 scripts.convert_ckpt.llamafy_qwen.save_weight event=line locals={}
2026-07-15 04:13:06.855 /testbed/scripts/convert_ckpt/llamafy_qwen.py:86 scripts.convert_ckpt.llamafy_qwen.save_weight event=line locals={'weights_name': "'pytorch_model.bin'"}
2026-07-15 04:13:06.857 /testbed/scripts/convert_ckpt/llamafy_qwen.py:87 scripts.convert_ckpt.llamafy_qwen.save_weight event=line locals={'filename_pattern': "'pytorch_model{suffix}.bin'"}
2026-07-15 04:13:06.860 /testbed/scripts/convert_ckpt/llamafy_qwen.py:88 scripts.convert_ckpt.llamafy_qwen.save_weight event=line locals={}
2026-07-15 04:13:06.862 /testbed/scripts/convert_ckpt/llamafy_qwen.py:87 scripts.convert_ckpt.llamafy_qwen.save_weight event=line locals={}
2026-07-15 04:13:06.865 /testbed/scripts/convert_ckpt/llamafy_qwen.py:90 scripts.convert_ckpt.llamafy_qwen.save_weight event=line locals={'state_dict_split': "namespace(filename_to_tensors={'pytorch_model-00001-of-00002.bin': ['model.embed_tokens.weight', 'model.layers.0.self_attn.q_proj.weight', 'model.layers.0.self_attn.k_proj.weight', 'model.layers.0.self_attn.v_proj.weight', 'model.layers.0.self_attn.o_proj.weight', 'model.layers.0.self_attn.o_proj.bias'], 'pytorch_model-00002-of-00002.bin': ['model.layers.0.input_layernorm.weight', 'model.layers.0.post_attention_layernorm.weight', 'model.layers.0.mlp.up_proj.weight', 'model.layers.0.mlp.gate_proj..."}
2026-07-15 04:13:06.867 /testbed/scripts/convert_ckpt/llamafy_qwen.py:91 scripts.convert_ckpt.llamafy_qwen.save_weight event=line locals={'shard_file': "'pytorch_model-00001-of-00002.bin'", 'tensors': "['model.embed_tokens.weight', 'model.layers.0.self_attn.q_proj.weight', 'model.layers.0.self_attn.k_proj.weight', 'model.layers.0.self_attn.v_proj.weight', 'model.layers.0.self_attn.o_proj.weight', 'model.layers.0.self_attn.o_proj.bias']"}
2026-07-15 04:13:06.870 /testbed/scripts/convert_ckpt/llamafy_qwen.py:92 scripts.convert_ckpt.llamafy_qwen.save_weight event=line locals={'shard': "{'model.embed_tokens.weight': tensor([[0.5000, 0.6000],\n        [0.7000, 0.8000],\n        [0.9000, 1.0000]]), 'model.layers.0.self_attn.q_proj.weight': tensor([[0., 1.],\n        [2., 3.]]), 'model.layers.0.self_attn.k_proj.weight': tensor([[4., 5.],\n        [6., 7.]]), 'model.layers.0.self_attn.v_proj.weight': tensor([[ 8.,  9.],\n        [10., 11.]]), 'model.layers.0.self_attn.o_proj.weight': tensor([[1., 2.],\n        [3., 4.]]), 'model.layers.0.self_attn.o_proj.bias': tensor([0., 0.])}"}
2026-07-15 04:13:06.873 /testbed/scripts/convert_ckpt/llamafy_qwen.py:95 scripts.convert_ckpt.llamafy_qwen.save_weight event=line locals={}
2026-07-15 04:13:06.876 /testbed/scripts/convert_ckpt/llamafy_qwen.py:90 scripts.convert_ckpt.llamafy_qwen.save_weight event=line locals={}
2026-07-15 04:13:06.879 /testbed/scripts/convert_ckpt/llamafy_qwen.py:91 scripts.convert_ckpt.llamafy_qwen.save_weight event=line locals={'shard_file': "'pytorch_model-00002-of-00002.bin'", 'tensors': "['model.layers.0.input_layernorm.weight', 'model.layers.0.post_attention_layernorm.weight', 'model.layers.0.mlp.up_proj.weight', 'model.layers.0.mlp.gate_proj.weight', 'model.layers.0.mlp.down_proj.weight', 'model.norm.weight', 'lm_head.weight']"}
2026-07-15 04:13:06.882 /testbed/scripts/convert_ckpt/llamafy_qwen.py:92 scripts.convert_ckpt.llamafy_qwen.save_weight event=line locals={'shard': "{'model.layers.0.input_layernorm.weight': tensor([0.1000, 0.2000]), 'model.layers.0.post_attention_layernorm.weight': tensor([0.3000, 0.4000]), 'model.layers.0.mlp.up_proj.weight': tensor([[5., 6.],\n        [7., 8.]]), 'model.layers.0.mlp.gate_proj.weight': tensor([[ 9., 10.],\n        [11., 12.]]), 'model.layers.0.mlp.down_proj.weight': tensor([[13., 14.],\n        [15., 16.]]), 'model.norm.weight': tensor([1.1000, 1.2000]), 'lm_head.weight': tensor([[2.1000, 2.2000],\n        [2.3000, 2.4000],\n  ..."}
2026-07-15 04:13:06.885 /testbed/scripts/convert_ckpt/llamafy_qwen.py:95 scripts.convert_ckpt.llamafy_qwen.save_weight event=line locals={}
2026-07-15 04:13:06.888 /testbed/scripts/convert_ckpt/llamafy_qwen.py:90 scripts.convert_ckpt.llamafy_qwen.save_weight event=line locals={}
2026-07-15 04:13:06.891 /testbed/scripts/convert_ckpt/llamafy_qwen.py:97 scripts.convert_ckpt.llamafy_qwen.save_weight event=line locals={}
2026-07-15 04:13:06.894 /testbed/scripts/convert_ckpt/llamafy_qwen.py:101 scripts.convert_ckpt.llamafy_qwen.save_weight event=line locals={}
2026-07-15 04:13:06.897 /testbed/scripts/convert_ckpt/llamafy_qwen.py:102 scripts.convert_ckpt.llamafy_qwen.save_weight event=line locals={}
2026-07-15 04:13:06.899 /testbed/scripts/convert_ckpt/llamafy_qwen.py:100 scripts.convert_ckpt.llamafy_qwen.save_weight event=line locals={}
2026-07-15 04:13:06.902 /testbed/scripts/convert_ckpt/llamafy_qwen.py:104 scripts.convert_ckpt.llamafy_qwen.save_weight event=line locals={'index': "{'metadata': {'total_size': 1234}, 'weight_map': {'model.embed_tokens.weight': 'pytorch_model-00001-of-00002.bin', 'model.layers.0.self_attn.q_proj.weight': 'pytorch_model-00001-of-00002.bin', 'model.layers.0.self_attn.k_proj.weight': 'pytorch_model-00001-of-00002.bin', 'model.layers.0.self_attn.v_proj.weight': 'pytorch_model-00001-of-00002.bin', 'model.layers.0.self_attn.o_proj.weight': 'pytorch_model-00001-of-00002.bin', 'model.layers.0.self_attn.o_proj.bias': 'pytorch_model-00001-of-00002.bin..."}
2026-07-15 04:13:06.905 /testbed/scripts/convert_ckpt/llamafy_qwen.py:105 scripts.convert_ckpt.llamafy_qwen.save_weight event=line locals={'index_name': "'pytorch_model.bin.index.json'"}
2026-07-15 04:13:06.908 /testbed/scripts/convert_ckpt/llamafy_qwen.py:106 scripts.convert_ckpt.llamafy_qwen.save_weight event=line locals={'f': "<_io.TextIOWrapper name='/tmp/tmpkuhupj93/pytorch_model.bin.index.json' mode='w' encoding='utf-8'>"}
2026-07-15 04:13:06.913 /testbed/scripts/convert_ckpt/llamafy_qwen.py:105 scripts.convert_ckpt.llamafy_qwen.save_weight event=line locals={}
2026-07-15 04:13:06.916 /testbed/scripts/convert_ckpt/llamafy_qwen.py:108 scripts.convert_ckpt.llamafy_qwen.save_weight event=line locals={}
2026-07-15 04:13:06.919 /testbed/scripts/convert_ckpt/llamafy_qwen.py:110 scripts.convert_ckpt.llamafy_qwen.save_weight event=line locals={}
2026-07-15 04:13:06.922 /testbed/scripts/convert_ckpt/llamafy_qwen.py:110 scripts.convert_ckpt.llamafy_qwen.save_weight event=return retval='float32' locals={'f': "<_io.TextIOWrapper name='/tmp/tmpkuhupj93/pytorch_model.bin.index.json' mode='w' encoding='utf-8'>", 'filename_pattern': "'pytorch_model{suffix}.bin'", 'filepath': "'part2.safetensors'", 'index': "{'metadata': {'total_size': 1234}, 'weight_map': {'model.embed_tokens.weight': 'pytorch_model-00001-of-00002.bin', 'model.layers.0.self_attn.q_proj.weight': 'pytorch_model-00001-of-00002.bin', 'model.layers.0.self_attn.k_proj.weight': 'pytorch_model-00001-of-00002.bin', 'model.layers.0.self_attn.v_proj.weight': 'pytorch_model-00001-of-00002.bin', 'model.layers.0.self_attn.o_proj.weight': 'pytorch_model-00001-of-00002.bin', 'model.layers.0.self_attn.o_proj.bias': 'pytorch_model-00001-of-00002.bin...", 'index_name': "'pytorch_model.bin.index.json'", 'input_dir': "'/tmp/tmpj3qb8s2o'", 'key': "'lm_head.weight'", 'llama_state_dict': "OrderedDict([('model.layers.0.self_attn.q_proj.weight', tensor([[0., 1.],\n        [2., 3.]])), ('model.layers.0.self_attn.k_proj.weight', tensor([[4., 5.],\n        [6., 7.]])), ('model.layers.0.self_attn.v_proj.weight', tensor([[ 8.,  9.],\n        [10., 11.]])), ('model.layers.0.self_attn.o_proj.weight', tensor([[1., 2.],\n        [3., 4.]])), ('model.layers.0.self_attn.o_proj.bias', tensor([0., 0.])), ('model.layers.0.input_layernorm.weight', tensor([0.1000, 0.2000])), ('model.layers.0.post_atte...", 'output_dir': "'/tmp/tmpkuhupj93'", 'proj_size': '2', 'qwen_state_dict': "OrderedDict([('transformer.h.0.attn.c_attn.weight', tensor([[ 0.,  1.],\n        [ 2.,  3.],\n        [ 4.,  5.],\n        [ 6.,  7.],\n        [ 8.,  9.],\n        [10., 11.]])), ('transformer.h.0.attn.c_proj.weight', tensor([[1., 2.],\n        [3., 4.]])), ('transformer.h.0.ln_1.weight', tensor([0.1000, 0.2000])), ('transformer.h.0.ln_2.weight', tensor([0.3000, 0.4000])), ('transformer.h.0.mlp.w1.weight', tensor([[5., 6.],\n        [7., 8.]])), ('transformer.h.0.mlp.w2.weight', tensor([[ 9., 10.],\n  ...", 'save_safetensors': 'False', 'shard': "{'model.layers.0.input_layernorm.weight': tensor([0.1000, 0.2000]), 'model.layers.0.post_attention_layernorm.weight': tensor([0.3000, 0.4000]), 'model.layers.0.mlp.up_proj.weight': tensor([[5., 6.],\n        [7., 8.]]), 'model.layers.0.mlp.gate_proj.weight': tensor([[ 9., 10.],\n        [11., 12.]]), 'model.layers.0.mlp.down_proj.weight': tensor([[13., 14.],\n        [15., 16.]]), 'model.norm.weight': tensor([1.1000, 1.2000]), 'lm_head.weight': tensor([[2.1000, 2.2000],\n        [2.3000, 2.4000],\n  ...", 'shard_file': "'pytorch_model-00002-of-00002.bin'", 'shard_size': "'1GB'", 'state_dict_split': "namespace(filename_to_tensors={'pytorch_model-00001-of-00002.bin': ['model.embed_tokens.weight', 'model.layers.0.self_attn.q_proj.weight', 'model.layers.0.self_attn.k_proj.weight', 'model.layers.0.self_attn.v_proj.weight', 'model.layers.0.self_attn.o_proj.weight', 'model.layers.0.self_attn.o_proj.bias'], 'pytorch_model-00002-of-00002.bin': ['model.layers.0.input_layernorm.weight', 'model.layers.0.post_attention_layernorm.weight', 'model.layers.0.mlp.up_proj.weight', 'model.layers.0.mlp.gate_proj...", 'tensors': "['model.layers.0.input_layernorm.weight', 'model.layers.0.post_attention_layernorm.weight', 'model.layers.0.mlp.up_proj.weight', 'model.layers.0.mlp.gate_proj.weight', 'model.layers.0.mlp.down_proj.weight', 'model.norm.weight', 'lm_head.weight']", 'torch_dtype': 'torch.float32', 'value': 'tensor([[2.1000, 2.2000],\n        [2.3000, 2.4000],\n        [2.5000, 2.6000]])', 'weights_name': "'pytorch_model.bin'"}
