2026-08-23 04:32:56.659 [TRACE][START] pid=47 TRACE_OUT='/testbed/logs/scrapy_qa/engine_close_spider_async_s5_exceptions__pert_llm_s0/trace.log' TRACE_FILE='scrapy/core/engine.py' TRACE_FUNCS=['ExecutionEngine.close_spider_async'] TRACE_EVENTS=['call', 'exception', 'line', 'return']
2026-08-23 04:32:56.686 /testbed/scrapy/core/engine.py:628 scrapy.core.engine.ExecutionEngine.close_spider_async event=call locals={'reason': "'huhuhuhuhuhuhuhuhuhuhuhuhuhuhuhuhuhuhuhuhuhuhuhuhuhuh'", 'self': '<scrapy.core.engine.ExecutionEngine object at 0x748926ba90d0>'}
2026-08-23 04:32:56.686 /testbed/scrapy/core/engine.py:633 scrapy.core.engine.ExecutionEngine.close_spider_async event=line locals={}
2026-08-23 04:32:56.686 /testbed/scrapy/core/engine.py:636 scrapy.core.engine.ExecutionEngine.close_spider_async event=line locals={}
2026-08-23 04:32:56.686 /testbed/scrapy/core/engine.py:639 scrapy.core.engine.ExecutionEngine.close_spider_async event=line locals={}
2026-08-23 04:32:56.686 /testbed/scrapy/core/engine.py:643 scrapy.core.engine.ExecutionEngine.close_spider_async event=line locals={}
2026-08-23 04:32:56.686 /testbed/scrapy/core/engine.py:645 scrapy.core.engine.ExecutionEngine.close_spider_async event=line locals={'spider': "namespace(name='repogen-heterogeneous-close-spider-alpha')"}
2026-08-23 04:32:56.686 /testbed/scrapy/core/engine.py:646 scrapy.core.engine.ExecutionEngine.close_spider_async event=line locals={}
2026-08-23 04:32:56.686 /testbed/scrapy/core/engine.py:645 scrapy.core.engine.ExecutionEngine.close_spider_async event=line locals={}
2026-08-23 04:32:56.686 /testbed/scrapy/core/engine.py:649 scrapy.core.engine.ExecutionEngine.close_spider_async event=line locals={}
2026-08-23 04:32:56.686 /testbed/scrapy/core/engine.py:650 scrapy.core.engine.ExecutionEngine.close_spider_async event=line locals={}
2026-08-23 04:32:56.687 /testbed/scrapy/core/engine.py:650 scrapy.core.engine.ExecutionEngine.close_spider_async event=exception exc=ValueError: ValueError("invalid literal for int() with base 10: 'norwdmxkzqjebabejqzkxmdwronorwdmxkzqjebabejqzkx'") locals={}
2026-08-23 04:32:56.687 /testbed/scrapy/core/engine.py:651 scrapy.core.engine.ExecutionEngine.close_spider_async event=line locals={'reason': "'huhuhuhuhuhuhuhuhuhuhuhuhuhuhuhuhuhuhuhuhuhuhuhuhuhuh'", 'self': '<scrapy.core.engine.ExecutionEngine object at 0x748926ba90d0>', 'spider': "namespace(name='repogen-heterogeneous-close-spider-alpha')"}
2026-08-23 04:32:56.687 /testbed/scrapy/core/engine.py:652 scrapy.core.engine.ExecutionEngine.close_spider_async event=line locals={}
2026-08-23 04:32:56.690 /testbed/scrapy/core/engine.py:654 scrapy.core.engine.ExecutionEngine.close_spider_async event=line locals={}
2026-08-23 04:32:56.690 /testbed/scrapy/core/engine.py:655 scrapy.core.engine.ExecutionEngine.close_spider_async event=line locals={}
2026-08-23 04:32:56.690 /testbed/scrapy/core/engine.py:655 scrapy.core.engine.ExecutionEngine.close_spider_async event=exception exc=KeyError: KeyError(16246) locals={}
2026-08-23 04:32:56.690 /testbed/scrapy/core/engine.py:656 scrapy.core.engine.ExecutionEngine.close_spider_async event=line locals={'reason': "'huhuhuhuhuhuhuhuhuhuhuhuhuhuhuhuhuhuhuhuhuhuhuhuhuhuh'", 'self': '<scrapy.core.engine.ExecutionEngine object at 0x748926ba90d0>', 'spider': "namespace(name='repogen-heterogeneous-close-spider-alpha')"}
2026-08-23 04:32:56.690 /testbed/scrapy/core/engine.py:657 scrapy.core.engine.ExecutionEngine.close_spider_async event=line locals={}
2026-08-23 04:32:56.690 /testbed/scrapy/core/engine.py:658 scrapy.core.engine.ExecutionEngine.close_spider_async event=line locals={}
2026-08-23 04:32:56.690 /testbed/scrapy/core/engine.py:657 scrapy.core.engine.ExecutionEngine.close_spider_async event=line locals={}
2026-08-23 04:32:56.692 /testbed/scrapy/core/engine.py:661 scrapy.core.engine.ExecutionEngine.close_spider_async event=line locals={}
2026-08-23 04:32:56.692 /testbed/scrapy/core/engine.py:662 scrapy.core.engine.ExecutionEngine.close_spider_async event=line locals={}
2026-08-23 04:32:56.693 /testbed/scrapy/core/engine.py:662 scrapy.core.engine.ExecutionEngine.close_spider_async event=exception exc=ZeroDivisionError: ZeroDivisionError('division by zero') locals={}
2026-08-23 04:32:56.693 /testbed/scrapy/core/engine.py:663 scrapy.core.engine.ExecutionEngine.close_spider_async event=line locals={'reason': "'huhuhuhuhuhuhuhuhuhuhuhuhuhuhuhuhuhuhuhuhuhuhuhuhuhuh'", 'self': '<scrapy.core.engine.ExecutionEngine object at 0x748926ba90d0>', 'spider': "namespace(name='repogen-heterogeneous-close-spider-alpha')"}
2026-08-23 04:32:56.693 /testbed/scrapy/core/engine.py:664 scrapy.core.engine.ExecutionEngine.close_spider_async event=line locals={}
2026-08-23 04:32:56.693 /testbed/scrapy/core/engine.py:665 scrapy.core.engine.ExecutionEngine.close_spider_async event=line locals={}
2026-08-23 04:32:56.693 /testbed/scrapy/core/engine.py:664 scrapy.core.engine.ExecutionEngine.close_spider_async event=line locals={}
2026-08-23 04:32:56.695 /testbed/scrapy/core/engine.py:668 scrapy.core.engine.ExecutionEngine.close_spider_async event=line locals={}
2026-08-23 04:32:56.695 /testbed/scrapy/core/engine.py:669 scrapy.core.engine.ExecutionEngine.close_spider_async event=line locals={}
2026-08-23 04:32:56.695 /testbed/scrapy/core/engine.py:670 scrapy.core.engine.ExecutionEngine.close_spider_async event=line locals={}
2026-08-23 04:32:56.698 /testbed/scrapy/core/engine.py:670 scrapy.core.engine.ExecutionEngine.close_spider_async event=exception exc=AttributeError: AttributeError("'object' object has no attribute 'askcumewogyqiaskcumewogyqiaskcumewogyqiaskcumewogyqiafxphzrjbtldvnfxphzrjbtldvnfxphzrjbtldvnfxphzrjbtldvnfkcumewogyqiaskcumewogyqiaskcumewogyqiaskcumewogyqiaskphzrjbtldvnfxphzrjbtldvnfxphzrjbtldvnfxphzrjbtldvnfxpumewogyqiaskcumewogyqiaskcumewogyqiaskcumewogyqiaskcuzrjbtldvnfxphzrjbtldvnfxphzrjbtldvnfxphzrjbtldvnfxphzewogyqiaskcumewogyqiaskcumewogyqiaskcumewogyqiaskcumejbtldvnfxphzrjbtldvnfxphzrjbtldvnfxphzrjbtldvnfxphzrjogyqiaskcumewogyqiaskcumew... locals={}
2026-08-23 04:32:56.698 /testbed/scrapy/core/engine.py:672 scrapy.core.engine.ExecutionEngine.close_spider_async event=line locals={'reason': "'huhuhuhuhuhuhuhuhuhuhuhuhuhuhuhuhuhuhuhuhuhuhuhuhuhuh'", 'self': '<scrapy.core.engine.ExecutionEngine object at 0x748926ba90d0>', 'spider': "namespace(name='repogen-heterogeneous-close-spider-alpha')"}
2026-08-23 04:32:56.698 /testbed/scrapy/core/engine.py:673 scrapy.core.engine.ExecutionEngine.close_spider_async event=line locals={}
2026-08-23 04:32:56.698 /testbed/scrapy/core/engine.py:674 scrapy.core.engine.ExecutionEngine.close_spider_async event=line locals={}
2026-08-23 04:32:56.698 /testbed/scrapy/core/engine.py:673 scrapy.core.engine.ExecutionEngine.close_spider_async event=line locals={}
2026-08-23 04:32:56.701 /testbed/scrapy/core/engine.py:677 scrapy.core.engine.ExecutionEngine.close_spider_async event=line locals={}
2026-08-23 04:32:56.701 /testbed/scrapy/core/engine.py:678 scrapy.core.engine.ExecutionEngine.close_spider_async event=line locals={}
2026-08-23 04:32:56.701 /testbed/scrapy/core/engine.py:679 scrapy.core.engine.ExecutionEngine.close_spider_async event=line locals={}
2026-08-23 04:32:56.701 /testbed/scrapy/core/engine.py:680 scrapy.core.engine.ExecutionEngine.close_spider_async event=line locals={}
2026-08-23 04:32:56.701 /testbed/scrapy/core/engine.py:681 scrapy.core.engine.ExecutionEngine.close_spider_async event=line locals={}
2026-08-23 04:32:56.701 /testbed/scrapy/core/engine.py:678 scrapy.core.engine.ExecutionEngine.close_spider_async event=line locals={}
2026-08-23 04:32:56.701 /testbed/scrapy/core/engine.py:678 scrapy.core.engine.ExecutionEngine.close_spider_async event=exception exc=IndexError: IndexError('list index out of range') locals={}
2026-08-23 04:32:56.701 /testbed/scrapy/core/engine.py:683 scrapy.core.engine.ExecutionEngine.close_spider_async event=line locals={'reason': "'huhuhuhuhuhuhuhuhuhuhuhuhuhuhuhuhuhuhuhuhuhuhuhuhuhuh'", 'self': '<scrapy.core.engine.ExecutionEngine object at 0x748926ba90d0>', 'spider': "namespace(name='repogen-heterogeneous-close-spider-alpha')"}
2026-08-23 04:32:56.701 /testbed/scrapy/core/engine.py:684 scrapy.core.engine.ExecutionEngine.close_spider_async event=line locals={}
2026-08-23 04:32:56.701 /testbed/scrapy/core/engine.py:685 scrapy.core.engine.ExecutionEngine.close_spider_async event=line locals={}
2026-08-23 04:32:56.701 /testbed/scrapy/core/engine.py:686 scrapy.core.engine.ExecutionEngine.close_spider_async event=line locals={}
2026-08-23 04:32:56.701 /testbed/scrapy/core/engine.py:687 scrapy.core.engine.ExecutionEngine.close_spider_async event=line locals={}
2026-08-23 04:32:56.701 /testbed/scrapy/core/engine.py:684 scrapy.core.engine.ExecutionEngine.close_spider_async event=line locals={}
2026-08-23 04:32:56.703 /testbed/scrapy/core/engine.py:690 scrapy.core.engine.ExecutionEngine.close_spider_async event=line locals={}
2026-08-23 04:32:56.703 /testbed/scrapy/core/engine.py:691 scrapy.core.engine.ExecutionEngine.close_spider_async event=line locals={}
2026-08-23 04:32:56.703 /testbed/scrapy/core/engine.py:692 scrapy.core.engine.ExecutionEngine.close_spider_async event=line locals={'stats': '<testcase._Stats object at 0x748926ba9250>'}
2026-08-23 04:32:56.704 /testbed/scrapy/core/engine.py:693 scrapy.core.engine.ExecutionEngine.close_spider_async event=line locals={}
2026-08-23 04:32:56.704 /testbed/scrapy/core/engine.py:694 scrapy.core.engine.ExecutionEngine.close_spider_async event=line locals={}
2026-08-23 04:32:56.704 /testbed/scrapy/core/engine.py:696 scrapy.core.engine.ExecutionEngine.close_spider_async event=line locals={}
2026-08-23 04:32:56.704 /testbed/scrapy/core/engine.py:697 scrapy.core.engine.ExecutionEngine.close_spider_async event=line locals={}
2026-08-23 04:32:56.704 /testbed/scrapy/core/engine.py:693 scrapy.core.engine.ExecutionEngine.close_spider_async event=line locals={}
2026-08-23 04:32:56.704 /testbed/scrapy/core/engine.py:699 scrapy.core.engine.ExecutionEngine.close_spider_async event=line locals={}
2026-08-23 04:32:56.704 /testbed/scrapy/core/engine.py:699 scrapy.core.engine.ExecutionEngine.close_spider_async event=exception exc=TypeError: TypeError("'NoneType' object is not iterable") locals={}
2026-08-23 04:32:56.704 /testbed/scrapy/core/engine.py:702 scrapy.core.engine.ExecutionEngine.close_spider_async event=line locals={'reason': "'huhuhuhuhuhuhuhuhuhuhuhuhuhuhuhuhuhuhuhuhuhuhuhuhuhuh'", 'self': '<scrapy.core.engine.ExecutionEngine object at 0x748926ba90d0>', 'spider': "namespace(name='repogen-heterogeneous-close-spider-alpha')", 'stats': '<testcase._Stats object at 0x748926ba9250>'}
2026-08-23 04:32:56.704 /testbed/scrapy/core/engine.py:703 scrapy.core.engine.ExecutionEngine.close_spider_async event=line locals={}
2026-08-23 04:32:56.705 /testbed/scrapy/core/engine.py:705 scrapy.core.engine.ExecutionEngine.close_spider_async event=line locals={}
2026-08-23 04:32:56.705 /testbed/scrapy/core/engine.py:706 scrapy.core.engine.ExecutionEngine.close_spider_async event=line locals={}
2026-08-23 04:32:56.705 /testbed/scrapy/core/engine.py:707 scrapy.core.engine.ExecutionEngine.close_spider_async event=line locals={}
2026-08-23 04:32:56.705 /testbed/scrapy/core/engine.py:708 scrapy.core.engine.ExecutionEngine.close_spider_async event=line locals={}
2026-08-23 04:32:56.705 /testbed/scrapy/core/engine.py:705 scrapy.core.engine.ExecutionEngine.close_spider_async event=line locals={}
2026-08-23 04:32:56.705 /testbed/scrapy/core/engine.py:711 scrapy.core.engine.ExecutionEngine.close_spider_async event=line locals={}
2026-08-23 04:32:56.705 /testbed/scrapy/core/engine.py:712 scrapy.core.engine.ExecutionEngine.close_spider_async event=line locals={}
2026-08-23 04:32:56.705 /testbed/scrapy/core/engine.py:714 scrapy.core.engine.ExecutionEngine.close_spider_async event=line locals={}
2026-08-23 04:32:56.705 /testbed/scrapy/core/engine.py:715 scrapy.core.engine.ExecutionEngine.close_spider_async event=line locals={}
2026-08-23 04:32:56.706 /testbed/scrapy/core/engine.py:715 scrapy.core.engine.ExecutionEngine.close_spider_async event=exception exc=AssertionError: AssertionError('assert 8990 < 0\n +  where 8990 = sum(<generator object TestCloseSpiderExceptionHandling.test_indirect_close_collects_failures.<locals>.callback.<locals>.<genexpr> at 0x748926cd57e0>)') locals={}
2026-08-23 04:32:56.706 /testbed/scrapy/core/engine.py:716 scrapy.core.engine.ExecutionEngine.close_spider_async event=line locals={'reason': "'huhuhuhuhuhuhuhuhuhuhuhuhuhuhuhuhuhuhuhuhuhuhuhuhuhuh'", 'self': '<scrapy.core.engine.ExecutionEngine object at 0x748926ba90d0>', 'spider': "namespace(name='repogen-heterogeneous-close-spider-alpha')", 'stats': '<testcase._Stats object at 0x748926ba9250>'}
2026-08-23 04:32:56.706 /testbed/scrapy/core/engine.py:717 scrapy.core.engine.ExecutionEngine.close_spider_async event=line locals={}
2026-08-23 04:32:56.707 /testbed/scrapy/core/engine.py:717 scrapy.core.engine.ExecutionEngine.close_spider_async event=return retval=None locals={'reason': "'huhuhuhuhuhuhuhuhuhuhuhuhuhuhuhuhuhuhuhuhuhuhuhuhuhuh'", 'self': '<scrapy.core.engine.ExecutionEngine object at 0x748926ba90d0>', 'spider': "namespace(name='repogen-heterogeneous-close-spider-alpha')", 'stats': '<testcase._Stats object at 0x748926ba9250>'}
